Microchip MPLAB XC8 Compiler V1.12 ()

Linker command line:

--edf=/Applications/microchip/xc8/v1.12/dat/en_msgs.txt -cs \
  -h+dist/default/production/energy-harvesting-demoboard.production.sym -z \
  -Q16F707 -ol.obj \
  -Mdist/default/production/energy-harvesting-demoboard.production.map -E1 \
  -ver=XC8 -ACONST=00h-0FFhx32 -ACODE=00h-07FFhx4 -ASTRCODE=00h-01FFFh \
  -AENTRY=00h-0FFhx32 -ASTRING=00h-0FFhx32 -ACOMMON=070h-07Fh \
  -ABANK0=020h-06Fh -ABANK1=0A0h-0EFh -ABANK2=0115h-016Fh \
  -ABANK3=0190h-01EFh -ARAM=020h-06Fh,0A0h-0EFh,0115h-016Fh,0190h-01EFh \
  -AABS1=020h-07Fh,0A0h-0EFh,0115h-016Fh,0190h-01EFh -ASFR0=00h-01Fh \
  -ASFR1=080h-09Fh -ASFR2=0100h-0114h -ASFR3=0180h-018Fh \
  -preset_vec=00h,intentry=04h,init,end_init -ppowerup=CODE -pfunctab=CODE \
  -ACONFIG=02007h-02008h -pconfig=CONFIG -DCONFIG=2 -AIDLOC=02000h-02003h \
  -pidloc=IDLOC -DIDLOC=2 -DCODE=2 -DSTRCODE=2 -DSTRING=2 -DCONST=2 \
  -DENTRY=2 -k /tmp/cgtDCFiGe.obj \
  dist/default/production/energy-harvesting-demoboard.production.obj 

Object code version is 3.10

Machine type is 16F707



                Name                               Link     Load   Length Selector   Space Scale
/tmp/cgtDCFiGe.obj
                end_init                             12       12        3        8       0
                reset_vec                             0        0        3        0       0
                config                             2007     2007        2     400E       0
dist/default/production/energy-harvesting-demoboard.production.obj
                intentry                              4        4        E        8       0
                text879                             C1E      C1E        C     183C       0
                text878                             E95      E95       4D     1D2A       0
                text877                             E0D      E0D       43     1C1A       0
                text876                             4D5      4D5      1AE        8       0
                text875                             DA2      DA2       2C     1B44       0
                text874                             E50      E50       45     1CA0       0
                text873                             EE2      EE2       4F     1DC4       0
                text872                             D05      D05       24     1A0A       0
                text871                             C54      C54       16     18A8       0
                text870                             CAE      CAE       19     195C       0
                text869                             7C3      7C3       32        8       0
                text868                             CC7      CC7       1F     198E       0
                text867                             DCE      DCE       3F     1B9C       0
                text866                             CE6      CE6       1F     19CC       0
                text865                             D4E      D4E       2A     1A9C       0
                text864                             C2A      C2A        C     1854       0
                text863                             325      325      1B0        8       0
                text862                             D78      D78       2A     1AF0       0
                text861                             F31      F31       CF     1E62       0
                text860                              15       15      310        8       0
                text859                             D29      D29       25     1A52       0
                text858                             C43      C43       11     1886       0
                text857                             C36      C36        D     186C       0
                text856                             C96      C96       18     192C       0
                text855                             C6A      C6A       16     18D4       0
                maintext                            683      683      140        8       0
                cstackBANK0                          20       20       39       20       1
                cstackCOMMON                         70       70        E       70       1
                cstackBANK1                          A0       A0       2B       A0       1
                clrtext                             7F5      7F5        8        8       0
                bssBANK1                             CB       CB       20       A0       1
                dataBANK0                            5C       5C        1       20       1
                bssBANK0                             59       59        2       20       1
                bitbssBANK0                         2D8       5B        1       20       1     8
                cinit                               C80      C80       16     1900       0
                stringtext                          800      800      11E       10       0
                idataBANK0                          7FD      7FD        1        8       0

TOTAL           Name                               Link     Load   Length     Space
        CLASS   CONST          

        CLASS   CODE           
                end_init                             12       12        3         0
                intentry                              4        4        E         0
                reset_vec                             0        0        3         0
                text879                             C1E      C1E        C         0
                text878                             E95      E95       4D         0
                text877                             E0D      E0D       43         0
                text876                             4D5      4D5      1AE         0
                text875                             DA2      DA2       2C         0
                text874                             E50      E50       45         0
                text873                             EE2      EE2       4F         0
                text872                             D05      D05       24         0
                text871                             C54      C54       16         0
                text870                             CAE      CAE       19         0
                text869                             7C3      7C3       32         0
                text868                             CC7      CC7       1F         0
                text867                             DCE      DCE       3F         0
                text866                             CE6      CE6       1F         0
                text865                             D4E      D4E       2A         0
                text864                             C2A      C2A        C         0
                text863                             325      325      1B0         0
                text862                             D78      D78       2A         0
                text861                             F31      F31       CF         0
                text860                              15       15      310         0
                text859                             D29      D29       25         0
                text858                             C43      C43       11         0
                text857                             C36      C36        D         0
                text856                             C96      C96       18         0
                text855                             C6A      C6A       16         0
                maintext                            683      683      140         0
                clrtext                             7F5      7F5        8         0
                cinit                               C80      C80       16         0
                idataBANK0                          7FD      7FD        1         0

        CLASS   STRCODE        
                stringtext                          800      800      11E         0

        CLASS   ENTRY          

        CLASS   STRING         

        CLASS   COMMON         
                cstackCOMMON                         70       70        E         1

        CLASS   BANK0          
                cstackBANK0                          20       20       39         1
                dataBANK0                            5C       5C        1         1
                bssBANK0                             59       59        2         1
                bitbssBANK0                         2D8       5B        1         1

        CLASS   BANK1          
                cstackBANK1                          A0       A0       2B         1
                bssBANK1                             CB       CB       20         1

        CLASS   BANK2          

        CLASS   BANK3          

        CLASS   RAM            

        CLASS   ABS1           
                abs_s1                               7E       7E        2         1

        CLASS   SFR0           

        CLASS   SFR1           

        CLASS   SFR2           

        CLASS   SFR3           

        CLASS   CONFIG         
                config                             2007     2007        2         0

        CLASS   IDLOC          

        CLASS   EEDATA         



SEGMENTS        Name                           Load    Length   Top    Selector   Space  Class     Delta

                reset_vec                      000000  000003  000003         0       0  CODE        2
                intentry                       000004  0007FA  0007FE         8       0  CODE        2
                cstackBANK0                    000020  00003D  00005D        20       1  BANK0       1
                cstackCOMMON                   000070  00000E  00007E        70       1  COMMON      1
                cstackBANK1                    0000A0  00004B  0000EB        A0       1  BANK1       1
                stringtext                     000800  00011E  00091E        10       0  STRCODE     2
                text879                        000C1E  00000C  000C2A      183C       0  CODE        2
                text864                        000C2A  00000C  000C36      1854       0  CODE        2
                text857                        000C36  00000D  000C43      186C       0  CODE        2
                text858                        000C43  000011  000C54      1886       0  CODE        2
                text871                        000C54  000016  000C6A      18A8       0  CODE        2
                text855                        000C6A  000016  000C80      18D4       0  CODE        2
                cinit                          000C80  000016  000C96      1900       0  CODE        2
                text856                        000C96  000018  000CAE      192C       0  CODE        2
                text870                        000CAE  000019  000CC7      195C       0  CODE        2
                text868                        000CC7  00001F  000CE6      198E       0  CODE        2
                text866                        000CE6  00001F  000D05      19CC       0  CODE        2
                text872                        000D05  000024  000D29      1A0A       0  CODE        2
                text859                        000D29  000025  000D4E      1A52       0  CODE        2
                text865                        000D4E  00002A  000D78      1A9C       0  CODE        2
                text862                        000D78  00002A  000DA2      1AF0       0  CODE        2
                text875                        000DA2  00002C  000DCE      1B44       0  CODE        2
                text867                        000DCE  00003F  000E0D      1B9C       0  CODE        2
                text877                        000E0D  000043  000E50      1C1A       0  CODE        2
                text874                        000E50  000045  000E95      1CA0       0  CODE        2
                text878                        000E95  00004D  000EE2      1D2A       0  CODE        2
                text873                        000EE2  00004F  000F31      1DC4       0  CODE        2
                text861                        000F31  0000CF  001000      1E62       0  CODE        2
                config                         002007  000002  002009      400E       0  CONFIG      2


UNUSED ADDRESS RANGES

        Name                Unused          Largest block    Delta
        BANK0            005D-006F             13           1
        BANK1            00EB-00EF              5           1
        BANK2            0115-016F             5B           1
        BANK3            0190-01EF             60           1
        CODE             0003-0003              1           2
                         07FE-07FF              2
                         091E-0C1D            300
                         1000-1FFF            800
        CONST            0003-0003              1           2
                         07FE-07FF              2
                         091E-0C1D            100
                         1000-1FFF            100
        ENTRY            0003-0003              1           2
                         07FE-07FF              2
                         091E-0C1D            100
                         1000-1FFF            100
        IDLOC            2000-2003              4           2
        RAM              005D-006F             13           1
                         00EB-00EF              5
                         0115-016F             5B
                         0190-01EF             60
        SFR0             0000-001F             20           1
        SFR1             0080-009F             20           1
        SFR2             0100-0114             15           1
        SFR3             0180-018F             10           1
        STRCODE          0003-0003              1           2
                         07FE-07FF              2
                         091E-0C1D            300
                         1000-1FFF           1000
        STRING           0003-0003              1           2
                         07FE-07FF              2
                         091E-0C1D            100
                         1000-1FFF            100

                                  Symbol Table

?_SPI_Write_Buf                         cstackBANK0  0036
?_SPI_Write_Reg                         cstackBANK0  0036
?_Send_Packet                           cstackBANK0  0051
?___lwdiv                               cstackBANK0  0033
?___lwmod                               cstackBANK0  003B
?_printf                                cstackBANK0  0041
?i1___lwdiv                             cstackCOMMON 0070
?i1___lwmod                             cstackCOMMON 0078
?i1_printf                              cstackBANK0  0020
RFM70_Initialize@WriteArr               cstackBANK0  0043
RFM70_Initialize@i                      cstackBANK0  004F
RFM70_Initialize@j                      cstackBANK0  0050
SPI_RW@value                            cstackBANK0  0035
SPI_Read_Reg@reg                        cstackBANK0  0037
SPI_Read_Reg@value                      cstackBANK0  0038
SPI_Write_Buf@byte_ctr                  cstackBANK0  003A
SPI_Write_Buf@length                    cstackBANK0  0037
SPI_Write_Buf@pBuf                      cstackBANK0  0036
SPI_Write_Buf@reg                       cstackBANK0  0039
SPI_Write_Reg@reg                       cstackBANK0  0037
SPI_Write_Reg@value                     cstackBANK0  0036
Send_Packet@fifo_sta                    cstackBANK0  0057
Send_Packet@i                           cstackBANK0  0058
Send_Packet@len                         cstackBANK0  0052
Send_Packet@pbuf                        cstackBANK0  0051
Send_Packet@type                        cstackBANK0  0056
SwitchCFG@Tmp                           cstackBANK0  003B
SwitchCFG@_cfg                          cstackBANK0  003A
SwitchToRxMode@value                    cstackBANK0  003A
SwitchToTxMode@value                    cstackBANK0  003A
_ADCON0bits                             (abs)        001F
_ADCON1bits                             (abs)        009F
_ADRES                                  (abs)        001E
_ANSELCbits                             (abs)        0187
_ANSELDbits                             (abs)        0188
_ANSELEbits                             (abs)        0189
_Bank0_Reg                              stringtext   084A
_Bank1_Reg0_13                          stringtext   0812
_Bank1_Reg14                            stringtext   0878
_GIE                                    (abs)        005F
_ISR                                    text875      0DA2
_OSCCONbits                             (abs)        0090
_PEIE                                   (abs)        005E
_PIR1bits                               (abs)        000C
_PORTCbits                              (abs)        0007
_PORTDbits                              (abs)        0008
_RCIF                                   (abs)        0065
_RCREG                                  (abs)        001A
_RCSTA                                  (abs)        0018
_RCSTAbits                              (abs)        0018
_RFM70_Initialize                       text860      0015
_RX0_Address                            stringtext   0895
_RX1_Address                            stringtext   089A
_SPBRG                                  (abs)        0099
_SPI_RW                                 text872      0D05
_SPI_Read_Reg                           text870      0CAE
_SPI_Write_Buf                          text865      0D4E
_SPI_Write_Reg                          text871      0C54
_SSPBUF                                 (abs)        0013
_SSPCONbits                             (abs)        0014
_SSPSTATbits                            (abs)        0094
_Send_Packet                            text861      0F31
_SwitchCFG                              text869      07C3
_SwitchToRxMode                         text867      0DCE
_SwitchToTxMode                         text862      0D78
_T1CONbits                              (abs)        0010
_T1GCONbits                             (abs)        008F
_TMR1H                                  (abs)        000F
_TMR1IE                                 (abs)        0460
_TMR1IF                                 (abs)        0060
_TMR1L                                  (abs)        000E
_TRISCbits                              (abs)        0087
_TRISDbits                              (abs)        0088
_TRISEbits                              (abs)        0089
_TXIF                                   (abs)        0064
_TXREG                                  (abs)        0019
_TXSTA                                  (abs)        0098
_TXSTAbits                              (abs)        0098
__CFG_BOREN$OFF                         (abs)        0000
__CFG_CP$OFF                            (abs)        0000
__CFG_FOSC$INTOSC                       (abs)        0000
__CFG_MCLRE$ON                          (abs)        0000
__CFG_PLLEN$ON                          (abs)        0000
__CFG_PWRTE$OFF                         (abs)        0000
__CFG_VCAPEN$RA0                        (abs)        0000
__CFG_WDTE$OFF                          (abs)        0000
__Habs1                                 abs1         0000
__Hbank0                                bank0        0000
__Hbank1                                bank1        0000
__Hbank2                                bank2        0000
__Hbank3                                bank3        0000
__HbitbssBANK0                          bitbssBANK0  0000
__HbssBANK0                             bssBANK0     0000
__HbssBANK1                             bssBANK1     0000
__Hcinit                                cinit        0000
__Hclrtext                              clrtext      0000
__Hcode                                 code         0000
__Hcommon                               common       0000
__Hconfig                               config       2009
__HcstackBANK0                          cstackBANK0  0000
__HcstackBANK1                          cstackBANK1  0000
__HcstackCOMMON                         cstackCOMMON 0000
__HdataBANK0                            dataBANK0    0000
__Heeprom_data                          eeprom_data  0000
__Hend_init                             end_init     0015
__Hfunctab                              functab      0000
__HidataBANK0                           idataBANK0   0000
__Hidloc                                idloc        0000
__Hinit                                 init         0012
__Hintentry                             intentry     0012
__Hmaintext                             maintext     0000
__Hpowerup                              powerup      0000
__Hram                                  ram          0000
__Hreset_vec                            reset_vec    0003
__Hsfr0                                 sfr0         0000
__Hsfr1                                 sfr1         0000
__Hsfr2                                 sfr2         0000
__Hsfr3                                 sfr3         0000
__Hstrings                              strings      0000
__Hstringtext                           stringtext   0000
__Htext                                 text         0000
__Labs1                                 abs1         0000
__Lbank0                                bank0        0000
__Lbank1                                bank1        0000
__Lbank2                                bank2        0000
__Lbank3                                bank3        0000
__LbitbssBANK0                          bitbssBANK0  0000
__LbssBANK0                             bssBANK0     0000
__LbssBANK1                             bssBANK1     0000
__Lcinit                                cinit        0000
__Lclrtext                              clrtext      0000
__Lcode                                 code         0000
__Lcommon                               common       0000
__Lconfig                               config       2007
__LcstackBANK0                          cstackBANK0  0000
__LcstackBANK1                          cstackBANK1  0000
__LcstackCOMMON                         cstackCOMMON 0000
__LdataBANK0                            dataBANK0    0000
__Leeprom_data                          eeprom_data  0000
__Lend_init                             end_init     0012
__Lfunctab                              functab      0000
__LidataBANK0                           idataBANK0   0000
__Lidloc                                idloc        0000
__Linit                                 init         0012
__Lintentry                             intentry     0004
__Lmaintext                             maintext     0000
__Lpowerup                              powerup      0000
__Lram                                  ram          0000
__Lreset_vec                            reset_vec    0000
__Lsfr0                                 sfr0         0000
__Lsfr1                                 sfr1         0000
__Lsfr2                                 sfr2         0000
__Lsfr3                                 sfr3         0000
__Lstrings                              strings      0000
__Lstringtext                           stringtext   0000
__Ltext                                 text         0000
__S0                                    (abs)        2009
__S1                                    (abs)        00EB
___lwdiv                                text873      0EE2
___lwdiv@counter                        cstackBANK0  003A
___lwdiv@dividend                       cstackBANK0  0035
___lwdiv@divisor                        cstackBANK0  0033
___lwdiv@quotient                       cstackBANK0  0038
___lwmod                                text874      0E50
___lwmod@counter                        cstackBANK0  0040
___lwmod@dividend                       cstackBANK0  003D
___lwmod@divisor                        cstackBANK0  003B
__end_of_Bank0_Reg                      stringtext   0878
__end_of_Bank0_RegAct                   stringtext   08A3
__end_of_Bank1_Reg0_13                  stringtext   084A
__end_of_Bank1_Reg14                    stringtext   0883
__end_of_ISR                            text875      0DCE
__end_of_RFM70_Initialize               text860      0325
__end_of_RX0_Address                    stringtext   089A
__end_of_RX1_Address                    stringtext   089F
__end_of_SPI_RW                         text872      0D29
__end_of_SPI_Read_Reg                   text870      0CC7
__end_of_SPI_Write_Buf                  text865      0D78
__end_of_SPI_Write_Reg                  text871      0C6A
__end_of_Send_Packet                    text861      1000
__end_of_SwitchCFG                      text869      07F5
__end_of_SwitchToRxMode                 text867      0E0D
__end_of_SwitchToTxMode                 text862      0DA2
__end_of___lwdiv                        text873      0F31
__end_of___lwmod                        text874      0E95
__end_of__initialization                cinit        0C92
__end_of__stringdata                    stringtext   091E
__end_of__stringtab                     stringtext   0812
__end_of_adcInit                        text857      0C43
__end_of_adcRead                        text858      0C54
__end_of_dpowers                        stringtext   088D
__end_of_hexpowers                      stringtext   0895
__end_of_main                           maintext     07C3
__end_of_printf                         text863      04D5
__end_of_putch                          text864      0C36
__end_of_rfm70TxDataSentErrorInterrupt  text868      0CE6
__end_of_rfm70TxDataSentInterrupt       text866      0D05
__end_of_rfm70setPowerdownMode          text859      0D4E
__end_of_spiInit                        text856      0CAE
__end_of_uartInit                       text855      0C80
__end_ofi1___lwdiv                      text878      0EE2
__end_ofi1___lwmod                      text877      0E50
__end_ofi1_printf                       text876      0683
__end_ofi1_putch                        text879      0C2A
__initialization                        cinit        0C80
__pbitbssBANK0                          bitbssBANK0  02D8
__pbssBANK0                             bssBANK0     0059
__pbssBANK1                             bssBANK1     00CB
__pcstackBANK0                          cstackBANK0  0020
__pcstackBANK1                          cstackBANK1  00A0
__pcstackCOMMON                         cstackCOMMON 0070
__pdataBANK0                            dataBANK0    005C
__pidataBANK0                           idataBANK0   07FD
__pintentry                             intentry     0004
__pmaintext                             maintext     0683
__pstringtext                           stringtext   0800
__ptext855                              text855      0C6A
__ptext856                              text856      0C96
__ptext857                              text857      0C36
__ptext858                              text858      0C43
__ptext859                              text859      0D29
__ptext860                              text860      0015
__ptext861                              text861      0F31
__ptext862                              text862      0D78
__ptext863                              text863      0325
__ptext864                              text864      0C2A
__ptext865                              text865      0D4E
__ptext866                              text866      0CE6
__ptext867                              text867      0DCE
__ptext868                              text868      0CC7
__ptext869                              text869      07C3
__ptext870                              text870      0CAE
__ptext871                              text871      0C54
__ptext872                              text872      0D05
__ptext873                              text873      0EE2
__ptext874                              text874      0E50
__ptext875                              text875      0DA2
__ptext876                              text876      04D5
__ptext877                              text877      0E0D
__ptext878                              text878      0E95
__ptext879                              text879      0C1E
__ptext880                              text880      0000
__size_of_ISR                           (abs)        0000
__size_of_RFM70_Initialize              (abs)        0000
__size_of_SPI_RW                        (abs)        0000
__size_of_SPI_Read_Reg                  (abs)        0000
__size_of_SPI_Write_Buf                 (abs)        0000
__size_of_SPI_Write_Reg                 (abs)        0000
__size_of_Send_Packet                   (abs)        0000
__size_of_SwitchCFG                     (abs)        0000
__size_of_SwitchToRxMode                (abs)        0000
__size_of_SwitchToTxMode                (abs)        0000
__size_of___lwdiv                       (abs)        0000
__size_of___lwmod                       (abs)        0000
__size_of_adcInit                       (abs)        0000
__size_of_adcRead                       (abs)        0000
__size_of_main                          (abs)        0000
__size_of_printf                        (abs)        0000
__size_of_putch                         (abs)        0000
__size_of_rfm70TxDataSentErrorInterrupt (abs)        0000
__size_of_rfm70TxDataSentInterrupt      (abs)        0000
__size_of_rfm70setPowerdownMode         (abs)        0000
__size_of_spiInit                       (abs)        0000
__size_of_uartInit                      (abs)        0000
__size_ofi1___lwdiv                     (abs)        0000
__size_ofi1___lwmod                     (abs)        0000
__size_ofi1_printf                      (abs)        0000
__size_ofi1_putch                       (abs)        0000
__stringdata                            stringtext   08A3
__stringtab                             stringtext   0800
_adcInit                                text857      0C36
_adcRead                                text858      0C43
_dpowers                                stringtext   0883
_flag                                   bitbssBANK0  02D8
_hexpowers                              stringtext   088D
_main                                   maintext     0683
_printf                                 text863      0325
_putch                                  text864      0C2A
_rfm70TxDataSentErrorInterrupt          text868      0CC7
_rfm70TxDataSentInterrupt               text866      0CE6
_rfm70setPowerdownMode                  text859      0D29
_spiInit                                text856      0C96
_tmr1Counter                            bssBANK0     0059
_tmr1Target                             dataBANK0    005C
_tx_buf                                 bssBANK0     005A
_uartInit                               text855      0C6A
adcRead@value                           cstackBANK0  0034
btemp                                   (abs)        007E
clear_ram                               clrtext      07F5
end_of_initialization                   cinit        0C92
i1___lwdiv                              text878      0E95
i1___lwdiv@counter                      cstackCOMMON 0075
i1___lwdiv@dividend                     cstackCOMMON 0072
i1___lwdiv@divisor                      cstackCOMMON 0070
i1___lwdiv@quotient                     cstackCOMMON 0076
i1___lwmod                              text877      0E0D
i1___lwmod@counter                      cstackCOMMON 007D
i1___lwmod@dividend                     cstackCOMMON 007A
i1___lwmod@divisor                      cstackCOMMON 0078
i1_printf                               text876      04D5
i1_putch                                text879      0C1E
i1printf@_val                           cstackBANK0  0029
i1printf@ap                             cstackBANK0  0026
i1printf@c                              cstackBANK0  002D
i1printf@f                              cstackBANK0  0020
i1printf@flag                           cstackBANK0  0028
i1printf@idx                            cstackBANK0  0025
i1printf@prec                           cstackBANK0  0027
i1putch@c                               cstackCOMMON 0070
interrupt_function                      intentry     0004
intlevel0                               functab      0000
intlevel1                               functab      0000
intlevel2                               functab      0000
intlevel3                               functab      0000
intlevel4                               functab      0000
intlevel5                               functab      0000
main@i                                  cstackBANK1  00C7
main@temp_tx_buf                        cstackBANK1  00A7
printf@_val                             cstackBANK0  004C
printf@ap                               cstackBANK0  0049
printf@c                                cstackBANK0  0050
printf@f                                cstackBANK0  0041
printf@flag                             cstackBANK0  004B
printf@idx                              cstackBANK0  0048
printf@prec                             cstackBANK0  004A
putch@c                                 cstackBANK0  0033
reset_vec                               reset_vec    0000
rfm70setPowerdownMode@reg               cstackBANK0  003B
rfm70setPowerdownMode@value             cstackBANK0  003A
saved_w                                 (abs)        007E
start                                   init         0012
start_initialization                    cinit        0C80
wtemp0                                  (abs)        007E


FUNCTION INFORMATION:

 *************** function _main *****************
 Defined at:
		line 91 in file "main.c"
 Parameters:    Size  Location     Type
  argc            2    0[BANK1 ] int 
  argv            2    2[BANK1 ] PTR PTR unsigned char 
 Auto vars:     Size  Location     Type
  temp_tx_buf    32    7[BANK1 ] unsigned char [32]
  buffer          5    0        unsigned char [5]
  i               4   39[BANK1 ] long 
 Return value:  Size  Location     Type
                  2    0[BANK1 ] int 
 Registers used:
		wreg, fsr0l, fsr0h, fsr1l, fsr1h, status,2, status,0, btemp+1, pclath, cstack
 Tracked objects:
		On entry : 
		On exit  : 
		Unchanged: 
 Data sizes:     COMMON   BANK0   BANK1   BANK3   BANK2
      Params:         0       0       4       0       0
      Locals:         0       0      36       0       0
      Temps:          0       0       3       0       0
      Totals:         0       0      43       0       0
Total ram usage:       43 bytes
 Hardware stack levels required when called:    7
 This function calls:
		_uartInit
		_spiInit
		_adcInit
		_adcRead
		_printf
		_rfm70setPowerdownMode
		_RFM70_Initialize
		_Send_Packet
 This function is called by:
		Startup code after reset
 This function uses a non-reentrant model


 *************** function _uartInit *****************
 Defined at:
		line 265 in file "main.c"
 Parameters:    Size  Location     Type
		None
 Auto vars:     Size  Location     Type
		None
 Return value:  Size  Location     Type
		None               void
 Registers used:
		wreg, status,2
 Tracked objects:
		On entry : 
		On exit  : 
		Unchanged: 
 Data sizes:     COMMON   BANK0   BANK1   BANK3   BANK2
      Params:         0       0       0       0       0
      Locals:         0       0       0       0       0
      Temps:          0       0       0       0       0
      Totals:         0       0       0       0       0
Total ram usage:        0 bytes
 Hardware stack levels used:    1
 Hardware stack levels required when called:    3
 This function calls:
		Nothing
 This function is called by:
		_main
 This function uses a non-reentrant model


 *************** function _spiInit *****************
 Defined at:
		line 287 in file "main.c"
 Parameters:    Size  Location     Type
		None
 Auto vars:     Size  Location     Type
		None
 Return value:  Size  Location     Type
		None               void
 Registers used:
		wreg, status,2, status,0
 Tracked objects:
		On entry : 
		On exit  : 
		Unchanged: 
 Data sizes:     COMMON   BANK0   BANK1   BANK3   BANK2
      Params:         0       0       0       0       0
      Locals:         0       0       0       0       0
      Temps:          0       2       0       0       0
      Totals:         0       2       0       0       0
Total ram usage:        2 bytes
 Hardware stack levels used:    1
 Hardware stack levels required when called:    3
 This function calls:
		Nothing
 This function is called by:
		_main
 This function uses a non-reentrant model


 *************** function _adcInit *****************
 Defined at:
		line 299 in file "main.c"
 Parameters:    Size  Location     Type
		None
 Auto vars:     Size  Location     Type
		None
 Return value:  Size  Location     Type
		None               void
 Registers used:
		wreg, status,2, status,0
 Tracked objects:
		On entry : 
		On exit  : 
		Unchanged: 
 Data sizes:     COMMON   BANK0   BANK1   BANK3   BANK2
      Params:         0       0       0       0       0
      Locals:         0       0       0       0       0
      Temps:          0       0       0       0       0
      Totals:         0       0       0       0       0
Total ram usage:        0 bytes
 Hardware stack levels used:    1
 Hardware stack levels required when called:    3
 This function calls:
		Nothing
 This function is called by:
		_main
 This function uses a non-reentrant model


 *************** function _adcRead *****************
 Defined at:
		line 254 in file "main.c"
 Parameters:    Size  Location     Type
		None
 Auto vars:     Size  Location     Type
  value           1   20[BANK0 ] unsigned char 
 Return value:  Size  Location     Type
                  1    wreg      unsigned char 
 Registers used:
		wreg
 Tracked objects:
		On entry : 
		On exit  : 
		Unchanged: 
 Data sizes:     COMMON   BANK0   BANK1   BANK3   BANK2
      Params:         0       0       0       0       0
      Locals:         0       1       0       0       0
      Temps:          0       1       0       0       0
      Totals:         0       2       0       0       0
Total ram usage:        2 bytes
 Hardware stack levels used:    1
 Hardware stack levels required when called:    3
 This function calls:
		Nothing
 This function is called by:
		_main
 This function uses a non-reentrant model


 *************** function _rfm70setPowerdownMode *****************
 Defined at:
		line 400 in file "rfm70.c"
 Parameters:    Size  Location     Type
  value           1    wreg     unsigned char 
 Auto vars:     Size  Location     Type
  value           1   26[BANK0 ] unsigned char 
  reg             1   27[BANK0 ] unsigned char 
 Return value:  Size  Location     Type
		None               void
 Registers used:
		wreg, fsr0l, fsr0h, fsr1l, fsr1h, status,2, status,0, btemp+1, pclath, cstack
 Tracked objects:
		On entry : 
		On exit  : 
		Unchanged: 
 Data sizes:     COMMON   BANK0   BANK1   BANK3   BANK2
      Params:         0       0       0       0       0
      Locals:         0       2       0       0       0
      Temps:          0       1       0       0       0
      Totals:         0       3       0       0       0
Total ram usage:        3 bytes
 Hardware stack levels used:    1
 Hardware stack levels required when called:    5
 This function calls:
		_SPI_Read_Reg
		_SPI_Write_Reg
 This function is called by:
		_main
 This function uses a non-reentrant model


 *************** function _RFM70_Initialize *****************
 Defined at:
		line 252 in file "rfm70.c"
 Parameters:    Size  Location     Type
		None
 Auto vars:     Size  Location     Type
  WriteArr       12   35[BANK0 ] unsigned char [12]
  j               1   48[BANK0 ] unsigned char 
  i               1   47[BANK0 ] unsigned char 
 Return value:  Size  Location     Type
		None               void
 Registers used:
		wreg, fsr0l, fsr0h, fsr1l, fsr1h, status,2, status,0, btemp+1, pclath, cstack
 Tracked objects:
		On entry : 
		On exit  : 
		Unchanged: 
 Data sizes:     COMMON   BANK0   BANK1   BANK3   BANK2
      Params:         0       0       0       0       0
      Locals:         0      14       0       0       0
      Temps:          0       7       0       0       0
      Totals:         0      21       0       0       0
Total ram usage:       21 bytes
 Hardware stack levels used:    1
 Hardware stack levels required when called:    6
 This function calls:
		_SwitchCFG
		_SPI_Write_Reg
		_SPI_Write_Buf
		_SPI_Read_Reg
 This function is called by:
		_main
 This function uses a non-reentrant model


 *************** function _Send_Packet *****************
 Defined at:
		line 348 in file "main.c"
 Parameters:    Size  Location     Type
  type            1    wreg     unsigned char 
  pbuf            1   49[BANK0 ] PTR unsigned char 
		 -> tx_buf(1), 
  len             1   50[BANK0 ] unsigned char 
 Auto vars:     Size  Location     Type
  type            1   54[BANK0 ] unsigned char 
  i               1   56[BANK0 ] unsigned char 
  fifo_sta        1   55[BANK0 ] unsigned char 
 Return value:  Size  Location     Type
		None               void
 Registers used:
		wreg, fsr0l, fsr0h, fsr1l, fsr1h, status,2, status,0, btemp+1, pclath, cstack
 Tracked objects:
		On entry : 
		On exit  : 
		Unchanged: 
 Data sizes:     COMMON   BANK0   BANK1   BANK3   BANK2
      Params:         0       2       0       0       0
      Locals:         0       3       0       0       0
      Temps:          0       3       0       0       0
      Totals:         0       8       0       0       0
Total ram usage:        8 bytes
 Hardware stack levels used:    1
 Hardware stack levels required when called:    6
 This function calls:
		_SwitchToTxMode
		_SPI_Read_Reg
		_printf
		_SPI_Write_Buf
		_rfm70TxDataSentInterrupt
		_SwitchToRxMode
		_rfm70TxDataSentErrorInterrupt
 This function is called by:
		_main
 This function uses a non-reentrant model


 *************** function _SwitchToTxMode *****************
 Defined at:
		line 191 in file "rfm70.c"
 Parameters:    Size  Location     Type
		None
 Auto vars:     Size  Location     Type
  value           1   26[BANK0 ] unsigned char 
 Return value:  Size  Location     Type
		None               void
 Registers used:
		wreg, fsr0l, fsr0h, fsr1l, fsr1h, status,2, status,0, btemp+1, pclath, cstack
 Tracked objects:
		On entry : 
		On exit  : 
		Unchanged: 
 Data sizes:     COMMON   BANK0   BANK1   BANK3   BANK2
      Params:         0       0       0       0       0
      Locals:         0       1       0       0       0
      Temps:          0       1       0       0       0
      Totals:         0       2       0       0       0
Total ram usage:        2 bytes
 Hardware stack levels used:    1
 Hardware stack levels required when called:    5
 This function calls:
		_SPI_Write_Reg
		_SPI_Read_Reg
 This function is called by:
		_Send_Packet
 This function uses a non-reentrant model


 *************** function _printf *****************
 Defined at:
		line 465 in file "/Applications/microchip/xc8/v1.12/sources/doprnt.c"
 Parameters:    Size  Location     Type
  f               2   33[BANK0 ] PTR const unsigned char 
		 -> STR_10(5), STR_9(12), Receive_Packet@rx_buf(32), STR_8(5), 
		 -> STR_7(24), STR_6(17), STR_5(3), STR_4(3), 
		 -> STR_3(10), STR_2(16), STR_1(19), 
 Auto vars:     Size  Location     Type
  idx             1   40[BANK0 ] unsigned char 
  _val            4   44[BANK0 ] struct .
  c               1   48[BANK0 ] char 
  flag            1   43[BANK0 ] unsigned char 
  prec            1   42[BANK0 ] char 
  ap              1   41[BANK0 ] PTR void [1]
		 -> ?_printf(2), 
 Return value:  Size  Location     Type
                  2   33[BANK0 ] int 
 Registers used:
		wreg, fsr0l, fsr0h, status,2, status,0, btemp+1, pclath, cstack
 Tracked objects:
		On entry : 
		On exit  : 
		Unchanged: 
 Data sizes:     COMMON   BANK0   BANK1   BANK3   BANK2
      Params:         0       4       0       0       0
      Locals:         0       9       0       0       0
      Temps:          0       3       0       0       0
      Totals:         0      16       0       0       0
Total ram usage:       16 bytes
 Hardware stack levels used:    1
 Hardware stack levels required when called:    4
 This function calls:
		_putch
		___lwdiv
		___lwmod
 This function is called by:
		_main
		_Send_Packet
		_Receive_Packet
 This function uses a non-reentrant model


 *************** function _putch *****************
 Defined at:
		line 307 in file "main.c"
 Parameters:    Size  Location     Type
  c               1    wreg     unsigned char 
 Auto vars:     Size  Location     Type
  c               1   19[BANK0 ] unsigned char 
 Return value:  Size  Location     Type
		None               void
 Registers used:
		wreg
 Tracked objects:
		On entry : 
		On exit  : 
		Unchanged: 
 Data sizes:     COMMON   BANK0   BANK1   BANK3   BANK2
      Params:         0       0       0       0       0
      Locals:         0       1       0       0       0
      Temps:          0       0       0       0       0
      Totals:         0       1       0       0       0
Total ram usage:        1 bytes
 Hardware stack levels used:    1
 Hardware stack levels required when called:    3
 This function calls:
		Nothing
 This function is called by:
		_printf
		_getche
 This function uses a non-reentrant model


 *************** function _SPI_Write_Buf *****************
 Defined at:
		line 147 in file "rfm70.c"
 Parameters:    Size  Location     Type
  reg             1    wreg     unsigned char 
  pBuf            1   22[BANK0 ] PTR unsigned char 
		 -> RFM70_Initialize@WriteArr(12), tx_buf(1), 
  length          1   23[BANK0 ] unsigned char 
 Auto vars:     Size  Location     Type
  reg             1   25[BANK0 ] unsigned char 
  byte_ctr        1   26[BANK0 ] unsigned char 
 Return value:  Size  Location     Type
		None               void
 Registers used:
		wreg, fsr0l, fsr0h, status,2, status,0, pclath, cstack
 Tracked objects:
		On entry : 
		On exit  : 
		Unchanged: 
 Data sizes:     COMMON   BANK0   BANK1   BANK3   BANK2
      Params:         0       2       0       0       0
      Locals:         0       2       0       0       0
      Temps:          0       1       0       0       0
      Totals:         0       5       0       0       0
Total ram usage:        5 bytes
 Hardware stack levels used:    1
 Hardware stack levels required when called:    4
 This function calls:
		_SPI_RW
 This function is called by:
		_Send_Packet
		_RFM70_Initialize
 This function uses a non-reentrant model


 *************** function _rfm70TxDataSentInterrupt *****************
 Defined at:
		line 371 in file "rfm70.c"
 Parameters:    Size  Location     Type
		None
 Auto vars:     Size  Location     Type
		None
 Return value:  Size  Location     Type
                  1    wreg      unsigned char 
 Registers used:
		wreg, fsr0l, fsr0h, fsr1l, fsr1h, status,2, status,0, btemp+1, pclath, cstack
 Tracked objects:
		On entry : 
		On exit  : 
		Unchanged: 
 Data sizes:     COMMON   BANK0   BANK1   BANK3   BANK2
      Params:         0       0       0       0       0
      Locals:         0       0       0       0       0
      Temps:          0       1       0       0       0
      Totals:         0       1       0       0       0
Total ram usage:        1 bytes
 Hardware stack levels used:    1
 Hardware stack levels required when called:    5
 This function calls:
		_SPI_Read_Reg
		_SPI_Write_Reg
 This function is called by:
		_Send_Packet
 This function uses a non-reentrant model


 *************** function _SwitchToRxMode *****************
 Defined at:
		line 165 in file "rfm70.c"
 Parameters:    Size  Location     Type
		None
 Auto vars:     Size  Location     Type
  value           1   26[BANK0 ] unsigned char 
 Return value:  Size  Location     Type
		None               void
 Registers used:
		wreg, fsr0l, fsr0h, fsr1l, fsr1h, status,2, status,0, btemp+1, pclath, cstack
 Tracked objects:
		On entry : 
		On exit  : 
		Unchanged: 
 Data sizes:     COMMON   BANK0   BANK1   BANK3   BANK2
      Params:         0       0       0       0       0
      Locals:         0       1       0       0       0
      Temps:          0       1       0       0       0
      Totals:         0       2       0       0       0
Total ram usage:        2 bytes
 Hardware stack levels used:    1
 Hardware stack levels required when called:    5
 This function calls:
		_SPI_Write_Reg
		_SPI_Read_Reg
 This function is called by:
		_Send_Packet
		_Receive_Packet
 This function uses a non-reentrant model


 *************** function _rfm70TxDataSentErrorInterrupt *****************
 Defined at:
		line 380 in file "rfm70.c"
 Parameters:    Size  Location     Type
		None
 Auto vars:     Size  Location     Type
		None
 Return value:  Size  Location     Type
                  1    wreg      unsigned char 
 Registers used:
		wreg, fsr0l, fsr0h, fsr1l, fsr1h, status,2, status,0, btemp+1, pclath, cstack
 Tracked objects:
		On entry : 
		On exit  : 
		Unchanged: 
 Data sizes:     COMMON   BANK0   BANK1   BANK3   BANK2
      Params:         0       0       0       0       0
      Locals:         0       0       0       0       0
      Temps:          0       1       0       0       0
      Totals:         0       1       0       0       0
Total ram usage:        1 bytes
 Hardware stack levels used:    1
 Hardware stack levels required when called:    5
 This function calls:
		_SPI_Read_Reg
		_SPI_Write_Reg
 This function is called by:
		_Send_Packet
 This function uses a non-reentrant model


 *************** function _SwitchCFG *****************
 Defined at:
		line 218 in file "rfm70.c"
 Parameters:    Size  Location     Type
  _cfg            1    wreg     unsigned char 
 Auto vars:     Size  Location     Type
  _cfg            1   26[BANK0 ] unsigned char 
  Tmp             1   27[BANK0 ] unsigned char 
 Return value:  Size  Location     Type
		None               void
 Registers used:
		wreg, status,2, status,0, pclath, cstack
 Tracked objects:
		On entry : 
		On exit  : 
		Unchanged: 
 Data sizes:     COMMON   BANK0   BANK1   BANK3   BANK2
      Params:         0       0       0       0       0
      Locals:         0       2       0       0       0
      Temps:          0       1       0       0       0
      Totals:         0       3       0       0       0
Total ram usage:        3 bytes
 Hardware stack levels used:    1
 Hardware stack levels required when called:    5
 This function calls:
		_SPI_Read_Reg
		_SPI_Write_Reg
 This function is called by:
		_RFM70_Initialize
 This function uses a non-reentrant model


 *************** function _SPI_Read_Reg *****************
 Defined at:
		line 109 in file "rfm70.c"
 Parameters:    Size  Location     Type
  reg             1    wreg     unsigned char 
 Auto vars:     Size  Location     Type
  reg             1   23[BANK0 ] unsigned char 
  value           1   24[BANK0 ] unsigned char 
 Return value:  Size  Location     Type
                  1    wreg      unsigned char 
 Registers used:
		wreg, status,2, status,0, pclath, cstack
 Tracked objects:
		On entry : 
		On exit  : 
		Unchanged: 
 Data sizes:     COMMON   BANK0   BANK1   BANK3   BANK2
      Params:         0       0       0       0       0
      Locals:         0       2       0       0       0
      Temps:          0       1       0       0       0
      Totals:         0       3       0       0       0
Total ram usage:        3 bytes
 Hardware stack levels used:    1
 Hardware stack levels required when called:    4
 This function calls:
		_SPI_RW
 This function is called by:
		_Send_Packet
		_SwitchToRxMode
		_SwitchToTxMode
		_SwitchCFG
		_RFM70_Initialize
		_rfm70TxDataSentInterrupt
		_rfm70TxDataSentErrorInterrupt
		_rfm70setPowerdownMode
		_Receive_Packet
		_rfm70_data_sent
 This function uses a non-reentrant model


 *************** function _SPI_Write_Reg *****************
 Defined at:
		line 94 in file "rfm70.c"
 Parameters:    Size  Location     Type
  reg             1    wreg     unsigned char 
  value           1   22[BANK0 ] unsigned char 
 Auto vars:     Size  Location     Type
  reg             1   23[BANK0 ] unsigned char 
 Return value:  Size  Location     Type
		None               void
 Registers used:
		wreg, status,2, status,0, pclath, cstack
 Tracked objects:
		On entry : 
		On exit  : 
		Unchanged: 
 Data sizes:     COMMON   BANK0   BANK1   BANK3   BANK2
      Params:         0       1       0       0       0
      Locals:         0       1       0       0       0
      Temps:          0       0       0       0       0
      Totals:         0       2       0       0       0
Total ram usage:        2 bytes
 Hardware stack levels used:    1
 Hardware stack levels required when called:    4
 This function calls:
		_SPI_RW
 This function is called by:
		_SwitchToRxMode
		_SwitchToTxMode
		_SwitchCFG
		_RFM70_Initialize
		_rfm70TxDataSentInterrupt
		_rfm70TxDataSentErrorInterrupt
		_rfm70setPowerdownMode
		_Receive_Packet
		_SetChannelNum
		_rfm70_data_sent
 This function uses a non-reentrant model


 *************** function _SPI_RW *****************
 Defined at:
		line 78 in file "rfm70.c"
 Parameters:    Size  Location     Type
  value           1    wreg     unsigned char 
 Auto vars:     Size  Location     Type
  value           1   21[BANK0 ] unsigned char 
 Return value:  Size  Location     Type
                  1    wreg      unsigned char 
 Registers used:
		wreg
 Tracked objects:
		On entry : 
		On exit  : 
		Unchanged: 
 Data sizes:     COMMON   BANK0   BANK1   BANK3   BANK2
      Params:         0       0       0       0       0
      Locals:         0       1       0       0       0
      Temps:          0       2       0       0       0
      Totals:         0       3       0       0       0
Total ram usage:        3 bytes
 Hardware stack levels used:    1
 Hardware stack levels required when called:    3
 This function calls:
		Nothing
 This function is called by:
		_SPI_Write_Reg
		_SPI_Read_Reg
		_SPI_Write_Buf
		_SPI_Read_Buf
 This function uses a non-reentrant model


 *************** function ___lwdiv *****************
 Defined at:
		line 5 in file "/Applications/microchip/xc8/v1.12/sources/lwdiv.c"
 Parameters:    Size  Location     Type
  divisor         2   19[BANK0 ] unsigned int 
  dividend        2   21[BANK0 ] unsigned int 
 Auto vars:     Size  Location     Type
  quotient        2   24[BANK0 ] unsigned int 
  counter         1   26[BANK0 ] unsigned char 
 Return value:  Size  Location     Type
                  2   19[BANK0 ] unsigned int 
 Registers used:
		wreg, status,2, status,0
 Tracked objects:
		On entry : 
		On exit  : 
		Unchanged: 
 Data sizes:     COMMON   BANK0   BANK1   BANK3   BANK2
      Params:         0       4       0       0       0
      Locals:         0       3       0       0       0
      Temps:          0       1       0       0       0
      Totals:         0       8       0       0       0
Total ram usage:        8 bytes
 Hardware stack levels used:    1
 Hardware stack levels required when called:    3
 This function calls:
		Nothing
 This function is called by:
		_printf
 This function uses a non-reentrant model


 *************** function ___lwmod *****************
 Defined at:
		line 5 in file "/Applications/microchip/xc8/v1.12/sources/lwmod.c"
 Parameters:    Size  Location     Type
  divisor         2   27[BANK0 ] unsigned int 
  dividend        2   29[BANK0 ] unsigned int 
 Auto vars:     Size  Location     Type
  counter         1   32[BANK0 ] unsigned char 
 Return value:  Size  Location     Type
                  2   27[BANK0 ] unsigned int 
 Registers used:
		wreg, status,2, status,0
 Tracked objects:
		On entry : 
		On exit  : 
		Unchanged: 
 Data sizes:     COMMON   BANK0   BANK1   BANK3   BANK2
      Params:         0       4       0       0       0
      Locals:         0       1       0       0       0
      Temps:          0       1       0       0       0
      Totals:         0       6       0       0       0
Total ram usage:        6 bytes
 Hardware stack levels used:    1
 Hardware stack levels required when called:    3
 This function calls:
		Nothing
 This function is called by:
		_printf
 This function uses a non-reentrant model


 *************** function _ISR *****************
 Defined at:
		line 71 in file "main.c"
 Parameters:    Size  Location     Type
		None
 Auto vars:     Size  Location     Type
		None
 Return value:  Size  Location     Type
		None               void
 Registers used:
		wreg, fsr0l, fsr0h, status,2, status,0, btemp+1, pclath, cstack
 Tracked objects:
		On entry : 
		On exit  : 
		Unchanged: 
 Data sizes:     COMMON   BANK0   BANK1   BANK3   BANK2
      Params:         0       0       0       0       0
      Locals:         0       0       0       0       0
      Temps:          0       5       0       0       0
      Totals:         0       5       0       0       0
Total ram usage:        5 bytes
 Hardware stack levels used:    1
 Hardware stack levels required when called:    2
 This function calls:
		i1_printf
 This function is called by:
		Interrupt level 1
 This function uses a non-reentrant model


 *************** function i1_printf *****************
 Defined at:
		line 465 in file "/Applications/microchip/xc8/v1.12/sources/doprnt.c"
 Parameters:    Size  Location     Type
  printf          2    0[BANK0 ] PTR const unsigned char 
		 -> STR_10(5), STR_9(12), Receive_Packet@rx_buf(32), STR_8(5), 
		 -> STR_7(24), STR_6(17), STR_5(3), STR_4(3), 
		 -> STR_3(10), STR_2(16), STR_1(19), 
 Auto vars:     Size  Location     Type
  printf          4    9[BANK0 ] struct .
  printf          1   13[BANK0 ] char 
  printf          1    8[BANK0 ] unsigned char 
  printf          1    7[BANK0 ] char 
  printf          1    6[BANK0 ] PTR void [1]
		 -> ?_printf(2), 
  printf          1    5[BANK0 ] unsigned char 
 Return value:  Size  Location     Type
                  2    0[BANK0 ] int 
 Registers used:
		wreg, fsr0l, fsr0h, status,2, status,0, btemp+1, pclath, cstack
 Tracked objects:
		On entry : 
		On exit  : 
		Unchanged: 
 Data sizes:     COMMON   BANK0   BANK1   BANK3   BANK2
      Params:         0       2       0       0       0
      Locals:         0       9       0       0       0
      Temps:          0       3       0       0       0
      Totals:         0      14       0       0       0
Total ram usage:       14 bytes
 Hardware stack levels used:    1
 Hardware stack levels required when called:    1
 This function calls:
		i1_putch
		i1___lwdiv
		i1___lwmod
 This function is called by:
		_ISR
 This function uses a non-reentrant model


 *************** function i1___lwmod *****************
 Defined at:
		line 5 in file "/Applications/microchip/xc8/v1.12/sources/lwmod.c"
 Parameters:    Size  Location     Type
  __lwmod         2    8[COMMON] unsigned int 
  __lwmod         2   10[COMMON] unsigned int 
 Auto vars:     Size  Location     Type
  __lwmod         1   13[COMMON] unsigned char 
 Return value:  Size  Location     Type
                  2    8[COMMON] unsigned int 
 Registers used:
		wreg, status,2, status,0
 Tracked objects:
		On entry : 
		On exit  : 
		Unchanged: 
 Data sizes:     COMMON   BANK0   BANK1   BANK3   BANK2
      Params:         4       0       0       0       0
      Locals:         1       0       0       0       0
      Temps:          1       0       0       0       0
      Totals:         6       0       0       0       0
Total ram usage:        6 bytes
 Hardware stack levels used:    1
 This function calls:
		Nothing
 This function is called by:
		i1_printf
 This function uses a non-reentrant model


 *************** function i1___lwdiv *****************
 Defined at:
		line 5 in file "/Applications/microchip/xc8/v1.12/sources/lwdiv.c"
 Parameters:    Size  Location     Type
  __lwdiv         2    0[COMMON] unsigned int 
  __lwdiv         2    2[COMMON] unsigned int 
 Auto vars:     Size  Location     Type
  __lwdiv         2    6[COMMON] unsigned int 
  __lwdiv         1    5[COMMON] unsigned char 
 Return value:  Size  Location     Type
                  2    0[COMMON] unsigned int 
 Registers used:
		wreg, status,2, status,0
 Tracked objects:
		On entry : 
		On exit  : 
		Unchanged: 
 Data sizes:     COMMON   BANK0   BANK1   BANK3   BANK2
      Params:         4       0       0       0       0
      Locals:         3       0       0       0       0
      Temps:          1       0       0       0       0
      Totals:         8       0       0       0       0
Total ram usage:        8 bytes
 Hardware stack levels used:    1
 This function calls:
		Nothing
 This function is called by:
		i1_printf
 This function uses a non-reentrant model


 *************** function i1_putch *****************
 Defined at:
		line 307 in file "main.c"
 Parameters:    Size  Location     Type
  putch           1    wreg     unsigned char 
 Auto vars:     Size  Location     Type
  putch           1    0[COMMON] unsigned char 
 Return value:  Size  Location     Type
		None               void
 Registers used:
		wreg
 Tracked objects:
		On entry : 
		On exit  : 
		Unchanged: 
 Data sizes:     COMMON   BANK0   BANK1   BANK3   BANK2
      Params:         0       0       0       0       0
      Locals:         1       0       0       0       0
      Temps:          0       0       0       0       0
      Totals:         1       0       0       0       0
Total ram usage:        1 bytes
 Hardware stack levels used:    1
 This function calls:
		Nothing
 This function is called by:
		i1_printf
 This function uses a non-reentrant model



MODULE INFORMATION

Module		Function		Class		Link	Load	Size
shared
		i1_printf      		CODE           	04D5	0000	430
		i1_putch       		CODE           	0C1E	0000	12
		__stringtab    		STRCODE        	0800	0000	18
		__stringdata   		STRCODE        	08A3	0000	123
		_Bank0_Reg     		STRCODE        	084A	0000	46
		_Bank0_RegAct  		STRCODE        	0000	0000	2211
		i1___lwdiv     		CODE           	0E95	0000	77
		_dpowers       		STRCODE        	0883	0000	10
		_Bank1_Reg14   		STRCODE        	0878	0000	11
		_Bank1_Reg0_13 		STRCODE        	0812	0000	56
		i1___lwmod     		CODE           	0E0D	0000	67
		_RX0_Address   		STRCODE        	0895	0000	5
		__initializatio		CODE           	0C80	0000	18
		_RX1_Address   		STRCODE        	089A	0000	5
		_hexpowers     		STRCODE        	088D	0000	8

shared estimated size: 3097

main.c
		_Send_Packet   		CODE           	0F31	0000	207
		_adcRead       		CODE           	0C43	0000	17
		_ISR           		CODE           	0DA2	0000	44
		_putch         		CODE           	0C2A	0000	12
		_main          		CODE           	0683	0000	320
		_spiInit       		CODE           	0C96	0000	24
		_adcInit       		CODE           	0C36	0000	13
		_uartInit      		CODE           	0C6A	0000	22

main.c estimated size: 659

/Applications/microchip/xc8/v1.12/sources/lwmod.c
		___lwmod       		CODE           	0E50	0000	69

/Applications/microchip/xc8/v1.12/sources/lwmod.c estimated size: 69

rfm70.c
		_rfm70setPowerd		CODE           	0D29	0000	37
		_SPI_RW        		CODE           	0D05	0000	36
		_rfm70TxDataSen		CODE           	0CC7	0000	31
		_rfm70TxDataSen		CODE           	0CE6	0000	31
		_SPI_Write_Reg 		CODE           	0C54	0000	22
		_SPI_Write_Buf 		CODE           	0D4E	0000	42
		_SPI_Read_Reg  		CODE           	0CAE	0000	25
		_RFM70_Initiali		CODE           	0015	0000	784
		_SwitchToRxMode		CODE           	0DCE	0000	63
		_SwitchToTxMode		CODE           	0D78	0000	42
		_SwitchCFG     		CODE           	07C3	0000	50

rfm70.c estimated size: 1163

/Applications/microchip/xc8/v1.12/sources/lwdiv.c
		___lwdiv       		CODE           	0EE2	0000	79

/Applications/microchip/xc8/v1.12/sources/lwdiv.c estimated size: 79

/Applications/microchip/xc8/v1.12/sources/doprnt.c
		_printf        		CODE           	0325	0000	432

/Applications/microchip/xc8/v1.12/sources/doprnt.c estimated size: 432

