Microchip MPLAB XC8 Compiler V1.12 ()

Linker command line:

--edf=/Applications/microchip/xc8/v1.12/dat/en_msgs.txt -cs \
  -h+dist/default/production/energy-harvesting-demoboard.production.sym -z \
  -Q16LF707 -ol.obj \
  -Mdist/default/production/energy-harvesting-demoboard.production.map -E1 \
  -ver=XC8 -ACONST=00h-0FFhx32 -ACODE=00h-07FFhx4 -ASTRCODE=00h-01FFFh \
  -AENTRY=00h-0FFhx32 -ASTRING=00h-0FFhx32 -ACOMMON=070h-07Fh \
  -ABANK0=020h-06Fh -ABANK1=0A0h-0EFh -ABANK2=0115h-016Fh \
  -ABANK3=0190h-01EFh -ARAM=020h-06Fh,0A0h-0EFh,0115h-016Fh,0190h-01EFh \
  -AABS1=020h-07Fh,0A0h-0EFh,0115h-016Fh,0190h-01EFh -ASFR0=00h-01Fh \
  -ASFR1=080h-09Fh -ASFR2=0100h-0114h -ASFR3=0180h-018Fh \
  -preset_vec=00h,intentry=04h,init,end_init -ppowerup=CODE -pfunctab=CODE \
  -ACONFIG=02007h-02008h -pconfig=CONFIG -DCONFIG=2 -AIDLOC=02000h-02003h \
  -pidloc=IDLOC -DIDLOC=2 -DCODE=2 -DSTRCODE=2 -DSTRING=2 -DCONST=2 \
  -DENTRY=2 -k /tmp/cgtNCg5Ee.obj \
  dist/default/production/energy-harvesting-demoboard.production.obj 

Object code version is 3.10

Machine type is 16LF707



                Name                               Link     Load   Length Selector   Space Scale
/tmp/cgtNCg5Ee.obj
                end_init                             12       12        3        8       0
                reset_vec                             0        0        3        0       0
                config                             2007     2007        1     400E       0
dist/default/production/energy-harvesting-demoboard.production.obj
                intentry                              4        4        E        8       0
                text1026                            8E3      8E3        C     11C6       0
                text1025                            7B3      7B3       4D        8       0
                text1024                            B64      B64       43     16C8       0
                text1023                            E52      E52      1AE     1CA4       0
                text1022                            C3B      C3B       78     1876       0
                text1021                            BA7      BA7       45     174E       0
                text1020                            BEC      BEC       4F     17D8       0
                text1019                            A91      A91       2C     1522       0
                text1018                            952      952       19     12A4       0
                text1017                            96B      96B       19     12D6       0
                text1016                            90E      90E       16     121C       0
                text1015                            ABD      ABD       32     157A       0
                text1014                            8EF      8EF        C     11DE       0
                text1013                            A3B      A3B       2B     1476       0
                text1012                            CB3      CB3       C3     1966       0
                text1011                            9E7      9E7       2A     13CE       0
                text1010                            A11      A11       2A     1422       0
                text1009                            984      984       1F     1308       0
                text1008                            B25      B25       3F     164A       0
                text1007                            9A3      9A3       1F     1346       0
                text1006                            603      603      1B0        8       0
                text1005                            D76      D76       DC     1AEC       0
                text1004                            A66      A66       2B     14CC       0
                text1003                             15       15      310        8       0
                text1002                            9C2      9C2       25     1384       0
                text1001                            8CF      8CF        A     119E       0
                text1000                            924      924       16     1248       0
                text999                             93A      93A       18     1274       0
                maintext                            325      325      2DE        8       0
                cstackBANK0                          20       20       34       20       1
                cstackCOMMON                         70       70        E       70       1
                cstackBANK1                          A0       A0       37       A0       1
                inittext                            8FB      8FB       13     11F6       0
                clrtext                             8C7      8C7        8     118E       0
                bssBANK3                            190      190       20      190       1
                dataBANK1                            D7       D7        A       A0       1
                bssBANK1                             E1       E1        8       A0       1
                dataBANK0                            58       58        3       20       1
                bssBANK0                             54       54        4       20       1
                bitbssBANK0                         2D8       5B        1       20       1     8
                cinit                               AEF      AEF       36     15DE       0
                stringtext                         1000     1000      19F       20       0
                idataBANK1                          8D9      8D9        A     11B2       0
                idataBANK0                          8C4      8C4        3     1188       0

TOTAL           Name                               Link     Load   Length     Space
        CLASS   CONST          

        CLASS   CODE           
                end_init                             12       12        3         0
                intentry                              4        4        E         0
                reset_vec                             0        0        3         0
                text1026                            8E3      8E3        C         0
                text1025                            7B3      7B3       4D         0
                text1024                            B64      B64       43         0
                text1023                            E52      E52      1AE         0
                text1022                            C3B      C3B       78         0
                text1021                            BA7      BA7       45         0
                text1020                            BEC      BEC       4F         0
                text1019                            A91      A91       2C         0
                text1018                            952      952       19         0
                text1017                            96B      96B       19         0
                text1016                            90E      90E       16         0
                text1015                            ABD      ABD       32         0
                text1014                            8EF      8EF        C         0
                text1013                            A3B      A3B       2B         0
                text1012                            CB3      CB3       C3         0
                text1011                            9E7      9E7       2A         0
                text1010                            A11      A11       2A         0
                text1009                            984      984       1F         0
                text1008                            B25      B25       3F         0
                text1007                            9A3      9A3       1F         0
                text1006                            603      603      1B0         0
                text1005                            D76      D76       DC         0
                text1004                            A66      A66       2B         0
                text1003                             15       15      310         0
                text1002                            9C2      9C2       25         0
                text1001                            8CF      8CF        A         0
                text1000                            924      924       16         0
                text999                             93A      93A       18         0
                maintext                            325      325      2DE         0
                inittext                            8FB      8FB       13         0
                clrtext                             8C7      8C7        8         0
                cinit                               AEF      AEF       36         0
                idataBANK1                          8D9      8D9        A         0
                idataBANK0                          8C4      8C4        3         0

        CLASS   STRCODE        
                stringtext                         1000     1000      19F         0

        CLASS   ENTRY          

        CLASS   STRING         

        CLASS   COMMON         
                cstackCOMMON                         70       70        E         1

        CLASS   BANK0          
                cstackBANK0                          20       20       34         1
                dataBANK0                            58       58        3         1
                bssBANK0                             54       54        4         1
                bitbssBANK0                         2D8       5B        1         1

        CLASS   BANK1          
                cstackBANK1                          A0       A0       37         1
                dataBANK1                            D7       D7        A         1
                bssBANK1                             E1       E1        8         1

        CLASS   BANK2          

        CLASS   BANK3          
                bssBANK3                            190      190       20         1

        CLASS   RAM            

        CLASS   ABS1           
                abs_s1                               7E       7E        2         1

        CLASS   SFR0           

        CLASS   SFR1           

        CLASS   SFR2           

        CLASS   SFR3           

        CLASS   CONFIG         
                config                             2007     2007        1         0

        CLASS   IDLOC          

        CLASS   EEDATA         



SEGMENTS        Name                           Load    Length   Top    Selector   Space  Class     Delta

                reset_vec                      000000  000003  000003         0       0  CODE        2
                intentry                       000004  0007FC  000800         8       0  CODE        2
                cstackBANK0                    000020  00003C  00005C        20       1  BANK0       1
                cstackCOMMON                   000070  00000E  00007E        70       1  COMMON      1
                cstackBANK1                    0000A0  000049  0000E9        A0       1  BANK1       1
                bssBANK3                       000190  000020  0001B0       190       1  BANK3       1
                idataBANK0                     0008C4  000003  0008C7      1188       0  CODE        2
                clrtext                        0008C7  000008  0008CF      118E       0  CODE        2
                text1001                       0008CF  00000A  0008D9      119E       0  CODE        2
                idataBANK1                     0008D9  00000A  0008E3      11B2       0  CODE        2
                text1026                       0008E3  00000C  0008EF      11C6       0  CODE        2
                text1014                       0008EF  00000C  0008FB      11DE       0  CODE        2
                inittext                       0008FB  000013  00090E      11F6       0  CODE        2
                text1016                       00090E  000016  000924      121C       0  CODE        2
                text1000                       000924  000016  00093A      1248       0  CODE        2
                text999                        00093A  000018  000952      1274       0  CODE        2
                text1018                       000952  000019  00096B      12A4       0  CODE        2
                text1017                       00096B  000019  000984      12D6       0  CODE        2
                text1009                       000984  00001F  0009A3      1308       0  CODE        2
                text1007                       0009A3  00001F  0009C2      1346       0  CODE        2
                text1002                       0009C2  000025  0009E7      1384       0  CODE        2
                text1011                       0009E7  00002A  000A11      13CE       0  CODE        2
                text1010                       000A11  00002A  000A3B      1422       0  CODE        2
                text1013                       000A3B  00002B  000A66      1476       0  CODE        2
                text1004                       000A66  00002B  000A91      14CC       0  CODE        2
                text1019                       000A91  00002C  000ABD      1522       0  CODE        2
                text1015                       000ABD  000032  000AEF      157A       0  CODE        2
                cinit                          000AEF  000036  000B25      15DE       0  CODE        2
                text1008                       000B25  00003F  000B64      164A       0  CODE        2
                text1024                       000B64  000043  000BA7      16C8       0  CODE        2
                text1021                       000BA7  000045  000BEC      174E       0  CODE        2
                text1020                       000BEC  00004F  000C3B      17D8       0  CODE        2
                text1022                       000C3B  000078  000CB3      1876       0  CODE        2
                text1012                       000CB3  0000C3  000D76      1966       0  CODE        2
                text1005                       000D76  0000DC  000E52      1AEC       0  CODE        2
                text1023                       000E52  0001AE  001000      1CA4       0  CODE        2
                stringtext                     001000  00019F  00119F        20       0  STRCODE     2
                config                         002007  000001  002008      400E       0  CONFIG      2


UNUSED ADDRESS RANGES

        Name                Unused          Largest block    Delta
        BANK0            005C-006F             14           1
        BANK1            00E9-00EF              7           1
        BANK2            0115-016F             5B           1
        BANK3            01B0-01EF             40           1
        CODE             0003-0003              1           2
                         0800-08C3             C4
                         119F-1FFF            661
        CONFIG           2008-2008              1           2
        CONST            0003-0003              1           2
                         0800-08C3             C4
                         119F-1FFF            100
        ENTRY            0003-0003              1           2
                         0800-08C3             C4
                         119F-1FFF            100
        IDLOC            2000-2003              4           2
        RAM              005C-006F             14           1
                         00E9-00EF              7
                         0115-016F             5B
                         01B0-01EF             40
        SFR0             0000-001F             20           1
        SFR1             0080-009F             20           1
        SFR2             0100-0114             15           1
        SFR3             0180-018F             10           1
        STRCODE          0003-0003              1           2
                         0800-08C3             C4
                         119F-1FFF            E61
        STRING           0003-0003              1           2
                         0800-08C3             C4
                         119F-1FFF            100

                                  Symbol Table

?_SPI_Write_Buf                         cstackBANK0  0037
?_SPI_Write_Reg                         cstackBANK0  0037
?_Send_Packet                           cstackBANK1  00A0
?___lwdiv                               cstackBANK0  0034
?___lwmod                               cstackBANK0  003C
?___wmul                                cstackBANK0  0034
?_printf                                cstackBANK0  0042
?i1___lwdiv                             cstackCOMMON 0070
?i1___lwmod                             cstackCOMMON 0078
?i1_printf                              cstackBANK0  0020
RFM70_Initialize@WriteArr               cstackBANK0  0044
RFM70_Initialize@i                      cstackBANK0  0050
RFM70_Initialize@j                      cstackBANK0  0051
SPI_RW@value                            cstackBANK0  0036
SPI_Read_Reg@reg                        cstackBANK0  0038
SPI_Read_Reg@value                      cstackBANK0  0039
SPI_Write_Buf@byte_ctr                  cstackBANK0  003B
SPI_Write_Buf@length                    cstackBANK0  0038
SPI_Write_Buf@pBuf                      cstackBANK0  0037
SPI_Write_Buf@reg                       cstackBANK0  003A
SPI_Write_Reg@reg                       cstackBANK0  0038
SPI_Write_Reg@value                     cstackBANK0  0037
Send_Packet@fifo_sta                    cstackBANK1  00A6
Send_Packet@i                           cstackBANK1  00A7
Send_Packet@len                         cstackBANK1  00A1
Send_Packet@pbuf                        cstackBANK1  00A0
Send_Packet@type                        cstackBANK1  00A5
SwitchCFG@Tmp                           cstackBANK0  003C
SwitchCFG@_cfg                          cstackBANK0  003B
SwitchToRxMode@value                    cstackBANK0  003B
SwitchToTxMode@value                    cstackBANK0  003B
_ADCON0bits                             (abs)        001F
_ADCON1bits                             (abs)        009F
_ADRES                                  (abs)        001E
_ANSELAbits                             (abs)        0185
_ANSELBbits                             (abs)        0186
_ANSELCbits                             (abs)        0187
_ANSELDbits                             (abs)        0188
_ANSELEbits                             (abs)        0189
_Bank0_Reg                              stringtext   104A
_Bank1_Reg0_13                          stringtext   1012
_Bank1_Reg14                            stringtext   1078
_DACCON0                                (abs)        0113
_DACCON1                                (abs)        0114
_FVRCONbits                             (abs)        009D
_GIE                                    (abs)        005F
_ISR                                    text1022     0C3B
_OSCCONbits                             (abs)        0090
_PEIE                                   (abs)        005E
_PIR1bits                               (abs)        000C
_PORTAbits                              (abs)        0005
_PORTBbits                              (abs)        0006
_PORTCbits                              (abs)        0007
_PORTD                                  (abs)        0008
_PORTDbits                              (abs)        0008
_PORTEbits                              (abs)        0009
_RCIF                                   (abs)        0065
_RCREG                                  (abs)        001A
_RCSTA                                  (abs)        0018
_RCSTAbits                              (abs)        0018
_RFM70_Initialize                       text1003     0015
_RX0_Address                            stringtext   1095
_RX1_Address                            stringtext   109A
_SPBRG                                  (abs)        0099
_SPI_RW                                 text1018     0952
_SPI_Read_Reg                           text1017     096B
_SPI_Write_Buf                          text1010     0A11
_SPI_Write_Reg                          text1016     090E
_SSPBUF                                 (abs)        0013
_SSPCONbits                             (abs)        0014
_SSPSTATbits                            (abs)        0094
_Send_Packet                            text1005     0D76
_SwitchCFG                              text1015     0ABD
_SwitchToRxMode                         text1008     0B25
_SwitchToTxMode                         text1011     09E7
_T1CONbits                              (abs)        0010
_T1GCONbits                             (abs)        008F
_TMR1H                                  (abs)        000F
_TMR1IE                                 (abs)        0460
_TMR1IF                                 (abs)        0060
_TMR1L                                  (abs)        000E
_TRISAbits                              (abs)        0085
_TRISBbits                              (abs)        0086
_TRISCbits                              (abs)        0087
_TRISDbits                              (abs)        0088
_TRISEbits                              (abs)        0089
_TXIF                                   (abs)        0064
_TXREG                                  (abs)        0019
_TXSTA                                  (abs)        0098
_TXSTAbits                              (abs)        0098
__CFG_BOREN$OFF                         (abs)        0000
__CFG_CP$OFF                            (abs)        0000
__CFG_FOSC$INTOSC                       (abs)        0000
__CFG_MCLRE$ON                          (abs)        0000
__CFG_PLLEN$ON                          (abs)        0000
__CFG_PWRTE$OFF                         (abs)        0000
__CFG_WDTE$OFF                          (abs)        0000
__Habs1                                 abs1         0000
__Hbank0                                bank0        0000
__Hbank1                                bank1        0000
__Hbank2                                bank2        0000
__Hbank3                                bank3        0000
__HbitbssBANK0                          bitbssBANK0  0000
__HbssBANK0                             bssBANK0     0000
__HbssBANK1                             bssBANK1     0000
__HbssBANK3                             bssBANK3     0000
__Hcinit                                cinit        0000
__Hclrtext                              clrtext      0000
__Hcode                                 code         0000
__Hcommon                               common       0000
__Hconfig                               config       2008
__HcstackBANK0                          cstackBANK0  0000
__HcstackBANK1                          cstackBANK1  0000
__HcstackCOMMON                         cstackCOMMON 0000
__HdataBANK0                            dataBANK0    0000
__HdataBANK1                            dataBANK1    0000
__Heeprom_data                          eeprom_data  0000
__Hend_init                             end_init     0015
__Hfunctab                              functab      0000
__HidataBANK0                           idataBANK0   0000
__HidataBANK1                           idataBANK1   0000
__Hidloc                                idloc        0000
__Hinit                                 init         0012
__Hinittext                             inittext     0000
__Hintentry                             intentry     0012
__Hmaintext                             maintext     0000
__Hpowerup                              powerup      0000
__Hram                                  ram          0000
__Hreset_vec                            reset_vec    0003
__Hsfr0                                 sfr0         0000
__Hsfr1                                 sfr1         0000
__Hsfr2                                 sfr2         0000
__Hsfr3                                 sfr3         0000
__Hstrings                              strings      0000
__Hstringtext                           stringtext   0000
__Htext                                 text         0000
__Labs1                                 abs1         0000
__Lbank0                                bank0        0000
__Lbank1                                bank1        0000
__Lbank2                                bank2        0000
__Lbank3                                bank3        0000
__LbitbssBANK0                          bitbssBANK0  0000
__LbssBANK0                             bssBANK0     0000
__LbssBANK1                             bssBANK1     0000
__LbssBANK3                             bssBANK3     0000
__Lcinit                                cinit        0000
__Lclrtext                              clrtext      0000
__Lcode                                 code         0000
__Lcommon                               common       0000
__Lconfig                               config       2007
__LcstackBANK0                          cstackBANK0  0000
__LcstackBANK1                          cstackBANK1  0000
__LcstackCOMMON                         cstackCOMMON 0000
__LdataBANK0                            dataBANK0    0000
__LdataBANK1                            dataBANK1    0000
__Leeprom_data                          eeprom_data  0000
__Lend_init                             end_init     0012
__Lfunctab                              functab      0000
__LidataBANK0                           idataBANK0   0000
__LidataBANK1                           idataBANK1   0000
__Lidloc                                idloc        0000
__Linit                                 init         0012
__Linittext                             inittext     0000
__Lintentry                             intentry     0004
__Lmaintext                             maintext     0000
__Lpowerup                              powerup      0000
__Lram                                  ram          0000
__Lreset_vec                            reset_vec    0000
__Lsfr0                                 sfr0         0000
__Lsfr1                                 sfr1         0000
__Lsfr2                                 sfr2         0000
__Lsfr3                                 sfr3         0000
__Lstrings                              strings      0000
__Lstringtext                           stringtext   0000
__Ltext                                 text         0000
__S0                                    (abs)        2008
__S1                                    (abs)        01B0
___lwdiv                                text1020     0BEC
___lwdiv@counter                        cstackBANK0  0039
___lwdiv@dividend                       cstackBANK0  0036
___lwdiv@divisor                        cstackBANK0  0034
___lwdiv@quotient                       cstackBANK0  003A
___lwmod                                text1021     0BA7
___lwmod@counter                        cstackBANK0  0041
___lwmod@dividend                       cstackBANK0  003E
___lwmod@divisor                        cstackBANK0  003C
___wmul                                 text1019     0A91
___wmul@multiplicand                    cstackBANK0  0036
___wmul@multiplier                      cstackBANK0  0034
___wmul@product                         cstackBANK0  0038
__end_of_Bank0_Reg                      stringtext   1078
__end_of_Bank0_RegAct                   stringtext   10A3
__end_of_Bank1_Reg0_13                  stringtext   104A
__end_of_Bank1_Reg14                    stringtext   1083
__end_of_ISR                            text1022     0CB3
__end_of_RFM70_Initialize               text1003     0325
__end_of_RX0_Address                    stringtext   109A
__end_of_RX1_Address                    stringtext   109F
__end_of_SPI_RW                         text1018     096B
__end_of_SPI_Read_Reg                   text1017     0984
__end_of_SPI_Write_Buf                  text1010     0A3B
__end_of_SPI_Write_Reg                  text1016     0924
__end_of_Send_Packet                    text1005     0E52
__end_of_SwitchCFG                      text1015     0AEF
__end_of_SwitchToRxMode                 text1008     0B64
__end_of_SwitchToTxMode                 text1011     0A11
__end_of___lwdiv                        text1020     0C3B
__end_of___lwmod                        text1021     0BEC
__end_of___wmul                         text1019     0ABD
__end_of__initialization                cinit        0B21
__end_of__stringdata                    stringtext   119F
__end_of__stringtab                     stringtext   1012
__end_of_adcInit                        text1001     08D9
__end_of_adcReadTemp                    text1004     0A91
__end_of_adcReadVcap                    text1013     0A66
__end_of_dpowers                        stringtext   108D
__end_of_hexpowers                      stringtext   1095
__end_of_main                           maintext     0603
__end_of_printf                         text1006     07B3
__end_of_putch                          text1014     08FB
__end_of_rfm70TxDataSentErrorInterrupt  text1007     09C2
__end_of_rfm70TxDataSentInterrupt       text1009     09A3
__end_of_rfm70setPowerdownMode          text1002     09E7
__end_of_sleep                          text1012     0D76
__end_of_spiInit                        text999      0952
__end_of_uartInit                       text1000     093A
__end_ofi1___lwdiv                      text1025     0800
__end_ofi1___lwmod                      text1024     0BA7
__end_ofi1_printf                       text1023     1000
__end_ofi1_putch                        text1026     08EF
__initialization                        cinit        0AEF
__pbitbssBANK0                          bitbssBANK0  02D8
__pbssBANK0                             bssBANK0     0054
__pbssBANK1                             bssBANK1     00E1
__pbssBANK3                             bssBANK3     0190
__pcstackBANK0                          cstackBANK0  0020
__pcstackBANK1                          cstackBANK1  00A0
__pcstackCOMMON                         cstackCOMMON 0070
__pdataBANK0                            dataBANK0    0058
__pdataBANK1                            dataBANK1    00D7
__pidataBANK0                           idataBANK0   08C4
__pidataBANK1                           idataBANK1   08D9
__pintentry                             intentry     0004
__pmaintext                             maintext     0325
__pstringtext                           stringtext   1000
__ptext1000                             text1000     0924
__ptext1001                             text1001     08CF
__ptext1002                             text1002     09C2
__ptext1003                             text1003     0015
__ptext1004                             text1004     0A66
__ptext1005                             text1005     0D76
__ptext1006                             text1006     0603
__ptext1007                             text1007     09A3
__ptext1008                             text1008     0B25
__ptext1009                             text1009     0984
__ptext1010                             text1010     0A11
__ptext1011                             text1011     09E7
__ptext1012                             text1012     0CB3
__ptext1013                             text1013     0A3B
__ptext1014                             text1014     08EF
__ptext1015                             text1015     0ABD
__ptext1016                             text1016     090E
__ptext1017                             text1017     096B
__ptext1018                             text1018     0952
__ptext1019                             text1019     0A91
__ptext1020                             text1020     0BEC
__ptext1021                             text1021     0BA7
__ptext1022                             text1022     0C3B
__ptext1023                             text1023     0E52
__ptext1024                             text1024     0B64
__ptext1025                             text1025     07B3
__ptext1026                             text1026     08E3
__ptext1027                             text1027     0000
__ptext999                              text999      093A
__size_of_ISR                           (abs)        0000
__size_of_RFM70_Initialize              (abs)        0000
__size_of_SPI_RW                        (abs)        0000
__size_of_SPI_Read_Reg                  (abs)        0000
__size_of_SPI_Write_Buf                 (abs)        0000
__size_of_SPI_Write_Reg                 (abs)        0000
__size_of_Send_Packet                   (abs)        0000
__size_of_SwitchCFG                     (abs)        0000
__size_of_SwitchToRxMode                (abs)        0000
__size_of_SwitchToTxMode                (abs)        0000
__size_of___lwdiv                       (abs)        0000
__size_of___lwmod                       (abs)        0000
__size_of___wmul                        (abs)        0000
__size_of_adcInit                       (abs)        0000
__size_of_adcReadTemp                   (abs)        0000
__size_of_adcReadVcap                   (abs)        0000
__size_of_main                          (abs)        0000
__size_of_printf                        (abs)        0000
__size_of_putch                         (abs)        0000
__size_of_rfm70TxDataSentErrorInterrupt (abs)        0000
__size_of_rfm70TxDataSentInterrupt      (abs)        0000
__size_of_rfm70setPowerdownMode         (abs)        0000
__size_of_sleep                         (abs)        0000
__size_of_spiInit                       (abs)        0000
__size_of_uartInit                      (abs)        0000
__size_ofi1___lwdiv                     (abs)        0000
__size_ofi1___lwmod                     (abs)        0000
__size_ofi1_printf                      (abs)        0000
__size_ofi1_putch                       (abs)        0000
__stringdata                            stringtext   10A3
__stringtab                             stringtext   1000
_adcInit                                text1001     08CF
_adcReadTemp                            text1004     0A66
_adcReadVcap                            text1013     0A3B
_charge_pulse                           dataBANK1    00D7
_charge_time                            bssBANK0     0054
_dpowers                                stringtext   1083
_flag                                   bitbssBANK0  02D8
_hexpowers                              stringtext   108D
_jumper_stat                            bssBANK1     00E7
_main                                   maintext     0325
_printf                                 text1006     0603
_putch                                  text1014     08EF
_rfm70TxDataSentErrorInterrupt          text1007     09A3
_rfm70TxDataSentInterrupt               text1009     0984
_rfm70setPowerdownMode                  text1002     09C2
_sleep                                  text1012     0CB3
_sleep_count                            bssBANK1     00E8
_sleep_counter                          bssBANK0     0056
_spiInit                                text999      093A
_timelapse_count                        bssBANK1     00E1
_tmr1Counter                            bssBANK0     0057
_tmr1Target                             dataBANK0    005A
_tx_buf                                 dataBANK1    00D9
_uartInit                               text1000     0924
_value                                  bssBANK1     00E3
_values                                 bssBANK1     00E5
adcReadTemp@value                       cstackBANK0  0036
adcReadVcap@value                       cstackBANK0  0036
btemp                                   (abs)        007E
clear_ram                               clrtext      08C7
end_of_initialization                   cinit        0B21
i1___lwdiv                              text1025     07B3
i1___lwdiv@counter                      cstackCOMMON 0075
i1___lwdiv@dividend                     cstackCOMMON 0072
i1___lwdiv@divisor                      cstackCOMMON 0070
i1___lwdiv@quotient                     cstackCOMMON 0076
i1___lwmod                              text1024     0B64
i1___lwmod@counter                      cstackCOMMON 007D
i1___lwmod@dividend                     cstackCOMMON 007A
i1___lwmod@divisor                      cstackCOMMON 0078
i1_printf                               text1023     0E52
i1_putch                                text1026     08E3
i1printf@_val                           cstackBANK0  0029
i1printf@ap                             cstackBANK0  0026
i1printf@c                              cstackBANK0  002D
i1printf@f                              cstackBANK0  0020
i1printf@flag                           cstackBANK0  0028
i1printf@idx                            cstackBANK0  0025
i1printf@prec                           cstackBANK0  0027
i1putch@c                               cstackCOMMON 0070
init_fetch                              inittext     08FB
init_ram                                inittext     08FF
interrupt_function                      intentry     0004
intlevel0                               functab      0000
intlevel1                               functab      0000
intlevel2                               functab      0000
intlevel3                               functab      0000
intlevel4                               functab      0000
intlevel5                               functab      0000
main@i                                  cstackBANK1  00D3
main@num_sleep                          cstackBANK1  00D0
main@temp                               cstackBANK1  00D1
main@temp_tx_buf                        cstackBANK1  00B0
printf@_val                             cstackBANK0  004F
printf@ap                               cstackBANK0  004C
printf@c                                cstackBANK0  0053
printf@f                                cstackBANK0  0042
printf@flag                             cstackBANK0  004E
printf@idx                              cstackBANK0  004B
printf@prec                             cstackBANK0  004D
putch@c                                 cstackBANK0  0034
reset_vec                               reset_vec    0000
rfm70setPowerdownMode@reg               cstackBANK0  003C
rfm70setPowerdownMode@value             cstackBANK0  003B
saved_w                                 (abs)        007E
sleep@new_value                         cstackBANK0  0039
start                                   init         0012
start_initialization                    cinit        0AEF
wtemp0                                  (abs)        007E


FUNCTION INFORMATION:

 *************** function _main *****************
 Defined at:
		line 143 in file "main.c"
 Parameters:    Size  Location     Type
  argc            2    8[BANK1 ] int 
  argv            2   10[BANK1 ] PTR PTR unsigned char 
 Auto vars:     Size  Location     Type
  temp_tx_buf    32   16[BANK1 ] unsigned char [32]
  buffer          5    0        unsigned char [5]
  i               4   51[BANK1 ] long 
  temp            2   49[BANK1 ] unsigned int 
  energy_after    2    0        unsigned int 
  num_sleep       1   48[BANK1 ] unsigned char 
 Return value:  Size  Location     Type
                  2    8[BANK1 ] int 
 Registers used:
		wreg, fsr0l, fsr0h, fsr1l, fsr1h, status,2, status,0, btemp+1, pclath, cstack
 Tracked objects:
		On entry : 
		On exit  : 
		Unchanged: 
 Data sizes:     COMMON   BANK0   BANK1   BANK3   BANK2
      Params:         0       0       4       0       0
      Locals:         0       0      39       0       0
      Temps:          0       0       4       0       0
      Totals:         0       0      47       0       0
Total ram usage:       47 bytes
 Hardware stack levels required when called:    7
 This function calls:
		_spiInit
		_uartInit
		_adcInit
		_rfm70setPowerdownMode
		_printf
		_adcReadVcap
		_RFM70_Initialize
		_adcReadTemp
		___wmul
		_Send_Packet
		_sleep
 This function is called by:
		Startup code after reset
 This function uses a non-reentrant model


 *************** function _spiInit *****************
 Defined at:
		line 666 in file "main.c"
 Parameters:    Size  Location     Type
		None
 Auto vars:     Size  Location     Type
		None
 Return value:  Size  Location     Type
		None               void
 Registers used:
		wreg, status,2, status,0
 Tracked objects:
		On entry : 
		On exit  : 
		Unchanged: 
 Data sizes:     COMMON   BANK0   BANK1   BANK3   BANK2
      Params:         0       0       0       0       0
      Locals:         0       0       0       0       0
      Temps:          0       2       0       0       0
      Totals:         0       2       0       0       0
Total ram usage:        2 bytes
 Hardware stack levels used:    1
 Hardware stack levels required when called:    3
 This function calls:
		Nothing
 This function is called by:
		_main
 This function uses a non-reentrant model


 *************** function _uartInit *****************
 Defined at:
		line 644 in file "main.c"
 Parameters:    Size  Location     Type
		None
 Auto vars:     Size  Location     Type
		None
 Return value:  Size  Location     Type
		None               void
 Registers used:
		wreg, status,2
 Tracked objects:
		On entry : 
		On exit  : 
		Unchanged: 
 Data sizes:     COMMON   BANK0   BANK1   BANK3   BANK2
      Params:         0       0       0       0       0
      Locals:         0       0       0       0       0
      Temps:          0       0       0       0       0
      Totals:         0       0       0       0       0
Total ram usage:        0 bytes
 Hardware stack levels used:    1
 Hardware stack levels required when called:    3
 This function calls:
		Nothing
 This function is called by:
		_main
 This function uses a non-reentrant model


 *************** function _adcInit *****************
 Defined at:
		line 678 in file "main.c"
 Parameters:    Size  Location     Type
		None
 Auto vars:     Size  Location     Type
		None
 Return value:  Size  Location     Type
		None               void
 Registers used:
		wreg, status,2, status,0
 Tracked objects:
		On entry : 
		On exit  : 
		Unchanged: 
 Data sizes:     COMMON   BANK0   BANK1   BANK3   BANK2
      Params:         0       0       0       0       0
      Locals:         0       0       0       0       0
      Temps:          0       0       0       0       0
      Totals:         0       0       0       0       0
Total ram usage:        0 bytes
 Hardware stack levels used:    1
 Hardware stack levels required when called:    3
 This function calls:
		Nothing
 This function is called by:
		_main
 This function uses a non-reentrant model


 *************** function _rfm70setPowerdownMode *****************
 Defined at:
		line 400 in file "rfm70.c"
 Parameters:    Size  Location     Type
  value           1    wreg     unsigned char 
 Auto vars:     Size  Location     Type
  value           1   27[BANK0 ] unsigned char 
  reg             1   28[BANK0 ] unsigned char 
 Return value:  Size  Location     Type
		None               void
 Registers used:
		wreg, status,2, status,0, pclath, cstack
 Tracked objects:
		On entry : 
		On exit  : 
		Unchanged: 
 Data sizes:     COMMON   BANK0   BANK1   BANK3   BANK2
      Params:         0       0       0       0       0
      Locals:         0       2       0       0       0
      Temps:          0       1       0       0       0
      Totals:         0       3       0       0       0
Total ram usage:        3 bytes
 Hardware stack levels used:    1
 Hardware stack levels required when called:    5
 This function calls:
		_SPI_Read_Reg
		_SPI_Write_Reg
 This function is called by:
		_main
 This function uses a non-reentrant model


 *************** function _RFM70_Initialize *****************
 Defined at:
		line 252 in file "rfm70.c"
 Parameters:    Size  Location     Type
		None
 Auto vars:     Size  Location     Type
  WriteArr       12   36[BANK0 ] unsigned char [12]
  j               1   49[BANK0 ] unsigned char 
  i               1   48[BANK0 ] unsigned char 
 Return value:  Size  Location     Type
		None               void
 Registers used:
		wreg, fsr0l, fsr0h, status,2, status,0, btemp+1, pclath, cstack
 Tracked objects:
		On entry : 
		On exit  : 
		Unchanged: 
 Data sizes:     COMMON   BANK0   BANK1   BANK3   BANK2
      Params:         0       0       0       0       0
      Locals:         0      14       0       0       0
      Temps:          0       7       0       0       0
      Totals:         0      21       0       0       0
Total ram usage:       21 bytes
 Hardware stack levels used:    1
 Hardware stack levels required when called:    6
 This function calls:
		_SwitchCFG
		_SPI_Write_Reg
		_SPI_Write_Buf
		_SPI_Read_Reg
 This function is called by:
		_main
 This function uses a non-reentrant model


 *************** function _adcReadTemp *****************
 Defined at:
		line 561 in file "main.c"
 Parameters:    Size  Location     Type
		None
 Auto vars:     Size  Location     Type
  value           1   22[BANK0 ] unsigned char 
 Return value:  Size  Location     Type
                  1    wreg      unsigned char 
 Registers used:
		wreg, status,2, status,0
 Tracked objects:
		On entry : 
		On exit  : 
		Unchanged: 
 Data sizes:     COMMON   BANK0   BANK1   BANK3   BANK2
      Params:         0       0       0       0       0
      Locals:         0       1       0       0       0
      Temps:          0       2       0       0       0
      Totals:         0       3       0       0       0
Total ram usage:        3 bytes
 Hardware stack levels used:    1
 Hardware stack levels required when called:    3
 This function calls:
		Nothing
 This function is called by:
		_main
 This function uses a non-reentrant model


 *************** function _Send_Packet *****************
 Defined at:
		line 732 in file "main.c"
 Parameters:    Size  Location     Type
  type            1    wreg     unsigned char 
  pbuf            1    0[BANK1 ] PTR unsigned char 
		 -> tx_buf(8), 
  len             1    1[BANK1 ] unsigned char 
 Auto vars:     Size  Location     Type
  type            1    5[BANK1 ] unsigned char 
  i               1    7[BANK1 ] unsigned char 
  fifo_sta        1    6[BANK1 ] unsigned char 
 Return value:  Size  Location     Type
		None               void
 Registers used:
		wreg, fsr0l, fsr0h, fsr1l, fsr1h, status,2, status,0, btemp+1, pclath, cstack
 Tracked objects:
		On entry : 
		On exit  : 
		Unchanged: 
 Data sizes:     COMMON   BANK0   BANK1   BANK3   BANK2
      Params:         0       0       2       0       0
      Locals:         0       0       3       0       0
      Temps:          0       0       3       0       0
      Totals:         0       0       8       0       0
Total ram usage:        8 bytes
 Hardware stack levels used:    1
 Hardware stack levels required when called:    6
 This function calls:
		_SwitchToTxMode
		_SPI_Read_Reg
		_printf
		_SPI_Write_Buf
		_rfm70TxDataSentInterrupt
		_SwitchToRxMode
		_rfm70TxDataSentErrorInterrupt
 This function is called by:
		_main
 This function uses a non-reentrant model


 *************** function _printf *****************
 Defined at:
		line 465 in file "/Applications/microchip/xc8/v1.12/sources/doprnt.c"
 Parameters:    Size  Location     Type
  f               2   34[BANK0 ] PTR const unsigned char 
		 -> STR_15(5), STR_14(12), Receive_Packet@rx_buf(32), STR_13(5), 
		 -> STR_12(24), STR_11(17), STR_10(3), STR_9(3), 
		 -> STR_8(10), STR_7(18), STR_6(21), STR_5(26), 
		 -> STR_4(37), STR_3(23), STR_2(20), STR_1(19), 
 Auto vars:     Size  Location     Type
  idx             1   43[BANK0 ] unsigned char 
  _val            4   47[BANK0 ] struct .
  c               1   51[BANK0 ] char 
  flag            1   46[BANK0 ] unsigned char 
  prec            1   45[BANK0 ] char 
  ap              1   44[BANK0 ] PTR void [1]
		 -> ?_printf(2), 
 Return value:  Size  Location     Type
                  2   34[BANK0 ] int 
 Registers used:
		wreg, fsr0l, fsr0h, status,2, status,0, btemp+1, pclath, cstack
 Tracked objects:
		On entry : 
		On exit  : 
		Unchanged: 
 Data sizes:     COMMON   BANK0   BANK1   BANK3   BANK2
      Params:         0       6       0       0       0
      Locals:         0       9       0       0       0
      Temps:          0       3       0       0       0
      Totals:         0      18       0       0       0
Total ram usage:       18 bytes
 Hardware stack levels used:    1
 Hardware stack levels required when called:    4
 This function calls:
		_putch
		___lwdiv
		___lwmod
 This function is called by:
		_main
		_Send_Packet
		_Receive_Packet
 This function uses a non-reentrant model


 *************** function _rfm70TxDataSentErrorInterrupt *****************
 Defined at:
		line 380 in file "rfm70.c"
 Parameters:    Size  Location     Type
		None
 Auto vars:     Size  Location     Type
		None
 Return value:  Size  Location     Type
                  1    wreg      unsigned char 
 Registers used:
		wreg, status,2, status,0, pclath, cstack
 Tracked objects:
		On entry : 
		On exit  : 
		Unchanged: 
 Data sizes:     COMMON   BANK0   BANK1   BANK3   BANK2
      Params:         0       0       0       0       0
      Locals:         0       0       0       0       0
      Temps:          0       1       0       0       0
      Totals:         0       1       0       0       0
Total ram usage:        1 bytes
 Hardware stack levels used:    1
 Hardware stack levels required when called:    5
 This function calls:
		_SPI_Read_Reg
		_SPI_Write_Reg
 This function is called by:
		_Send_Packet
 This function uses a non-reentrant model


 *************** function _SwitchToRxMode *****************
 Defined at:
		line 165 in file "rfm70.c"
 Parameters:    Size  Location     Type
		None
 Auto vars:     Size  Location     Type
  value           1   27[BANK0 ] unsigned char 
 Return value:  Size  Location     Type
		None               void
 Registers used:
		wreg, status,2, status,0, pclath, cstack
 Tracked objects:
		On entry : 
		On exit  : 
		Unchanged: 
 Data sizes:     COMMON   BANK0   BANK1   BANK3   BANK2
      Params:         0       0       0       0       0
      Locals:         0       1       0       0       0
      Temps:          0       1       0       0       0
      Totals:         0       2       0       0       0
Total ram usage:        2 bytes
 Hardware stack levels used:    1
 Hardware stack levels required when called:    5
 This function calls:
		_SPI_Write_Reg
		_SPI_Read_Reg
 This function is called by:
		_Send_Packet
		_Receive_Packet
 This function uses a non-reentrant model


 *************** function _rfm70TxDataSentInterrupt *****************
 Defined at:
		line 371 in file "rfm70.c"
 Parameters:    Size  Location     Type
		None
 Auto vars:     Size  Location     Type
		None
 Return value:  Size  Location     Type
                  1    wreg      unsigned char 
 Registers used:
		wreg, status,2, status,0, pclath, cstack
 Tracked objects:
		On entry : 
		On exit  : 
		Unchanged: 
 Data sizes:     COMMON   BANK0   BANK1   BANK3   BANK2
      Params:         0       0       0       0       0
      Locals:         0       0       0       0       0
      Temps:          0       1       0       0       0
      Totals:         0       1       0       0       0
Total ram usage:        1 bytes
 Hardware stack levels used:    1
 Hardware stack levels required when called:    5
 This function calls:
		_SPI_Read_Reg
		_SPI_Write_Reg
 This function is called by:
		_Send_Packet
 This function uses a non-reentrant model


 *************** function _SPI_Write_Buf *****************
 Defined at:
		line 147 in file "rfm70.c"
 Parameters:    Size  Location     Type
  reg             1    wreg     unsigned char 
  pBuf            1   23[BANK0 ] PTR unsigned char 
		 -> RFM70_Initialize@WriteArr(12), tx_buf(8), 
  length          1   24[BANK0 ] unsigned char 
 Auto vars:     Size  Location     Type
  reg             1   26[BANK0 ] unsigned char 
  byte_ctr        1   27[BANK0 ] unsigned char 
 Return value:  Size  Location     Type
		None               void
 Registers used:
		wreg, fsr0l, fsr0h, status,2, status,0, pclath, cstack
 Tracked objects:
		On entry : 
		On exit  : 
		Unchanged: 
 Data sizes:     COMMON   BANK0   BANK1   BANK3   BANK2
      Params:         0       2       0       0       0
      Locals:         0       2       0       0       0
      Temps:          0       1       0       0       0
      Totals:         0       5       0       0       0
Total ram usage:        5 bytes
 Hardware stack levels used:    1
 Hardware stack levels required when called:    4
 This function calls:
		_SPI_RW
 This function is called by:
		_Send_Packet
		_RFM70_Initialize
 This function uses a non-reentrant model


 *************** function _SwitchToTxMode *****************
 Defined at:
		line 191 in file "rfm70.c"
 Parameters:    Size  Location     Type
		None
 Auto vars:     Size  Location     Type
  value           1   27[BANK0 ] unsigned char 
 Return value:  Size  Location     Type
		None               void
 Registers used:
		wreg, status,2, status,0, pclath, cstack
 Tracked objects:
		On entry : 
		On exit  : 
		Unchanged: 
 Data sizes:     COMMON   BANK0   BANK1   BANK3   BANK2
      Params:         0       0       0       0       0
      Locals:         0       1       0       0       0
      Temps:          0       1       0       0       0
      Totals:         0       2       0       0       0
Total ram usage:        2 bytes
 Hardware stack levels used:    1
 Hardware stack levels required when called:    5
 This function calls:
		_SPI_Write_Reg
		_SPI_Read_Reg
 This function is called by:
		_Send_Packet
 This function uses a non-reentrant model


 *************** function _sleep *****************
 Defined at:
		line 503 in file "main.c"
 Parameters:    Size  Location     Type
		None
 Auto vars:     Size  Location     Type
  new_value       1   25[BANK0 ] unsigned char 
 Return value:  Size  Location     Type
		None               void
 Registers used:
		wreg, status,2, status,0, btemp+1, pclath, cstack
 Tracked objects:
		On entry : 
		On exit  : 
		Unchanged: 
 Data sizes:     COMMON   BANK0   BANK1   BANK3   BANK2
      Params:         0       0       0       0       0
      Locals:         0       1       0       0       0
      Temps:          0       2       0       0       0
      Totals:         0       3       0       0       0
Total ram usage:        3 bytes
 Hardware stack levels used:    1
 Hardware stack levels required when called:    4
 This function calls:
		_adcReadVcap
 This function is called by:
		_main
 This function uses a non-reentrant model


 *************** function _adcReadVcap *****************
 Defined at:
		line 576 in file "main.c"
 Parameters:    Size  Location     Type
		None
 Auto vars:     Size  Location     Type
  value           1   22[BANK0 ] unsigned char 
 Return value:  Size  Location     Type
                  1    wreg      unsigned char 
 Registers used:
		wreg, status,2, status,0
 Tracked objects:
		On entry : 
		On exit  : 
		Unchanged: 
 Data sizes:     COMMON   BANK0   BANK1   BANK3   BANK2
      Params:         0       0       0       0       0
      Locals:         0       1       0       0       0
      Temps:          0       2       0       0       0
      Totals:         0       3       0       0       0
Total ram usage:        3 bytes
 Hardware stack levels used:    1
 Hardware stack levels required when called:    3
 This function calls:
		Nothing
 This function is called by:
		_main
		_sleep
 This function uses a non-reentrant model


 *************** function _putch *****************
 Defined at:
		line 689 in file "main.c"
 Parameters:    Size  Location     Type
  c               1    wreg     unsigned char 
 Auto vars:     Size  Location     Type
  c               1   20[BANK0 ] unsigned char 
 Return value:  Size  Location     Type
		None               void
 Registers used:
		wreg
 Tracked objects:
		On entry : 
		On exit  : 
		Unchanged: 
 Data sizes:     COMMON   BANK0   BANK1   BANK3   BANK2
      Params:         0       0       0       0       0
      Locals:         0       1       0       0       0
      Temps:          0       0       0       0       0
      Totals:         0       1       0       0       0
Total ram usage:        1 bytes
 Hardware stack levels used:    1
 Hardware stack levels required when called:    3
 This function calls:
		Nothing
 This function is called by:
		_printf
		_getche
 This function uses a non-reentrant model


 *************** function _SwitchCFG *****************
 Defined at:
		line 218 in file "rfm70.c"
 Parameters:    Size  Location     Type
  _cfg            1    wreg     unsigned char 
 Auto vars:     Size  Location     Type
  _cfg            1   27[BANK0 ] unsigned char 
  Tmp             1   28[BANK0 ] unsigned char 
 Return value:  Size  Location     Type
		None               void
 Registers used:
		wreg, status,2, status,0, pclath, cstack
 Tracked objects:
		On entry : 
		On exit  : 
		Unchanged: 
 Data sizes:     COMMON   BANK0   BANK1   BANK3   BANK2
      Params:         0       0       0       0       0
      Locals:         0       2       0       0       0
      Temps:          0       1       0       0       0
      Totals:         0       3       0       0       0
Total ram usage:        3 bytes
 Hardware stack levels used:    1
 Hardware stack levels required when called:    5
 This function calls:
		_SPI_Read_Reg
		_SPI_Write_Reg
 This function is called by:
		_RFM70_Initialize
 This function uses a non-reentrant model


 *************** function _SPI_Write_Reg *****************
 Defined at:
		line 94 in file "rfm70.c"
 Parameters:    Size  Location     Type
  reg             1    wreg     unsigned char 
  value           1   23[BANK0 ] unsigned char 
 Auto vars:     Size  Location     Type
  reg             1   24[BANK0 ] unsigned char 
 Return value:  Size  Location     Type
		None               void
 Registers used:
		wreg, status,2, status,0, pclath, cstack
 Tracked objects:
		On entry : 
		On exit  : 
		Unchanged: 
 Data sizes:     COMMON   BANK0   BANK1   BANK3   BANK2
      Params:         0       1       0       0       0
      Locals:         0       1       0       0       0
      Temps:          0       0       0       0       0
      Totals:         0       2       0       0       0
Total ram usage:        2 bytes
 Hardware stack levels used:    1
 Hardware stack levels required when called:    4
 This function calls:
		_SPI_RW
 This function is called by:
		_SwitchToRxMode
		_SwitchToTxMode
		_SwitchCFG
		_RFM70_Initialize
		_rfm70TxDataSentInterrupt
		_rfm70TxDataSentErrorInterrupt
		_rfm70setPowerdownMode
		_Receive_Packet
		_SetChannelNum
		_rfm70_data_sent
 This function uses a non-reentrant model


 *************** function _SPI_Read_Reg *****************
 Defined at:
		line 109 in file "rfm70.c"
 Parameters:    Size  Location     Type
  reg             1    wreg     unsigned char 
 Auto vars:     Size  Location     Type
  reg             1   24[BANK0 ] unsigned char 
  value           1   25[BANK0 ] unsigned char 
 Return value:  Size  Location     Type
                  1    wreg      unsigned char 
 Registers used:
		wreg, status,2, status,0, pclath, cstack
 Tracked objects:
		On entry : 
		On exit  : 
		Unchanged: 
 Data sizes:     COMMON   BANK0   BANK1   BANK3   BANK2
      Params:         0       0       0       0       0
      Locals:         0       2       0       0       0
      Temps:          0       1       0       0       0
      Totals:         0       3       0       0       0
Total ram usage:        3 bytes
 Hardware stack levels used:    1
 Hardware stack levels required when called:    4
 This function calls:
		_SPI_RW
 This function is called by:
		_Send_Packet
		_SwitchToRxMode
		_SwitchToTxMode
		_SwitchCFG
		_RFM70_Initialize
		_rfm70TxDataSentInterrupt
		_rfm70TxDataSentErrorInterrupt
		_rfm70setPowerdownMode
		_Receive_Packet
		_rfm70_data_sent
 This function uses a non-reentrant model


 *************** function _SPI_RW *****************
 Defined at:
		line 78 in file "rfm70.c"
 Parameters:    Size  Location     Type
  value           1    wreg     unsigned char 
 Auto vars:     Size  Location     Type
  value           1   22[BANK0 ] unsigned char 
 Return value:  Size  Location     Type
                  1    wreg      unsigned char 
 Registers used:
		wreg
 Tracked objects:
		On entry : 
		On exit  : 
		Unchanged: 
 Data sizes:     COMMON   BANK0   BANK1   BANK3   BANK2
      Params:         0       0       0       0       0
      Locals:         0       1       0       0       0
      Temps:          0       2       0       0       0
      Totals:         0       3       0       0       0
Total ram usage:        3 bytes
 Hardware stack levels used:    1
 Hardware stack levels required when called:    3
 This function calls:
		Nothing
 This function is called by:
		_SPI_Write_Reg
		_SPI_Read_Reg
		_SPI_Write_Buf
		_SPI_Read_Buf
 This function uses a non-reentrant model


 *************** function ___wmul *****************
 Defined at:
		line 3 in file "/Applications/microchip/xc8/v1.12/sources/wmul.c"
 Parameters:    Size  Location     Type
  multiplier      2   20[BANK0 ] unsigned int 
  multiplicand    2   22[BANK0 ] unsigned int 
 Auto vars:     Size  Location     Type
  product         2   24[BANK0 ] unsigned int 
 Return value:  Size  Location     Type
                  2   20[BANK0 ] unsigned int 
 Registers used:
		wreg, status,2, status,0
 Tracked objects:
		On entry : 
		On exit  : 
		Unchanged: 
 Data sizes:     COMMON   BANK0   BANK1   BANK3   BANK2
      Params:         0       4       0       0       0
      Locals:         0       2       0       0       0
      Temps:          0       0       0       0       0
      Totals:         0       6       0       0       0
Total ram usage:        6 bytes
 Hardware stack levels used:    1
 Hardware stack levels required when called:    3
 This function calls:
		Nothing
 This function is called by:
		_main
 This function uses a non-reentrant model


 *************** function ___lwdiv *****************
 Defined at:
		line 5 in file "/Applications/microchip/xc8/v1.12/sources/lwdiv.c"
 Parameters:    Size  Location     Type
  divisor         2   20[BANK0 ] unsigned int 
  dividend        2   22[BANK0 ] unsigned int 
 Auto vars:     Size  Location     Type
  quotient        2   26[BANK0 ] unsigned int 
  counter         1   25[BANK0 ] unsigned char 
 Return value:  Size  Location     Type
                  2   20[BANK0 ] unsigned int 
 Registers used:
		wreg, status,2, status,0
 Tracked objects:
		On entry : 
		On exit  : 
		Unchanged: 
 Data sizes:     COMMON   BANK0   BANK1   BANK3   BANK2
      Params:         0       4       0       0       0
      Locals:         0       3       0       0       0
      Temps:          0       1       0       0       0
      Totals:         0       8       0       0       0
Total ram usage:        8 bytes
 Hardware stack levels used:    1
 Hardware stack levels required when called:    3
 This function calls:
		Nothing
 This function is called by:
		_printf
 This function uses a non-reentrant model


 *************** function ___lwmod *****************
 Defined at:
		line 5 in file "/Applications/microchip/xc8/v1.12/sources/lwmod.c"
 Parameters:    Size  Location     Type
  divisor         2   28[BANK0 ] unsigned int 
  dividend        2   30[BANK0 ] unsigned int 
 Auto vars:     Size  Location     Type
  counter         1   33[BANK0 ] unsigned char 
 Return value:  Size  Location     Type
                  2   28[BANK0 ] unsigned int 
 Registers used:
		wreg, status,2, status,0
 Tracked objects:
		On entry : 
		On exit  : 
		Unchanged: 
 Data sizes:     COMMON   BANK0   BANK1   BANK3   BANK2
      Params:         0       4       0       0       0
      Locals:         0       1       0       0       0
      Temps:          0       1       0       0       0
      Totals:         0       6       0       0       0
Total ram usage:        6 bytes
 Hardware stack levels used:    1
 Hardware stack levels required when called:    3
 This function calls:
		Nothing
 This function is called by:
		_printf
 This function uses a non-reentrant model


 *************** function _ISR *****************
 Defined at:
		line 100 in file "main.c"
 Parameters:    Size  Location     Type
		None
 Auto vars:     Size  Location     Type
		None
 Return value:  Size  Location     Type
		None               void
 Registers used:
		wreg, fsr0l, fsr0h, status,2, status,0, btemp+1, pclath, cstack
 Tracked objects:
		On entry : 
		On exit  : 
		Unchanged: 
 Data sizes:     COMMON   BANK0   BANK1   BANK3   BANK2
      Params:         0       0       0       0       0
      Locals:         0       0       0       0       0
      Temps:          0       6       0       0       0
      Totals:         0       6       0       0       0
Total ram usage:        6 bytes
 Hardware stack levels used:    1
 Hardware stack levels required when called:    2
 This function calls:
		i1_printf
 This function is called by:
		Interrupt level 1
 This function uses a non-reentrant model


 *************** function i1_printf *****************
 Defined at:
		line 465 in file "/Applications/microchip/xc8/v1.12/sources/doprnt.c"
 Parameters:    Size  Location     Type
  printf          2    0[BANK0 ] PTR const unsigned char 
		 -> STR_15(5), STR_14(12), Receive_Packet@rx_buf(32), STR_13(5), 
		 -> STR_12(24), STR_11(17), STR_10(3), STR_9(3), 
		 -> STR_8(10), STR_7(18), STR_6(21), STR_5(26), 
		 -> STR_4(37), STR_3(23), STR_2(20), STR_1(19), 
 Auto vars:     Size  Location     Type
  printf          4    9[BANK0 ] struct .
  printf          1   13[BANK0 ] char 
  printf          1    8[BANK0 ] unsigned char 
  printf          1    7[BANK0 ] char 
  printf          1    6[BANK0 ] PTR void [1]
		 -> ?_printf(2), 
  printf          1    5[BANK0 ] unsigned char 
 Return value:  Size  Location     Type
                  2    0[BANK0 ] int 
 Registers used:
		wreg, fsr0l, fsr0h, status,2, status,0, btemp+1, pclath, cstack
 Tracked objects:
		On entry : 
		On exit  : 
		Unchanged: 
 Data sizes:     COMMON   BANK0   BANK1   BANK3   BANK2
      Params:         0       2       0       0       0
      Locals:         0       9       0       0       0
      Temps:          0       3       0       0       0
      Totals:         0      14       0       0       0
Total ram usage:       14 bytes
 Hardware stack levels used:    1
 Hardware stack levels required when called:    1
 This function calls:
		i1_putch
		i1___lwdiv
		i1___lwmod
 This function is called by:
		_ISR
 This function uses a non-reentrant model


 *************** function i1___lwmod *****************
 Defined at:
		line 5 in file "/Applications/microchip/xc8/v1.12/sources/lwmod.c"
 Parameters:    Size  Location     Type
  __lwmod         2    8[COMMON] unsigned int 
  __lwmod         2   10[COMMON] unsigned int 
 Auto vars:     Size  Location     Type
  __lwmod         1   13[COMMON] unsigned char 
 Return value:  Size  Location     Type
                  2    8[COMMON] unsigned int 
 Registers used:
		wreg, status,2, status,0
 Tracked objects:
		On entry : 
		On exit  : 
		Unchanged: 
 Data sizes:     COMMON   BANK0   BANK1   BANK3   BANK2
      Params:         4       0       0       0       0
      Locals:         1       0       0       0       0
      Temps:          1       0       0       0       0
      Totals:         6       0       0       0       0
Total ram usage:        6 bytes
 Hardware stack levels used:    1
 This function calls:
		Nothing
 This function is called by:
		i1_printf
 This function uses a non-reentrant model


 *************** function i1___lwdiv *****************
 Defined at:
		line 5 in file "/Applications/microchip/xc8/v1.12/sources/lwdiv.c"
 Parameters:    Size  Location     Type
  __lwdiv         2    0[COMMON] unsigned int 
  __lwdiv         2    2[COMMON] unsigned int 
 Auto vars:     Size  Location     Type
  __lwdiv         2    6[COMMON] unsigned int 
  __lwdiv         1    5[COMMON] unsigned char 
 Return value:  Size  Location     Type
                  2    0[COMMON] unsigned int 
 Registers used:
		wreg, status,2, status,0
 Tracked objects:
		On entry : 
		On exit  : 
		Unchanged: 
 Data sizes:     COMMON   BANK0   BANK1   BANK3   BANK2
      Params:         4       0       0       0       0
      Locals:         3       0       0       0       0
      Temps:          1       0       0       0       0
      Totals:         8       0       0       0       0
Total ram usage:        8 bytes
 Hardware stack levels used:    1
 This function calls:
		Nothing
 This function is called by:
		i1_printf
 This function uses a non-reentrant model


 *************** function i1_putch *****************
 Defined at:
		line 689 in file "main.c"
 Parameters:    Size  Location     Type
  putch           1    wreg     unsigned char 
 Auto vars:     Size  Location     Type
  putch           1    0[COMMON] unsigned char 
 Return value:  Size  Location     Type
		None               void
 Registers used:
		wreg
 Tracked objects:
		On entry : 
		On exit  : 
		Unchanged: 
 Data sizes:     COMMON   BANK0   BANK1   BANK3   BANK2
      Params:         0       0       0       0       0
      Locals:         1       0       0       0       0
      Temps:          0       0       0       0       0
      Totals:         1       0       0       0       0
Total ram usage:        1 bytes
 Hardware stack levels used:    1
 This function calls:
		Nothing
 This function is called by:
		i1_printf
 This function uses a non-reentrant model



MODULE INFORMATION

Module		Function		Class		Link	Load	Size
shared
		i1_printf      		CODE           	0E52	0000	430
		i1_putch       		CODE           	08E3	0000	12
		__stringtab    		STRCODE        	1000	0000	18
		__stringdata   		STRCODE        	10A3	0000	252
		_Bank0_Reg     		STRCODE        	104A	0000	46
		_Bank0_RegAct  		STRCODE        	0000	0000	4259
		i1___lwdiv     		CODE           	07B3	0000	77
		_dpowers       		STRCODE        	1083	0000	10
		_Bank1_Reg14   		STRCODE        	1078	0000	11
		_Bank1_Reg0_13 		STRCODE        	1012	0000	56
		i1___lwmod     		CODE           	0B64	0000	67
		_RX0_Address   		STRCODE        	1095	0000	5
		__initializatio		CODE           	0AEF	0000	50
		_RX1_Address   		STRCODE        	109A	0000	5
		_hexpowers     		STRCODE        	108D	0000	8

shared estimated size: 5306

main.c
		_Send_Packet   		CODE           	0D76	0000	220
		_adcReadVcap   		CODE           	0A3B	0000	43
		_adcReadTemp   		CODE           	0A66	0000	43
		_ISR           		CODE           	0C3B	0000	120
		_putch         		CODE           	08EF	0000	12
		_main          		CODE           	0325	0000	734
		_spiInit       		CODE           	093A	0000	24
		_adcInit       		CODE           	08CF	0000	10
		_sleep         		CODE           	0CB3	0000	195
		_uartInit      		CODE           	0924	0000	22

main.c estimated size: 1423

/Applications/microchip/xc8/v1.12/sources/wmul.c
		___wmul        		CODE           	0A91	0000	44

/Applications/microchip/xc8/v1.12/sources/wmul.c estimated size: 44

/Applications/microchip/xc8/v1.12/sources/lwmod.c
		___lwmod       		CODE           	0BA7	0000	69

/Applications/microchip/xc8/v1.12/sources/lwmod.c estimated size: 69

rfm70.c
		_rfm70setPowerd		CODE           	09C2	0000	37
		_SPI_RW        		CODE           	0952	0000	25
		_rfm70TxDataSen		CODE           	09A3	0000	31
		_rfm70TxDataSen		CODE           	0984	0000	31
		_SPI_Write_Reg 		CODE           	090E	0000	22
		_SPI_Write_Buf 		CODE           	0A11	0000	42
		_SPI_Read_Reg  		CODE           	096B	0000	25
		_RFM70_Initiali		CODE           	0015	0000	784
		_SwitchToRxMode		CODE           	0B25	0000	63
		_SwitchToTxMode		CODE           	09E7	0000	42
		_SwitchCFG     		CODE           	0ABD	0000	50

rfm70.c estimated size: 1152

/Applications/microchip/xc8/v1.12/sources/lwdiv.c
		___lwdiv       		CODE           	0BEC	0000	79

/Applications/microchip/xc8/v1.12/sources/lwdiv.c estimated size: 79

/Applications/microchip/xc8/v1.12/sources/doprnt.c
		_printf        		CODE           	0603	0000	432

/Applications/microchip/xc8/v1.12/sources/doprnt.c estimated size: 432

