Microchip MPLAB XC8 Compiler V1.12 ()

Linker command line:

--edf=/Applications/microchip/xc8/v1.12/dat/en_msgs.txt -cs \
  -h+dist/default/production/energy-harvesting-demoboard.production.sym -z \
  -Q16LF707 -ol.obj \
  -Mdist/default/production/energy-harvesting-demoboard.production.map -E1 \
  -ver=XC8 -ACONST=00h-0FFhx32 -ACODE=00h-07FFhx4 -ASTRCODE=00h-01FFFh \
  -AENTRY=00h-0FFhx32 -ASTRING=00h-0FFhx32 -ACOMMON=070h-07Fh \
  -ABANK0=020h-06Fh -ABANK1=0A0h-0EFh -ABANK2=0115h-016Fh \
  -ABANK3=0190h-01EFh -ARAM=020h-06Fh,0A0h-0EFh,0115h-016Fh,0190h-01EFh \
  -AABS1=020h-07Fh,0A0h-0EFh,0115h-016Fh,0190h-01EFh -ASFR0=00h-01Fh \
  -ASFR1=080h-09Fh -ASFR2=0100h-0114h -ASFR3=0180h-018Fh \
  -preset_vec=00h,intentry=04h,init,end_init -ppowerup=CODE -pfunctab=CODE \
  -ACONFIG=02007h-02008h -pconfig=CONFIG -DCONFIG=2 -AIDLOC=02000h-02003h \
  -pidloc=IDLOC -DIDLOC=2 -DCODE=2 -DSTRCODE=2 -DSTRING=2 -DCONST=2 \
  -DENTRY=2 -k /tmp/cgtx3Jy32.obj \
  dist/default/production/energy-harvesting-demoboard.production.obj 

Object code version is 3.10

Machine type is 16LF707



                Name                               Link     Load   Length Selector   Space Scale
/tmp/cgtx3Jy32.obj
                end_init                             12       12        3        8       0
                reset_vec                             0        0        3        0       0
                config                             2007     2007        1     400E       0
dist/default/production/energy-harvesting-demoboard.production.obj
                intentry                              4        4        E        8       0
                text1059                            899      899        C     1132       0
                text1058                            B88      B88       4D     1710       0
                text1057                            7BD      7BD       43        8       0
                text1056                            60F      60F      1AE        8       0
                text1055                            C24      C24       78     1848       0
                text1054                            B43      B43       45     1686       0
                text1053                            BD5      BD5       4F     17AA       0
                text1052                            A70      A70       2C     14E0       0
                text1051                            908      908       19     1210       0
                text1050                            921      921       19     1242       0
                text1049                            8C4      8C4       16     1188       0
                text1048                            A9C      A9C       32     1538       0
                text1047                            9C6      9C6       2A     138C       0
                text1046                            8A5      8A5        C     114A       0
                text1045                            A1A      A1A       2B     1434       0
                text1044                            C9C      C9C       90     1938       0
                text1043                            9F0      9F0       2A     13E0       0
                text1042                            93A      93A       1F     1274       0
                text1041                            B04      B04       3F     1608       0
                text1040                            959      959       1F     12B2       0
                text1039                            E00      E00      200     1C00       0
                text1038                            D2C      D2C       D4     1A58       0
                text1037                            99D      99D       29     133A       0
                text1036                            A45      A45       2B     148A       0
                text1035                             15       15      310        8       0
                text1034                            978      978       25     12F0       0
                text1033                            88F      88F        A     111E       0
                text1032                            8DA      8DA       16     11B4       0
                text1031                            8F0      8F0       18     11E0       0
                maintext                            325      325      2EA        8       0
                cstackBANK0                          20       20       32       20       1
                cstackCOMMON                         70       70        E       70       1
                cstackBANK1                          A0       A0       3B       A0       1
                inittext                            8B1      8B1       13     1162       0
                clrtext                             87F      87F        8     10FE       0
                bssBANK3                            190      190       20      190       1
                dataBANK1                            E3       E3        8       A0       1
                bssBANK1                             DB       DB        8       A0       1
                dataBANK0                            52       52        5       20       1
                bssBANK0                             57       57        4       20       1
                bitbssBANK0                         2D8       5B        1       20       1     8
                cinit                               ACE      ACE       36     159C       0
                stringtext                         1000     1000      19F       20       0
                idataBANK1                          887      887        8     110E       0
                idataBANK0                          87A      87A        5     10F4       0

TOTAL           Name                               Link     Load   Length     Space
        CLASS   CONST          

        CLASS   CODE           
                end_init                             12       12        3         0
                intentry                              4        4        E         0
                reset_vec                             0        0        3         0
                text1059                            899      899        C         0
                text1058                            B88      B88       4D         0
                text1057                            7BD      7BD       43         0
                text1056                            60F      60F      1AE         0
                text1055                            C24      C24       78         0
                text1054                            B43      B43       45         0
                text1053                            BD5      BD5       4F         0
                text1052                            A70      A70       2C         0
                text1051                            908      908       19         0
                text1050                            921      921       19         0
                text1049                            8C4      8C4       16         0
                text1048                            A9C      A9C       32         0
                text1047                            9C6      9C6       2A         0
                text1046                            8A5      8A5        C         0
                text1045                            A1A      A1A       2B         0
                text1044                            C9C      C9C       90         0
                text1043                            9F0      9F0       2A         0
                text1042                            93A      93A       1F         0
                text1041                            B04      B04       3F         0
                text1040                            959      959       1F         0
                text1039                            E00      E00      200         0
                text1038                            D2C      D2C       D4         0
                text1037                            99D      99D       29         0
                text1036                            A45      A45       2B         0
                text1035                             15       15      310         0
                text1034                            978      978       25         0
                text1033                            88F      88F        A         0
                text1032                            8DA      8DA       16         0
                text1031                            8F0      8F0       18         0
                maintext                            325      325      2EA         0
                inittext                            8B1      8B1       13         0
                clrtext                             87F      87F        8         0
                cinit                               ACE      ACE       36         0
                idataBANK1                          887      887        8         0
                idataBANK0                          87A      87A        5         0

        CLASS   STRCODE        
                stringtext                         1000     1000      19F         0

        CLASS   ENTRY          

        CLASS   STRING         

        CLASS   COMMON         
                cstackCOMMON                         70       70        E         1

        CLASS   BANK0          
                cstackBANK0                          20       20       32         1
                dataBANK0                            52       52        5         1
                bssBANK0                             57       57        4         1
                bitbssBANK0                         2D8       5B        1         1

        CLASS   BANK1          
                cstackBANK1                          A0       A0       3B         1
                dataBANK1                            E3       E3        8         1
                bssBANK1                             DB       DB        8         1

        CLASS   BANK2          

        CLASS   BANK3          
                bssBANK3                            190      190       20         1

        CLASS   RAM            

        CLASS   ABS1           
                abs_s1                               7E       7E        2         1

        CLASS   SFR0           

        CLASS   SFR1           

        CLASS   SFR2           

        CLASS   SFR3           

        CLASS   CONFIG         
                config                             2007     2007        1         0

        CLASS   IDLOC          

        CLASS   EEDATA         



SEGMENTS        Name                           Load    Length   Top    Selector   Space  Class     Delta

                reset_vec                      000000  000003  000003         0       0  CODE        2
                intentry                       000004  0007FC  000800         8       0  CODE        2
                cstackBANK0                    000020  00003C  00005C        20       1  BANK0       1
                cstackCOMMON                   000070  00000E  00007E        70       1  COMMON      1
                cstackBANK1                    0000A0  00004B  0000EB        A0       1  BANK1       1
                bssBANK3                       000190  000020  0001B0       190       1  BANK3       1
                idataBANK0                     00087A  000005  00087F      10F4       0  CODE        2
                clrtext                        00087F  000008  000887      10FE       0  CODE        2
                idataBANK1                     000887  000008  00088F      110E       0  CODE        2
                text1033                       00088F  00000A  000899      111E       0  CODE        2
                text1059                       000899  00000C  0008A5      1132       0  CODE        2
                text1046                       0008A5  00000C  0008B1      114A       0  CODE        2
                inittext                       0008B1  000013  0008C4      1162       0  CODE        2
                text1049                       0008C4  000016  0008DA      1188       0  CODE        2
                text1032                       0008DA  000016  0008F0      11B4       0  CODE        2
                text1031                       0008F0  000018  000908      11E0       0  CODE        2
                text1051                       000908  000019  000921      1210       0  CODE        2
                text1050                       000921  000019  00093A      1242       0  CODE        2
                text1042                       00093A  00001F  000959      1274       0  CODE        2
                text1040                       000959  00001F  000978      12B2       0  CODE        2
                text1034                       000978  000025  00099D      12F0       0  CODE        2
                text1037                       00099D  000029  0009C6      133A       0  CODE        2
                text1047                       0009C6  00002A  0009F0      138C       0  CODE        2
                text1043                       0009F0  00002A  000A1A      13E0       0  CODE        2
                text1045                       000A1A  00002B  000A45      1434       0  CODE        2
                text1036                       000A45  00002B  000A70      148A       0  CODE        2
                text1052                       000A70  00002C  000A9C      14E0       0  CODE        2
                text1048                       000A9C  000032  000ACE      1538       0  CODE        2
                cinit                          000ACE  000036  000B04      159C       0  CODE        2
                text1041                       000B04  00003F  000B43      1608       0  CODE        2
                text1054                       000B43  000045  000B88      1686       0  CODE        2
                text1058                       000B88  00004D  000BD5      1710       0  CODE        2
                text1053                       000BD5  00004F  000C24      17AA       0  CODE        2
                text1055                       000C24  000078  000C9C      1848       0  CODE        2
                text1044                       000C9C  000090  000D2C      1938       0  CODE        2
                text1038                       000D2C  0000D4  000E00      1A58       0  CODE        2
                text1039                       000E00  000200  001000      1C00       0  CODE        2
                stringtext                     001000  00019F  00119F        20       0  STRCODE     2
                config                         002007  000001  002008      400E       0  CONFIG      2


UNUSED ADDRESS RANGES

        Name                Unused          Largest block    Delta
        BANK0            005C-006F             14           1
        BANK1            00EB-00EF              5           1
        BANK2            0115-016F             5B           1
        BANK3            01B0-01EF             40           1
        CODE             0003-0003              1           2
                         0800-0879             7A
                         119F-1FFF            661
        CONFIG           2008-2008              1           2
        CONST            0003-0003              1           2
                         0800-0879             7A
                         119F-1FFF            100
        ENTRY            0003-0003              1           2
                         0800-0879             7A
                         119F-1FFF            100
        IDLOC            2000-2003              4           2
        RAM              005C-006F             14           1
                         00EB-00EF              5
                         0115-016F             5B
                         01B0-01EF             40
        SFR0             0000-001F             20           1
        SFR1             0080-009F             20           1
        SFR2             0100-0114             15           1
        SFR3             0180-018F             10           1
        STRCODE          0003-0003              1           2
                         0800-0879             7A
                         119F-1FFF            E61
        STRING           0003-0003              1           2
                         0800-0879             7A
                         119F-1FFF            100

                                  Symbol Table

?_SPI_Write_Buf                         cstackBANK0  0037
?_SPI_Write_Reg                         cstackBANK0  0037
?_Send_Packet                           cstackBANK0  004B
?___lwdiv                               cstackBANK0  0034
?___lwmod                               cstackBANK0  003C
?___wmul                                cstackBANK0  0034
?_printf                                cstackBANK0  0042
?i1___lwdiv                             cstackCOMMON 0070
?i1___lwmod                             cstackCOMMON 0078
?i1_printf                              cstackBANK0  0020
RFM70_Initialize@WriteArr               cstackBANK0  0044
RFM70_Initialize@i                      cstackBANK0  0050
RFM70_Initialize@j                      cstackBANK0  0051
SPI_RW@value                            cstackBANK0  0036
SPI_Read_Reg@reg                        cstackBANK0  0038
SPI_Read_Reg@value                      cstackBANK0  0039
SPI_Write_Buf@byte_ctr                  cstackBANK0  003B
SPI_Write_Buf@length                    cstackBANK0  0038
SPI_Write_Buf@pBuf                      cstackBANK0  0037
SPI_Write_Buf@reg                       cstackBANK0  003A
SPI_Write_Reg@reg                       cstackBANK0  0038
SPI_Write_Reg@value                     cstackBANK0  0037
Send_Packet@fifo_sta                    cstackBANK1  00AA
Send_Packet@i                           cstackBANK1  00AB
Send_Packet@len                         cstackBANK0  004C
Send_Packet@pbuf                        cstackBANK0  004B
Send_Packet@type                        cstackBANK1  00A9
SwitchCFG@Tmp                           cstackBANK0  003C
SwitchCFG@_cfg                          cstackBANK0  003B
SwitchToRxMode@value                    cstackBANK0  003B
SwitchToTxMode@value                    cstackBANK0  003B
_ADCON0bits                             (abs)        001F
_ADCON1bits                             (abs)        009F
_ADRES                                  (abs)        001E
_ANSELAbits                             (abs)        0185
_ANSELBbits                             (abs)        0186
_ANSELCbits                             (abs)        0187
_ANSELDbits                             (abs)        0188
_ANSELEbits                             (abs)        0189
_Bank0_Reg                              stringtext   104A
_Bank1_Reg0_13                          stringtext   1012
_Bank1_Reg14                            stringtext   1078
_DACCON0                                (abs)        0113
_DACCON1                                (abs)        0114
_FVRCONbits                             (abs)        009D
_GIE                                    (abs)        005F
_ISR                                    text1055     0C24
_OSCCONbits                             (abs)        0090
_PEIE                                   (abs)        005E
_PIR1bits                               (abs)        000C
_PORTAbits                              (abs)        0005
_PORTBbits                              (abs)        0006
_PORTCbits                              (abs)        0007
_PORTD                                  (abs)        0008
_PORTDbits                              (abs)        0008
_PORTEbits                              (abs)        0009
_RCIF                                   (abs)        0065
_RCREG                                  (abs)        001A
_RCSTA                                  (abs)        0018
_RCSTAbits                              (abs)        0018
_RFM70_Initialize                       text1035     0015
_RX0_Address                            stringtext   1095
_RX1_Address                            stringtext   109A
_SPBRG                                  (abs)        0099
_SPI_RW                                 text1051     0908
_SPI_Read_Reg                           text1050     0921
_SPI_Write_Buf                          text1043     09F0
_SPI_Write_Reg                          text1049     08C4
_SSPBUF                                 (abs)        0013
_SSPCONbits                             (abs)        0014
_SSPSTATbits                            (abs)        0094
_Send_Packet                            text1038     0D2C
_SwitchCFG                              text1048     0A9C
_SwitchToRxMode                         text1041     0B04
_SwitchToTxMode                         text1047     09C6
_T1CONbits                              (abs)        0010
_T1GCONbits                             (abs)        008F
_TMR1H                                  (abs)        000F
_TMR1IE                                 (abs)        0460
_TMR1IF                                 (abs)        0060
_TMR1L                                  (abs)        000E
_TRISAbits                              (abs)        0085
_TRISBbits                              (abs)        0086
_TRISCbits                              (abs)        0087
_TRISDbits                              (abs)        0088
_TRISEbits                              (abs)        0089
_TXIF                                   (abs)        0064
_TXREG                                  (abs)        0019
_TXSTA                                  (abs)        0098
_TXSTAbits                              (abs)        0098
__CFG_CP$OFF                            (abs)        0000
__CFG_FOSC$INTOSC                       (abs)        0000
__CFG_MCLRE$ON                          (abs)        0000
__CFG_PLLEN$ON                          (abs)        0000
__CFG_PWRTE$OFF                         (abs)        0000
__CFG_WDTE$OFF                          (abs)        0000
__Habs1                                 abs1         0000
__Hbank0                                bank0        0000
__Hbank1                                bank1        0000
__Hbank2                                bank2        0000
__Hbank3                                bank3        0000
__HbitbssBANK0                          bitbssBANK0  0000
__HbssBANK0                             bssBANK0     0000
__HbssBANK1                             bssBANK1     0000
__HbssBANK3                             bssBANK3     0000
__Hcinit                                cinit        0000
__Hclrtext                              clrtext      0000
__Hcode                                 code         0000
__Hcommon                               common       0000
__Hconfig                               config       2008
__HcstackBANK0                          cstackBANK0  0000
__HcstackBANK1                          cstackBANK1  0000
__HcstackCOMMON                         cstackCOMMON 0000
__HdataBANK0                            dataBANK0    0000
__HdataBANK1                            dataBANK1    0000
__Heeprom_data                          eeprom_data  0000
__Hend_init                             end_init     0015
__Hfunctab                              functab      0000
__HidataBANK0                           idataBANK0   0000
__HidataBANK1                           idataBANK1   0000
__Hidloc                                idloc        0000
__Hinit                                 init         0012
__Hinittext                             inittext     0000
__Hintentry                             intentry     0012
__Hmaintext                             maintext     0000
__Hpowerup                              powerup      0000
__Hram                                  ram          0000
__Hreset_vec                            reset_vec    0003
__Hsfr0                                 sfr0         0000
__Hsfr1                                 sfr1         0000
__Hsfr2                                 sfr2         0000
__Hsfr3                                 sfr3         0000
__Hstrings                              strings      0000
__Hstringtext                           stringtext   0000
__Htext                                 text         0000
__Labs1                                 abs1         0000
__Lbank0                                bank0        0000
__Lbank1                                bank1        0000
__Lbank2                                bank2        0000
__Lbank3                                bank3        0000
__LbitbssBANK0                          bitbssBANK0  0000
__LbssBANK0                             bssBANK0     0000
__LbssBANK1                             bssBANK1     0000
__LbssBANK3                             bssBANK3     0000
__Lcinit                                cinit        0000
__Lclrtext                              clrtext      0000
__Lcode                                 code         0000
__Lcommon                               common       0000
__Lconfig                               config       2007
__LcstackBANK0                          cstackBANK0  0000
__LcstackBANK1                          cstackBANK1  0000
__LcstackCOMMON                         cstackCOMMON 0000
__LdataBANK0                            dataBANK0    0000
__LdataBANK1                            dataBANK1    0000
__Leeprom_data                          eeprom_data  0000
__Lend_init                             end_init     0012
__Lfunctab                              functab      0000
__LidataBANK0                           idataBANK0   0000
__LidataBANK1                           idataBANK1   0000
__Lidloc                                idloc        0000
__Linit                                 init         0012
__Linittext                             inittext     0000
__Lintentry                             intentry     0004
__Lmaintext                             maintext     0000
__Lpowerup                              powerup      0000
__Lram                                  ram          0000
__Lreset_vec                            reset_vec    0000
__Lsfr0                                 sfr0         0000
__Lsfr1                                 sfr1         0000
__Lsfr2                                 sfr2         0000
__Lsfr3                                 sfr3         0000
__Lstrings                              strings      0000
__Lstringtext                           stringtext   0000
__Ltext                                 text         0000
__S0                                    (abs)        2008
__S1                                    (abs)        01B0
___lwdiv                                text1053     0BD5
___lwdiv@counter                        cstackBANK0  0039
___lwdiv@dividend                       cstackBANK0  0036
___lwdiv@divisor                        cstackBANK0  0034
___lwdiv@quotient                       cstackBANK0  003A
___lwmod                                text1054     0B43
___lwmod@counter                        cstackBANK0  0041
___lwmod@dividend                       cstackBANK0  003E
___lwmod@divisor                        cstackBANK0  003C
___wmul                                 text1052     0A70
___wmul@multiplicand                    cstackBANK0  0036
___wmul@multiplier                      cstackBANK0  0034
___wmul@product                         cstackBANK0  0038
__end_of_Bank0_Reg                      stringtext   1078
__end_of_Bank0_RegAct                   stringtext   10A3
__end_of_Bank1_Reg0_13                  stringtext   104A
__end_of_Bank1_Reg14                    stringtext   1083
__end_of_ISR                            text1055     0C9C
__end_of_RFM70_Initialize               text1035     0325
__end_of_RX0_Address                    stringtext   109A
__end_of_RX1_Address                    stringtext   109F
__end_of_SPI_RW                         text1051     0921
__end_of_SPI_Read_Reg                   text1050     093A
__end_of_SPI_Write_Buf                  text1043     0A1A
__end_of_SPI_Write_Reg                  text1049     08DA
__end_of_Send_Packet                    text1038     0E00
__end_of_SwitchCFG                      text1048     0ACE
__end_of_SwitchToRxMode                 text1041     0B43
__end_of_SwitchToTxMode                 text1047     09F0
__end_of___lwdiv                        text1053     0C24
__end_of___lwmod                        text1054     0B88
__end_of___wmul                         text1052     0A9C
__end_of__initialization                cinit        0B00
__end_of__stringdata                    stringtext   119F
__end_of__stringtab                     stringtext   1012
__end_of_adcInit                        text1033     0899
__end_of_adcReadTemp                    text1036     0A70
__end_of_adcReadVcap                    text1045     0A45
__end_of_adcReadVsupercap               text1037     09C6
__end_of_dpowers                        stringtext   108D
__end_of_hexpowers                      stringtext   1095
__end_of_main                           maintext     060F
__end_of_printf                         text1039     1000
__end_of_putch                          text1046     08B1
__end_of_rfm70TxDataSentErrorInterrupt  text1040     0978
__end_of_rfm70TxDataSentInterrupt       text1042     0959
__end_of_rfm70setPowerdownMode          text1034     099D
__end_of_sleep                          text1044     0D2C
__end_of_spiInit                        text1031     0908
__end_of_uartInit                       text1032     08F0
__end_ofi1___lwdiv                      text1058     0BD5
__end_ofi1___lwmod                      text1057     0800
__end_ofi1_printf                       text1056     07BD
__end_ofi1_putch                        text1059     08A5
__initialization                        cinit        0ACE
__pbitbssBANK0                          bitbssBANK0  02D8
__pbssBANK0                             bssBANK0     0057
__pbssBANK1                             bssBANK1     00DB
__pbssBANK3                             bssBANK3     0190
__pcstackBANK0                          cstackBANK0  0020
__pcstackBANK1                          cstackBANK1  00A0
__pcstackCOMMON                         cstackCOMMON 0070
__pdataBANK0                            dataBANK0    0052
__pdataBANK1                            dataBANK1    00E3
__pidataBANK0                           idataBANK0   087A
__pidataBANK1                           idataBANK1   0887
__pintentry                             intentry     0004
__pmaintext                             maintext     0325
__pstringtext                           stringtext   1000
__ptext1031                             text1031     08F0
__ptext1032                             text1032     08DA
__ptext1033                             text1033     088F
__ptext1034                             text1034     0978
__ptext1035                             text1035     0015
__ptext1036                             text1036     0A45
__ptext1037                             text1037     099D
__ptext1038                             text1038     0D2C
__ptext1039                             text1039     0E00
__ptext1040                             text1040     0959
__ptext1041                             text1041     0B04
__ptext1042                             text1042     093A
__ptext1043                             text1043     09F0
__ptext1044                             text1044     0C9C
__ptext1045                             text1045     0A1A
__ptext1046                             text1046     08A5
__ptext1047                             text1047     09C6
__ptext1048                             text1048     0A9C
__ptext1049                             text1049     08C4
__ptext1050                             text1050     0921
__ptext1051                             text1051     0908
__ptext1052                             text1052     0A70
__ptext1053                             text1053     0BD5
__ptext1054                             text1054     0B43
__ptext1055                             text1055     0C24
__ptext1056                             text1056     060F
__ptext1057                             text1057     07BD
__ptext1058                             text1058     0B88
__ptext1059                             text1059     0899
__ptext1060                             text1060     0000
__size_of_ISR                           (abs)        0000
__size_of_RFM70_Initialize              (abs)        0000
__size_of_SPI_RW                        (abs)        0000
__size_of_SPI_Read_Reg                  (abs)        0000
__size_of_SPI_Write_Buf                 (abs)        0000
__size_of_SPI_Write_Reg                 (abs)        0000
__size_of_Send_Packet                   (abs)        0000
__size_of_SwitchCFG                     (abs)        0000
__size_of_SwitchToRxMode                (abs)        0000
__size_of_SwitchToTxMode                (abs)        0000
__size_of___lwdiv                       (abs)        0000
__size_of___lwmod                       (abs)        0000
__size_of___wmul                        (abs)        0000
__size_of_adcInit                       (abs)        0000
__size_of_adcReadTemp                   (abs)        0000
__size_of_adcReadVcap                   (abs)        0000
__size_of_adcReadVsupercap              (abs)        0000
__size_of_main                          (abs)        0000
__size_of_printf                        (abs)        0000
__size_of_putch                         (abs)        0000
__size_of_rfm70TxDataSentErrorInterrupt (abs)        0000
__size_of_rfm70TxDataSentInterrupt      (abs)        0000
__size_of_rfm70setPowerdownMode         (abs)        0000
__size_of_sleep                         (abs)        0000
__size_of_spiInit                       (abs)        0000
__size_of_uartInit                      (abs)        0000
__size_ofi1___lwdiv                     (abs)        0000
__size_ofi1___lwmod                     (abs)        0000
__size_ofi1_printf                      (abs)        0000
__size_ofi1_putch                       (abs)        0000
__stringdata                            stringtext   10A3
__stringtab                             stringtext   1000
_adcInit                                text1033     088F
_adcReadTemp                            text1036     0A45
_adcReadVcap                            text1045     0A1A
_adcReadVsupercap                       text1037     099D
_charge_pulse                           dataBANK0    0052
_charge_time                            bssBANK0     0057
_dpowers                                stringtext   1083
_flag                                   bitbssBANK0  02D8
_hexpowers                              stringtext   108D
_jumper_stat                            bssBANK1     00E1
_main                                   maintext     0325
_printf                                 text1039     0E00
_putch                                  text1046     08A5
_rfm70TxDataSentErrorInterrupt          text1040     0959
_rfm70TxDataSentInterrupt               text1042     093A
_rfm70setPowerdownMode                  text1034     0978
_sleep                                  text1044     0C9C
_sleep_count                            bssBANK1     00E2
_sleep_counter                          bssBANK0     0059
_spiInit                                text1031     08F0
_timelapse_count                        bssBANK1     00DB
_tmr1Counter                            bssBANK0     005A
_tmr1Target                             dataBANK0    0056
_tx_buf                                 dataBANK1    00E3
_uartInit                               text1032     08DA
_value                                  bssBANK1     00DD
_values                                 bssBANK1     00DF
adcReadTemp@value                       cstackBANK0  0036
adcReadVcap@value                       cstackBANK0  0036
adcReadVsupercap@value                  cstackBANK0  0036
btemp                                   (abs)        007E
clear_ram                               clrtext      087F
end_of_initialization                   cinit        0B00
i1___lwdiv                              text1058     0B88
i1___lwdiv@counter                      cstackCOMMON 0075
i1___lwdiv@dividend                     cstackCOMMON 0072
i1___lwdiv@divisor                      cstackCOMMON 0070
i1___lwdiv@quotient                     cstackCOMMON 0076
i1___lwmod                              text1057     07BD
i1___lwmod@counter                      cstackCOMMON 007D
i1___lwmod@dividend                     cstackCOMMON 007A
i1___lwmod@divisor                      cstackCOMMON 0078
i1_printf                               text1056     060F
i1_putch                                text1059     0899
i1printf@_val                           cstackBANK0  0029
i1printf@ap                             cstackBANK0  0026
i1printf@c                              cstackBANK0  002D
i1printf@f                              cstackBANK0  0020
i1printf@flag                           cstackBANK0  0028
i1printf@idx                            cstackBANK0  0025
i1printf@prec                           cstackBANK0  0027
i1putch@c                               cstackCOMMON 0070
init_fetch                              inittext     08B1
init_ram                                inittext     08B5
interrupt_function                      intentry     0004
intlevel0                               functab      0000
intlevel1                               functab      0000
intlevel2                               functab      0000
intlevel3                               functab      0000
intlevel4                               functab      0000
intlevel5                               functab      0000
main@i                                  cstackBANK1  00D7
main@num_sleep                          cstackBANK1  00D4
main@temp                               cstackBANK1  00D5
main@temp_tx_buf                        cstackBANK1  00B4
printf@_val                             cstackBANK1  00A4
printf@ap                               cstackBANK1  00A1
printf@c                                cstackBANK1  00A8
printf@f                                cstackBANK0  0042
printf@flag                             cstackBANK1  00A3
printf@idx                              cstackBANK1  00A0
printf@prec                             cstackBANK1  00A2
putch@c                                 cstackBANK0  0034
reset_vec                               reset_vec    0000
rfm70setPowerdownMode@reg               cstackBANK0  003C
rfm70setPowerdownMode@value             cstackBANK0  003B
saved_w                                 (abs)        007E
sleep@new_value                         cstackBANK0  0039
start                                   init         0012
start_initialization                    cinit        0ACE
wtemp0                                  (abs)        007E


FUNCTION INFORMATION:

 *************** function _main *****************
 Defined at:
		line 143 in file "main.c"
 Parameters:    Size  Location     Type
  argc            2   12[BANK1 ] int 
  argv            2   14[BANK1 ] PTR PTR unsigned char 
 Auto vars:     Size  Location     Type
  temp_tx_buf    32   20[BANK1 ] unsigned char [32]
  buffer          5    0        unsigned char [5]
  i               4   55[BANK1 ] long 
  temp            2   53[BANK1 ] unsigned int 
  energy_after    2    0        unsigned int 
  num_sleep       1   52[BANK1 ] unsigned char 
 Return value:  Size  Location     Type
                  2   12[BANK1 ] int 
 Registers used:
		wreg, fsr0l, fsr0h, fsr1l, fsr1h, status,2, status,0, btemp+1, pclath, cstack
 Tracked objects:
		On entry : 
		On exit  : 
		Unchanged: 
 Data sizes:     COMMON   BANK0   BANK1   BANK3   BANK2
      Params:         0       0       4       0       0
      Locals:         0       0      39       0       0
      Temps:          0       0       4       0       0
      Totals:         0       0      47       0       0
Total ram usage:       47 bytes
 Hardware stack levels required when called:    7
 This function calls:
		_spiInit
		_uartInit
		_adcInit
		_rfm70setPowerdownMode
		_printf
		_adcReadVcap
		_RFM70_Initialize
		_adcReadTemp
		___wmul
		_adcReadVsupercap
		_Send_Packet
		_sleep
 This function is called by:
		Startup code after reset
 This function uses a non-reentrant model


 *************** function _spiInit *****************
 Defined at:
		line 655 in file "main.c"
 Parameters:    Size  Location     Type
		None
 Auto vars:     Size  Location     Type
		None
 Return value:  Size  Location     Type
		None               void
 Registers used:
		wreg, status,2, status,0
 Tracked objects:
		On entry : 
		On exit  : 
		Unchanged: 
 Data sizes:     COMMON   BANK0   BANK1   BANK3   BANK2
      Params:         0       0       0       0       0
      Locals:         0       0       0       0       0
      Temps:          0       2       0       0       0
      Totals:         0       2       0       0       0
Total ram usage:        2 bytes
 Hardware stack levels used:    1
 Hardware stack levels required when called:    3
 This function calls:
		Nothing
 This function is called by:
		_main
 This function uses a non-reentrant model


 *************** function _uartInit *****************
 Defined at:
		line 633 in file "main.c"
 Parameters:    Size  Location     Type
		None
 Auto vars:     Size  Location     Type
		None
 Return value:  Size  Location     Type
		None               void
 Registers used:
		wreg, status,2
 Tracked objects:
		On entry : 
		On exit  : 
		Unchanged: 
 Data sizes:     COMMON   BANK0   BANK1   BANK3   BANK2
      Params:         0       0       0       0       0
      Locals:         0       0       0       0       0
      Temps:          0       0       0       0       0
      Totals:         0       0       0       0       0
Total ram usage:        0 bytes
 Hardware stack levels used:    1
 Hardware stack levels required when called:    3
 This function calls:
		Nothing
 This function is called by:
		_main
 This function uses a non-reentrant model


 *************** function _adcInit *****************
 Defined at:
		line 667 in file "main.c"
 Parameters:    Size  Location     Type
		None
 Auto vars:     Size  Location     Type
		None
 Return value:  Size  Location     Type
		None               void
 Registers used:
		wreg, status,2, status,0
 Tracked objects:
		On entry : 
		On exit  : 
		Unchanged: 
 Data sizes:     COMMON   BANK0   BANK1   BANK3   BANK2
      Params:         0       0       0       0       0
      Locals:         0       0       0       0       0
      Temps:          0       0       0       0       0
      Totals:         0       0       0       0       0
Total ram usage:        0 bytes
 Hardware stack levels used:    1
 Hardware stack levels required when called:    3
 This function calls:
		Nothing
 This function is called by:
		_main
 This function uses a non-reentrant model


 *************** function _rfm70setPowerdownMode *****************
 Defined at:
		line 400 in file "rfm70.c"
 Parameters:    Size  Location     Type
  value           1    wreg     unsigned char 
 Auto vars:     Size  Location     Type
  value           1   27[BANK0 ] unsigned char 
  reg             1   28[BANK0 ] unsigned char 
 Return value:  Size  Location     Type
		None               void
 Registers used:
		wreg, status,2, status,0, pclath, cstack
 Tracked objects:
		On entry : 
		On exit  : 
		Unchanged: 
 Data sizes:     COMMON   BANK0   BANK1   BANK3   BANK2
      Params:         0       0       0       0       0
      Locals:         0       2       0       0       0
      Temps:          0       1       0       0       0
      Totals:         0       3       0       0       0
Total ram usage:        3 bytes
 Hardware stack levels used:    1
 Hardware stack levels required when called:    5
 This function calls:
		_SPI_Read_Reg
		_SPI_Write_Reg
 This function is called by:
		_main
 This function uses a non-reentrant model


 *************** function _RFM70_Initialize *****************
 Defined at:
		line 252 in file "rfm70.c"
 Parameters:    Size  Location     Type
		None
 Auto vars:     Size  Location     Type
  WriteArr       12   36[BANK0 ] unsigned char [12]
  j               1   49[BANK0 ] unsigned char 
  i               1   48[BANK0 ] unsigned char 
 Return value:  Size  Location     Type
		None               void
 Registers used:
		wreg, fsr0l, fsr0h, status,2, status,0, btemp+1, pclath, cstack
 Tracked objects:
		On entry : 
		On exit  : 
		Unchanged: 
 Data sizes:     COMMON   BANK0   BANK1   BANK3   BANK2
      Params:         0       0       0       0       0
      Locals:         0      14       0       0       0
      Temps:          0       7       0       0       0
      Totals:         0      21       0       0       0
Total ram usage:       21 bytes
 Hardware stack levels used:    1
 Hardware stack levels required when called:    6
 This function calls:
		_SwitchCFG
		_SPI_Write_Reg
		_SPI_Write_Buf
		_SPI_Read_Reg
 This function is called by:
		_main
 This function uses a non-reentrant model


 *************** function _adcReadTemp *****************
 Defined at:
		line 550 in file "main.c"
 Parameters:    Size  Location     Type
		None
 Auto vars:     Size  Location     Type
  value           1   22[BANK0 ] unsigned char 
 Return value:  Size  Location     Type
                  1    wreg      unsigned char 
 Registers used:
		wreg, status,2, status,0
 Tracked objects:
		On entry : 
		On exit  : 
		Unchanged: 
 Data sizes:     COMMON   BANK0   BANK1   BANK3   BANK2
      Params:         0       0       0       0       0
      Locals:         0       1       0       0       0
      Temps:          0       2       0       0       0
      Totals:         0       3       0       0       0
Total ram usage:        3 bytes
 Hardware stack levels used:    1
 Hardware stack levels required when called:    3
 This function calls:
		Nothing
 This function is called by:
		_main
 This function uses a non-reentrant model


 *************** function _adcReadVsupercap *****************
 Defined at:
		line 580 in file "main.c"
 Parameters:    Size  Location     Type
		None
 Auto vars:     Size  Location     Type
  value           1   22[BANK0 ] unsigned char 
 Return value:  Size  Location     Type
                  1    wreg      unsigned char 
 Registers used:
		wreg, status,2, status,0
 Tracked objects:
		On entry : 
		On exit  : 
		Unchanged: 
 Data sizes:     COMMON   BANK0   BANK1   BANK3   BANK2
      Params:         0       0       0       0       0
      Locals:         0       1       0       0       0
      Temps:          0       2       0       0       0
      Totals:         0       3       0       0       0
Total ram usage:        3 bytes
 Hardware stack levels used:    1
 Hardware stack levels required when called:    3
 This function calls:
		Nothing
 This function is called by:
		_main
 This function uses a non-reentrant model


 *************** function _Send_Packet *****************
 Defined at:
		line 721 in file "main.c"
 Parameters:    Size  Location     Type
  type            1    wreg     unsigned char 
  pbuf            1   43[BANK0 ] PTR unsigned char 
		 -> tx_buf(8), 
  len             1   44[BANK0 ] unsigned char 
 Auto vars:     Size  Location     Type
  type            1    9[BANK1 ] unsigned char 
  i               1   11[BANK1 ] unsigned char 
  fifo_sta        1   10[BANK1 ] unsigned char 
 Return value:  Size  Location     Type
		None               void
 Registers used:
		wreg, fsr0l, fsr0h, fsr1l, fsr1h, status,2, status,0, btemp+1, pclath, cstack
 Tracked objects:
		On entry : 
		On exit  : 
		Unchanged: 
 Data sizes:     COMMON   BANK0   BANK1   BANK3   BANK2
      Params:         0       2       0       0       0
      Locals:         0       0       3       0       0
      Temps:          0       3       0       0       0
      Totals:         0       5       3       0       0
Total ram usage:        8 bytes
 Hardware stack levels used:    1
 Hardware stack levels required when called:    6
 This function calls:
		_SwitchToTxMode
		_SPI_Read_Reg
		_printf
		_SPI_Write_Buf
		_rfm70TxDataSentInterrupt
		_SwitchToRxMode
		_rfm70TxDataSentErrorInterrupt
 This function is called by:
		_main
 This function uses a non-reentrant model


 *************** function _printf *****************
 Defined at:
		line 465 in file "/Applications/microchip/xc8/v1.12/sources/doprnt.c"
 Parameters:    Size  Location     Type
  f               2   34[BANK0 ] PTR const unsigned char 
		 -> STR_15(5), STR_14(12), Receive_Packet@rx_buf(32), STR_13(5), 
		 -> STR_12(24), STR_11(17), STR_10(3), STR_9(3), 
		 -> STR_8(10), STR_7(18), STR_6(21), STR_5(26), 
		 -> STR_4(37), STR_3(23), STR_2(20), STR_1(19), 
 Auto vars:     Size  Location     Type
  idx             1    0[BANK1 ] unsigned char 
  _val            4    4[BANK1 ] struct .
  c               1    8[BANK1 ] char 
  flag            1    3[BANK1 ] unsigned char 
  prec            1    2[BANK1 ] char 
  ap              1    1[BANK1 ] PTR void [1]
		 -> ?_printf(2), 
 Return value:  Size  Location     Type
                  2   34[BANK0 ] int 
 Registers used:
		wreg, fsr0l, fsr0h, status,2, status,0, btemp+1, pclath, cstack
 Tracked objects:
		On entry : 
		On exit  : 
		Unchanged: 
 Data sizes:     COMMON   BANK0   BANK1   BANK3   BANK2
      Params:         0       6       0       0       0
      Locals:         0       0       9       0       0
      Temps:          0       3       0       0       0
      Totals:         0       9       9       0       0
Total ram usage:       18 bytes
 Hardware stack levels used:    1
 Hardware stack levels required when called:    4
 This function calls:
		_putch
		___lwdiv
		___lwmod
 This function is called by:
		_main
		_Send_Packet
		_Receive_Packet
 This function uses a non-reentrant model


 *************** function _rfm70TxDataSentErrorInterrupt *****************
 Defined at:
		line 380 in file "rfm70.c"
 Parameters:    Size  Location     Type
		None
 Auto vars:     Size  Location     Type
		None
 Return value:  Size  Location     Type
                  1    wreg      unsigned char 
 Registers used:
		wreg, status,2, status,0, pclath, cstack
 Tracked objects:
		On entry : 
		On exit  : 
		Unchanged: 
 Data sizes:     COMMON   BANK0   BANK1   BANK3   BANK2
      Params:         0       0       0       0       0
      Locals:         0       0       0       0       0
      Temps:          0       1       0       0       0
      Totals:         0       1       0       0       0
Total ram usage:        1 bytes
 Hardware stack levels used:    1
 Hardware stack levels required when called:    5
 This function calls:
		_SPI_Read_Reg
		_SPI_Write_Reg
 This function is called by:
		_Send_Packet
 This function uses a non-reentrant model


 *************** function _SwitchToRxMode *****************
 Defined at:
		line 165 in file "rfm70.c"
 Parameters:    Size  Location     Type
		None
 Auto vars:     Size  Location     Type
  value           1   27[BANK0 ] unsigned char 
 Return value:  Size  Location     Type
		None               void
 Registers used:
		wreg, status,2, status,0, pclath, cstack
 Tracked objects:
		On entry : 
		On exit  : 
		Unchanged: 
 Data sizes:     COMMON   BANK0   BANK1   BANK3   BANK2
      Params:         0       0       0       0       0
      Locals:         0       1       0       0       0
      Temps:          0       1       0       0       0
      Totals:         0       2       0       0       0
Total ram usage:        2 bytes
 Hardware stack levels used:    1
 Hardware stack levels required when called:    5
 This function calls:
		_SPI_Write_Reg
		_SPI_Read_Reg
 This function is called by:
		_Send_Packet
		_Receive_Packet
 This function uses a non-reentrant model


 *************** function _rfm70TxDataSentInterrupt *****************
 Defined at:
		line 371 in file "rfm70.c"
 Parameters:    Size  Location     Type
		None
 Auto vars:     Size  Location     Type
		None
 Return value:  Size  Location     Type
                  1    wreg      unsigned char 
 Registers used:
		wreg, status,2, status,0, pclath, cstack
 Tracked objects:
		On entry : 
		On exit  : 
		Unchanged: 
 Data sizes:     COMMON   BANK0   BANK1   BANK3   BANK2
      Params:         0       0       0       0       0
      Locals:         0       0       0       0       0
      Temps:          0       1       0       0       0
      Totals:         0       1       0       0       0
Total ram usage:        1 bytes
 Hardware stack levels used:    1
 Hardware stack levels required when called:    5
 This function calls:
		_SPI_Read_Reg
		_SPI_Write_Reg
 This function is called by:
		_Send_Packet
 This function uses a non-reentrant model


 *************** function _SPI_Write_Buf *****************
 Defined at:
		line 147 in file "rfm70.c"
 Parameters:    Size  Location     Type
  reg             1    wreg     unsigned char 
  pBuf            1   23[BANK0 ] PTR unsigned char 
		 -> RFM70_Initialize@WriteArr(12), tx_buf(8), 
  length          1   24[BANK0 ] unsigned char 
 Auto vars:     Size  Location     Type
  reg             1   26[BANK0 ] unsigned char 
  byte_ctr        1   27[BANK0 ] unsigned char 
 Return value:  Size  Location     Type
		None               void
 Registers used:
		wreg, fsr0l, fsr0h, status,2, status,0, pclath, cstack
 Tracked objects:
		On entry : 
		On exit  : 
		Unchanged: 
 Data sizes:     COMMON   BANK0   BANK1   BANK3   BANK2
      Params:         0       2       0       0       0
      Locals:         0       2       0       0       0
      Temps:          0       1       0       0       0
      Totals:         0       5       0       0       0
Total ram usage:        5 bytes
 Hardware stack levels used:    1
 Hardware stack levels required when called:    4
 This function calls:
		_SPI_RW
 This function is called by:
		_Send_Packet
		_RFM70_Initialize
 This function uses a non-reentrant model


 *************** function _sleep *****************
 Defined at:
		line 502 in file "main.c"
 Parameters:    Size  Location     Type
		None
 Auto vars:     Size  Location     Type
  new_value       1   25[BANK0 ] unsigned char 
 Return value:  Size  Location     Type
		None               void
 Registers used:
		wreg, status,2, status,0, btemp+1, pclath, cstack
 Tracked objects:
		On entry : 
		On exit  : 
		Unchanged: 
 Data sizes:     COMMON   BANK0   BANK1   BANK3   BANK2
      Params:         0       0       0       0       0
      Locals:         0       1       0       0       0
      Temps:          0       2       0       0       0
      Totals:         0       3       0       0       0
Total ram usage:        3 bytes
 Hardware stack levels used:    1
 Hardware stack levels required when called:    4
 This function calls:
		_adcReadVcap
 This function is called by:
		_main
 This function uses a non-reentrant model


 *************** function _adcReadVcap *****************
 Defined at:
		line 565 in file "main.c"
 Parameters:    Size  Location     Type
		None
 Auto vars:     Size  Location     Type
  value           1   22[BANK0 ] unsigned char 
 Return value:  Size  Location     Type
                  1    wreg      unsigned char 
 Registers used:
		wreg, status,2, status,0
 Tracked objects:
		On entry : 
		On exit  : 
		Unchanged: 
 Data sizes:     COMMON   BANK0   BANK1   BANK3   BANK2
      Params:         0       0       0       0       0
      Locals:         0       1       0       0       0
      Temps:          0       2       0       0       0
      Totals:         0       3       0       0       0
Total ram usage:        3 bytes
 Hardware stack levels used:    1
 Hardware stack levels required when called:    3
 This function calls:
		Nothing
 This function is called by:
		_main
		_sleep
 This function uses a non-reentrant model


 *************** function _putch *****************
 Defined at:
		line 678 in file "main.c"
 Parameters:    Size  Location     Type
  c               1    wreg     unsigned char 
 Auto vars:     Size  Location     Type
  c               1   20[BANK0 ] unsigned char 
 Return value:  Size  Location     Type
		None               void
 Registers used:
		wreg
 Tracked objects:
		On entry : 
		On exit  : 
		Unchanged: 
 Data sizes:     COMMON   BANK0   BANK1   BANK3   BANK2
      Params:         0       0       0       0       0
      Locals:         0       1       0       0       0
      Temps:          0       0       0       0       0
      Totals:         0       1       0       0       0
Total ram usage:        1 bytes
 Hardware stack levels used:    1
 Hardware stack levels required when called:    3
 This function calls:
		Nothing
 This function is called by:
		_printf
		_getche
 This function uses a non-reentrant model


 *************** function _SwitchToTxMode *****************
 Defined at:
		line 191 in file "rfm70.c"
 Parameters:    Size  Location     Type
		None
 Auto vars:     Size  Location     Type
  value           1   27[BANK0 ] unsigned char 
 Return value:  Size  Location     Type
		None               void
 Registers used:
		wreg, status,2, status,0, pclath, cstack
 Tracked objects:
		On entry : 
		On exit  : 
		Unchanged: 
 Data sizes:     COMMON   BANK0   BANK1   BANK3   BANK2
      Params:         0       0       0       0       0
      Locals:         0       1       0       0       0
      Temps:          0       1       0       0       0
      Totals:         0       2       0       0       0
Total ram usage:        2 bytes
 Hardware stack levels used:    1
 Hardware stack levels required when called:    5
 This function calls:
		_SPI_Write_Reg
		_SPI_Read_Reg
 This function is called by:
		_Send_Packet
 This function uses a non-reentrant model


 *************** function _SwitchCFG *****************
 Defined at:
		line 218 in file "rfm70.c"
 Parameters:    Size  Location     Type
  _cfg            1    wreg     unsigned char 
 Auto vars:     Size  Location     Type
  _cfg            1   27[BANK0 ] unsigned char 
  Tmp             1   28[BANK0 ] unsigned char 
 Return value:  Size  Location     Type
		None               void
 Registers used:
		wreg, status,2, status,0, pclath, cstack
 Tracked objects:
		On entry : 
		On exit  : 
		Unchanged: 
 Data sizes:     COMMON   BANK0   BANK1   BANK3   BANK2
      Params:         0       0       0       0       0
      Locals:         0       2       0       0       0
      Temps:          0       1       0       0       0
      Totals:         0       3       0       0       0
Total ram usage:        3 bytes
 Hardware stack levels used:    1
 Hardware stack levels required when called:    5
 This function calls:
		_SPI_Read_Reg
		_SPI_Write_Reg
 This function is called by:
		_RFM70_Initialize
 This function uses a non-reentrant model


 *************** function _SPI_Write_Reg *****************
 Defined at:
		line 94 in file "rfm70.c"
 Parameters:    Size  Location     Type
  reg             1    wreg     unsigned char 
  value           1   23[BANK0 ] unsigned char 
 Auto vars:     Size  Location     Type
  reg             1   24[BANK0 ] unsigned char 
 Return value:  Size  Location     Type
		None               void
 Registers used:
		wreg, status,2, status,0, pclath, cstack
 Tracked objects:
		On entry : 
		On exit  : 
		Unchanged: 
 Data sizes:     COMMON   BANK0   BANK1   BANK3   BANK2
      Params:         0       1       0       0       0
      Locals:         0       1       0       0       0
      Temps:          0       0       0       0       0
      Totals:         0       2       0       0       0
Total ram usage:        2 bytes
 Hardware stack levels used:    1
 Hardware stack levels required when called:    4
 This function calls:
		_SPI_RW
 This function is called by:
		_SwitchToRxMode
		_SwitchToTxMode
		_SwitchCFG
		_RFM70_Initialize
		_rfm70TxDataSentInterrupt
		_rfm70TxDataSentErrorInterrupt
		_rfm70setPowerdownMode
		_Receive_Packet
		_SetChannelNum
		_rfm70_data_sent
 This function uses a non-reentrant model


 *************** function _SPI_Read_Reg *****************
 Defined at:
		line 109 in file "rfm70.c"
 Parameters:    Size  Location     Type
  reg             1    wreg     unsigned char 
 Auto vars:     Size  Location     Type
  reg             1   24[BANK0 ] unsigned char 
  value           1   25[BANK0 ] unsigned char 
 Return value:  Size  Location     Type
                  1    wreg      unsigned char 
 Registers used:
		wreg, status,2, status,0, pclath, cstack
 Tracked objects:
		On entry : 
		On exit  : 
		Unchanged: 
 Data sizes:     COMMON   BANK0   BANK1   BANK3   BANK2
      Params:         0       0       0       0       0
      Locals:         0       2       0       0       0
      Temps:          0       1       0       0       0
      Totals:         0       3       0       0       0
Total ram usage:        3 bytes
 Hardware stack levels used:    1
 Hardware stack levels required when called:    4
 This function calls:
		_SPI_RW
 This function is called by:
		_Send_Packet
		_SwitchToRxMode
		_SwitchToTxMode
		_SwitchCFG
		_RFM70_Initialize
		_rfm70TxDataSentInterrupt
		_rfm70TxDataSentErrorInterrupt
		_rfm70setPowerdownMode
		_Receive_Packet
		_rfm70_data_sent
 This function uses a non-reentrant model


 *************** function _SPI_RW *****************
 Defined at:
		line 78 in file "rfm70.c"
 Parameters:    Size  Location     Type
  value           1    wreg     unsigned char 
 Auto vars:     Size  Location     Type
  value           1   22[BANK0 ] unsigned char 
 Return value:  Size  Location     Type
                  1    wreg      unsigned char 
 Registers used:
		wreg
 Tracked objects:
		On entry : 
		On exit  : 
		Unchanged: 
 Data sizes:     COMMON   BANK0   BANK1   BANK3   BANK2
      Params:         0       0       0       0       0
      Locals:         0       1       0       0       0
      Temps:          0       2       0       0       0
      Totals:         0       3       0       0       0
Total ram usage:        3 bytes
 Hardware stack levels used:    1
 Hardware stack levels required when called:    3
 This function calls:
		Nothing
 This function is called by:
		_SPI_Write_Reg
		_SPI_Read_Reg
		_SPI_Write_Buf
		_SPI_Read_Buf
 This function uses a non-reentrant model


 *************** function ___wmul *****************
 Defined at:
		line 3 in file "/Applications/microchip/xc8/v1.12/sources/wmul.c"
 Parameters:    Size  Location     Type
  multiplier      2   20[BANK0 ] unsigned int 
  multiplicand    2   22[BANK0 ] unsigned int 
 Auto vars:     Size  Location     Type
  product         2   24[BANK0 ] unsigned int 
 Return value:  Size  Location     Type
                  2   20[BANK0 ] unsigned int 
 Registers used:
		wreg, status,2, status,0
 Tracked objects:
		On entry : 
		On exit  : 
		Unchanged: 
 Data sizes:     COMMON   BANK0   BANK1   BANK3   BANK2
      Params:         0       4       0       0       0
      Locals:         0       2       0       0       0
      Temps:          0       0       0       0       0
      Totals:         0       6       0       0       0
Total ram usage:        6 bytes
 Hardware stack levels used:    1
 Hardware stack levels required when called:    3
 This function calls:
		Nothing
 This function is called by:
		_main
 This function uses a non-reentrant model


 *************** function ___lwdiv *****************
 Defined at:
		line 5 in file "/Applications/microchip/xc8/v1.12/sources/lwdiv.c"
 Parameters:    Size  Location     Type
  divisor         2   20[BANK0 ] unsigned int 
  dividend        2   22[BANK0 ] unsigned int 
 Auto vars:     Size  Location     Type
  quotient        2   26[BANK0 ] unsigned int 
  counter         1   25[BANK0 ] unsigned char 
 Return value:  Size  Location     Type
                  2   20[BANK0 ] unsigned int 
 Registers used:
		wreg, status,2, status,0
 Tracked objects:
		On entry : 
		On exit  : 
		Unchanged: 
 Data sizes:     COMMON   BANK0   BANK1   BANK3   BANK2
      Params:         0       4       0       0       0
      Locals:         0       3       0       0       0
      Temps:          0       1       0       0       0
      Totals:         0       8       0       0       0
Total ram usage:        8 bytes
 Hardware stack levels used:    1
 Hardware stack levels required when called:    3
 This function calls:
		Nothing
 This function is called by:
		_printf
 This function uses a non-reentrant model


 *************** function ___lwmod *****************
 Defined at:
		line 5 in file "/Applications/microchip/xc8/v1.12/sources/lwmod.c"
 Parameters:    Size  Location     Type
  divisor         2   28[BANK0 ] unsigned int 
  dividend        2   30[BANK0 ] unsigned int 
 Auto vars:     Size  Location     Type
  counter         1   33[BANK0 ] unsigned char 
 Return value:  Size  Location     Type
                  2   28[BANK0 ] unsigned int 
 Registers used:
		wreg, status,2, status,0
 Tracked objects:
		On entry : 
		On exit  : 
		Unchanged: 
 Data sizes:     COMMON   BANK0   BANK1   BANK3   BANK2
      Params:         0       4       0       0       0
      Locals:         0       1       0       0       0
      Temps:          0       1       0       0       0
      Totals:         0       6       0       0       0
Total ram usage:        6 bytes
 Hardware stack levels used:    1
 Hardware stack levels required when called:    3
 This function calls:
		Nothing
 This function is called by:
		_printf
 This function uses a non-reentrant model


 *************** function _ISR *****************
 Defined at:
		line 100 in file "main.c"
 Parameters:    Size  Location     Type
		None
 Auto vars:     Size  Location     Type
		None
 Return value:  Size  Location     Type
		None               void
 Registers used:
		wreg, fsr0l, fsr0h, status,2, status,0, btemp+1, pclath, cstack
 Tracked objects:
		On entry : 
		On exit  : 
		Unchanged: 
 Data sizes:     COMMON   BANK0   BANK1   BANK3   BANK2
      Params:         0       0       0       0       0
      Locals:         0       0       0       0       0
      Temps:          0       6       0       0       0
      Totals:         0       6       0       0       0
Total ram usage:        6 bytes
 Hardware stack levels used:    1
 Hardware stack levels required when called:    2
 This function calls:
		i1_printf
 This function is called by:
		Interrupt level 1
 This function uses a non-reentrant model


 *************** function i1_printf *****************
 Defined at:
		line 465 in file "/Applications/microchip/xc8/v1.12/sources/doprnt.c"
 Parameters:    Size  Location     Type
  printf          2    0[BANK0 ] PTR const unsigned char 
		 -> STR_15(5), STR_14(12), Receive_Packet@rx_buf(32), STR_13(5), 
		 -> STR_12(24), STR_11(17), STR_10(3), STR_9(3), 
		 -> STR_8(10), STR_7(18), STR_6(21), STR_5(26), 
		 -> STR_4(37), STR_3(23), STR_2(20), STR_1(19), 
 Auto vars:     Size  Location     Type
  printf          4    9[BANK0 ] struct .
  printf          1   13[BANK0 ] char 
  printf          1    8[BANK0 ] unsigned char 
  printf          1    7[BANK0 ] char 
  printf          1    6[BANK0 ] PTR void [1]
		 -> ?_printf(2), 
  printf          1    5[BANK0 ] unsigned char 
 Return value:  Size  Location     Type
                  2    0[BANK0 ] int 
 Registers used:
		wreg, fsr0l, fsr0h, status,2, status,0, btemp+1, pclath, cstack
 Tracked objects:
		On entry : 
		On exit  : 
		Unchanged: 
 Data sizes:     COMMON   BANK0   BANK1   BANK3   BANK2
      Params:         0       2       0       0       0
      Locals:         0       9       0       0       0
      Temps:          0       3       0       0       0
      Totals:         0      14       0       0       0
Total ram usage:       14 bytes
 Hardware stack levels used:    1
 Hardware stack levels required when called:    1
 This function calls:
		i1_putch
		i1___lwdiv
		i1___lwmod
 This function is called by:
		_ISR
 This function uses a non-reentrant model


 *************** function i1___lwmod *****************
 Defined at:
		line 5 in file "/Applications/microchip/xc8/v1.12/sources/lwmod.c"
 Parameters:    Size  Location     Type
  __lwmod         2    8[COMMON] unsigned int 
  __lwmod         2   10[COMMON] unsigned int 
 Auto vars:     Size  Location     Type
  __lwmod         1   13[COMMON] unsigned char 
 Return value:  Size  Location     Type
                  2    8[COMMON] unsigned int 
 Registers used:
		wreg, status,2, status,0
 Tracked objects:
		On entry : 
		On exit  : 
		Unchanged: 
 Data sizes:     COMMON   BANK0   BANK1   BANK3   BANK2
      Params:         4       0       0       0       0
      Locals:         1       0       0       0       0
      Temps:          1       0       0       0       0
      Totals:         6       0       0       0       0
Total ram usage:        6 bytes
 Hardware stack levels used:    1
 This function calls:
		Nothing
 This function is called by:
		i1_printf
 This function uses a non-reentrant model


 *************** function i1___lwdiv *****************
 Defined at:
		line 5 in file "/Applications/microchip/xc8/v1.12/sources/lwdiv.c"
 Parameters:    Size  Location     Type
  __lwdiv         2    0[COMMON] unsigned int 
  __lwdiv         2    2[COMMON] unsigned int 
 Auto vars:     Size  Location     Type
  __lwdiv         2    6[COMMON] unsigned int 
  __lwdiv         1    5[COMMON] unsigned char 
 Return value:  Size  Location     Type
                  2    0[COMMON] unsigned int 
 Registers used:
		wreg, status,2, status,0
 Tracked objects:
		On entry : 
		On exit  : 
		Unchanged: 
 Data sizes:     COMMON   BANK0   BANK1   BANK3   BANK2
      Params:         4       0       0       0       0
      Locals:         3       0       0       0       0
      Temps:          1       0       0       0       0
      Totals:         8       0       0       0       0
Total ram usage:        8 bytes
 Hardware stack levels used:    1
 This function calls:
		Nothing
 This function is called by:
		i1_printf
 This function uses a non-reentrant model


 *************** function i1_putch *****************
 Defined at:
		line 678 in file "main.c"
 Parameters:    Size  Location     Type
  putch           1    wreg     unsigned char 
 Auto vars:     Size  Location     Type
  putch           1    0[COMMON] unsigned char 
 Return value:  Size  Location     Type
		None               void
 Registers used:
		wreg
 Tracked objects:
		On entry : 
		On exit  : 
		Unchanged: 
 Data sizes:     COMMON   BANK0   BANK1   BANK3   BANK2
      Params:         0       0       0       0       0
      Locals:         1       0       0       0       0
      Temps:          0       0       0       0       0
      Totals:         1       0       0       0       0
Total ram usage:        1 bytes
 Hardware stack levels used:    1
 This function calls:
		Nothing
 This function is called by:
		i1_printf
 This function uses a non-reentrant model



MODULE INFORMATION

Module		Function		Class		Link	Load	Size
shared
		i1_printf      		CODE           	060F	0000	430
		i1_putch       		CODE           	0899	0000	12
		__stringtab    		STRCODE        	1000	0000	18
		__stringdata   		STRCODE        	10A3	0000	252
		_Bank0_Reg     		STRCODE        	104A	0000	46
		_Bank0_RegAct  		STRCODE        	0000	0000	4259
		i1___lwdiv     		CODE           	0B88	0000	77
		_dpowers       		STRCODE        	1083	0000	10
		_Bank1_Reg14   		STRCODE        	1078	0000	11
		_Bank1_Reg0_13 		STRCODE        	1012	0000	56
		i1___lwmod     		CODE           	07BD	0000	67
		_RX0_Address   		STRCODE        	1095	0000	5
		__initializatio		CODE           	0ACE	0000	50
		_RX1_Address   		STRCODE        	109A	0000	5
		_hexpowers     		STRCODE        	108D	0000	8

shared estimated size: 5306

main.c
		_Send_Packet   		CODE           	0D2C	0000	212
		_adcReadVcap   		CODE           	0A1A	0000	43
		_adcReadTemp   		CODE           	0A45	0000	43
		_ISR           		CODE           	0C24	0000	120
		_putch         		CODE           	08A5	0000	12
		_adcReadVsuperc		CODE           	099D	0000	41
		_main          		CODE           	0325	0000	746
		_spiInit       		CODE           	08F0	0000	24
		_adcInit       		CODE           	088F	0000	10
		_sleep         		CODE           	0C9C	0000	144
		_uartInit      		CODE           	08DA	0000	22

main.c estimated size: 1417

/Applications/microchip/xc8/v1.12/sources/wmul.c
		___wmul        		CODE           	0A70	0000	44

/Applications/microchip/xc8/v1.12/sources/wmul.c estimated size: 44

/Applications/microchip/xc8/v1.12/sources/lwmod.c
		___lwmod       		CODE           	0B43	0000	69

/Applications/microchip/xc8/v1.12/sources/lwmod.c estimated size: 69

rfm70.c
		_rfm70setPowerd		CODE           	0978	0000	37
		_SPI_RW        		CODE           	0908	0000	25
		_rfm70TxDataSen		CODE           	0959	0000	31
		_rfm70TxDataSen		CODE           	093A	0000	31
		_SPI_Write_Reg 		CODE           	08C4	0000	22
		_SPI_Write_Buf 		CODE           	09F0	0000	42
		_SPI_Read_Reg  		CODE           	0921	0000	25
		_RFM70_Initiali		CODE           	0015	0000	784
		_SwitchToRxMode		CODE           	0B04	0000	63
		_SwitchToTxMode		CODE           	09C6	0000	42
		_SwitchCFG     		CODE           	0A9C	0000	50

rfm70.c estimated size: 1152

/Applications/microchip/xc8/v1.12/sources/lwdiv.c
		___lwdiv       		CODE           	0BD5	0000	79

/Applications/microchip/xc8/v1.12/sources/lwdiv.c estimated size: 79

/Applications/microchip/xc8/v1.12/sources/doprnt.c
		_printf        		CODE           	0E00	0000	512

/Applications/microchip/xc8/v1.12/sources/doprnt.c estimated size: 512

