Microchip MPLAB XC8 Compiler V1.12 ()

Linker command line:

--edf=/Applications/microchip/xc8/v1.12/dat/en_msgs.txt -cs \
  -h+dist/default/production/energy-harvesting-demoboard.production.sym -z \
  -Q16LF707 -ol.obj \
  -Mdist/default/production/energy-harvesting-demoboard.production.map -E1 \
  -ver=XC8 -ACONST=00h-0FFhx32 -ACODE=00h-07FFhx4 -ASTRCODE=00h-01FFFh \
  -AENTRY=00h-0FFhx32 -ASTRING=00h-0FFhx32 -ACOMMON=070h-07Fh \
  -ABANK0=020h-06Fh -ABANK1=0A0h-0EFh -ABANK2=0115h-016Fh \
  -ABANK3=0190h-01EFh -ARAM=020h-06Fh,0A0h-0EFh,0115h-016Fh,0190h-01EFh \
  -AABS1=020h-07Fh,0A0h-0EFh,0115h-016Fh,0190h-01EFh -ASFR0=00h-01Fh \
  -ASFR1=080h-09Fh -ASFR2=0100h-0114h -ASFR3=0180h-018Fh \
  -preset_vec=00h,intentry=04h,init,end_init -ppowerup=CODE -pfunctab=CODE \
  -ACONFIG=02007h-02008h -pconfig=CONFIG -DCONFIG=2 -AIDLOC=02000h-02003h \
  -pidloc=IDLOC -DIDLOC=2 -DCODE=2 -DSTRCODE=2 -DSTRING=2 -DCONST=2 \
  -DENTRY=2 -k /tmp/cgtjWMJRY.obj \
  dist/default/production/energy-harvesting-demoboard.production.obj 

Object code version is 3.10

Machine type is 16LF707



                Name                               Link     Load   Length Selector   Space Scale
/tmp/cgtjWMJRY.obj
                end_init                             12       12        3        8       0
                reset_vec                             0        0        3        0       0
                config                             2007     2007        1     400E       0
dist/default/production/energy-harvesting-demoboard.production.obj
                intentry                              4        4        E        8       0
                text1279                           15C6     15C6       43     2B8C       0
                text1278                           164E     164E       4D     2C9C       0
                text1277                           1322     1322        C     2644       0
                text1276                            C52      C52      1AE     18A4       0
                text1275                           16EA     16EA       78     2DD4       0
                text1274                           1762     1762       9E     2EC4       0
                text1273                            808      808       7D     1010       0
                text1272                           140E     140E       21     281C       0
                text1271                           1609     1609       45     2C12       0
                text1270                           169B     169B       4F     2D36       0
                text1269                           1529     1529       2C     2A52       0
                text1268                            92B      92B       C8     1256       0
                text1267                            6E3      6E3       EE        8       0
                text1266                            885      885       A6     110A       0
                text1265                           139E     139E       19     273C       0
                text1264                           135A     135A       16     26B4       0
                text1263                           13B7     13B7       19     276E       0
                text1262                           1555     1555       32     2AAA       0
                text1261                           14A8     14A8       2B     2950       0
                text1260                            AD7      AD7      17B     15AE       0
                text1259                           132E     132E        C     265C       0
                text1258                           1454     1454       2A     28A8       0
                text1257                           147E     147E       2A     28FC       0
                text1256                           13D0     13D0       1F     27A0       0
                text1255                           1587     1587       3F     2B0E       0
                text1254                           13EF     13EF       1F     27DE       0
                text1253                            E00      E00      200     1C00       0
                text1252                            9F3      9F3       E4     13E6       0
                text1251                           14D3     14D3       2B     29A6       0
                text1250                             15       15      38C        8       0
                text1249                           14FE     14FE       2B     29FC       0
                text1248                           142F     142F       25     285E       0
                text1247                           1318     1318        A     2630       0
                text1246                           1370     1370       16     26E0       0
                text1245                           1386     1386       18     270C       0
                maintext                            3A1      3A1      342        8       0
                cstackBANK0                          20       20       30       20       1
                cstackCOMMON                         70       70        E       70       1
                cstackBANK1                          C7       C7       17       A0       1
                cstackBANK3                         190      190        7      190       1
                inittext                           1347     1347       13     268E       0
                clrtext                             800      800        8        8       0
                dataBANK1                            DE       DE        D       A0       1
                bssBANK1                             A0       A0       27       A0       1
                dataBANK0                            57       57        3       20       1
                bssBANK0                             50       50        7       20       1
                bitbssBANK0                         2D0       5A        2       20       1     8
                cinit                               7D1      7D1       2F        8       0
                stringtext                         1000     1000      19F       20       0
                idataBANK1                         133A     133A        D     2674       0
                idataBANK0                         1315     1315        3     262A       0

TOTAL           Name                               Link     Load   Length     Space
        CLASS   CONST          

        CLASS   CODE           
                end_init                             12       12        3         0
                intentry                              4        4        E         0
                reset_vec                             0        0        3         0
                text1279                           15C6     15C6       43         0
                text1278                           164E     164E       4D         0
                text1277                           1322     1322        C         0
                text1276                            C52      C52      1AE         0
                text1275                           16EA     16EA       78         0
                text1274                           1762     1762       9E         0
                text1273                            808      808       7D         0
                text1272                           140E     140E       21         0
                text1271                           1609     1609       45         0
                text1270                           169B     169B       4F         0
                text1269                           1529     1529       2C         0
                text1268                            92B      92B       C8         0
                text1267                            6E3      6E3       EE         0
                text1266                            885      885       A6         0
                text1265                           139E     139E       19         0
                text1264                           135A     135A       16         0
                text1263                           13B7     13B7       19         0
                text1262                           1555     1555       32         0
                text1261                           14A8     14A8       2B         0
                text1260                            AD7      AD7      17B         0
                text1259                           132E     132E        C         0
                text1258                           1454     1454       2A         0
                text1257                           147E     147E       2A         0
                text1256                           13D0     13D0       1F         0
                text1255                           1587     1587       3F         0
                text1254                           13EF     13EF       1F         0
                text1253                            E00      E00      200         0
                text1252                            9F3      9F3       E4         0
                text1251                           14D3     14D3       2B         0
                text1250                             15       15      38C         0
                text1249                           14FE     14FE       2B         0
                text1248                           142F     142F       25         0
                text1247                           1318     1318        A         0
                text1246                           1370     1370       16         0
                text1245                           1386     1386       18         0
                maintext                            3A1      3A1      342         0
                inittext                           1347     1347       13         0
                clrtext                             800      800        8         0
                cinit                               7D1      7D1       2F         0
                idataBANK1                         133A     133A        D         0
                idataBANK0                         1315     1315        3         0

        CLASS   STRCODE        
                stringtext                         1000     1000      19F         0

        CLASS   ENTRY          

        CLASS   STRING         

        CLASS   COMMON         
                cstackCOMMON                         70       70        E         1

        CLASS   BANK0          
                cstackBANK0                          20       20       30         1
                dataBANK0                            57       57        3         1
                bssBANK0                             50       50        7         1
                bitbssBANK0                         2D0       5A        2         1

        CLASS   BANK1          
                cstackBANK1                          C7       C7       17         1
                dataBANK1                            DE       DE        D         1
                bssBANK1                             A0       A0       27         1

        CLASS   BANK2          

        CLASS   BANK3          
                cstackBANK3                         190      190        7         1

        CLASS   RAM            

        CLASS   ABS1           
                abs_s1                               7E       7E        2         1

        CLASS   SFR0           

        CLASS   SFR1           

        CLASS   SFR2           

        CLASS   SFR3           

        CLASS   CONFIG         
                config                             2007     2007        1         0

        CLASS   IDLOC          

        CLASS   EEDATA         



SEGMENTS        Name                           Load    Length   Top    Selector   Space  Class     Delta

                reset_vec                      000000  000003  000003         0       0  CODE        2
                intentry                       000004  000804  000808         8       0  CODE        2
                cstackBANK0                    000020  00003B  00005B        20       1  BANK0       1
                cstackCOMMON                   000070  00000E  00007E        70       1  COMMON      1
                bssBANK1                       0000A0  00004B  0000EB        A0       1  BANK1       1
                cstackBANK3                    000190  000007  000197       190       1  BANK3       1
                text1273                       000808  00007D  000885      1010       0  CODE        2
                text1266                       000885  0000A6  00092B      110A       0  CODE        2
                text1268                       00092B  0000C8  0009F3      1256       0  CODE        2
                text1252                       0009F3  0000E4  000AD7      13E6       0  CODE        2
                text1260                       000AD7  00017B  000C52      15AE       0  CODE        2
                text1276                       000C52  0001AE  000E00      18A4       0  CODE        2
                text1253                       000E00  000200  001000      1C00       0  CODE        2
                stringtext                     001000  00019F  00119F        20       0  STRCODE     2
                idataBANK0                     001315  000003  001318      262A       0  CODE        2
                text1247                       001318  00000A  001322      2630       0  CODE        2
                text1277                       001322  00000C  00132E      2644       0  CODE        2
                text1259                       00132E  00000C  00133A      265C       0  CODE        2
                idataBANK1                     00133A  00000D  001347      2674       0  CODE        2
                inittext                       001347  000013  00135A      268E       0  CODE        2
                text1264                       00135A  000016  001370      26B4       0  CODE        2
                text1246                       001370  000016  001386      26E0       0  CODE        2
                text1245                       001386  000018  00139E      270C       0  CODE        2
                text1265                       00139E  000019  0013B7      273C       0  CODE        2
                text1263                       0013B7  000019  0013D0      276E       0  CODE        2
                text1256                       0013D0  00001F  0013EF      27A0       0  CODE        2
                text1254                       0013EF  00001F  00140E      27DE       0  CODE        2
                text1272                       00140E  000021  00142F      281C       0  CODE        2
                text1248                       00142F  000025  001454      285E       0  CODE        2
                text1258                       001454  00002A  00147E      28A8       0  CODE        2
                text1257                       00147E  00002A  0014A8      28FC       0  CODE        2
                text1261                       0014A8  00002B  0014D3      2950       0  CODE        2
                text1251                       0014D3  00002B  0014FE      29A6       0  CODE        2
                text1249                       0014FE  00002B  001529      29FC       0  CODE        2
                text1269                       001529  00002C  001555      2A52       0  CODE        2
                text1262                       001555  000032  001587      2AAA       0  CODE        2
                text1255                       001587  00003F  0015C6      2B0E       0  CODE        2
                text1279                       0015C6  000043  001609      2B8C       0  CODE        2
                text1271                       001609  000045  00164E      2C12       0  CODE        2
                text1278                       00164E  00004D  00169B      2C9C       0  CODE        2
                text1270                       00169B  00004F  0016EA      2D36       0  CODE        2
                text1275                       0016EA  000078  001762      2DD4       0  CODE        2
                text1274                       001762  00009E  001800      2EC4       0  CODE        2
                config                         002007  000001  002008      400E       0  CONFIG      2


UNUSED ADDRESS RANGES

        Name                Unused          Largest block    Delta
        BANK0            005B-006F             15           1
        BANK1            00EB-00EF              5           1
        BANK2            0115-016F             5B           1
        BANK3            0197-01EF             59           1
        CODE             0003-0003              1           2
                         119F-1314            176
                         1800-1FFF            800
        CONFIG           2008-2008              1           2
        CONST            0003-0003              1           2
                         119F-1314            100
                         1800-1FFF            100
        ENTRY            0003-0003              1           2
                         119F-1314            100
                         1800-1FFF            100
        IDLOC            2000-2003              4           2
        RAM              005B-006F             15           1
                         00EB-00EF              5
                         0115-016F             5B
                         0197-01EF             59
        SFR0             0000-001F             20           1
        SFR1             0080-009F             20           1
        SFR2             0100-0114             15           1
        SFR3             0180-018F             10           1
        STRCODE          0003-0003              1           2
                         119F-1314            176
                         1800-1FFF            800
        STRING           0003-0003              1           2
                         119F-1314            100
                         1800-1FFF            100

                                  Symbol Table

?_SPI_Write_Buf                         cstackBANK0  0038
?_SPI_Write_Reg                         cstackBANK0  0038
?_Send_Packet                           cstackBANK0  004C
?___ftdiv                               cstackBANK0  003D
?___ftge                                cstackBANK0  0045
?___ftmul                               cstackBANK0  003D
?___ftpack                              cstackBANK0  0035
?___fttol                               cstackBANK0  0035
?___lbtoft                              cstackBANK0  003D
?___lwdiv                               cstackBANK0  0035
?___lwmod                               cstackBANK0  003D
?___wmul                                cstackBANK0  0035
?_printf                                cstackBANK0  0043
?i1___lwdiv                             cstackCOMMON 0070
?i1___lwmod                             cstackCOMMON 0078
?i1_printf                              cstackBANK0  0020
RFM70_Initialize@WriteArr               cstackBANK1  00C7
RFM70_Initialize@i                      cstackBANK1  00D3
RFM70_Initialize@j                      cstackBANK1  00D4
SPI_RW@value                            cstackBANK0  0037
SPI_Read_Reg@reg                        cstackBANK0  0039
SPI_Read_Reg@value                      cstackBANK0  003A
SPI_Write_Buf@byte_ctr                  cstackBANK0  003C
SPI_Write_Buf@length                    cstackBANK0  0039
SPI_Write_Buf@pBuf                      cstackBANK0  0038
SPI_Write_Buf@reg                       cstackBANK0  003B
SPI_Write_Reg@reg                       cstackBANK0  0039
SPI_Write_Reg@value                     cstackBANK0  0038
Send_Packet@fifo_sta                    cstackBANK1  00D4
Send_Packet@i                           cstackBANK1  00D5
Send_Packet@len                         cstackBANK0  004D
Send_Packet@pbuf                        cstackBANK0  004C
Send_Packet@type                        cstackBANK1  00D3
SwitchCFG@Tmp                           cstackBANK0  003D
SwitchCFG@_cfg                          cstackBANK0  003C
SwitchToRxMode@value                    cstackBANK0  003C
SwitchToTxMode@value                    cstackBANK0  003C
_ADCON0bits                             (abs)        001F
_ADCON1bits                             (abs)        009F
_ADRES                                  (abs)        001E
_ANSELAbits                             (abs)        0185
_ANSELBbits                             (abs)        0186
_ANSELCbits                             (abs)        0187
_ANSELDbits                             (abs)        0188
_ANSELEbits                             (abs)        0189
_Bank0_Reg                              stringtext   104A
_Bank1_Reg0_13                          stringtext   1012
_Bank1_Reg14                            stringtext   1078
_DACCON0                                (abs)        0113
_DACCON1                                (abs)        0114
_FVRCONbits                             (abs)        009D
_GIE                                    (abs)        005F
_ISR                                    text1275     16EA
_OSCCONbits                             (abs)        0090
_PEIE                                   (abs)        005E
_PIR1bits                               (abs)        000C
_PORTAbits                              (abs)        0005
_PORTBbits                              (abs)        0006
_PORTCbits                              (abs)        0007
_PORTD                                  (abs)        0008
_PORTDbits                              (abs)        0008
_PORTEbits                              (abs)        0009
_RCIF                                   (abs)        0065
_RCREG                                  (abs)        001A
_RCSTA                                  (abs)        0018
_RCSTAbits                              (abs)        0018
_RFM70_Initialize                       text1250     0015
_RX0_Address                            stringtext   1095
_RX1_Address                            stringtext   109A
_SPBRG                                  (abs)        0099
_SPI_RW                                 text1265     139E
_SPI_Read_Reg                           text1263     13B7
_SPI_Write_Buf                          text1257     147E
_SPI_Write_Reg                          text1264     135A
_SSPBUF                                 (abs)        0013
_SSPCONbits                             (abs)        0014
_SSPSTATbits                            (abs)        0094
_Send_Packet                            text1252     09F3
_SwitchCFG                              text1262     1555
_SwitchToRxMode                         text1255     1587
_SwitchToTxMode                         text1258     1454
_T1CONbits                              (abs)        0010
_T1GCONbits                             (abs)        008F
_TMR1H                                  (abs)        000F
_TMR1IE                                 (abs)        0460
_TMR1IF                                 (abs)        0060
_TMR1L                                  (abs)        000E
_TRISAbits                              (abs)        0085
_TRISBbits                              (abs)        0086
_TRISCbits                              (abs)        0087
_TRISDbits                              (abs)        0088
_TRISEbits                              (abs)        0089
_TXIF                                   (abs)        0064
_TXREG                                  (abs)        0019
_TXSTA                                  (abs)        0098
_TXSTAbits                              (abs)        0098
__CFG_BOREN$OFF                         (abs)        0000
__CFG_CP$OFF                            (abs)        0000
__CFG_FOSC$INTOSC                       (abs)        0000
__CFG_MCLRE$ON                          (abs)        0000
__CFG_PLLEN$ON                          (abs)        0000
__CFG_PWRTE$OFF                         (abs)        0000
__CFG_WDTE$OFF                          (abs)        0000
__Habs1                                 abs1         0000
__Hbank0                                bank0        0000
__Hbank1                                bank1        0000
__Hbank2                                bank2        0000
__Hbank3                                bank3        0000
__HbitbssBANK0                          bitbssBANK0  0000
__HbssBANK0                             bssBANK0     0000
__HbssBANK1                             bssBANK1     0000
__Hcinit                                cinit        0000
__Hclrtext                              clrtext      0000
__Hcode                                 code         0000
__Hcommon                               common       0000
__Hconfig                               config       2008
__HcstackBANK0                          cstackBANK0  0000
__HcstackBANK1                          cstackBANK1  0000
__HcstackBANK3                          cstackBANK3  0000
__HcstackCOMMON                         cstackCOMMON 0000
__HdataBANK0                            dataBANK0    0000
__HdataBANK1                            dataBANK1    0000
__Heeprom_data                          eeprom_data  0000
__Hend_init                             end_init     0015
__Hfunctab                              functab      0000
__HidataBANK0                           idataBANK0   0000
__HidataBANK1                           idataBANK1   0000
__Hidloc                                idloc        0000
__Hinit                                 init         0012
__Hinittext                             inittext     0000
__Hintentry                             intentry     0012
__Hmaintext                             maintext     0000
__Hpowerup                              powerup      0000
__Hram                                  ram          0000
__Hreset_vec                            reset_vec    0003
__Hsfr0                                 sfr0         0000
__Hsfr1                                 sfr1         0000
__Hsfr2                                 sfr2         0000
__Hsfr3                                 sfr3         0000
__Hstrings                              strings      0000
__Hstringtext                           stringtext   0000
__Htext                                 text         0000
__Labs1                                 abs1         0000
__Lbank0                                bank0        0000
__Lbank1                                bank1        0000
__Lbank2                                bank2        0000
__Lbank3                                bank3        0000
__LbitbssBANK0                          bitbssBANK0  0000
__LbssBANK0                             bssBANK0     0000
__LbssBANK1                             bssBANK1     0000
__Lcinit                                cinit        0000
__Lclrtext                              clrtext      0000
__Lcode                                 code         0000
__Lcommon                               common       0000
__Lconfig                               config       2007
__LcstackBANK0                          cstackBANK0  0000
__LcstackBANK1                          cstackBANK1  0000
__LcstackBANK3                          cstackBANK3  0000
__LcstackCOMMON                         cstackCOMMON 0000
__LdataBANK0                            dataBANK0    0000
__LdataBANK1                            dataBANK1    0000
__Leeprom_data                          eeprom_data  0000
__Lend_init                             end_init     0012
__Lfunctab                              functab      0000
__LidataBANK0                           idataBANK0   0000
__LidataBANK1                           idataBANK1   0000
__Lidloc                                idloc        0000
__Linit                                 init         0012
__Linittext                             inittext     0000
__Lintentry                             intentry     0004
__Lmaintext                             maintext     0000
__Lpowerup                              powerup      0000
__Lram                                  ram          0000
__Lreset_vec                            reset_vec    0000
__Lsfr0                                 sfr0         0000
__Lsfr1                                 sfr1         0000
__Lsfr2                                 sfr2         0000
__Lsfr3                                 sfr3         0000
__Lstrings                              strings      0000
__Lstringtext                           stringtext   0000
__Ltext                                 text         0000
__S0                                    (abs)        2008
__S1                                    (abs)        0197
___ftdiv                                text1268     092B
___ftdiv@cntr                           cstackBANK0  0047
___ftdiv@exp                            cstackBANK0  004B
___ftdiv@f1                             cstackBANK0  0040
___ftdiv@f2                             cstackBANK0  003D
___ftdiv@f3                             cstackBANK0  0048
___ftdiv@sign                           cstackBANK0  004C
___ftge                                 text1274     1762
___ftge@ff1                             cstackBANK0  0045
___ftge@ff2                             cstackBANK0  0048
___ftmul                                text1267     06E3
___ftmul@cntr                           cstackBANK0  004B
___ftmul@exp                            cstackBANK0  0047
___ftmul@f1                             cstackBANK0  003D
___ftmul@f2                             cstackBANK0  0040
___ftmul@f3_as_product                  cstackBANK0  0048
___ftmul@sign                           cstackBANK0  004C
___ftpack                               text1273     0808
___ftpack@arg                           cstackBANK0  0035
___ftpack@exp                           cstackBANK0  0038
___ftpack@sign                          cstackBANK0  0039
___fttol                                text1266     0885
___fttol@exp1                           cstackBANK0  0042
___fttol@f1                             cstackBANK0  0035
___fttol@lval                           cstackBANK0  003E
___fttol@sign1                          cstackBANK0  003D
___lbtoft                               text1272     140E
___lbtoft@c                             cstackBANK0  0044
___lwdiv                                text1270     169B
___lwdiv@counter                        cstackBANK0  003A
___lwdiv@dividend                       cstackBANK0  0037
___lwdiv@divisor                        cstackBANK0  0035
___lwdiv@quotient                       cstackBANK0  003B
___lwmod                                text1271     1609
___lwmod@counter                        cstackBANK0  0042
___lwmod@dividend                       cstackBANK0  003F
___lwmod@divisor                        cstackBANK0  003D
___wmul                                 text1269     1529
___wmul@multiplicand                    cstackBANK0  0037
___wmul@multiplier                      cstackBANK0  0035
___wmul@product                         cstackBANK0  0039
__end_of_Bank0_Reg                      stringtext   1078
__end_of_Bank0_RegAct                   stringtext   10A3
__end_of_Bank1_Reg0_13                  stringtext   104A
__end_of_Bank1_Reg14                    stringtext   1083
__end_of_ISR                            text1275     1762
__end_of_RFM70_Initialize               text1250     03A1
__end_of_RX0_Address                    stringtext   109A
__end_of_RX1_Address                    stringtext   109F
__end_of_SPI_RW                         text1265     13B7
__end_of_SPI_Read_Reg                   text1263     13D0
__end_of_SPI_Write_Buf                  text1257     14A8
__end_of_SPI_Write_Reg                  text1264     1370
__end_of_Send_Packet                    text1252     0AD7
__end_of_SwitchCFG                      text1262     1587
__end_of_SwitchToRxMode                 text1255     15C6
__end_of_SwitchToTxMode                 text1258     147E
__end_of___ftdiv                        text1268     09F3
__end_of___ftge                         text1274     1800
__end_of___ftmul                        text1267     07D1
__end_of___ftpack                       text1273     0885
__end_of___fttol                        text1266     092B
__end_of___lbtoft                       text1272     142F
__end_of___lwdiv                        text1270     16EA
__end_of___lwmod                        text1271     164E
__end_of___wmul                         text1269     1555
__end_of__initialization                cinit        07FC
__end_of__stringdata                    stringtext   119F
__end_of__stringtab                     stringtext   1012
__end_of_adcInit                        text1247     1322
__end_of_adcReadTemp                    text1251     14FE
__end_of_adcReadVcap                    text1261     14D3
__end_of_adcReadVsupercap               text1249     1529
__end_of_dpowers                        stringtext   108D
__end_of_hexpowers                      stringtext   1095
__end_of_main                           maintext     06E3
__end_of_printf                         text1253     1000
__end_of_putch                          text1259     133A
__end_of_rfm70TxDataSentErrorInterrupt  text1254     140E
__end_of_rfm70TxDataSentInterrupt       text1256     13EF
__end_of_rfm70setPowerdownMode          text1248     1454
__end_of_sleep                          text1260     0C52
__end_of_spiInit                        text1245     139E
__end_of_uartInit                       text1246     1386
__end_ofi1___lwdiv                      text1278     169B
__end_ofi1___lwmod                      text1279     1609
__end_ofi1_printf                       text1276     0E00
__end_ofi1_putch                        text1277     132E
__initialization                        cinit        07D1
__pbitbssBANK0                          bitbssBANK0  02D0
__pbssBANK0                             bssBANK0     0050
__pbssBANK1                             bssBANK1     00A0
__pcstackBANK0                          cstackBANK0  0020
__pcstackBANK1                          cstackBANK1  00C7
__pcstackBANK3                          cstackBANK3  0190
__pcstackCOMMON                         cstackCOMMON 0070
__pdataBANK0                            dataBANK0    0057
__pdataBANK1                            dataBANK1    00DE
__pidataBANK0                           idataBANK0   1315
__pidataBANK1                           idataBANK1   133A
__pintentry                             intentry     0004
__pmaintext                             maintext     03A1
__pstringtext                           stringtext   1000
__ptext1245                             text1245     1386
__ptext1246                             text1246     1370
__ptext1247                             text1247     1318
__ptext1248                             text1248     142F
__ptext1249                             text1249     14FE
__ptext1250                             text1250     0015
__ptext1251                             text1251     14D3
__ptext1252                             text1252     09F3
__ptext1253                             text1253     0E00
__ptext1254                             text1254     13EF
__ptext1255                             text1255     1587
__ptext1256                             text1256     13D0
__ptext1257                             text1257     147E
__ptext1258                             text1258     1454
__ptext1259                             text1259     132E
__ptext1260                             text1260     0AD7
__ptext1261                             text1261     14A8
__ptext1262                             text1262     1555
__ptext1263                             text1263     13B7
__ptext1264                             text1264     135A
__ptext1265                             text1265     139E
__ptext1266                             text1266     0885
__ptext1267                             text1267     06E3
__ptext1268                             text1268     092B
__ptext1269                             text1269     1529
__ptext1270                             text1270     169B
__ptext1271                             text1271     1609
__ptext1272                             text1272     140E
__ptext1273                             text1273     0808
__ptext1274                             text1274     1762
__ptext1275                             text1275     16EA
__ptext1276                             text1276     0C52
__ptext1277                             text1277     1322
__ptext1278                             text1278     164E
__ptext1279                             text1279     15C6
__ptext1280                             text1280     0000
__size_of_ISR                           (abs)        0000
__size_of_RFM70_Initialize              (abs)        0000
__size_of_SPI_RW                        (abs)        0000
__size_of_SPI_Read_Reg                  (abs)        0000
__size_of_SPI_Write_Buf                 (abs)        0000
__size_of_SPI_Write_Reg                 (abs)        0000
__size_of_Send_Packet                   (abs)        0000
__size_of_SwitchCFG                     (abs)        0000
__size_of_SwitchToRxMode                (abs)        0000
__size_of_SwitchToTxMode                (abs)        0000
__size_of___ftdiv                       (abs)        0000
__size_of___ftge                        (abs)        0000
__size_of___ftmul                       (abs)        0000
__size_of___ftpack                      (abs)        0000
__size_of___fttol                       (abs)        0000
__size_of___lbtoft                      (abs)        0000
__size_of___lwdiv                       (abs)        0000
__size_of___lwmod                       (abs)        0000
__size_of___wmul                        (abs)        0000
__size_of_adcInit                       (abs)        0000
__size_of_adcReadTemp                   (abs)        0000
__size_of_adcReadVcap                   (abs)        0000
__size_of_adcReadVsupercap              (abs)        0000
__size_of_main                          (abs)        0000
__size_of_printf                        (abs)        0000
__size_of_putch                         (abs)        0000
__size_of_rfm70TxDataSentErrorInterrupt (abs)        0000
__size_of_rfm70TxDataSentInterrupt      (abs)        0000
__size_of_rfm70setPowerdownMode         (abs)        0000
__size_of_sleep                         (abs)        0000
__size_of_spiInit                       (abs)        0000
__size_of_uartInit                      (abs)        0000
__size_ofi1___lwdiv                     (abs)        0000
__size_ofi1___lwmod                     (abs)        0000
__size_ofi1_printf                      (abs)        0000
__size_ofi1_putch                       (abs)        0000
__stringdata                            stringtext   10A3
__stringtab                             stringtext   1000
_adcInit                                text1247     1318
_adcReadTemp                            text1251     14D3
_adcReadVcap                            text1261     14A8
_adcReadVsupercap                       text1249     14FE
_charge_pulse                           bssBANK0     0050
_charge_pulse_float                     dataBANK1    00DE
_charge_time                            bssBANK0     0052
_dpowers                                stringtext   1083
_flag                                   bitbssBANK0  02D0
_hexpowers                              stringtext   108D
_jumper_stat                            bssBANK0     0054
_main                                   maintext     03A1
_printf                                 text1253     0E00
_putch                                  text1259     132E
_rfm70TxDataSentErrorInterrupt          text1254     13EF
_rfm70TxDataSentInterrupt               text1256     13D0
_rfm70setPowerdownMode                  text1248     142F
_sleep                                  text1260     0AD7
_sleep_count                            bssBANK1     00C6
_sleep_counter                          bssBANK0     0055
_spiInit                                text1245     1386
_timelapse_count                        bssBANK1     00C0
_tmr1Counter                            bssBANK0     0056
_tmr1Target                             dataBANK0    0059
_tx_buf                                 dataBANK1    00E1
_uartInit                               text1246     1370
_value                                  bssBANK1     00C2
_values                                 bssBANK1     00C4
adcReadTemp@value                       cstackBANK0  0037
adcReadVcap@value                       cstackBANK0  0037
adcReadVsupercap@value                  cstackBANK0  0037
btemp                                   (abs)        007E
clear_ram                               clrtext      0800
end_of_initialization                   cinit        07FC
i1___lwdiv                              text1278     164E
i1___lwdiv@counter                      cstackCOMMON 0075
i1___lwdiv@dividend                     cstackCOMMON 0072
i1___lwdiv@divisor                      cstackCOMMON 0070
i1___lwdiv@quotient                     cstackCOMMON 0076
i1___lwmod                              text1279     15C6
i1___lwmod@counter                      cstackCOMMON 007D
i1___lwmod@dividend                     cstackCOMMON 007A
i1___lwmod@divisor                      cstackCOMMON 0078
i1_printf                               text1276     0C52
i1_putch                                text1277     1322
i1printf@_val                           cstackBANK0  0029
i1printf@ap                             cstackBANK0  0026
i1printf@c                              cstackBANK0  002D
i1printf@f                              cstackBANK0  0020
i1printf@flag                           cstackBANK0  0028
i1printf@idx                            cstackBANK0  0025
i1printf@prec                           cstackBANK0  0027
i1putch@c                               cstackCOMMON 0070
init_fetch                              inittext     1347
init_ram                                inittext     134B
interrupt_function                      intentry     0004
intlevel0                               functab      0000
intlevel1                               functab      0000
intlevel2                               functab      0000
intlevel3                               functab      0000
intlevel4                               functab      0000
intlevel5                               functab      0000
main@i                                  cstackBANK3  0190
main@num_sleep                          cstackBANK3  0194
main@temp                               cstackBANK3  0195
printf@_val                             cstackBANK1  00CB
printf@ap                               cstackBANK1  00C8
printf@c                                cstackBANK1  00CF
printf@f                                cstackBANK0  0043
printf@flag                             cstackBANK1  00CA
printf@idx                              cstackBANK1  00C7
printf@prec                             cstackBANK1  00C9
putch@c                                 cstackBANK0  0035
reset_vec                               reset_vec    0000
rfm70setPowerdownMode@reg               cstackBANK0  003D
rfm70setPowerdownMode@value             cstackBANK0  003C
saved_w                                 (abs)        007E
sleep@new_value                         cstackBANK0  004F
start                                   init         0012
start_initialization                    cinit        07D1
wtemp0                                  (abs)        007E


FUNCTION INFORMATION:

 *************** function _main *****************
 Defined at:
		line 156 in file "main.c"
 Parameters:    Size  Location     Type
  argc            2   15[BANK1 ] int 
  argv            2   17[BANK1 ] PTR PTR unsigned char 
 Auto vars:     Size  Location     Type
  temp_tx_buf    32    0        unsigned char [32]
  i               4    0[BANK3 ] long 
  temp            2    5[BANK3 ] unsigned int 
  num_sleep       1    4[BANK3 ] unsigned char 
 Return value:  Size  Location     Type
                  2   15[BANK1 ] int 
 Registers used:
		wreg, fsr0l, fsr0h, fsr1l, fsr1h, status,2, status,0, btemp+1, pclath, cstack
 Tracked objects:
		On entry : 
		On exit  : 
		Unchanged: 
 Data sizes:     COMMON   BANK0   BANK1   BANK3   BANK2
      Params:         0       0       4       0       0
      Locals:         0       0       0       7       0
      Temps:          0       0       4       0       0
      Totals:         0       0       8       7       0
Total ram usage:       15 bytes
 Hardware stack levels required when called:    7
 This function calls:
		_spiInit
		_uartInit
		_adcInit
		_rfm70setPowerdownMode
		_printf
		_adcReadVcap
		_adcReadVsupercap
		___lbtoft
		___ftge
		_RFM70_Initialize
		___wmul
		___fttol
		_adcReadTemp
		_Send_Packet
		_sleep
 This function is called by:
		Startup code after reset
 This function uses a non-reentrant model


 *************** function _spiInit *****************
 Defined at:
		line 736 in file "main.c"
 Parameters:    Size  Location     Type
		None
 Auto vars:     Size  Location     Type
		None
 Return value:  Size  Location     Type
		None               void
 Registers used:
		wreg, status,2, status,0
 Tracked objects:
		On entry : 
		On exit  : 
		Unchanged: 
 Data sizes:     COMMON   BANK0   BANK1   BANK3   BANK2
      Params:         0       0       0       0       0
      Locals:         0       0       0       0       0
      Temps:          0       2       0       0       0
      Totals:         0       2       0       0       0
Total ram usage:        2 bytes
 Hardware stack levels used:    1
 Hardware stack levels required when called:    3
 This function calls:
		Nothing
 This function is called by:
		_main
 This function uses a non-reentrant model


 *************** function _uartInit *****************
 Defined at:
		line 714 in file "main.c"
 Parameters:    Size  Location     Type
		None
 Auto vars:     Size  Location     Type
		None
 Return value:  Size  Location     Type
		None               void
 Registers used:
		wreg, status,2
 Tracked objects:
		On entry : 
		On exit  : 
		Unchanged: 
 Data sizes:     COMMON   BANK0   BANK1   BANK3   BANK2
      Params:         0       0       0       0       0
      Locals:         0       0       0       0       0
      Temps:          0       0       0       0       0
      Totals:         0       0       0       0       0
Total ram usage:        0 bytes
 Hardware stack levels used:    1
 Hardware stack levels required when called:    3
 This function calls:
		Nothing
 This function is called by:
		_main
 This function uses a non-reentrant model


 *************** function _adcInit *****************
 Defined at:
		line 748 in file "main.c"
 Parameters:    Size  Location     Type
		None
 Auto vars:     Size  Location     Type
		None
 Return value:  Size  Location     Type
		None               void
 Registers used:
		wreg, status,2, status,0
 Tracked objects:
		On entry : 
		On exit  : 
		Unchanged: 
 Data sizes:     COMMON   BANK0   BANK1   BANK3   BANK2
      Params:         0       0       0       0       0
      Locals:         0       0       0       0       0
      Temps:          0       0       0       0       0
      Totals:         0       0       0       0       0
Total ram usage:        0 bytes
 Hardware stack levels used:    1
 Hardware stack levels required when called:    3
 This function calls:
		Nothing
 This function is called by:
		_main
 This function uses a non-reentrant model


 *************** function _rfm70setPowerdownMode *****************
 Defined at:
		line 400 in file "rfm70.c"
 Parameters:    Size  Location     Type
  value           1    wreg     unsigned char 
 Auto vars:     Size  Location     Type
  value           1   28[BANK0 ] unsigned char 
  reg             1   29[BANK0 ] unsigned char 
 Return value:  Size  Location     Type
		None               void
 Registers used:
		wreg, status,2, status,0, pclath, cstack
 Tracked objects:
		On entry : 
		On exit  : 
		Unchanged: 
 Data sizes:     COMMON   BANK0   BANK1   BANK3   BANK2
      Params:         0       0       0       0       0
      Locals:         0       2       0       0       0
      Temps:          0       1       0       0       0
      Totals:         0       3       0       0       0
Total ram usage:        3 bytes
 Hardware stack levels used:    1
 Hardware stack levels required when called:    5
 This function calls:
		_SPI_Read_Reg
		_SPI_Write_Reg
 This function is called by:
		_main
 This function uses a non-reentrant model


 *************** function _adcReadVsupercap *****************
 Defined at:
		line 661 in file "main.c"
 Parameters:    Size  Location     Type
		None
 Auto vars:     Size  Location     Type
  value           1   23[BANK0 ] unsigned char 
 Return value:  Size  Location     Type
                  1    wreg      unsigned char 
 Registers used:
		wreg, status,2, status,0
 Tracked objects:
		On entry : 
		On exit  : 
		Unchanged: 
 Data sizes:     COMMON   BANK0   BANK1   BANK3   BANK2
      Params:         0       0       0       0       0
      Locals:         0       1       0       0       0
      Temps:          0       2       0       0       0
      Totals:         0       3       0       0       0
Total ram usage:        3 bytes
 Hardware stack levels used:    1
 Hardware stack levels required when called:    3
 This function calls:
		Nothing
 This function is called by:
		_main
 This function uses a non-reentrant model


 *************** function _RFM70_Initialize *****************
 Defined at:
		line 252 in file "rfm70.c"
 Parameters:    Size  Location     Type
		None
 Auto vars:     Size  Location     Type
  WriteArr       12    0[BANK1 ] unsigned char [12]
  j               1   13[BANK1 ] unsigned char 
  i               1   12[BANK1 ] unsigned char 
 Return value:  Size  Location     Type
		None               void
 Registers used:
		wreg, fsr0l, fsr0h, status,2, status,0, btemp+1, pclath, cstack
 Tracked objects:
		On entry : 
		On exit  : 
		Unchanged: 
 Data sizes:     COMMON   BANK0   BANK1   BANK3   BANK2
      Params:         0       0       0       0       0
      Locals:         0       0      14       0       0
      Temps:          0       7       0       0       0
      Totals:         0       7      14       0       0
Total ram usage:       21 bytes
 Hardware stack levels used:    1
 Hardware stack levels required when called:    6
 This function calls:
		_SwitchCFG
		_SPI_Write_Reg
		_SPI_Write_Buf
		_SPI_Read_Reg
 This function is called by:
		_main
 This function uses a non-reentrant model


 *************** function _adcReadTemp *****************
 Defined at:
		line 631 in file "main.c"
 Parameters:    Size  Location     Type
		None
 Auto vars:     Size  Location     Type
  value           1   23[BANK0 ] unsigned char 
 Return value:  Size  Location     Type
                  1    wreg      unsigned char 
 Registers used:
		wreg, status,2, status,0
 Tracked objects:
		On entry : 
		On exit  : 
		Unchanged: 
 Data sizes:     COMMON   BANK0   BANK1   BANK3   BANK2
      Params:         0       0       0       0       0
      Locals:         0       1       0       0       0
      Temps:          0       2       0       0       0
      Totals:         0       3       0       0       0
Total ram usage:        3 bytes
 Hardware stack levels used:    1
 Hardware stack levels required when called:    3
 This function calls:
		Nothing
 This function is called by:
		_main
 This function uses a non-reentrant model


 *************** function _Send_Packet *****************
 Defined at:
		line 802 in file "main.c"
 Parameters:    Size  Location     Type
  type            1    wreg     unsigned char 
  pbuf            1   44[BANK0 ] PTR unsigned char 
		 -> tx_buf(10), 
  len             1   45[BANK0 ] unsigned char 
 Auto vars:     Size  Location     Type
  type            1   12[BANK1 ] unsigned char 
  i               1   14[BANK1 ] unsigned char 
  fifo_sta        1   13[BANK1 ] unsigned char 
 Return value:  Size  Location     Type
		None               void
 Registers used:
		wreg, fsr0l, fsr0h, fsr1l, fsr1h, status,2, status,0, btemp+1, pclath, cstack
 Tracked objects:
		On entry : 
		On exit  : 
		Unchanged: 
 Data sizes:     COMMON   BANK0   BANK1   BANK3   BANK2
      Params:         0       2       0       0       0
      Locals:         0       0       3       0       0
      Temps:          0       0       3       0       0
      Totals:         0       2       6       0       0
Total ram usage:        8 bytes
 Hardware stack levels used:    1
 Hardware stack levels required when called:    6
 This function calls:
		_SwitchToTxMode
		_SPI_Read_Reg
		_printf
		_SPI_Write_Buf
		_rfm70TxDataSentInterrupt
		_SwitchToRxMode
		_rfm70TxDataSentErrorInterrupt
 This function is called by:
		_main
 This function uses a non-reentrant model


 *************** function _printf *****************
 Defined at:
		line 465 in file "/Applications/microchip/xc8/v1.12/sources/doprnt.c"
 Parameters:    Size  Location     Type
  f               2   35[BANK0 ] PTR const unsigned char 
		 -> STR_15(5), STR_14(12), Receive_Packet@rx_buf(32), STR_13(5), 
		 -> STR_12(24), STR_11(17), STR_10(3), STR_9(3), 
		 -> STR_8(10), STR_7(18), STR_6(21), STR_5(26), 
		 -> STR_4(37), STR_3(23), STR_2(20), STR_1(19), 
 Auto vars:     Size  Location     Type
  idx             1    0[BANK1 ] unsigned char 
  _val            4    4[BANK1 ] struct .
  c               1    8[BANK1 ] char 
  flag            1    3[BANK1 ] unsigned char 
  prec            1    2[BANK1 ] char 
  ap              1    1[BANK1 ] PTR void [1]
		 -> ?_printf(2), 
 Return value:  Size  Location     Type
                  2   35[BANK0 ] int 
 Registers used:
		wreg, fsr0l, fsr0h, status,2, status,0, btemp+1, pclath, cstack
 Tracked objects:
		On entry : 
		On exit  : 
		Unchanged: 
 Data sizes:     COMMON   BANK0   BANK1   BANK3   BANK2
      Params:         0       6       0       0       0
      Locals:         0       0       9       0       0
      Temps:          0       3       0       0       0
      Totals:         0       9       9       0       0
Total ram usage:       18 bytes
 Hardware stack levels used:    1
 Hardware stack levels required when called:    4
 This function calls:
		_putch
		___lwdiv
		___lwmod
 This function is called by:
		_main
		_Send_Packet
		_Receive_Packet
 This function uses a non-reentrant model


 *************** function _rfm70TxDataSentErrorInterrupt *****************
 Defined at:
		line 380 in file "rfm70.c"
 Parameters:    Size  Location     Type
		None
 Auto vars:     Size  Location     Type
		None
 Return value:  Size  Location     Type
                  1    wreg      unsigned char 
 Registers used:
		wreg, status,2, status,0, pclath, cstack
 Tracked objects:
		On entry : 
		On exit  : 
		Unchanged: 
 Data sizes:     COMMON   BANK0   BANK1   BANK3   BANK2
      Params:         0       0       0       0       0
      Locals:         0       0       0       0       0
      Temps:          0       1       0       0       0
      Totals:         0       1       0       0       0
Total ram usage:        1 bytes
 Hardware stack levels used:    1
 Hardware stack levels required when called:    5
 This function calls:
		_SPI_Read_Reg
		_SPI_Write_Reg
 This function is called by:
		_Send_Packet
 This function uses a non-reentrant model


 *************** function _SwitchToRxMode *****************
 Defined at:
		line 165 in file "rfm70.c"
 Parameters:    Size  Location     Type
		None
 Auto vars:     Size  Location     Type
  value           1   28[BANK0 ] unsigned char 
 Return value:  Size  Location     Type
		None               void
 Registers used:
		wreg, status,2, status,0, pclath, cstack
 Tracked objects:
		On entry : 
		On exit  : 
		Unchanged: 
 Data sizes:     COMMON   BANK0   BANK1   BANK3   BANK2
      Params:         0       0       0       0       0
      Locals:         0       1       0       0       0
      Temps:          0       1       0       0       0
      Totals:         0       2       0       0       0
Total ram usage:        2 bytes
 Hardware stack levels used:    1
 Hardware stack levels required when called:    5
 This function calls:
		_SPI_Write_Reg
		_SPI_Read_Reg
 This function is called by:
		_Send_Packet
		_Receive_Packet
 This function uses a non-reentrant model


 *************** function _rfm70TxDataSentInterrupt *****************
 Defined at:
		line 371 in file "rfm70.c"
 Parameters:    Size  Location     Type
		None
 Auto vars:     Size  Location     Type
		None
 Return value:  Size  Location     Type
                  1    wreg      unsigned char 
 Registers used:
		wreg, status,2, status,0, pclath, cstack
 Tracked objects:
		On entry : 
		On exit  : 
		Unchanged: 
 Data sizes:     COMMON   BANK0   BANK1   BANK3   BANK2
      Params:         0       0       0       0       0
      Locals:         0       0       0       0       0
      Temps:          0       1       0       0       0
      Totals:         0       1       0       0       0
Total ram usage:        1 bytes
 Hardware stack levels used:    1
 Hardware stack levels required when called:    5
 This function calls:
		_SPI_Read_Reg
		_SPI_Write_Reg
 This function is called by:
		_Send_Packet
 This function uses a non-reentrant model


 *************** function _SPI_Write_Buf *****************
 Defined at:
		line 147 in file "rfm70.c"
 Parameters:    Size  Location     Type
  reg             1    wreg     unsigned char 
  pBuf            1   24[BANK0 ] PTR unsigned char 
		 -> RFM70_Initialize@WriteArr(12), tx_buf(10), 
  length          1   25[BANK0 ] unsigned char 
 Auto vars:     Size  Location     Type
  reg             1   27[BANK0 ] unsigned char 
  byte_ctr        1   28[BANK0 ] unsigned char 
 Return value:  Size  Location     Type
		None               void
 Registers used:
		wreg, fsr0l, fsr0h, status,2, status,0, pclath, cstack
 Tracked objects:
		On entry : 
		On exit  : 
		Unchanged: 
 Data sizes:     COMMON   BANK0   BANK1   BANK3   BANK2
      Params:         0       2       0       0       0
      Locals:         0       2       0       0       0
      Temps:          0       1       0       0       0
      Totals:         0       5       0       0       0
Total ram usage:        5 bytes
 Hardware stack levels used:    1
 Hardware stack levels required when called:    4
 This function calls:
		_SPI_RW
 This function is called by:
		_Send_Packet
		_RFM70_Initialize
 This function uses a non-reentrant model


 *************** function _SwitchToTxMode *****************
 Defined at:
		line 191 in file "rfm70.c"
 Parameters:    Size  Location     Type
		None
 Auto vars:     Size  Location     Type
  value           1   28[BANK0 ] unsigned char 
 Return value:  Size  Location     Type
		None               void
 Registers used:
		wreg, status,2, status,0, pclath, cstack
 Tracked objects:
		On entry : 
		On exit  : 
		Unchanged: 
 Data sizes:     COMMON   BANK0   BANK1   BANK3   BANK2
      Params:         0       0       0       0       0
      Locals:         0       1       0       0       0
      Temps:          0       1       0       0       0
      Totals:         0       2       0       0       0
Total ram usage:        2 bytes
 Hardware stack levels used:    1
 Hardware stack levels required when called:    5
 This function calls:
		_SPI_Write_Reg
		_SPI_Read_Reg
 This function is called by:
		_Send_Packet
 This function uses a non-reentrant model


 *************** function _putch *****************
 Defined at:
		line 759 in file "main.c"
 Parameters:    Size  Location     Type
  c               1    wreg     unsigned char 
 Auto vars:     Size  Location     Type
  c               1   21[BANK0 ] unsigned char 
 Return value:  Size  Location     Type
		None               void
 Registers used:
		wreg
 Tracked objects:
		On entry : 
		On exit  : 
		Unchanged: 
 Data sizes:     COMMON   BANK0   BANK1   BANK3   BANK2
      Params:         0       0       0       0       0
      Locals:         0       1       0       0       0
      Temps:          0       0       0       0       0
      Totals:         0       1       0       0       0
Total ram usage:        1 bytes
 Hardware stack levels used:    1
 Hardware stack levels required when called:    3
 This function calls:
		Nothing
 This function is called by:
		_printf
		_getche
 This function uses a non-reentrant model


 *************** function _sleep *****************
 Defined at:
		line 536 in file "main.c"
 Parameters:    Size  Location     Type
		None
 Auto vars:     Size  Location     Type
  new_value       1   47[BANK0 ] unsigned char 
 Return value:  Size  Location     Type
		None               void
 Registers used:
		wreg, status,2, status,0, btemp+1, pclath, cstack
 Tracked objects:
		On entry : 
		On exit  : 
		Unchanged: 
 Data sizes:     COMMON   BANK0   BANK1   BANK3   BANK2
      Params:         0       0       0       0       0
      Locals:         0       1       0       0       0
      Temps:          0       2       0       0       0
      Totals:         0       3       0       0       0
Total ram usage:        3 bytes
 Hardware stack levels used:    1
 Hardware stack levels required when called:    5
 This function calls:
		_adcReadVcap
		___fttol
		___ftge
		___ftmul
		___ftdiv
 This function is called by:
		_main
 This function uses a non-reentrant model


 *************** function _adcReadVcap *****************
 Defined at:
		line 646 in file "main.c"
 Parameters:    Size  Location     Type
		None
 Auto vars:     Size  Location     Type
  value           1   23[BANK0 ] unsigned char 
 Return value:  Size  Location     Type
                  1    wreg      unsigned char 
 Registers used:
		wreg, status,2, status,0
 Tracked objects:
		On entry : 
		On exit  : 
		Unchanged: 
 Data sizes:     COMMON   BANK0   BANK1   BANK3   BANK2
      Params:         0       0       0       0       0
      Locals:         0       1       0       0       0
      Temps:          0       2       0       0       0
      Totals:         0       3       0       0       0
Total ram usage:        3 bytes
 Hardware stack levels used:    1
 Hardware stack levels required when called:    3
 This function calls:
		Nothing
 This function is called by:
		_main
		_sleep
 This function uses a non-reentrant model


 *************** function _SwitchCFG *****************
 Defined at:
		line 218 in file "rfm70.c"
 Parameters:    Size  Location     Type
  _cfg            1    wreg     unsigned char 
 Auto vars:     Size  Location     Type
  _cfg            1   28[BANK0 ] unsigned char 
  Tmp             1   29[BANK0 ] unsigned char 
 Return value:  Size  Location     Type
		None               void
 Registers used:
		wreg, status,2, status,0, pclath, cstack
 Tracked objects:
		On entry : 
		On exit  : 
		Unchanged: 
 Data sizes:     COMMON   BANK0   BANK1   BANK3   BANK2
      Params:         0       0       0       0       0
      Locals:         0       2       0       0       0
      Temps:          0       1       0       0       0
      Totals:         0       3       0       0       0
Total ram usage:        3 bytes
 Hardware stack levels used:    1
 Hardware stack levels required when called:    5
 This function calls:
		_SPI_Read_Reg
		_SPI_Write_Reg
 This function is called by:
		_RFM70_Initialize
 This function uses a non-reentrant model


 *************** function _SPI_Read_Reg *****************
 Defined at:
		line 109 in file "rfm70.c"
 Parameters:    Size  Location     Type
  reg             1    wreg     unsigned char 
 Auto vars:     Size  Location     Type
  reg             1   25[BANK0 ] unsigned char 
  value           1   26[BANK0 ] unsigned char 
 Return value:  Size  Location     Type
                  1    wreg      unsigned char 
 Registers used:
		wreg, status,2, status,0, pclath, cstack
 Tracked objects:
		On entry : 
		On exit  : 
		Unchanged: 
 Data sizes:     COMMON   BANK0   BANK1   BANK3   BANK2
      Params:         0       0       0       0       0
      Locals:         0       2       0       0       0
      Temps:          0       1       0       0       0
      Totals:         0       3       0       0       0
Total ram usage:        3 bytes
 Hardware stack levels used:    1
 Hardware stack levels required when called:    4
 This function calls:
		_SPI_RW
 This function is called by:
		_Send_Packet
		_SwitchToRxMode
		_SwitchToTxMode
		_SwitchCFG
		_RFM70_Initialize
		_rfm70TxDataSentInterrupt
		_rfm70TxDataSentErrorInterrupt
		_rfm70setPowerdownMode
		_Receive_Packet
		_rfm70_data_sent
 This function uses a non-reentrant model


 *************** function _SPI_Write_Reg *****************
 Defined at:
		line 94 in file "rfm70.c"
 Parameters:    Size  Location     Type
  reg             1    wreg     unsigned char 
  value           1   24[BANK0 ] unsigned char 
 Auto vars:     Size  Location     Type
  reg             1   25[BANK0 ] unsigned char 
 Return value:  Size  Location     Type
		None               void
 Registers used:
		wreg, status,2, status,0, pclath, cstack
 Tracked objects:
		On entry : 
		On exit  : 
		Unchanged: 
 Data sizes:     COMMON   BANK0   BANK1   BANK3   BANK2
      Params:         0       1       0       0       0
      Locals:         0       1       0       0       0
      Temps:          0       0       0       0       0
      Totals:         0       2       0       0       0
Total ram usage:        2 bytes
 Hardware stack levels used:    1
 Hardware stack levels required when called:    4
 This function calls:
		_SPI_RW
 This function is called by:
		_SwitchToRxMode
		_SwitchToTxMode
		_SwitchCFG
		_RFM70_Initialize
		_rfm70TxDataSentInterrupt
		_rfm70TxDataSentErrorInterrupt
		_rfm70setPowerdownMode
		_Receive_Packet
		_SetChannelNum
		_rfm70_data_sent
 This function uses a non-reentrant model


 *************** function _SPI_RW *****************
 Defined at:
		line 78 in file "rfm70.c"
 Parameters:    Size  Location     Type
  value           1    wreg     unsigned char 
 Auto vars:     Size  Location     Type
  value           1   23[BANK0 ] unsigned char 
 Return value:  Size  Location     Type
                  1    wreg      unsigned char 
 Registers used:
		wreg
 Tracked objects:
		On entry : 
		On exit  : 
		Unchanged: 
 Data sizes:     COMMON   BANK0   BANK1   BANK3   BANK2
      Params:         0       0       0       0       0
      Locals:         0       1       0       0       0
      Temps:          0       2       0       0       0
      Totals:         0       3       0       0       0
Total ram usage:        3 bytes
 Hardware stack levels used:    1
 Hardware stack levels required when called:    3
 This function calls:
		Nothing
 This function is called by:
		_SPI_Write_Reg
		_SPI_Read_Reg
		_SPI_Write_Buf
		_SPI_Read_Buf
 This function uses a non-reentrant model


 *************** function ___fttol *****************
 Defined at:
		line 45 in file "/Applications/microchip/xc8/v1.12/sources/fttol.c"
 Parameters:    Size  Location     Type
  f1              3   21[BANK0 ] float 
 Auto vars:     Size  Location     Type
  lval            4   30[BANK0 ] unsigned long 
  exp1            1   34[BANK0 ] unsigned char 
  sign1           1   29[BANK0 ] unsigned char 
 Return value:  Size  Location     Type
                  4   21[BANK0 ] long 
 Registers used:
		wreg, status,2, status,0
 Tracked objects:
		On entry : 
		On exit  : 
		Unchanged: 
 Data sizes:     COMMON   BANK0   BANK1   BANK3   BANK2
      Params:         0       4       0       0       0
      Locals:         0       6       0       0       0
      Temps:          0       4       0       0       0
      Totals:         0      14       0       0       0
Total ram usage:       14 bytes
 Hardware stack levels used:    1
 Hardware stack levels required when called:    3
 This function calls:
		Nothing
 This function is called by:
		_main
		_sleep
 This function uses a non-reentrant model


 *************** function ___ftmul *****************
 Defined at:
		line 52 in file "/Applications/microchip/xc8/v1.12/sources/ftmul.c"
 Parameters:    Size  Location     Type
  f1              3   29[BANK0 ] float 
  f2              3   32[BANK0 ] float 
 Auto vars:     Size  Location     Type
  f3_as_produc    3   40[BANK0 ] unsigned um
  sign            1   44[BANK0 ] unsigned char 
  cntr            1   43[BANK0 ] unsigned char 
  exp             1   39[BANK0 ] unsigned char 
 Return value:  Size  Location     Type
                  3   29[BANK0 ] float 
 Registers used:
		wreg, status,2, status,0, pclath, cstack
 Tracked objects:
		On entry : 
		On exit  : 
		Unchanged: 
 Data sizes:     COMMON   BANK0   BANK1   BANK3   BANK2
      Params:         0       6       0       0       0
      Locals:         0       6       0       0       0
      Temps:          0       4       0       0       0
      Totals:         0      16       0       0       0
Total ram usage:       16 bytes
 Hardware stack levels used:    1
 Hardware stack levels required when called:    4
 This function calls:
		___ftpack
 This function is called by:
		_sleep
 This function uses a non-reentrant model


 *************** function ___ftdiv *****************
 Defined at:
		line 50 in file "/Applications/microchip/xc8/v1.12/sources/ftdiv.c"
 Parameters:    Size  Location     Type
  f2              3   29[BANK0 ] float 
  f1              3   32[BANK0 ] float 
 Auto vars:     Size  Location     Type
  f3              3   40[BANK0 ] float 
  sign            1   44[BANK0 ] unsigned char 
  exp             1   43[BANK0 ] unsigned char 
  cntr            1   39[BANK0 ] unsigned char 
 Return value:  Size  Location     Type
                  3   29[BANK0 ] float 
 Registers used:
		wreg, status,2, status,0, pclath, cstack
 Tracked objects:
		On entry : 
		On exit  : 
		Unchanged: 
 Data sizes:     COMMON   BANK0   BANK1   BANK3   BANK2
      Params:         0       6       0       0       0
      Locals:         0       6       0       0       0
      Temps:          0       4       0       0       0
      Totals:         0      16       0       0       0
Total ram usage:       16 bytes
 Hardware stack levels used:    1
 Hardware stack levels required when called:    4
 This function calls:
		___ftpack
 This function is called by:
		_sleep
 This function uses a non-reentrant model


 *************** function ___wmul *****************
 Defined at:
		line 3 in file "/Applications/microchip/xc8/v1.12/sources/wmul.c"
 Parameters:    Size  Location     Type
  multiplier      2   21[BANK0 ] unsigned int 
  multiplicand    2   23[BANK0 ] unsigned int 
 Auto vars:     Size  Location     Type
  product         2   25[BANK0 ] unsigned int 
 Return value:  Size  Location     Type
                  2   21[BANK0 ] unsigned int 
 Registers used:
		wreg, status,2, status,0
 Tracked objects:
		On entry : 
		On exit  : 
		Unchanged: 
 Data sizes:     COMMON   BANK0   BANK1   BANK3   BANK2
      Params:         0       4       0       0       0
      Locals:         0       2       0       0       0
      Temps:          0       0       0       0       0
      Totals:         0       6       0       0       0
Total ram usage:        6 bytes
 Hardware stack levels used:    1
 Hardware stack levels required when called:    3
 This function calls:
		Nothing
 This function is called by:
		_main
 This function uses a non-reentrant model


 *************** function ___lwdiv *****************
 Defined at:
		line 5 in file "/Applications/microchip/xc8/v1.12/sources/lwdiv.c"
 Parameters:    Size  Location     Type
  divisor         2   21[BANK0 ] unsigned int 
  dividend        2   23[BANK0 ] unsigned int 
 Auto vars:     Size  Location     Type
  quotient        2   27[BANK0 ] unsigned int 
  counter         1   26[BANK0 ] unsigned char 
 Return value:  Size  Location     Type
                  2   21[BANK0 ] unsigned int 
 Registers used:
		wreg, status,2, status,0
 Tracked objects:
		On entry : 
		On exit  : 
		Unchanged: 
 Data sizes:     COMMON   BANK0   BANK1   BANK3   BANK2
      Params:         0       4       0       0       0
      Locals:         0       3       0       0       0
      Temps:          0       1       0       0       0
      Totals:         0       8       0       0       0
Total ram usage:        8 bytes
 Hardware stack levels used:    1
 Hardware stack levels required when called:    3
 This function calls:
		Nothing
 This function is called by:
		_printf
 This function uses a non-reentrant model


 *************** function ___lwmod *****************
 Defined at:
		line 5 in file "/Applications/microchip/xc8/v1.12/sources/lwmod.c"
 Parameters:    Size  Location     Type
  divisor         2   29[BANK0 ] unsigned int 
  dividend        2   31[BANK0 ] unsigned int 
 Auto vars:     Size  Location     Type
  counter         1   34[BANK0 ] unsigned char 
 Return value:  Size  Location     Type
                  2   29[BANK0 ] unsigned int 
 Registers used:
		wreg, status,2, status,0
 Tracked objects:
		On entry : 
		On exit  : 
		Unchanged: 
 Data sizes:     COMMON   BANK0   BANK1   BANK3   BANK2
      Params:         0       4       0       0       0
      Locals:         0       1       0       0       0
      Temps:          0       1       0       0       0
      Totals:         0       6       0       0       0
Total ram usage:        6 bytes
 Hardware stack levels used:    1
 Hardware stack levels required when called:    3
 This function calls:
		Nothing
 This function is called by:
		_printf
 This function uses a non-reentrant model


 *************** function ___lbtoft *****************
 Defined at:
		line 28 in file "/Applications/microchip/xc8/v1.12/sources/lbtoft.c"
 Parameters:    Size  Location     Type
  c               1    wreg     unsigned char 
 Auto vars:     Size  Location     Type
  c               1   36[BANK0 ] unsigned char 
 Return value:  Size  Location     Type
                  3   29[BANK0 ] float 
 Registers used:
		wreg, status,2, status,0, pclath, cstack
 Tracked objects:
		On entry : 
		On exit  : 
		Unchanged: 
 Data sizes:     COMMON   BANK0   BANK1   BANK3   BANK2
      Params:         0       3       0       0       0
      Locals:         0       1       0       0       0
      Temps:          0       4       0       0       0
      Totals:         0       8       0       0       0
Total ram usage:        8 bytes
 Hardware stack levels used:    1
 Hardware stack levels required when called:    4
 This function calls:
		___ftpack
 This function is called by:
		_main
 This function uses a non-reentrant model


 *************** function ___ftpack *****************
 Defined at:
		line 63 in file "/Applications/microchip/xc8/v1.12/sources/float.c"
 Parameters:    Size  Location     Type
  arg             3   21[BANK0 ] unsigned um
  exp             1   24[BANK0 ] unsigned char 
  sign            1   25[BANK0 ] unsigned char 
 Auto vars:     Size  Location     Type
		None
 Return value:  Size  Location     Type
                  3   21[BANK0 ] float 
 Registers used:
		wreg, status,2, status,0
 Tracked objects:
		On entry : 
		On exit  : 
		Unchanged: 
 Data sizes:     COMMON   BANK0   BANK1   BANK3   BANK2
      Params:         0       5       0       0       0
      Locals:         0       0       0       0       0
      Temps:          0       3       0       0       0
      Totals:         0       8       0       0       0
Total ram usage:        8 bytes
 Hardware stack levels used:    1
 Hardware stack levels required when called:    3
 This function calls:
		Nothing
 This function is called by:
		___ftdiv
		___ftmul
		___lbtoft
 This function uses a non-reentrant model


 *************** function ___ftge *****************
 Defined at:
		line 5 in file "/Applications/microchip/xc8/v1.12/sources/ftge.c"
 Parameters:    Size  Location     Type
  ff1             3   37[BANK0 ] float 
  ff2             3   40[BANK0 ] float 
 Auto vars:     Size  Location     Type
		None
 Return value:  Size  Location     Type
		None               void
 Registers used:
		wreg, status,2, status,0
 Tracked objects:
		On entry : 
		On exit  : 
		Unchanged: 
 Data sizes:     COMMON   BANK0   BANK1   BANK3   BANK2
      Params:         0       6       0       0       0
      Locals:         0       0       0       0       0
      Temps:          0       0       6       0       0
      Totals:         0       6       6       0       0
Total ram usage:       12 bytes
 Hardware stack levels used:    1
 Hardware stack levels required when called:    3
 This function calls:
		Nothing
 This function is called by:
		_main
		_sleep
 This function uses a non-reentrant model


 *************** function _ISR *****************
 Defined at:
		line 104 in file "main.c"
 Parameters:    Size  Location     Type
		None
 Auto vars:     Size  Location     Type
		None
 Return value:  Size  Location     Type
		None               void
 Registers used:
		wreg, fsr0l, fsr0h, status,2, status,0, btemp+1, pclath, cstack
 Tracked objects:
		On entry : 
		On exit  : 
		Unchanged: 
 Data sizes:     COMMON   BANK0   BANK1   BANK3   BANK2
      Params:         0       0       0       0       0
      Locals:         0       0       0       0       0
      Temps:          0       7       0       0       0
      Totals:         0       7       0       0       0
Total ram usage:        7 bytes
 Hardware stack levels used:    1
 Hardware stack levels required when called:    2
 This function calls:
		i1_printf
 This function is called by:
		Interrupt level 1
 This function uses a non-reentrant model


 *************** function i1_printf *****************
 Defined at:
		line 465 in file "/Applications/microchip/xc8/v1.12/sources/doprnt.c"
 Parameters:    Size  Location     Type
  printf          2    0[BANK0 ] PTR const unsigned char 
		 -> STR_15(5), STR_14(12), Receive_Packet@rx_buf(32), STR_13(5), 
		 -> STR_12(24), STR_11(17), STR_10(3), STR_9(3), 
		 -> STR_8(10), STR_7(18), STR_6(21), STR_5(26), 
		 -> STR_4(37), STR_3(23), STR_2(20), STR_1(19), 
 Auto vars:     Size  Location     Type
  printf          4    9[BANK0 ] struct .
  printf          1   13[BANK0 ] char 
  printf          1    8[BANK0 ] unsigned char 
  printf          1    7[BANK0 ] char 
  printf          1    6[BANK0 ] PTR void [1]
		 -> ?_printf(2), 
  printf          1    5[BANK0 ] unsigned char 
 Return value:  Size  Location     Type
                  2    0[BANK0 ] int 
 Registers used:
		wreg, fsr0l, fsr0h, status,2, status,0, btemp+1, pclath, cstack
 Tracked objects:
		On entry : 
		On exit  : 
		Unchanged: 
 Data sizes:     COMMON   BANK0   BANK1   BANK3   BANK2
      Params:         0       2       0       0       0
      Locals:         0       9       0       0       0
      Temps:          0       3       0       0       0
      Totals:         0      14       0       0       0
Total ram usage:       14 bytes
 Hardware stack levels used:    1
 Hardware stack levels required when called:    1
 This function calls:
		i1_putch
		i1___lwdiv
		i1___lwmod
 This function is called by:
		_ISR
 This function uses a non-reentrant model


 *************** function i1_putch *****************
 Defined at:
		line 759 in file "main.c"
 Parameters:    Size  Location     Type
  putch           1    wreg     unsigned char 
 Auto vars:     Size  Location     Type
  putch           1    0[COMMON] unsigned char 
 Return value:  Size  Location     Type
		None               void
 Registers used:
		wreg
 Tracked objects:
		On entry : 
		On exit  : 
		Unchanged: 
 Data sizes:     COMMON   BANK0   BANK1   BANK3   BANK2
      Params:         0       0       0       0       0
      Locals:         1       0       0       0       0
      Temps:          0       0       0       0       0
      Totals:         1       0       0       0       0
Total ram usage:        1 bytes
 Hardware stack levels used:    1
 This function calls:
		Nothing
 This function is called by:
		i1_printf
 This function uses a non-reentrant model


 *************** function i1___lwdiv *****************
 Defined at:
		line 5 in file "/Applications/microchip/xc8/v1.12/sources/lwdiv.c"
 Parameters:    Size  Location     Type
  __lwdiv         2    0[COMMON] unsigned int 
  __lwdiv         2    2[COMMON] unsigned int 
 Auto vars:     Size  Location     Type
  __lwdiv         2    6[COMMON] unsigned int 
  __lwdiv         1    5[COMMON] unsigned char 
 Return value:  Size  Location     Type
                  2    0[COMMON] unsigned int 
 Registers used:
		wreg, status,2, status,0
 Tracked objects:
		On entry : 
		On exit  : 
		Unchanged: 
 Data sizes:     COMMON   BANK0   BANK1   BANK3   BANK2
      Params:         4       0       0       0       0
      Locals:         3       0       0       0       0
      Temps:          1       0       0       0       0
      Totals:         8       0       0       0       0
Total ram usage:        8 bytes
 Hardware stack levels used:    1
 This function calls:
		Nothing
 This function is called by:
		i1_printf
 This function uses a non-reentrant model


 *************** function i1___lwmod *****************
 Defined at:
		line 5 in file "/Applications/microchip/xc8/v1.12/sources/lwmod.c"
 Parameters:    Size  Location     Type
  __lwmod         2    8[COMMON] unsigned int 
  __lwmod         2   10[COMMON] unsigned int 
 Auto vars:     Size  Location     Type
  __lwmod         1   13[COMMON] unsigned char 
 Return value:  Size  Location     Type
                  2    8[COMMON] unsigned int 
 Registers used:
		wreg, status,2, status,0
 Tracked objects:
		On entry : 
		On exit  : 
		Unchanged: 
 Data sizes:     COMMON   BANK0   BANK1   BANK3   BANK2
      Params:         4       0       0       0       0
      Locals:         1       0       0       0       0
      Temps:          1       0       0       0       0
      Totals:         6       0       0       0       0
Total ram usage:        6 bytes
 Hardware stack levels used:    1
 This function calls:
		Nothing
 This function is called by:
		i1_printf
 This function uses a non-reentrant model



MODULE INFORMATION

Module		Function		Class		Link	Load	Size
/Applications/microchip/xc8/v1.12/sources/lbtoft.c
		___lbtoft      		CODE           	140E	0000	33

/Applications/microchip/xc8/v1.12/sources/lbtoft.c estimated size: 33

/Applications/microchip/xc8/v1.12/sources/ftdiv.c
		___ftdiv       		CODE           	092B	0000	200

/Applications/microchip/xc8/v1.12/sources/ftdiv.c estimated size: 200

shared
		i1_printf      		CODE           	0C52	0000	430
		i1_putch       		CODE           	1322	0000	12
		__stringtab    		STRCODE        	1000	0000	18
		__stringdata   		STRCODE        	10A3	0000	252
		_Bank0_Reg     		STRCODE        	104A	0000	46
		_Bank0_RegAct  		STRCODE        	0000	0000	4259
		i1___lwdiv     		CODE           	164E	0000	77
		_dpowers       		STRCODE        	1083	0000	10
		_Bank1_Reg14   		STRCODE        	1078	0000	11
		_Bank1_Reg0_13 		STRCODE        	1012	0000	56
		i1___lwmod     		CODE           	15C6	0000	67
		_RX0_Address   		STRCODE        	1095	0000	5
		__initializatio		CODE           	07D1	0000	43
		_RX1_Address   		STRCODE        	109A	0000	5
		_hexpowers     		STRCODE        	108D	0000	8

shared estimated size: 5299

/Applications/microchip/xc8/v1.12/sources/ftmul.c
		___ftmul       		CODE           	06E3	0000	238

/Applications/microchip/xc8/v1.12/sources/ftmul.c estimated size: 238

/Applications/microchip/xc8/v1.12/sources/fttol.c
		___fttol       		CODE           	0885	0000	166

/Applications/microchip/xc8/v1.12/sources/fttol.c estimated size: 166

main.c
		_Send_Packet   		CODE           	09F3	0000	228
		_adcReadVcap   		CODE           	14A8	0000	43
		_adcReadTemp   		CODE           	14D3	0000	43
		_ISR           		CODE           	16EA	0000	120
		_putch         		CODE           	132E	0000	12
		_adcReadVsuperc		CODE           	14FE	0000	43
		_main          		CODE           	03A1	0000	834
		_spiInit       		CODE           	1386	0000	24
		_adcInit       		CODE           	1318	0000	10
		_sleep         		CODE           	0AD7	0000	379
		_uartInit      		CODE           	1370	0000	22

main.c estimated size: 1758

/Applications/microchip/xc8/v1.12/sources/ftge.c
		___ftge        		CODE           	1762	0000	158

/Applications/microchip/xc8/v1.12/sources/ftge.c estimated size: 158

/Applications/microchip/xc8/v1.12/sources/wmul.c
		___wmul        		CODE           	1529	0000	44

/Applications/microchip/xc8/v1.12/sources/wmul.c estimated size: 44

/Applications/microchip/xc8/v1.12/sources/lwmod.c
		___lwmod       		CODE           	1609	0000	69

/Applications/microchip/xc8/v1.12/sources/lwmod.c estimated size: 69

rfm70.c
		_rfm70setPowerd		CODE           	142F	0000	37
		_SPI_RW        		CODE           	139E	0000	25
		_rfm70TxDataSen		CODE           	13EF	0000	31
		_rfm70TxDataSen		CODE           	13D0	0000	31
		_SPI_Write_Reg 		CODE           	135A	0000	22
		_SPI_Write_Buf 		CODE           	147E	0000	42
		_SPI_Read_Reg  		CODE           	13B7	0000	25
		_RFM70_Initiali		CODE           	0015	0000	908
		_SwitchToRxMode		CODE           	1587	0000	63
		_SwitchToTxMode		CODE           	1454	0000	42
		_SwitchCFG     		CODE           	1555	0000	50

rfm70.c estimated size: 1276

/Applications/microchip/xc8/v1.12/sources/lwdiv.c
		___lwdiv       		CODE           	169B	0000	79

/Applications/microchip/xc8/v1.12/sources/lwdiv.c estimated size: 79

/Applications/microchip/xc8/v1.12/sources/doprnt.c
		_printf        		CODE           	0E00	0000	512

/Applications/microchip/xc8/v1.12/sources/doprnt.c estimated size: 512

/Applications/microchip/xc8/v1.12/sources/float.c
		___ftpack      		CODE           	0808	0000	125

/Applications/microchip/xc8/v1.12/sources/float.c estimated size: 125

