Microchip MPLAB XC8 Compiler V1.12 ()

Linker command line:

--edf=/Applications/microchip/xc8/v1.12/dat/en_msgs.txt -cs \
  -h+dist/default/production/energy-harvesting-demoboard.production.sym -z \
  -Q16F707 -ol.obj \
  -Mdist/default/production/energy-harvesting-demoboard.production.map -E1 \
  -ver=XC8 -ACONST=00h-0FFhx32 -ACODE=00h-07FFhx4 -ASTRCODE=00h-01FFFh \
  -AENTRY=00h-0FFhx32 -ASTRING=00h-0FFhx32 -ACOMMON=070h-07Fh \
  -ABANK0=020h-06Fh -ABANK1=0A0h-0EFh -ABANK2=0115h-016Fh \
  -ABANK3=0190h-01EFh -ARAM=020h-06Fh,0A0h-0EFh,0115h-016Fh,0190h-01EFh \
  -AABS1=020h-07Fh,0A0h-0EFh,0115h-016Fh,0190h-01EFh -ASFR0=00h-01Fh \
  -ASFR1=080h-09Fh -ASFR2=0100h-0114h -ASFR3=0180h-018Fh \
  -preset_vec=00h,intentry=04h,init,end_init -ppowerup=CODE -pfunctab=CODE \
  -ACONFIG=02007h-02008h -pconfig=CONFIG -DCONFIG=2 -AIDLOC=02000h-02003h \
  -pidloc=IDLOC -DIDLOC=2 -DCODE=2 -DSTRCODE=2 -DSTRING=2 -DCONST=2 \
  -DENTRY=2 -k /tmp/cgtSS6DGV.obj \
  dist/default/production/energy-harvesting-demoboard.production.obj 

Object code version is 3.10

Machine type is 16F707



                Name                               Link     Load   Length Selector   Space Scale
/tmp/cgtSS6DGV.obj
                end_init                             12       12        3        8       0
                reset_vec                             0        0        3        0       0
                config                             2007     2007        2     400E       0
dist/default/production/energy-harvesting-demoboard.production.obj
                intentry                              4        4        E        8       0
                text1019                            A76      A76        C     14EC       0
                text1018                            CBA      CBA       43     1974       0
                text1017                            D42      D42       4D     1A84       0
                text1016                            E52      E52      1AE     1CA4       0
                text1015                            C18      C18       31     1830       0
                text1014                            DDE      DDE       74     1BBC       0
                text1013                            CFD      CFD       45     19FA       0
                text1012                            D8F      D8F       4F     1B1E       0
                text1011                            B25      B25       24     164A       0
                text1010                            A8E      A8E       16     151C       0
                text1009                            AD2      AD2       19     15A4       0
                text1008                            C49      C49       32     1892       0
                text1007                            B06      B06       1F     160C       0
                text1006                            C7B      C7B       3F     18F6       0
                text1005                            7E1      7E1       1F        8       0
                text1004                            B6E      B6E       2A     16DC       0
                text1003                            B98      B98       2A     1730       0
                text1002                            A82      A82        C     1504       0
                text1001                             15       15      310        8       0
                text1000                            BC2      BC2       2B     1784       0
                text999                             B49      B49       25     1692       0
                text998                             A6C      A6C        A     14D8       0
                text997                             AA4      AA4       16     1548       0
                text996                             ABA      ABA       18     1574       0
                text995                             54D      54D      1B0        8       0
                text994                             BED      BED       2B     17DA       0
                text993                             6FD      6FD       E4        8       0
                maintext                            325      325      228        8       0
                cstackBANK0                          20       20       33       20       1
                cstackCOMMON                         70       70        E       70       1
                cstackBANK1                          C0       C0        C       A0       1
                cstackBANK3                         190      190       27      190       1
                clrtext                             A64      A64        8     14C8       0
                bssBANK1                             A0       A0       20       A0       1
                dataBANK0                            5B       5B        1       20       1
                bssBANK0                             53       53        7       20       1
                bitbssBANK0                         2D0       5A        1       20       1     8
                cinit                               AEB      AEB       1B     15D6       0
                stringtext                         1000     1000      15D       20       0
                idataBANK0                            3        3        1        0       0

TOTAL           Name                               Link     Load   Length     Space
        CLASS   CONST          

        CLASS   CODE           
                end_init                             12       12        3         0
                intentry                              4        4        E         0
                reset_vec                             0        0        3         0
                text1019                            A76      A76        C         0
                text1018                            CBA      CBA       43         0
                text1017                            D42      D42       4D         0
                text1016                            E52      E52      1AE         0
                text1015                            C18      C18       31         0
                text1014                            DDE      DDE       74         0
                text1013                            CFD      CFD       45         0
                text1012                            D8F      D8F       4F         0
                text1011                            B25      B25       24         0
                text1010                            A8E      A8E       16         0
                text1009                            AD2      AD2       19         0
                text1008                            C49      C49       32         0
                text1007                            B06      B06       1F         0
                text1006                            C7B      C7B       3F         0
                text1005                            7E1      7E1       1F         0
                text1004                            B6E      B6E       2A         0
                text1003                            B98      B98       2A         0
                text1002                            A82      A82        C         0
                text1001                             15       15      310         0
                text1000                            BC2      BC2       2B         0
                text999                             B49      B49       25         0
                text998                             A6C      A6C        A         0
                text997                             AA4      AA4       16         0
                text996                             ABA      ABA       18         0
                text995                             54D      54D      1B0         0
                text994                             BED      BED       2B         0
                text993                             6FD      6FD       E4         0
                maintext                            325      325      228         0
                clrtext                             A64      A64        8         0
                cinit                               AEB      AEB       1B         0
                idataBANK0                            3        3        1         0

        CLASS   STRCODE        
                stringtext                         1000     1000      15D         0

        CLASS   ENTRY          

        CLASS   STRING         

        CLASS   COMMON         
                cstackCOMMON                         70       70        E         1

        CLASS   BANK0          
                cstackBANK0                          20       20       33         1
                dataBANK0                            5B       5B        1         1
                bssBANK0                             53       53        7         1
                bitbssBANK0                         2D0       5A        1         1

        CLASS   BANK1          
                cstackBANK1                          C0       C0        C         1
                bssBANK1                             A0       A0       20         1

        CLASS   BANK2          

        CLASS   BANK3          
                cstackBANK3                         190      190       27         1

        CLASS   RAM            

        CLASS   ABS1           
                abs_s1                               7E       7E        2         1

        CLASS   SFR0           

        CLASS   SFR1           

        CLASS   SFR2           

        CLASS   SFR3           

        CLASS   CONFIG         
                config                             2007     2007        2         0

        CLASS   IDLOC          

        CLASS   EEDATA         



SEGMENTS        Name                           Load    Length   Top    Selector   Space  Class     Delta

                reset_vec                      000000  000004  000004         0       0  CODE        2
                intentry                       000004  0007FC  000800         8       0  CODE        2
                cstackBANK0                    000020  00003C  00005C        20       1  BANK0       1
                cstackCOMMON                   000070  00000E  00007E        70       1  COMMON      1
                bssBANK1                       0000A0  00002C  0000CC        A0       1  BANK1       1
                cstackBANK3                    000190  000027  0001B7       190       1  BANK3       1
                clrtext                        000A64  000008  000A6C      14C8       0  CODE        2
                text998                        000A6C  00000A  000A76      14D8       0  CODE        2
                text1019                       000A76  00000C  000A82      14EC       0  CODE        2
                text1002                       000A82  00000C  000A8E      1504       0  CODE        2
                text1010                       000A8E  000016  000AA4      151C       0  CODE        2
                text997                        000AA4  000016  000ABA      1548       0  CODE        2
                text996                        000ABA  000018  000AD2      1574       0  CODE        2
                text1009                       000AD2  000019  000AEB      15A4       0  CODE        2
                cinit                          000AEB  00001B  000B06      15D6       0  CODE        2
                text1007                       000B06  00001F  000B25      160C       0  CODE        2
                text1011                       000B25  000024  000B49      164A       0  CODE        2
                text999                        000B49  000025  000B6E      1692       0  CODE        2
                text1004                       000B6E  00002A  000B98      16DC       0  CODE        2
                text1003                       000B98  00002A  000BC2      1730       0  CODE        2
                text1000                       000BC2  00002B  000BED      1784       0  CODE        2
                text994                        000BED  00002B  000C18      17DA       0  CODE        2
                text1015                       000C18  000031  000C49      1830       0  CODE        2
                text1008                       000C49  000032  000C7B      1892       0  CODE        2
                text1006                       000C7B  00003F  000CBA      18F6       0  CODE        2
                text1018                       000CBA  000043  000CFD      1974       0  CODE        2
                text1013                       000CFD  000045  000D42      19FA       0  CODE        2
                text1017                       000D42  00004D  000D8F      1A84       0  CODE        2
                text1012                       000D8F  00004F  000DDE      1B1E       0  CODE        2
                text1014                       000DDE  000074  000E52      1BBC       0  CODE        2
                text1016                       000E52  0001AE  001000      1CA4       0  CODE        2
                stringtext                     001000  00015D  00115D        20       0  STRCODE     2
                config                         002007  000002  002009      400E       0  CONFIG      2


UNUSED ADDRESS RANGES

        Name                Unused          Largest block    Delta
        BANK0            005C-006F             14           1
        BANK1            00CC-00EF             24           1
        BANK2            0115-016F             5B           1
        BANK3            01B7-01EF             39           1
        CODE             0800-0A63            264           2
                         115D-1FFF            6A3
        CONST            0800-0A63            100           2
                         115D-1FFF            100
        ENTRY            0800-0A63            100           2
                         115D-1FFF            100
        IDLOC            2000-2003              4           2
        RAM              005C-006F             14           1
                         00CC-00EF             24
                         0115-016F             5B
                         01B7-01EF             39
        SFR0             0000-001F             20           1
        SFR1             0080-009F             20           1
        SFR2             0100-0114             15           1
        SFR3             0180-018F             10           1
        STRCODE          0800-0A63            264           2
                         115D-1FFF            EA3
        STRING           0800-0A63            100           2
                         115D-1FFF            100

                                  Symbol Table

?_SPI_Write_Buf                         cstackBANK0  0036
?_SPI_Write_Reg                         cstackBANK0  0036
?_Send_Packet                           cstackBANK0  0051
?___awdiv                               cstackBANK0  0033
?___lwdiv                               cstackBANK0  0033
?___lwmod                               cstackBANK0  003B
?_printf                                cstackBANK0  0041
?i1___lwdiv                             cstackCOMMON 0070
?i1___lwmod                             cstackCOMMON 0078
?i1_printf                              cstackBANK0  0020
RFM70_Initialize@WriteArr               cstackBANK0  0043
RFM70_Initialize@i                      cstackBANK0  004F
RFM70_Initialize@j                      cstackBANK0  0050
SPI_RW@value                            cstackBANK0  0035
SPI_Read_Reg@reg                        cstackBANK0  0037
SPI_Read_Reg@value                      cstackBANK0  0038
SPI_Write_Buf@byte_ctr                  cstackBANK0  003A
SPI_Write_Buf@length                    cstackBANK0  0037
SPI_Write_Buf@pBuf                      cstackBANK0  0036
SPI_Write_Buf@reg                       cstackBANK0  0039
SPI_Write_Reg@reg                       cstackBANK0  0037
SPI_Write_Reg@value                     cstackBANK0  0036
Send_Packet@fifo_sta                    cstackBANK1  00C4
Send_Packet@i                           cstackBANK1  00C5
Send_Packet@len                         cstackBANK0  0052
Send_Packet@pbuf                        cstackBANK0  0051
Send_Packet@type                        cstackBANK1  00C3
SwitchCFG@Tmp                           cstackBANK0  003B
SwitchCFG@_cfg                          cstackBANK0  003A
SwitchToRxMode@value                    cstackBANK0  003A
SwitchToTxMode@value                    cstackBANK0  003A
_ADCON0bits                             (abs)        001F
_ADCON1bits                             (abs)        009F
_ADRES                                  (abs)        001E
_ANSELCbits                             (abs)        0187
_ANSELDbits                             (abs)        0188
_ANSELEbits                             (abs)        0189
_Bank0_Reg                              stringtext   104A
_Bank1_Reg0_13                          stringtext   1012
_Bank1_Reg14                            stringtext   1078
_FVRCONbits                             (abs)        009D
_GIE                                    (abs)        005F
_ISR                                    text1015     0C18
_OSCCONbits                             (abs)        0090
_PEIE                                   (abs)        005E
_PIR1bits                               (abs)        000C
_PORTCbits                              (abs)        0007
_PORTDbits                              (abs)        0008
_PORTEbits                              (abs)        0009
_RCIF                                   (abs)        0065
_RCREG                                  (abs)        001A
_RCSTA                                  (abs)        0018
_RCSTAbits                              (abs)        0018
_RFM70_Initialize                       text1001     0015
_RX0_Address                            stringtext   1095
_RX1_Address                            stringtext   109A
_SPBRG                                  (abs)        0099
_SPI_RW                                 text1011     0B25
_SPI_Read_Reg                           text1009     0AD2
_SPI_Write_Buf                          text1004     0B6E
_SPI_Write_Reg                          text1010     0A8E
_SSPBUF                                 (abs)        0013
_SSPCONbits                             (abs)        0014
_SSPSTATbits                            (abs)        0094
_Send_Packet                            text993      06FD
_SwitchCFG                              text1008     0C49
_SwitchToRxMode                         text1006     0C7B
_SwitchToTxMode                         text1003     0B98
_T1CONbits                              (abs)        0010
_T1GCONbits                             (abs)        008F
_TMR1H                                  (abs)        000F
_TMR1IE                                 (abs)        0460
_TMR1IF                                 (abs)        0060
_TMR1L                                  (abs)        000E
_TRISCbits                              (abs)        0087
_TRISDbits                              (abs)        0088
_TRISEbits                              (abs)        0089
_TXIF                                   (abs)        0064
_TXREG                                  (abs)        0019
_TXSTA                                  (abs)        0098
_TXSTAbits                              (abs)        0098
__CFG_CP$OFF                            (abs)        0000
__CFG_FOSC$INTOSC                       (abs)        0000
__CFG_MCLRE$ON                          (abs)        0000
__CFG_PLLEN$ON                          (abs)        0000
__CFG_PWRTE$OFF                         (abs)        0000
__CFG_VCAPEN$RA0                        (abs)        0000
__CFG_WDTE$OFF                          (abs)        0000
__Habs1                                 abs1         0000
__Hbank0                                bank0        0000
__Hbank1                                bank1        0000
__Hbank2                                bank2        0000
__Hbank3                                bank3        0000
__HbitbssBANK0                          bitbssBANK0  0000
__HbssBANK0                             bssBANK0     0000
__HbssBANK1                             bssBANK1     0000
__Hcinit                                cinit        0000
__Hclrtext                              clrtext      0000
__Hcode                                 code         0000
__Hcommon                               common       0000
__Hconfig                               config       2009
__HcstackBANK0                          cstackBANK0  0000
__HcstackBANK1                          cstackBANK1  0000
__HcstackBANK3                          cstackBANK3  0000
__HcstackCOMMON                         cstackCOMMON 0000
__HdataBANK0                            dataBANK0    0000
__Heeprom_data                          eeprom_data  0000
__Hend_init                             end_init     0015
__Hfunctab                              functab      0000
__HidataBANK0                           idataBANK0   0000
__Hidloc                                idloc        0000
__Hinit                                 init         0012
__Hintentry                             intentry     0012
__Hmaintext                             maintext     0000
__Hpowerup                              powerup      0000
__Hram                                  ram          0000
__Hreset_vec                            reset_vec    0003
__Hsfr0                                 sfr0         0000
__Hsfr1                                 sfr1         0000
__Hsfr2                                 sfr2         0000
__Hsfr3                                 sfr3         0000
__Hstrings                              strings      0000
__Hstringtext                           stringtext   0000
__Htext                                 text         0000
__Labs1                                 abs1         0000
__Lbank0                                bank0        0000
__Lbank1                                bank1        0000
__Lbank2                                bank2        0000
__Lbank3                                bank3        0000
__LbitbssBANK0                          bitbssBANK0  0000
__LbssBANK0                             bssBANK0     0000
__LbssBANK1                             bssBANK1     0000
__Lcinit                                cinit        0000
__Lclrtext                              clrtext      0000
__Lcode                                 code         0000
__Lcommon                               common       0000
__Lconfig                               config       2007
__LcstackBANK0                          cstackBANK0  0000
__LcstackBANK1                          cstackBANK1  0000
__LcstackBANK3                          cstackBANK3  0000
__LcstackCOMMON                         cstackCOMMON 0000
__LdataBANK0                            dataBANK0    0000
__Leeprom_data                          eeprom_data  0000
__Lend_init                             end_init     0012
__Lfunctab                              functab      0000
__LidataBANK0                           idataBANK0   0000
__Lidloc                                idloc        0000
__Linit                                 init         0012
__Lintentry                             intentry     0004
__Lmaintext                             maintext     0000
__Lpowerup                              powerup      0000
__Lram                                  ram          0000
__Lreset_vec                            reset_vec    0000
__Lsfr0                                 sfr0         0000
__Lsfr1                                 sfr1         0000
__Lsfr2                                 sfr2         0000
__Lsfr3                                 sfr3         0000
__Lstrings                              strings      0000
__Lstringtext                           stringtext   0000
__Ltext                                 text         0000
__S0                                    (abs)        2009
__S1                                    (abs)        01B7
___awdiv                                text1014     0DDE
___awdiv@counter                        cstackBANK0  0038
___awdiv@dividend                       cstackBANK0  0035
___awdiv@divisor                        cstackBANK0  0033
___awdiv@quotient                       cstackBANK0  003A
___awdiv@sign                           cstackBANK0  0039
___lwdiv                                text1012     0D8F
___lwdiv@counter                        cstackBANK0  0038
___lwdiv@dividend                       cstackBANK0  0035
___lwdiv@divisor                        cstackBANK0  0033
___lwdiv@quotient                       cstackBANK0  0039
___lwmod                                text1013     0CFD
___lwmod@counter                        cstackBANK0  0040
___lwmod@dividend                       cstackBANK0  003D
___lwmod@divisor                        cstackBANK0  003B
__end_of_Bank0_Reg                      stringtext   1078
__end_of_Bank0_RegAct                   stringtext   10A3
__end_of_Bank1_Reg0_13                  stringtext   104A
__end_of_Bank1_Reg14                    stringtext   1083
__end_of_ISR                            text1015     0C49
__end_of_RFM70_Initialize               text1001     0325
__end_of_RX0_Address                    stringtext   109A
__end_of_RX1_Address                    stringtext   109F
__end_of_SPI_RW                         text1011     0B49
__end_of_SPI_Read_Reg                   text1009     0AEB
__end_of_SPI_Write_Buf                  text1004     0B98
__end_of_SPI_Write_Reg                  text1010     0AA4
__end_of_Send_Packet                    text993      07E1
__end_of_SwitchCFG                      text1008     0C7B
__end_of_SwitchToRxMode                 text1006     0CBA
__end_of_SwitchToTxMode                 text1003     0BC2
__end_of___awdiv                        text1014     0E52
__end_of___lwdiv                        text1012     0DDE
__end_of___lwmod                        text1013     0D42
__end_of__initialization                cinit        0B02
__end_of__stringdata                    stringtext   115D
__end_of__stringtab                     stringtext   1012
__end_of_adcInit                        text998      0A76
__end_of_adcReadTemp                    text994      0C18
__end_of_adcReadVcap                    text1000     0BED
__end_of_dpowers                        stringtext   108D
__end_of_hexpowers                      stringtext   1095
__end_of_main                           maintext     054D
__end_of_printf                         text995      06FD
__end_of_putch                          text1002     0A8E
__end_of_rfm70TxDataSentErrorInterrupt  text1007     0B25
__end_of_rfm70TxDataSentInterrupt       text1005     0800
__end_of_rfm70setPowerdownMode          text999      0B6E
__end_of_spiInit                        text996      0AD2
__end_of_uartInit                       text997      0ABA
__end_ofi1___lwdiv                      text1017     0D8F
__end_ofi1___lwmod                      text1018     0CFD
__end_ofi1_printf                       text1016     1000
__end_ofi1_putch                        text1019     0A82
__initialization                        cinit        0AEB
__pbitbssBANK0                          bitbssBANK0  02D0
__pbssBANK0                             bssBANK0     0053
__pbssBANK1                             bssBANK1     00A0
__pcstackBANK0                          cstackBANK0  0020
__pcstackBANK1                          cstackBANK1  00C0
__pcstackBANK3                          cstackBANK3  0190
__pcstackCOMMON                         cstackCOMMON 0070
__pdataBANK0                            dataBANK0    005B
__pidataBANK0                           idataBANK0   0003
__pintentry                             intentry     0004
__pmaintext                             maintext     0325
__pstringtext                           stringtext   1000
__ptext1000                             text1000     0BC2
__ptext1001                             text1001     0015
__ptext1002                             text1002     0A82
__ptext1003                             text1003     0B98
__ptext1004                             text1004     0B6E
__ptext1005                             text1005     07E1
__ptext1006                             text1006     0C7B
__ptext1007                             text1007     0B06
__ptext1008                             text1008     0C49
__ptext1009                             text1009     0AD2
__ptext1010                             text1010     0A8E
__ptext1011                             text1011     0B25
__ptext1012                             text1012     0D8F
__ptext1013                             text1013     0CFD
__ptext1014                             text1014     0DDE
__ptext1015                             text1015     0C18
__ptext1016                             text1016     0E52
__ptext1017                             text1017     0D42
__ptext1018                             text1018     0CBA
__ptext1019                             text1019     0A76
__ptext1020                             text1020     0000
__ptext993                              text993      06FD
__ptext994                              text994      0BED
__ptext995                              text995      054D
__ptext996                              text996      0ABA
__ptext997                              text997      0AA4
__ptext998                              text998      0A6C
__ptext999                              text999      0B49
__size_of_ISR                           (abs)        0000
__size_of_RFM70_Initialize              (abs)        0000
__size_of_SPI_RW                        (abs)        0000
__size_of_SPI_Read_Reg                  (abs)        0000
__size_of_SPI_Write_Buf                 (abs)        0000
__size_of_SPI_Write_Reg                 (abs)        0000
__size_of_Send_Packet                   (abs)        0000
__size_of_SwitchCFG                     (abs)        0000
__size_of_SwitchToRxMode                (abs)        0000
__size_of_SwitchToTxMode                (abs)        0000
__size_of___awdiv                       (abs)        0000
__size_of___lwdiv                       (abs)        0000
__size_of___lwmod                       (abs)        0000
__size_of_adcInit                       (abs)        0000
__size_of_adcReadTemp                   (abs)        0000
__size_of_adcReadVcap                   (abs)        0000
__size_of_main                          (abs)        0000
__size_of_printf                        (abs)        0000
__size_of_putch                         (abs)        0000
__size_of_rfm70TxDataSentErrorInterrupt (abs)        0000
__size_of_rfm70TxDataSentInterrupt      (abs)        0000
__size_of_rfm70setPowerdownMode         (abs)        0000
__size_of_spiInit                       (abs)        0000
__size_of_uartInit                      (abs)        0000
__size_ofi1___lwdiv                     (abs)        0000
__size_ofi1___lwmod                     (abs)        0000
__size_ofi1_printf                      (abs)        0000
__size_ofi1_putch                       (abs)        0000
__stringdata                            stringtext   10A3
__stringtab                             stringtext   1000
_adcInit                                text998      0A6C
_adcReadTemp                            text994      0BED
_adcReadVcap                            text1000     0BC2
_dpowers                                stringtext   1083
_flag                                   bitbssBANK0  02D0
_hexpowers                              stringtext   108D
_main                                   maintext     0325
_printf                                 text995      054D
_putch                                  text1002     0A82
_rfm70TxDataSentErrorInterrupt          text1007     0B06
_rfm70TxDataSentInterrupt               text1005     07E1
_rfm70setPowerdownMode                  text999      0B49
_spiInit                                text996      0ABA
_timelapse_count                        bssBANK0     0053
_tmr1Counter                            bssBANK0     0055
_tmr1Target                             dataBANK0    005B
_tx_buf                                 bssBANK0     0056
_uartInit                               text997      0AA4
adcReadTemp@value                       cstackBANK0  0035
adcReadVcap@value                       cstackBANK0  0035
btemp                                   (abs)        007E
clear_ram                               clrtext      0A64
end_of_initialization                   cinit        0B02
i1___lwdiv                              text1017     0D42
i1___lwdiv@counter                      cstackCOMMON 0075
i1___lwdiv@dividend                     cstackCOMMON 0072
i1___lwdiv@divisor                      cstackCOMMON 0070
i1___lwdiv@quotient                     cstackCOMMON 0076
i1___lwmod                              text1018     0CBA
i1___lwmod@counter                      cstackCOMMON 007D
i1___lwmod@dividend                     cstackCOMMON 007A
i1___lwmod@divisor                      cstackCOMMON 0078
i1_printf                               text1016     0E52
i1_putch                                text1019     0A76
i1printf@_val                           cstackBANK0  0029
i1printf@ap                             cstackBANK0  0026
i1printf@c                              cstackBANK0  002D
i1printf@f                              cstackBANK0  0020
i1printf@flag                           cstackBANK0  0028
i1printf@idx                            cstackBANK0  0025
i1printf@prec                           cstackBANK0  0027
i1putch@c                               cstackCOMMON 0070
interrupt_function                      intentry     0004
intlevel0                               functab      0000
intlevel1                               functab      0000
intlevel2                               functab      0000
intlevel3                               functab      0000
intlevel4                               functab      0000
intlevel5                               functab      0000
main@i                                  cstackBANK3  01B3
main@num_sleep                          cstackBANK3  01B0
main@temp_tx_buf                        cstackBANK3  0190
main@value                              cstackBANK3  01B1
printf@_val                             cstackBANK0  004C
printf@ap                               cstackBANK0  0049
printf@c                                cstackBANK0  0050
printf@f                                cstackBANK0  0041
printf@flag                             cstackBANK0  004B
printf@idx                              cstackBANK0  0048
printf@prec                             cstackBANK0  004A
putch@c                                 cstackBANK0  0033
reset_vec                               reset_vec    0000
rfm70setPowerdownMode@reg               cstackBANK0  003B
rfm70setPowerdownMode@value             cstackBANK0  003A
saved_w                                 (abs)        007E
start                                   init         0012
start_initialization                    cinit        0AEB
wtemp0                                  (abs)        007E


FUNCTION INFORMATION:

 *************** function _main *****************
 Defined at:
		line 109 in file "main.c"
 Parameters:    Size  Location     Type
  argc            2    6[BANK1 ] int 
  argv            2    8[BANK1 ] PTR PTR unsigned char 
 Auto vars:     Size  Location     Type
  temp_tx_buf    32    0[BANK3 ] unsigned char [32]
  buffer          5    0        unsigned char [5]
  i               4   35[BANK3 ] long 
  value           2   33[BANK3 ] int 
  num_sleep       1   32[BANK3 ] unsigned char 
 Return value:  Size  Location     Type
                  2    6[BANK1 ] int 
 Registers used:
		wreg, fsr0l, fsr0h, fsr1l, fsr1h, status,2, status,0, btemp+1, pclath, cstack
 Tracked objects:
		On entry : 
		On exit  : 
		Unchanged: 
 Data sizes:     COMMON   BANK0   BANK1   BANK3   BANK2
      Params:         0       0       4       0       0
      Locals:         0       0       0      39       0
      Temps:          0       0       2       0       0
      Totals:         0       0       6      39       0
Total ram usage:       45 bytes
 Hardware stack levels required when called:    7
 This function calls:
		_spiInit
		_uartInit
		_adcInit
		_rfm70setPowerdownMode
		_adcReadVcap
		_printf
		_RFM70_Initialize
		_adcReadTemp
		___awdiv
		_Send_Packet
 This function is called by:
		Startup code after reset
 This function uses a non-reentrant model


 *************** function _Send_Packet *****************
 Defined at:
		line 505 in file "main.c"
 Parameters:    Size  Location     Type
  type            1    wreg     unsigned char 
  pbuf            1   49[BANK0 ] PTR unsigned char 
		 -> tx_buf(4), 
  len             1   50[BANK0 ] unsigned char 
 Auto vars:     Size  Location     Type
  type            1    3[BANK1 ] unsigned char 
  i               1    5[BANK1 ] unsigned char 
  fifo_sta        1    4[BANK1 ] unsigned char 
 Return value:  Size  Location     Type
		None               void
 Registers used:
		wreg, fsr0l, fsr0h, fsr1l, fsr1h, status,2, status,0, btemp+1, pclath, cstack
 Tracked objects:
		On entry : 
		On exit  : 
		Unchanged: 
 Data sizes:     COMMON   BANK0   BANK1   BANK3   BANK2
      Params:         0       2       0       0       0
      Locals:         0       0       3       0       0
      Temps:          0       0       3       0       0
      Totals:         0       2       6       0       0
Total ram usage:        8 bytes
 Hardware stack levels used:    1
 Hardware stack levels required when called:    6
 This function calls:
		_SwitchToTxMode
		_SPI_Read_Reg
		_printf
		_SPI_Write_Buf
		_rfm70TxDataSentInterrupt
		_SwitchToRxMode
		_rfm70TxDataSentErrorInterrupt
 This function is called by:
		_main
 This function uses a non-reentrant model


 *************** function _adcReadTemp *****************
 Defined at:
		line 351 in file "main.c"
 Parameters:    Size  Location     Type
		None
 Auto vars:     Size  Location     Type
  value           1   21[BANK0 ] unsigned char 
 Return value:  Size  Location     Type
                  1    wreg      unsigned char 
 Registers used:
		wreg, status,2, status,0
 Tracked objects:
		On entry : 
		On exit  : 
		Unchanged: 
 Data sizes:     COMMON   BANK0   BANK1   BANK3   BANK2
      Params:         0       0       0       0       0
      Locals:         0       1       0       0       0
      Temps:          0       2       0       0       0
      Totals:         0       3       0       0       0
Total ram usage:        3 bytes
 Hardware stack levels used:    1
 Hardware stack levels required when called:    3
 This function calls:
		Nothing
 This function is called by:
		_main
 This function uses a non-reentrant model


 *************** function _printf *****************
 Defined at:
		line 465 in file "/Applications/microchip/xc8/v1.12/sources/doprnt.c"
 Parameters:    Size  Location     Type
  f               2   33[BANK0 ] PTR const unsigned char 
		 -> STR_13(5), STR_12(12), Receive_Packet@rx_buf(32), STR_11(5), 
		 -> STR_10(24), STR_9(17), STR_8(3), STR_7(3), 
		 -> STR_6(10), STR_5(12), STR_4(26), STR_3(18), 
		 -> STR_2(23), STR_1(19), 
 Auto vars:     Size  Location     Type
  idx             1   40[BANK0 ] unsigned char 
  _val            4   44[BANK0 ] struct .
  c               1   48[BANK0 ] char 
  flag            1   43[BANK0 ] unsigned char 
  prec            1   42[BANK0 ] char 
  ap              1   41[BANK0 ] PTR void [1]
		 -> ?_printf(2), 
 Return value:  Size  Location     Type
                  2   33[BANK0 ] int 
 Registers used:
		wreg, fsr0l, fsr0h, status,2, status,0, btemp+1, pclath, cstack
 Tracked objects:
		On entry : 
		On exit  : 
		Unchanged: 
 Data sizes:     COMMON   BANK0   BANK1   BANK3   BANK2
      Params:         0       4       0       0       0
      Locals:         0       9       0       0       0
      Temps:          0       3       0       0       0
      Totals:         0      16       0       0       0
Total ram usage:       16 bytes
 Hardware stack levels used:    1
 Hardware stack levels required when called:    4
 This function calls:
		_putch
		___lwdiv
		___lwmod
 This function is called by:
		_main
		_Send_Packet
		_Receive_Packet
 This function uses a non-reentrant model


 *************** function _spiInit *****************
 Defined at:
		line 441 in file "main.c"
 Parameters:    Size  Location     Type
		None
 Auto vars:     Size  Location     Type
		None
 Return value:  Size  Location     Type
		None               void
 Registers used:
		wreg, status,2, status,0
 Tracked objects:
		On entry : 
		On exit  : 
		Unchanged: 
 Data sizes:     COMMON   BANK0   BANK1   BANK3   BANK2
      Params:         0       0       0       0       0
      Locals:         0       0       0       0       0
      Temps:          0       2       0       0       0
      Totals:         0       2       0       0       0
Total ram usage:        2 bytes
 Hardware stack levels used:    1
 Hardware stack levels required when called:    3
 This function calls:
		Nothing
 This function is called by:
		_main
 This function uses a non-reentrant model


 *************** function _uartInit *****************
 Defined at:
		line 419 in file "main.c"
 Parameters:    Size  Location     Type
		None
 Auto vars:     Size  Location     Type
		None
 Return value:  Size  Location     Type
		None               void
 Registers used:
		wreg, status,2
 Tracked objects:
		On entry : 
		On exit  : 
		Unchanged: 
 Data sizes:     COMMON   BANK0   BANK1   BANK3   BANK2
      Params:         0       0       0       0       0
      Locals:         0       0       0       0       0
      Temps:          0       0       0       0       0
      Totals:         0       0       0       0       0
Total ram usage:        0 bytes
 Hardware stack levels used:    1
 Hardware stack levels required when called:    3
 This function calls:
		Nothing
 This function is called by:
		_main
 This function uses a non-reentrant model


 *************** function _adcInit *****************
 Defined at:
		line 453 in file "main.c"
 Parameters:    Size  Location     Type
		None
 Auto vars:     Size  Location     Type
		None
 Return value:  Size  Location     Type
		None               void
 Registers used:
		wreg, status,2, status,0
 Tracked objects:
		On entry : 
		On exit  : 
		Unchanged: 
 Data sizes:     COMMON   BANK0   BANK1   BANK3   BANK2
      Params:         0       0       0       0       0
      Locals:         0       0       0       0       0
      Temps:          0       0       0       0       0
      Totals:         0       0       0       0       0
Total ram usage:        0 bytes
 Hardware stack levels used:    1
 Hardware stack levels required when called:    3
 This function calls:
		Nothing
 This function is called by:
		_main
 This function uses a non-reentrant model


 *************** function _rfm70setPowerdownMode *****************
 Defined at:
		line 400 in file "rfm70.c"
 Parameters:    Size  Location     Type
  value           1    wreg     unsigned char 
 Auto vars:     Size  Location     Type
  value           1   26[BANK0 ] unsigned char 
  reg             1   27[BANK0 ] unsigned char 
 Return value:  Size  Location     Type
		None               void
 Registers used:
		wreg, status,2, status,0, pclath, cstack
 Tracked objects:
		On entry : 
		On exit  : 
		Unchanged: 
 Data sizes:     COMMON   BANK0   BANK1   BANK3   BANK2
      Params:         0       0       0       0       0
      Locals:         0       2       0       0       0
      Temps:          0       1       0       0       0
      Totals:         0       3       0       0       0
Total ram usage:        3 bytes
 Hardware stack levels used:    1
 Hardware stack levels required when called:    5
 This function calls:
		_SPI_Read_Reg
		_SPI_Write_Reg
 This function is called by:
		_main
 This function uses a non-reentrant model


 *************** function _adcReadVcap *****************
 Defined at:
		line 366 in file "main.c"
 Parameters:    Size  Location     Type
		None
 Auto vars:     Size  Location     Type
  value           1   21[BANK0 ] unsigned char 
 Return value:  Size  Location     Type
                  1    wreg      unsigned char 
 Registers used:
		wreg, status,2, status,0
 Tracked objects:
		On entry : 
		On exit  : 
		Unchanged: 
 Data sizes:     COMMON   BANK0   BANK1   BANK3   BANK2
      Params:         0       0       0       0       0
      Locals:         0       1       0       0       0
      Temps:          0       2       0       0       0
      Totals:         0       3       0       0       0
Total ram usage:        3 bytes
 Hardware stack levels used:    1
 Hardware stack levels required when called:    3
 This function calls:
		Nothing
 This function is called by:
		_main
 This function uses a non-reentrant model


 *************** function _RFM70_Initialize *****************
 Defined at:
		line 252 in file "rfm70.c"
 Parameters:    Size  Location     Type
		None
 Auto vars:     Size  Location     Type
  WriteArr       12   35[BANK0 ] unsigned char [12]
  j               1   48[BANK0 ] unsigned char 
  i               1   47[BANK0 ] unsigned char 
 Return value:  Size  Location     Type
		None               void
 Registers used:
		wreg, fsr0l, fsr0h, status,2, status,0, btemp+1, pclath, cstack
 Tracked objects:
		On entry : 
		On exit  : 
		Unchanged: 
 Data sizes:     COMMON   BANK0   BANK1   BANK3   BANK2
      Params:         0       0       0       0       0
      Locals:         0      14       0       0       0
      Temps:          0       7       0       0       0
      Totals:         0      21       0       0       0
Total ram usage:       21 bytes
 Hardware stack levels used:    1
 Hardware stack levels required when called:    6
 This function calls:
		_SwitchCFG
		_SPI_Write_Reg
		_SPI_Write_Buf
		_SPI_Read_Reg
 This function is called by:
		_main
 This function uses a non-reentrant model


 *************** function _putch *****************
 Defined at:
		line 464 in file "main.c"
 Parameters:    Size  Location     Type
  c               1    wreg     unsigned char 
 Auto vars:     Size  Location     Type
  c               1   19[BANK0 ] unsigned char 
 Return value:  Size  Location     Type
		None               void
 Registers used:
		wreg
 Tracked objects:
		On entry : 
		On exit  : 
		Unchanged: 
 Data sizes:     COMMON   BANK0   BANK1   BANK3   BANK2
      Params:         0       0       0       0       0
      Locals:         0       1       0       0       0
      Temps:          0       0       0       0       0
      Totals:         0       1       0       0       0
Total ram usage:        1 bytes
 Hardware stack levels used:    1
 Hardware stack levels required when called:    3
 This function calls:
		Nothing
 This function is called by:
		_printf
		_getche
 This function uses a non-reentrant model


 *************** function _SwitchToTxMode *****************
 Defined at:
		line 191 in file "rfm70.c"
 Parameters:    Size  Location     Type
		None
 Auto vars:     Size  Location     Type
  value           1   26[BANK0 ] unsigned char 
 Return value:  Size  Location     Type
		None               void
 Registers used:
		wreg, status,2, status,0, pclath, cstack
 Tracked objects:
		On entry : 
		On exit  : 
		Unchanged: 
 Data sizes:     COMMON   BANK0   BANK1   BANK3   BANK2
      Params:         0       0       0       0       0
      Locals:         0       1       0       0       0
      Temps:          0       1       0       0       0
      Totals:         0       2       0       0       0
Total ram usage:        2 bytes
 Hardware stack levels used:    1
 Hardware stack levels required when called:    5
 This function calls:
		_SPI_Write_Reg
		_SPI_Read_Reg
 This function is called by:
		_Send_Packet
 This function uses a non-reentrant model


 *************** function _SPI_Write_Buf *****************
 Defined at:
		line 147 in file "rfm70.c"
 Parameters:    Size  Location     Type
  reg             1    wreg     unsigned char 
  pBuf            1   22[BANK0 ] PTR unsigned char 
		 -> RFM70_Initialize@WriteArr(12), tx_buf(4), 
  length          1   23[BANK0 ] unsigned char 
 Auto vars:     Size  Location     Type
  reg             1   25[BANK0 ] unsigned char 
  byte_ctr        1   26[BANK0 ] unsigned char 
 Return value:  Size  Location     Type
		None               void
 Registers used:
		wreg, fsr0l, fsr0h, status,2, status,0, pclath, cstack
 Tracked objects:
		On entry : 
		On exit  : 
		Unchanged: 
 Data sizes:     COMMON   BANK0   BANK1   BANK3   BANK2
      Params:         0       2       0       0       0
      Locals:         0       2       0       0       0
      Temps:          0       1       0       0       0
      Totals:         0       5       0       0       0
Total ram usage:        5 bytes
 Hardware stack levels used:    1
 Hardware stack levels required when called:    4
 This function calls:
		_SPI_RW
 This function is called by:
		_Send_Packet
		_RFM70_Initialize
 This function uses a non-reentrant model


 *************** function _rfm70TxDataSentInterrupt *****************
 Defined at:
		line 371 in file "rfm70.c"
 Parameters:    Size  Location     Type
		None
 Auto vars:     Size  Location     Type
		None
 Return value:  Size  Location     Type
                  1    wreg      unsigned char 
 Registers used:
		wreg, status,2, status,0, pclath, cstack
 Tracked objects:
		On entry : 
		On exit  : 
		Unchanged: 
 Data sizes:     COMMON   BANK0   BANK1   BANK3   BANK2
      Params:         0       0       0       0       0
      Locals:         0       0       0       0       0
      Temps:          0       1       0       0       0
      Totals:         0       1       0       0       0
Total ram usage:        1 bytes
 Hardware stack levels used:    1
 Hardware stack levels required when called:    5
 This function calls:
		_SPI_Read_Reg
		_SPI_Write_Reg
 This function is called by:
		_Send_Packet
 This function uses a non-reentrant model


 *************** function _SwitchToRxMode *****************
 Defined at:
		line 165 in file "rfm70.c"
 Parameters:    Size  Location     Type
		None
 Auto vars:     Size  Location     Type
  value           1   26[BANK0 ] unsigned char 
 Return value:  Size  Location     Type
		None               void
 Registers used:
		wreg, status,2, status,0, pclath, cstack
 Tracked objects:
		On entry : 
		On exit  : 
		Unchanged: 
 Data sizes:     COMMON   BANK0   BANK1   BANK3   BANK2
      Params:         0       0       0       0       0
      Locals:         0       1       0       0       0
      Temps:          0       1       0       0       0
      Totals:         0       2       0       0       0
Total ram usage:        2 bytes
 Hardware stack levels used:    1
 Hardware stack levels required when called:    5
 This function calls:
		_SPI_Write_Reg
		_SPI_Read_Reg
 This function is called by:
		_Send_Packet
		_Receive_Packet
 This function uses a non-reentrant model


 *************** function _rfm70TxDataSentErrorInterrupt *****************
 Defined at:
		line 380 in file "rfm70.c"
 Parameters:    Size  Location     Type
		None
 Auto vars:     Size  Location     Type
		None
 Return value:  Size  Location     Type
                  1    wreg      unsigned char 
 Registers used:
		wreg, status,2, status,0, pclath, cstack
 Tracked objects:
		On entry : 
		On exit  : 
		Unchanged: 
 Data sizes:     COMMON   BANK0   BANK1   BANK3   BANK2
      Params:         0       0       0       0       0
      Locals:         0       0       0       0       0
      Temps:          0       1       0       0       0
      Totals:         0       1       0       0       0
Total ram usage:        1 bytes
 Hardware stack levels used:    1
 Hardware stack levels required when called:    5
 This function calls:
		_SPI_Read_Reg
		_SPI_Write_Reg
 This function is called by:
		_Send_Packet
 This function uses a non-reentrant model


 *************** function _SwitchCFG *****************
 Defined at:
		line 218 in file "rfm70.c"
 Parameters:    Size  Location     Type
  _cfg            1    wreg     unsigned char 
 Auto vars:     Size  Location     Type
  _cfg            1   26[BANK0 ] unsigned char 
  Tmp             1   27[BANK0 ] unsigned char 
 Return value:  Size  Location     Type
		None               void
 Registers used:
		wreg, status,2, status,0, pclath, cstack
 Tracked objects:
		On entry : 
		On exit  : 
		Unchanged: 
 Data sizes:     COMMON   BANK0   BANK1   BANK3   BANK2
      Params:         0       0       0       0       0
      Locals:         0       2       0       0       0
      Temps:          0       1       0       0       0
      Totals:         0       3       0       0       0
Total ram usage:        3 bytes
 Hardware stack levels used:    1
 Hardware stack levels required when called:    5
 This function calls:
		_SPI_Read_Reg
		_SPI_Write_Reg
 This function is called by:
		_RFM70_Initialize
 This function uses a non-reentrant model


 *************** function _SPI_Read_Reg *****************
 Defined at:
		line 109 in file "rfm70.c"
 Parameters:    Size  Location     Type
  reg             1    wreg     unsigned char 
 Auto vars:     Size  Location     Type
  reg             1   23[BANK0 ] unsigned char 
  value           1   24[BANK0 ] unsigned char 
 Return value:  Size  Location     Type
                  1    wreg      unsigned char 
 Registers used:
		wreg, status,2, status,0, pclath, cstack
 Tracked objects:
		On entry : 
		On exit  : 
		Unchanged: 
 Data sizes:     COMMON   BANK0   BANK1   BANK3   BANK2
      Params:         0       0       0       0       0
      Locals:         0       2       0       0       0
      Temps:          0       1       0       0       0
      Totals:         0       3       0       0       0
Total ram usage:        3 bytes
 Hardware stack levels used:    1
 Hardware stack levels required when called:    4
 This function calls:
		_SPI_RW
 This function is called by:
		_Send_Packet
		_SwitchToRxMode
		_SwitchToTxMode
		_SwitchCFG
		_RFM70_Initialize
		_rfm70TxDataSentInterrupt
		_rfm70TxDataSentErrorInterrupt
		_rfm70setPowerdownMode
		_Receive_Packet
		_rfm70_data_sent
 This function uses a non-reentrant model


 *************** function _SPI_Write_Reg *****************
 Defined at:
		line 94 in file "rfm70.c"
 Parameters:    Size  Location     Type
  reg             1    wreg     unsigned char 
  value           1   22[BANK0 ] unsigned char 
 Auto vars:     Size  Location     Type
  reg             1   23[BANK0 ] unsigned char 
 Return value:  Size  Location     Type
		None               void
 Registers used:
		wreg, status,2, status,0, pclath, cstack
 Tracked objects:
		On entry : 
		On exit  : 
		Unchanged: 
 Data sizes:     COMMON   BANK0   BANK1   BANK3   BANK2
      Params:         0       1       0       0       0
      Locals:         0       1       0       0       0
      Temps:          0       0       0       0       0
      Totals:         0       2       0       0       0
Total ram usage:        2 bytes
 Hardware stack levels used:    1
 Hardware stack levels required when called:    4
 This function calls:
		_SPI_RW
 This function is called by:
		_SwitchToRxMode
		_SwitchToTxMode
		_SwitchCFG
		_RFM70_Initialize
		_rfm70TxDataSentInterrupt
		_rfm70TxDataSentErrorInterrupt
		_rfm70setPowerdownMode
		_Receive_Packet
		_SetChannelNum
		_rfm70_data_sent
 This function uses a non-reentrant model


 *************** function _SPI_RW *****************
 Defined at:
		line 78 in file "rfm70.c"
 Parameters:    Size  Location     Type
  value           1    wreg     unsigned char 
 Auto vars:     Size  Location     Type
  value           1   21[BANK0 ] unsigned char 
 Return value:  Size  Location     Type
                  1    wreg      unsigned char 
 Registers used:
		wreg
 Tracked objects:
		On entry : 
		On exit  : 
		Unchanged: 
 Data sizes:     COMMON   BANK0   BANK1   BANK3   BANK2
      Params:         0       0       0       0       0
      Locals:         0       1       0       0       0
      Temps:          0       2       0       0       0
      Totals:         0       3       0       0       0
Total ram usage:        3 bytes
 Hardware stack levels used:    1
 Hardware stack levels required when called:    3
 This function calls:
		Nothing
 This function is called by:
		_SPI_Write_Reg
		_SPI_Read_Reg
		_SPI_Write_Buf
		_SPI_Read_Buf
 This function uses a non-reentrant model


 *************** function ___lwdiv *****************
 Defined at:
		line 5 in file "/Applications/microchip/xc8/v1.12/sources/lwdiv.c"
 Parameters:    Size  Location     Type
  divisor         2   19[BANK0 ] unsigned int 
  dividend        2   21[BANK0 ] unsigned int 
 Auto vars:     Size  Location     Type
  quotient        2   25[BANK0 ] unsigned int 
  counter         1   24[BANK0 ] unsigned char 
 Return value:  Size  Location     Type
                  2   19[BANK0 ] unsigned int 
 Registers used:
		wreg, status,2, status,0
 Tracked objects:
		On entry : 
		On exit  : 
		Unchanged: 
 Data sizes:     COMMON   BANK0   BANK1   BANK3   BANK2
      Params:         0       4       0       0       0
      Locals:         0       3       0       0       0
      Temps:          0       1       0       0       0
      Totals:         0       8       0       0       0
Total ram usage:        8 bytes
 Hardware stack levels used:    1
 Hardware stack levels required when called:    3
 This function calls:
		Nothing
 This function is called by:
		_printf
 This function uses a non-reentrant model


 *************** function ___lwmod *****************
 Defined at:
		line 5 in file "/Applications/microchip/xc8/v1.12/sources/lwmod.c"
 Parameters:    Size  Location     Type
  divisor         2   27[BANK0 ] unsigned int 
  dividend        2   29[BANK0 ] unsigned int 
 Auto vars:     Size  Location     Type
  counter         1   32[BANK0 ] unsigned char 
 Return value:  Size  Location     Type
                  2   27[BANK0 ] unsigned int 
 Registers used:
		wreg, status,2, status,0
 Tracked objects:
		On entry : 
		On exit  : 
		Unchanged: 
 Data sizes:     COMMON   BANK0   BANK1   BANK3   BANK2
      Params:         0       4       0       0       0
      Locals:         0       1       0       0       0
      Temps:          0       1       0       0       0
      Totals:         0       6       0       0       0
Total ram usage:        6 bytes
 Hardware stack levels used:    1
 Hardware stack levels required when called:    3
 This function calls:
		Nothing
 This function is called by:
		_printf
 This function uses a non-reentrant model


 *************** function ___awdiv *****************
 Defined at:
		line 5 in file "/Applications/microchip/xc8/v1.12/sources/awdiv.c"
 Parameters:    Size  Location     Type
  divisor         2   19[BANK0 ] int 
  dividend        2   21[BANK0 ] int 
 Auto vars:     Size  Location     Type
  quotient        2   26[BANK0 ] int 
  sign            1   25[BANK0 ] unsigned char 
  counter         1   24[BANK0 ] unsigned char 
 Return value:  Size  Location     Type
                  2   19[BANK0 ] int 
 Registers used:
		wreg, status,2, status,0
 Tracked objects:
		On entry : 
		On exit  : 
		Unchanged: 
 Data sizes:     COMMON   BANK0   BANK1   BANK3   BANK2
      Params:         0       4       0       0       0
      Locals:         0       4       0       0       0
      Temps:          0       1       0       0       0
      Totals:         0       9       0       0       0
Total ram usage:        9 bytes
 Hardware stack levels used:    1
 Hardware stack levels required when called:    3
 This function calls:
		Nothing
 This function is called by:
		_main
 This function uses a non-reentrant model


 *************** function _ISR *****************
 Defined at:
		line 85 in file "main.c"
 Parameters:    Size  Location     Type
		None
 Auto vars:     Size  Location     Type
		None
 Return value:  Size  Location     Type
		None               void
 Registers used:
		wreg, fsr0l, fsr0h, status,2, status,0, btemp+1, pclath, cstack
 Tracked objects:
		On entry : 
		On exit  : 
		Unchanged: 
 Data sizes:     COMMON   BANK0   BANK1   BANK3   BANK2
      Params:         0       0       0       0       0
      Locals:         0       0       0       0       0
      Temps:          0       5       0       0       0
      Totals:         0       5       0       0       0
Total ram usage:        5 bytes
 Hardware stack levels used:    1
 Hardware stack levels required when called:    2
 This function calls:
		i1_printf
 This function is called by:
		Interrupt level 1
 This function uses a non-reentrant model


 *************** function i1_printf *****************
 Defined at:
		line 465 in file "/Applications/microchip/xc8/v1.12/sources/doprnt.c"
 Parameters:    Size  Location     Type
  printf          2    0[BANK0 ] PTR const unsigned char 
		 -> STR_13(5), STR_12(12), Receive_Packet@rx_buf(32), STR_11(5), 
		 -> STR_10(24), STR_9(17), STR_8(3), STR_7(3), 
		 -> STR_6(10), STR_5(12), STR_4(26), STR_3(18), 
		 -> STR_2(23), STR_1(19), 
 Auto vars:     Size  Location     Type
  printf          4    9[BANK0 ] struct .
  printf          1   13[BANK0 ] char 
  printf          1    8[BANK0 ] unsigned char 
  printf          1    7[BANK0 ] char 
  printf          1    6[BANK0 ] PTR void [1]
		 -> ?_printf(2), 
  printf          1    5[BANK0 ] unsigned char 
 Return value:  Size  Location     Type
                  2    0[BANK0 ] int 
 Registers used:
		wreg, fsr0l, fsr0h, status,2, status,0, btemp+1, pclath, cstack
 Tracked objects:
		On entry : 
		On exit  : 
		Unchanged: 
 Data sizes:     COMMON   BANK0   BANK1   BANK3   BANK2
      Params:         0       2       0       0       0
      Locals:         0       9       0       0       0
      Temps:          0       3       0       0       0
      Totals:         0      14       0       0       0
Total ram usage:       14 bytes
 Hardware stack levels used:    1
 Hardware stack levels required when called:    1
 This function calls:
		i1_putch
		i1___lwdiv
		i1___lwmod
 This function is called by:
		_ISR
 This function uses a non-reentrant model


 *************** function i1___lwdiv *****************
 Defined at:
		line 5 in file "/Applications/microchip/xc8/v1.12/sources/lwdiv.c"
 Parameters:    Size  Location     Type
  __lwdiv         2    0[COMMON] unsigned int 
  __lwdiv         2    2[COMMON] unsigned int 
 Auto vars:     Size  Location     Type
  __lwdiv         2    6[COMMON] unsigned int 
  __lwdiv         1    5[COMMON] unsigned char 
 Return value:  Size  Location     Type
                  2    0[COMMON] unsigned int 
 Registers used:
		wreg, status,2, status,0
 Tracked objects:
		On entry : 
		On exit  : 
		Unchanged: 
 Data sizes:     COMMON   BANK0   BANK1   BANK3   BANK2
      Params:         4       0       0       0       0
      Locals:         3       0       0       0       0
      Temps:          1       0       0       0       0
      Totals:         8       0       0       0       0
Total ram usage:        8 bytes
 Hardware stack levels used:    1
 This function calls:
		Nothing
 This function is called by:
		i1_printf
 This function uses a non-reentrant model


 *************** function i1___lwmod *****************
 Defined at:
		line 5 in file "/Applications/microchip/xc8/v1.12/sources/lwmod.c"
 Parameters:    Size  Location     Type
  __lwmod         2    8[COMMON] unsigned int 
  __lwmod         2   10[COMMON] unsigned int 
 Auto vars:     Size  Location     Type
  __lwmod         1   13[COMMON] unsigned char 
 Return value:  Size  Location     Type
                  2    8[COMMON] unsigned int 
 Registers used:
		wreg, status,2, status,0
 Tracked objects:
		On entry : 
		On exit  : 
		Unchanged: 
 Data sizes:     COMMON   BANK0   BANK1   BANK3   BANK2
      Params:         4       0       0       0       0
      Locals:         1       0       0       0       0
      Temps:          1       0       0       0       0
      Totals:         6       0       0       0       0
Total ram usage:        6 bytes
 Hardware stack levels used:    1
 This function calls:
		Nothing
 This function is called by:
		i1_printf
 This function uses a non-reentrant model


 *************** function i1_putch *****************
 Defined at:
		line 464 in file "main.c"
 Parameters:    Size  Location     Type
  putch           1    wreg     unsigned char 
 Auto vars:     Size  Location     Type
  putch           1    0[COMMON] unsigned char 
 Return value:  Size  Location     Type
		None               void
 Registers used:
		wreg
 Tracked objects:
		On entry : 
		On exit  : 
		Unchanged: 
 Data sizes:     COMMON   BANK0   BANK1   BANK3   BANK2
      Params:         0       0       0       0       0
      Locals:         1       0       0       0       0
      Temps:          0       0       0       0       0
      Totals:         1       0       0       0       0
Total ram usage:        1 bytes
 Hardware stack levels used:    1
 This function calls:
		Nothing
 This function is called by:
		i1_printf
 This function uses a non-reentrant model



MODULE INFORMATION

Module		Function		Class		Link	Load	Size
shared
		i1_printf      		CODE           	0E52	0000	430
		i1_putch       		CODE           	0A76	0000	12
		__stringtab    		STRCODE        	1000	0000	18
		__stringdata   		STRCODE        	10A3	0000	186
		_Bank0_Reg     		STRCODE        	104A	0000	46
		_Bank0_RegAct  		STRCODE        	0000	0000	4259
		i1___lwdiv     		CODE           	0D42	0000	77
		_dpowers       		STRCODE        	1083	0000	10
		_Bank1_Reg14   		STRCODE        	1078	0000	11
		_Bank1_Reg0_13 		STRCODE        	1012	0000	56
		i1___lwmod     		CODE           	0CBA	0000	67
		_RX0_Address   		STRCODE        	1095	0000	5
		__initializatio		CODE           	0AEB	0000	23
		_RX1_Address   		STRCODE        	109A	0000	5
		_hexpowers     		STRCODE        	108D	0000	8

shared estimated size: 5213

main.c
		_Send_Packet   		CODE           	06FD	0000	228
		_adcReadVcap   		CODE           	0BC2	0000	43
		_adcReadTemp   		CODE           	0BED	0000	43
		_ISR           		CODE           	0C18	0000	49
		_putch         		CODE           	0A82	0000	12
		_main          		CODE           	0325	0000	552
		_spiInit       		CODE           	0ABA	0000	24
		_adcInit       		CODE           	0A6C	0000	10
		_uartInit      		CODE           	0AA4	0000	22

main.c estimated size: 983

/Applications/microchip/xc8/v1.12/sources/lwmod.c
		___lwmod       		CODE           	0CFD	0000	69

/Applications/microchip/xc8/v1.12/sources/lwmod.c estimated size: 69

/Applications/microchip/xc8/v1.12/sources/awdiv.c
		___awdiv       		CODE           	0DDE	0000	116

/Applications/microchip/xc8/v1.12/sources/awdiv.c estimated size: 116

rfm70.c
		_rfm70setPowerd		CODE           	0B49	0000	37
		_SPI_RW        		CODE           	0B25	0000	36
		_rfm70TxDataSen		CODE           	0B06	0000	31
		_rfm70TxDataSen		CODE           	07E1	0000	31
		_SPI_Write_Reg 		CODE           	0A8E	0000	22
		_SPI_Write_Buf 		CODE           	0B6E	0000	42
		_SPI_Read_Reg  		CODE           	0AD2	0000	25
		_RFM70_Initiali		CODE           	0015	0000	784
		_SwitchToRxMode		CODE           	0C7B	0000	63
		_SwitchToTxMode		CODE           	0B98	0000	42
		_SwitchCFG     		CODE           	0C49	0000	50

rfm70.c estimated size: 1163

/Applications/microchip/xc8/v1.12/sources/lwdiv.c
		___lwdiv       		CODE           	0D8F	0000	79

/Applications/microchip/xc8/v1.12/sources/lwdiv.c estimated size: 79

/Applications/microchip/xc8/v1.12/sources/doprnt.c
		_printf        		CODE           	054D	0000	432

/Applications/microchip/xc8/v1.12/sources/doprnt.c estimated size: 432

