Microchip MPLAB XC8 Compiler V1.12 ()

Linker command line:

--edf=/Applications/microchip/xc8/v1.12/dat/en_msgs.txt -cs \
  -h+dist/default/production/energy-harvesting-demoboard.production.sym -z \
  -Q16F707 -ol.obj \
  -Mdist/default/production/energy-harvesting-demoboard.production.map -E1 \
  -ver=XC8 -ACONST=00h-0FFhx32 -ACODE=00h-07FFhx4 -ASTRCODE=00h-01FFFh \
  -AENTRY=00h-0FFhx32 -ASTRING=00h-0FFhx32 -ACOMMON=070h-07Fh \
  -ABANK0=020h-06Fh -ABANK1=0A0h-0EFh -ABANK2=0115h-016Fh \
  -ABANK3=0190h-01EFh -ARAM=020h-06Fh,0A0h-0EFh,0115h-016Fh,0190h-01EFh \
  -AABS1=020h-07Fh,0A0h-0EFh,0115h-016Fh,0190h-01EFh -ASFR0=00h-01Fh \
  -ASFR1=080h-09Fh -ASFR2=0100h-0114h -ASFR3=0180h-018Fh \
  -preset_vec=00h,intentry=04h,init,end_init -ppowerup=CODE -pfunctab=CODE \
  -ACONFIG=02007h-02008h -pconfig=CONFIG -DCONFIG=2 -AIDLOC=02000h-02003h \
  -pidloc=IDLOC -DIDLOC=2 -DCODE=2 -DSTRCODE=2 -DSTRING=2 -DCONST=2 \
  -DENTRY=2 -k /tmp/cgtgG5zYH.obj \
  dist/default/production/energy-harvesting-demoboard.production.obj 

Object code version is 3.10

Machine type is 16F707



                Name                               Link     Load   Length Selector   Space Scale
/tmp/cgtgG5zYH.obj
                end_init                             12       12        3        8       0
                reset_vec                             0        0        3        0       0
                config                             2007     2007        2     400E       0
dist/default/production/energy-harvesting-demoboard.production.obj
                functab                             100      100        9        2       0
                intentry                              4        4        E        8       0
                text925                             E05      E05       4D     1C0A       0
                text924                             B81      B81        C     1702       0
                text923                             D3A      D3A       43     1A74       0
                text922                             E52      E52      1AE     1CA4       0
                text921                             CD0      CD0       2B     19A0       0
                text920                             DC0      DC0       45     1B80       0
                text919                             77C      77C       4F        2       0
                text918                             C33      C33       24     1866       0
                text917                             BAE      BAE       16     175C       0
                text916                             BDC      BDC       19     17B8       0
                text915                             7CB      7CB       32        2       0
                text914                             BF5      BF5       1F     17EA       0
                text913                             CFB      CFB       3F     19F6       0
                text912                             C14      C14       1F     1828       0
                text911                             C7C      C7C       2A     18F8       0
                text910                             CA6      CA6       2A     194C       0
                text909                             B8D      B8D        C     171A       0
                text908                             5CC      5CC      1B0        2       0
                text907                              15       15       D4        8       0
                text906                             109      109      310        2       0
                text905                             D7D      D7D       43     1AFA       0
                text904                             C57      C57       25     18AE       0
                text903                             B71      B71        8     16E2       0
                text902                              E9       E9       16        8       0
                text901                             BC4      BC4       18     1788       0
                maintext                            419      419      1B3        2       0
                cstackBANK0                          20       20       38       20       1
                cstackCOMMON                         70       70        E       70       1
                cstackBANK1                          C1       C1        A       A0       1
                cstackBANK3                         190      190       26      190       1
                clrtext                             B79      B79        8     16F2       0
                bssBANK1                             A0       A0       21       A0       1
                dataBANK0                            5A       5A        1       20       1
                bssBANK0                             59       59        1       20       1
                bitbssBANK0                         2C0       58        1       20       1     8
                cinit                               B99      B99       15     1732       0
                stringtext                         1000     1000      13A       20       0
                idataBANK0                          7FD      7FD        1        2       0

TOTAL           Name                               Link     Load   Length     Space
        CLASS   CONST          

        CLASS   CODE           
                end_init                             12       12        3         0
                functab                             100      100        9         0
                intentry                              4        4        E         0
                reset_vec                             0        0        3         0
                text925                             E05      E05       4D         0
                text924                             B81      B81        C         0
                text923                             D3A      D3A       43         0
                text922                             E52      E52      1AE         0
                text921                             CD0      CD0       2B         0
                text920                             DC0      DC0       45         0
                text919                             77C      77C       4F         0
                text918                             C33      C33       24         0
                text917                             BAE      BAE       16         0
                text916                             BDC      BDC       19         0
                text915                             7CB      7CB       32         0
                text914                             BF5      BF5       1F         0
                text913                             CFB      CFB       3F         0
                text912                             C14      C14       1F         0
                text911                             C7C      C7C       2A         0
                text910                             CA6      CA6       2A         0
                text909                             B8D      B8D        C         0
                text908                             5CC      5CC      1B0         0
                text907                              15       15       D4         0
                text906                             109      109      310         0
                text905                             D7D      D7D       43         0
                text904                             C57      C57       25         0
                text903                             B71      B71        8         0
                text902                              E9       E9       16         0
                text901                             BC4      BC4       18         0
                maintext                            419      419      1B3         0
                clrtext                             B79      B79        8         0
                cinit                               B99      B99       15         0
                idataBANK0                          7FD      7FD        1         0

        CLASS   STRCODE        
                stringtext                         1000     1000      13A         0

        CLASS   ENTRY          

        CLASS   STRING         

        CLASS   COMMON         
                cstackCOMMON                         70       70        E         1

        CLASS   BANK0          
                cstackBANK0                          20       20       38         1
                dataBANK0                            5A       5A        1         1
                bssBANK0                             59       59        1         1
                bitbssBANK0                         2C0       58        1         1

        CLASS   BANK1          
                cstackBANK1                          C1       C1        A         1
                bssBANK1                             A0       A0       21         1

        CLASS   BANK2          

        CLASS   BANK3          
                cstackBANK3                         190      190       26         1

        CLASS   RAM            

        CLASS   ABS1           
                abs_s1                               7E       7E        2         1

        CLASS   SFR0           

        CLASS   SFR1           

        CLASS   SFR2           

        CLASS   SFR3           

        CLASS   CONFIG         
                config                             2007     2007        2         0

        CLASS   IDLOC          

        CLASS   EEDATA         



SEGMENTS        Name                           Load    Length   Top    Selector   Space  Class     Delta

                reset_vec                      000000  000003  000003         0       0  CODE        2
                intentry                       000004  0000FB  0000FF         8       0  CODE        2
                cstackBANK0                    000020  00003B  00005B        20       1  BANK0       1
                cstackCOMMON                   000070  00000E  00007E        70       1  COMMON      1
                bssBANK1                       0000A0  00002B  0000CB        A0       1  BANK1       1
                cstackBANK3                    000190  000026  0001B6       190       1  BANK3       1
                functab                        000100  0006FE  0007FE         2       0  CODE        2
                text903                        000B71  000008  000B79      16E2       0  CODE        2
                clrtext                        000B79  000008  000B81      16F2       0  CODE        2
                text924                        000B81  00000C  000B8D      1702       0  CODE        2
                text909                        000B8D  00000C  000B99      171A       0  CODE        2
                cinit                          000B99  000015  000BAE      1732       0  CODE        2
                text917                        000BAE  000016  000BC4      175C       0  CODE        2
                text901                        000BC4  000018  000BDC      1788       0  CODE        2
                text916                        000BDC  000019  000BF5      17B8       0  CODE        2
                text914                        000BF5  00001F  000C14      17EA       0  CODE        2
                text912                        000C14  00001F  000C33      1828       0  CODE        2
                text918                        000C33  000024  000C57      1866       0  CODE        2
                text904                        000C57  000025  000C7C      18AE       0  CODE        2
                text911                        000C7C  00002A  000CA6      18F8       0  CODE        2
                text910                        000CA6  00002A  000CD0      194C       0  CODE        2
                text921                        000CD0  00002B  000CFB      19A0       0  CODE        2
                text913                        000CFB  00003F  000D3A      19F6       0  CODE        2
                text923                        000D3A  000043  000D7D      1A74       0  CODE        2
                text905                        000D7D  000043  000DC0      1AFA       0  CODE        2
                text920                        000DC0  000045  000E05      1B80       0  CODE        2
                text925                        000E05  00004D  000E52      1C0A       0  CODE        2
                text922                        000E52  0001AE  001000      1CA4       0  CODE        2
                stringtext                     001000  00013A  00113A        20       0  STRCODE     2
                config                         002007  000002  002009      400E       0  CONFIG      2


UNUSED ADDRESS RANGES

        Name                Unused          Largest block    Delta
        BANK0            005B-006F             15           1
        BANK1            00CB-00EF             25           1
        BANK2            0115-016F             5B           1
        BANK3            01B6-01EF             3A           1
        CODE             0003-0003              1           2
                         00FF-00FF              1
                         07FE-0B70              2
                         113A-1FFF            6C6
        CONST            0003-0003              1           2
                         00FF-00FF              1
                         07FE-0B70            100
                         113A-1FFF            100
        ENTRY            0003-0003              1           2
                         00FF-00FF              1
                         07FE-0B70            100
                         113A-1FFF            100
        IDLOC            2000-2003              4           2
        RAM              005B-006F             15           1
                         00CB-00EF             25
                         0115-016F             5B
                         01B6-01EF             3A
        SFR0             0000-001F             20           1
        SFR1             0080-009F             20           1
        SFR2             0100-0114             15           1
        SFR3             0180-018F             10           1
        STRCODE          0003-0003              1           2
                         00FF-00FF              1
                         07FE-0B70            373
                         113A-1FFF            EC6
        STRING           0003-0003              1           2
                         00FF-00FF              1
                         07FE-0B70            100
                         113A-1FFF            100

                                  Symbol Table

?_SPI_Write_Buf                         cstackBANK0  0036
?_SPI_Write_Reg                         cstackBANK0  0036
?_Send_Packet                           cstackBANK0  0053
?___lwdiv                               cstackBANK0  0033
?___lwmod                               cstackBANK0  003B
?_adcRead                               cstackBANK0  0033
?_printf                                cstackBANK0  0041
?i1___lwdiv                             cstackCOMMON 0070
?i1___lwmod                             cstackCOMMON 0078
?i1_printf                              cstackBANK0  0020
RFM70_Initialize@WriteArr               cstackBANK0  0043
RFM70_Initialize@i                      cstackBANK0  004F
RFM70_Initialize@j                      cstackBANK0  0050
SPI_RW@value                            cstackBANK0  0035
SPI_Read_Reg@reg                        cstackBANK0  0037
SPI_Read_Reg@value                      cstackBANK0  0038
SPI_Write_Buf@byte_ctr                  cstackBANK0  003A
SPI_Write_Buf@length                    cstackBANK0  0037
SPI_Write_Buf@pBuf                      cstackBANK0  0036
SPI_Write_Buf@reg                       cstackBANK0  0039
SPI_Write_Reg@reg                       cstackBANK0  0037
SPI_Write_Reg@value                     cstackBANK0  0036
Send_Packet@fifo_sta                    cstackBANK1  00C2
Send_Packet@i                           cstackBANK1  00C3
Send_Packet@len                         cstackBANK0  0054
Send_Packet@pbuf                        cstackBANK0  0053
Send_Packet@type                        cstackBANK1  00C1
SwitchCFG@Tmp                           cstackBANK0  003B
SwitchCFG@_cfg                          cstackBANK0  003A
SwitchToRxMode@value                    cstackBANK0  003A
SwitchToTxMode@value                    cstackBANK0  003A
_ADCON0bits                             (abs)        001F
_ADCON1bits                             (abs)        009F
_ADRES                                  (abs)        001E
_ANSELCbits                             (abs)        0187
_ANSELDbits                             (abs)        0188
_ANSELEbits                             (abs)        0189
_Bank0_Reg                              stringtext   104A
_Bank1_Reg0_13                          stringtext   1012
_Bank1_Reg14                            stringtext   1078
_FVRCONbits                             (abs)        009D
_GIE                                    (abs)        005F
_ISR                                    text921      0CD0
_OSCCONbits                             (abs)        0090
_PEIE                                   (abs)        005E
_PIR1bits                               (abs)        000C
_PORTCbits                              (abs)        0007
_PORTDbits                              (abs)        0008
_PORTEbits                              (abs)        0009
_RCIF                                   (abs)        0065
_RCREG                                  (abs)        001A
_RCSTA                                  (abs)        0018
_RCSTAbits                              (abs)        0018
_RFM70_Initialize                       text906      0109
_RX0_Address                            stringtext   1095
_RX1_Address                            stringtext   109A
_SPBRG                                  (abs)        0099
_SPI_RW                                 text918      0C33
_SPI_Read_Reg                           text916      0BDC
_SPI_Write_Buf                          text911      0C7C
_SPI_Write_Reg                          text917      0BAE
_SSPBUF                                 (abs)        0013
_SSPCONbits                             (abs)        0014
_SSPSTATbits                            (abs)        0094
_Send_Packet                            text907      0015
_SwitchCFG                              text915      07CB
_SwitchToRxMode                         text913      0CFB
_SwitchToTxMode                         text910      0CA6
_T1CONbits                              (abs)        0010
_T1GCONbits                             (abs)        008F
_TMR1H                                  (abs)        000F
_TMR1IE                                 (abs)        0460
_TMR1IF                                 (abs)        0060
_TMR1L                                  (abs)        000E
_TRISCbits                              (abs)        0087
_TRISDbits                              (abs)        0088
_TRISEbits                              (abs)        0089
_TXIF                                   (abs)        0064
_TXREG                                  (abs)        0019
_TXSTA                                  (abs)        0098
_TXSTAbits                              (abs)        0098
__CFG_BOREN$OFF                         (abs)        0000
__CFG_CP$OFF                            (abs)        0000
__CFG_FOSC$INTOSC                       (abs)        0000
__CFG_MCLRE$ON                          (abs)        0000
__CFG_PLLEN$ON                          (abs)        0000
__CFG_PWRTE$OFF                         (abs)        0000
__CFG_VCAPEN$RA0                        (abs)        0000
__CFG_WDTE$OFF                          (abs)        0000
__Habs1                                 abs1         0000
__Hbank0                                bank0        0000
__Hbank1                                bank1        0000
__Hbank2                                bank2        0000
__Hbank3                                bank3        0000
__HbitbssBANK0                          bitbssBANK0  0000
__HbssBANK0                             bssBANK0     0000
__HbssBANK1                             bssBANK1     0000
__Hcinit                                cinit        0000
__Hclrtext                              clrtext      0000
__Hcode                                 code         0000
__Hcommon                               common       0000
__Hconfig                               config       2009
__HcstackBANK0                          cstackBANK0  0000
__HcstackBANK1                          cstackBANK1  0000
__HcstackBANK3                          cstackBANK3  0000
__HcstackCOMMON                         cstackCOMMON 0000
__HdataBANK0                            dataBANK0    0000
__Heeprom_data                          eeprom_data  0000
__Hend_init                             end_init     0015
__Hfunctab                              functab      0109
__HidataBANK0                           idataBANK0   0000
__Hidloc                                idloc        0000
__Hinit                                 init         0012
__Hintentry                             intentry     0012
__Hmaintext                             maintext     0000
__Hpowerup                              powerup      0000
__Hram                                  ram          0000
__Hreset_vec                            reset_vec    0003
__Hsfr0                                 sfr0         0000
__Hsfr1                                 sfr1         0000
__Hsfr2                                 sfr2         0000
__Hsfr3                                 sfr3         0000
__Hstrings                              strings      0000
__Hstringtext                           stringtext   0000
__Htext                                 text         0000
__Labs1                                 abs1         0000
__Lbank0                                bank0        0000
__Lbank1                                bank1        0000
__Lbank2                                bank2        0000
__Lbank3                                bank3        0000
__LbitbssBANK0                          bitbssBANK0  0000
__LbssBANK0                             bssBANK0     0000
__LbssBANK1                             bssBANK1     0000
__Lcinit                                cinit        0000
__Lclrtext                              clrtext      0000
__Lcode                                 code         0000
__Lcommon                               common       0000
__Lconfig                               config       2007
__LcstackBANK0                          cstackBANK0  0000
__LcstackBANK1                          cstackBANK1  0000
__LcstackBANK3                          cstackBANK3  0000
__LcstackCOMMON                         cstackCOMMON 0000
__LdataBANK0                            dataBANK0    0000
__Leeprom_data                          eeprom_data  0000
__Lend_init                             end_init     0012
__Lfunctab                              functab      0100
__LidataBANK0                           idataBANK0   0000
__Lidloc                                idloc        0000
__Linit                                 init         0012
__Lintentry                             intentry     0004
__Lmaintext                             maintext     0000
__Lpowerup                              powerup      0000
__Lram                                  ram          0000
__Lreset_vec                            reset_vec    0000
__Lsfr0                                 sfr0         0000
__Lsfr1                                 sfr1         0000
__Lsfr2                                 sfr2         0000
__Lsfr3                                 sfr3         0000
__Lstrings                              strings      0000
__Lstringtext                           stringtext   0000
__Ltext                                 text         0000
__S0                                    (abs)        2009
__S1                                    (abs)        01B6
___lwdiv                                text919      077C
___lwdiv@counter                        cstackBANK0  0038
___lwdiv@dividend                       cstackBANK0  0035
___lwdiv@divisor                        cstackBANK0  0033
___lwdiv@quotient                       cstackBANK0  0039
___lwmod                                text920      0DC0
___lwmod@counter                        cstackBANK0  0040
___lwmod@dividend                       cstackBANK0  003D
___lwmod@divisor                        cstackBANK0  003B
__end_of_Bank0_Reg                      stringtext   1078
__end_of_Bank0_RegAct                   stringtext   10A3
__end_of_Bank1_Reg0_13                  stringtext   104A
__end_of_Bank1_Reg14                    stringtext   1083
__end_of_ISR                            text921      0CFB
__end_of_RFM70_Initialize               text906      0419
__end_of_RX0_Address                    stringtext   109A
__end_of_RX1_Address                    stringtext   109F
__end_of_SPI_RW                         text918      0C57
__end_of_SPI_Read_Reg                   text916      0BF5
__end_of_SPI_Write_Buf                  text911      0CA6
__end_of_SPI_Write_Reg                  text917      0BC4
__end_of_Send_Packet                    text907      00E9
__end_of_SwitchCFG                      text915      07FD
__end_of_SwitchToRxMode                 text913      0D3A
__end_of_SwitchToTxMode                 text910      0CD0
__end_of___lwdiv                        text919      07CB
__end_of___lwmod                        text920      0E05
__end_of__fptable                       functab      0109
__end_of__initialization                cinit        0BAA
__end_of__stringdata                    stringtext   113A
__end_of__stringtab                     stringtext   1012
__end_of_adcInit                        text903      0B79
__end_of_adcRead                        text905      0DC0
__end_of_dpowers                        stringtext   108D
__end_of_hexpowers                      stringtext   1095
__end_of_main                           maintext     05CC
__end_of_printf                         text908      077C
__end_of_putch                          text909      0B99
__end_of_rfm70TxDataSentErrorInterrupt  text914      0C14
__end_of_rfm70TxDataSentInterrupt       text912      0C33
__end_of_rfm70setPowerdownMode          text904      0C7C
__end_of_spiInit                        text901      0BDC
__end_of_uartInit                       text902      00FF
__end_ofi1___lwdiv                      text925      0E52
__end_ofi1___lwmod                      text923      0D7D
__end_ofi1_printf                       text922      1000
__end_ofi1_putch                        text924      0B8D
__fptable                               functab      0100
__initialization                        cinit        0B99
__pbitbssBANK0                          bitbssBANK0  02C0
__pbssBANK0                             bssBANK0     0059
__pbssBANK1                             bssBANK1     00A0
__pcstackBANK0                          cstackBANK0  0020
__pcstackBANK1                          cstackBANK1  00C1
__pcstackBANK3                          cstackBANK3  0190
__pcstackCOMMON                         cstackCOMMON 0070
__pdataBANK0                            dataBANK0    005A
__pfunctab                              functab      0100
__pidataBANK0                           idataBANK0   07FD
__pintentry                             intentry     0004
__pmaintext                             maintext     0419
__pstringtext                           stringtext   1000
__ptext901                              text901      0BC4
__ptext902                              text902      00E9
__ptext903                              text903      0B71
__ptext904                              text904      0C57
__ptext905                              text905      0D7D
__ptext906                              text906      0109
__ptext907                              text907      0015
__ptext908                              text908      05CC
__ptext909                              text909      0B8D
__ptext910                              text910      0CA6
__ptext911                              text911      0C7C
__ptext912                              text912      0C14
__ptext913                              text913      0CFB
__ptext914                              text914      0BF5
__ptext915                              text915      07CB
__ptext916                              text916      0BDC
__ptext917                              text917      0BAE
__ptext918                              text918      0C33
__ptext919                              text919      077C
__ptext920                              text920      0DC0
__ptext921                              text921      0CD0
__ptext922                              text922      0E52
__ptext923                              text923      0D3A
__ptext924                              text924      0B81
__ptext925                              text925      0E05
__size_of_ISR                           (abs)        0000
__size_of_RFM70_Initialize              (abs)        0000
__size_of_SPI_RW                        (abs)        0000
__size_of_SPI_Read_Reg                  (abs)        0000
__size_of_SPI_Write_Buf                 (abs)        0000
__size_of_SPI_Write_Reg                 (abs)        0000
__size_of_Send_Packet                   (abs)        0000
__size_of_SwitchCFG                     (abs)        0000
__size_of_SwitchToRxMode                (abs)        0000
__size_of_SwitchToTxMode                (abs)        0000
__size_of___lwdiv                       (abs)        0000
__size_of___lwmod                       (abs)        0000
__size_of__fptable                      (abs)        0000
__size_of_adcInit                       (abs)        0000
__size_of_adcRead                       (abs)        0000
__size_of_main                          (abs)        0000
__size_of_printf                        (abs)        0000
__size_of_putch                         (abs)        0000
__size_of_rfm70TxDataSentErrorInterrupt (abs)        0000
__size_of_rfm70TxDataSentInterrupt      (abs)        0000
__size_of_rfm70setPowerdownMode         (abs)        0000
__size_of_spiInit                       (abs)        0000
__size_of_uartInit                      (abs)        0000
__size_ofi1___lwdiv                     (abs)        0000
__size_ofi1___lwmod                     (abs)        0000
__size_ofi1_printf                      (abs)        0000
__size_ofi1_putch                       (abs)        0000
__stringdata                            stringtext   10A3
__stringtab                             stringtext   1000
_adcInit                                text903      0B71
_adcRead                                text905      0D7D
_dpowers                                stringtext   1083
_flag                                   bitbssBANK0  02C0
_hexpowers                              stringtext   108D
_main                                   maintext     0419
_printf                                 text908      05CC
_putch                                  text909      0B8D
_rfm70TxDataSentErrorInterrupt          text914      0BF5
_rfm70TxDataSentInterrupt               text912      0C14
_rfm70setPowerdownMode                  text904      0C57
_spiInit                                text901      0BC4
_tmr1Counter                            bssBANK0     0059
_tmr1Target                             dataBANK0    005A
_tx_buf                                 bssBANK1     00C0
_uartInit                               text902      00E9
adcRead@ch                              cstackBANK0  0033
adcRead@range                           cstackBANK0  0034
adcRead@value                           cstackBANK0  0037
btemp                                   (abs)        007E
clear_ram                               clrtext      0B79
end_of_initialization                   cinit        0BAA
entry__adcRead                          functab      0106
fpbase                                  functab      0105
fptable                                 functab      0100
fptotal                                 (abs)        0001
i1___lwdiv                              text925      0E05
i1___lwdiv@counter                      cstackCOMMON 0075
i1___lwdiv@dividend                     cstackCOMMON 0072
i1___lwdiv@divisor                      cstackCOMMON 0070
i1___lwdiv@quotient                     cstackCOMMON 0076
i1___lwmod                              text923      0D3A
i1___lwmod@counter                      cstackCOMMON 007D
i1___lwmod@dividend                     cstackCOMMON 007A
i1___lwmod@divisor                      cstackCOMMON 0078
i1_printf                               text922      0E52
i1_putch                                text924      0B81
i1printf@_val                           cstackBANK0  0029
i1printf@ap                             cstackBANK0  0026
i1printf@c                              cstackBANK0  002D
i1printf@f                              cstackBANK0  0020
i1printf@flag                           cstackBANK0  0028
i1printf@idx                            cstackBANK0  0025
i1printf@prec                           cstackBANK0  0027
i1putch@c                               cstackCOMMON 0070
interrupt_function                      intentry     0004
intlevel0                               functab      0100
intlevel1                               functab      0100
intlevel2                               functab      0100
intlevel3                               functab      0100
intlevel4                               functab      0100
intlevel5                               functab      0100
main@i                                  cstackBANK3  01B2
main@temp_tx_buf                        cstackBANK3  0190
main@value                              cstackBANK3  01B0
printf@_val                             cstackBANK0  004E
printf@ap                               cstackBANK0  004B
printf@c                                cstackBANK0  0052
printf@f                                cstackBANK0  0041
printf@flag                             cstackBANK0  004D
printf@idx                              cstackBANK0  004A
printf@prec                             cstackBANK0  004C
putch@c                                 cstackBANK0  0033
reset_vec                               reset_vec    0000
rfm70setPowerdownMode@reg               cstackBANK0  003B
rfm70setPowerdownMode@value             cstackBANK0  003A
saved_w                                 (abs)        007E
start                                   init         0012
start_initialization                    cinit        0B99
wtemp0                                  (abs)        007E


FUNCTION INFORMATION:

 *************** function _main *****************
 Defined at:
		line 95 in file "main.c"
 Parameters:    Size  Location     Type
  argc            2    3[BANK1 ] int 
  argv            2    5[BANK1 ] PTR PTR unsigned char 
 Auto vars:     Size  Location     Type
  temp_tx_buf    32    0[BANK3 ] unsigned char [32]
  buffer          5    0        unsigned char [5]
  i               4   34[BANK3 ] long 
  value           2   32[BANK3 ] int 
 Return value:  Size  Location     Type
                  2    3[BANK1 ] int 
 Registers used:
		wreg, fsr0l, fsr0h, fsr1l, fsr1h, status,2, status,0, btemp+1, pclath, cstack
 Tracked objects:
		On entry : 
		On exit  : 
		Unchanged: 
 Data sizes:     COMMON   BANK0   BANK1   BANK3   BANK2
      Params:         0       0       4       0       0
      Locals:         0       0       0      38       0
      Temps:          0       0       3       0       0
      Totals:         0       0       7      38       0
Total ram usage:       45 bytes
 Hardware stack levels required when called:    7
 This function calls:
		_spiInit
		_uartInit
		_adcInit
		_rfm70setPowerdownMode
		_adcRead
		_printf
		_RFM70_Initialize
		_Send_Packet
 This function is called by:
		Startup code after reset
 This function uses a non-reentrant model


 *************** function _spiInit *****************
 Defined at:
		line 347 in file "main.c"
 Parameters:    Size  Location     Type
		None
 Auto vars:     Size  Location     Type
		None
 Return value:  Size  Location     Type
		None               void
 Registers used:
		wreg, status,2, status,0
 Tracked objects:
		On entry : 
		On exit  : 
		Unchanged: 
 Data sizes:     COMMON   BANK0   BANK1   BANK3   BANK2
      Params:         0       0       0       0       0
      Locals:         0       0       0       0       0
      Temps:          0       2       0       0       0
      Totals:         0       2       0       0       0
Total ram usage:        2 bytes
 Hardware stack levels used:    1
 Hardware stack levels required when called:    3
 This function calls:
		Nothing
 This function is called by:
		_main
 This function uses a non-reentrant model


 *************** function _uartInit *****************
 Defined at:
		line 325 in file "main.c"
 Parameters:    Size  Location     Type
		None
 Auto vars:     Size  Location     Type
		None
 Return value:  Size  Location     Type
		None               void
 Registers used:
		wreg, status,2
 Tracked objects:
		On entry : 
		On exit  : 
		Unchanged: 
 Data sizes:     COMMON   BANK0   BANK1   BANK3   BANK2
      Params:         0       0       0       0       0
      Locals:         0       0       0       0       0
      Temps:          0       0       0       0       0
      Totals:         0       0       0       0       0
Total ram usage:        0 bytes
 Hardware stack levels used:    1
 Hardware stack levels required when called:    3
 This function calls:
		Nothing
 This function is called by:
		_main
 This function uses a non-reentrant model


 *************** function _adcInit *****************
 Defined at:
		line 359 in file "main.c"
 Parameters:    Size  Location     Type
		None
 Auto vars:     Size  Location     Type
		None
 Return value:  Size  Location     Type
		None               void
 Registers used:
		wreg, status,2, status,0
 Tracked objects:
		On entry : 
		On exit  : 
		Unchanged: 
 Data sizes:     COMMON   BANK0   BANK1   BANK3   BANK2
      Params:         0       0       0       0       0
      Locals:         0       0       0       0       0
      Temps:          0       0       0       0       0
      Totals:         0       0       0       0       0
Total ram usage:        0 bytes
 Hardware stack levels used:    1
 Hardware stack levels required when called:    3
 This function calls:
		Nothing
 This function is called by:
		_main
 This function uses a non-reentrant model


 *************** function _rfm70setPowerdownMode *****************
 Defined at:
		line 400 in file "rfm70.c"
 Parameters:    Size  Location     Type
  value           1    wreg     unsigned char 
 Auto vars:     Size  Location     Type
  value           1   26[BANK0 ] unsigned char 
  reg             1   27[BANK0 ] unsigned char 
 Return value:  Size  Location     Type
		None               void
 Registers used:
		wreg, status,2, status,0, pclath, cstack
 Tracked objects:
		On entry : 
		On exit  : 
		Unchanged: 
 Data sizes:     COMMON   BANK0   BANK1   BANK3   BANK2
      Params:         0       0       0       0       0
      Locals:         0       2       0       0       0
      Temps:          0       1       0       0       0
      Totals:         0       3       0       0       0
Total ram usage:        3 bytes
 Hardware stack levels used:    1
 Hardware stack levels required when called:    5
 This function calls:
		_SPI_Read_Reg
		_SPI_Write_Reg
 This function is called by:
		_main
 This function uses a non-reentrant model


 *************** function _adcRead *****************
 Defined at:
		line 301 in file "main.c"
 Parameters:    Size  Location     Type
  ch              1   19[BANK0 ] unsigned char 
  range           1   20[BANK0 ] unsigned char 
 Auto vars:     Size  Location     Type
  value           1   23[BANK0 ] unsigned char 
 Return value:  Size  Location     Type
                  1    wreg      unsigned char 
 Registers used:
		wreg, status,2, status,0
 Tracked objects:
		On entry : 
		On exit  : 
		Unchanged: 
 Data sizes:     COMMON   BANK0   BANK1   BANK3   BANK2
      Params:         0       2       0       0       0
      Locals:         0       1       0       0       0
      Temps:          0       2       0       0       0
      Totals:         0       5       0       0       0
Total ram usage:        5 bytes
 Hardware stack levels used:    1
 Hardware stack levels required when called:    3
 This function calls:
		Nothing
 This function is called by:
		_main
 This function uses a non-reentrant model


 *************** function _RFM70_Initialize *****************
 Defined at:
		line 252 in file "rfm70.c"
 Parameters:    Size  Location     Type
		None
 Auto vars:     Size  Location     Type
  WriteArr       12   35[BANK0 ] unsigned char [12]
  j               1   48[BANK0 ] unsigned char 
  i               1   47[BANK0 ] unsigned char 
 Return value:  Size  Location     Type
		None               void
 Registers used:
		wreg, fsr0l, fsr0h, status,2, status,0, btemp+1, pclath, cstack
 Tracked objects:
		On entry : 
		On exit  : 
		Unchanged: 
 Data sizes:     COMMON   BANK0   BANK1   BANK3   BANK2
      Params:         0       0       0       0       0
      Locals:         0      14       0       0       0
      Temps:          0       7       0       0       0
      Totals:         0      21       0       0       0
Total ram usage:       21 bytes
 Hardware stack levels used:    1
 Hardware stack levels required when called:    6
 This function calls:
		_SwitchCFG
		_SPI_Write_Reg
		_SPI_Write_Buf
		_SPI_Read_Reg
 This function is called by:
		_main
 This function uses a non-reentrant model


 *************** function _Send_Packet *****************
 Defined at:
		line 410 in file "main.c"
 Parameters:    Size  Location     Type
  type            1    wreg     unsigned char 
  pbuf            1   51[BANK0 ] PTR unsigned char 
		 -> tx_buf(1), 
  len             1   52[BANK0 ] unsigned char 
 Auto vars:     Size  Location     Type
  type            1    0[BANK1 ] unsigned char 
  i               1    2[BANK1 ] unsigned char 
  fifo_sta        1    1[BANK1 ] unsigned char 
 Return value:  Size  Location     Type
		None               void
 Registers used:
		wreg, fsr0l, fsr0h, fsr1l, fsr1h, status,2, status,0, btemp+1, pclath, cstack
 Tracked objects:
		On entry : 
		On exit  : 
		Unchanged: 
 Data sizes:     COMMON   BANK0   BANK1   BANK3   BANK2
      Params:         0       2       0       0       0
      Locals:         0       0       3       0       0
      Temps:          0       3       0       0       0
      Totals:         0       5       3       0       0
Total ram usage:        8 bytes
 Hardware stack levels used:    1
 Hardware stack levels required when called:    6
 This function calls:
		_SwitchToTxMode
		_SPI_Read_Reg
		_printf
		_SPI_Write_Buf
		_rfm70TxDataSentInterrupt
		_SwitchToRxMode
		_rfm70TxDataSentErrorInterrupt
 This function is called by:
		_main
 This function uses a non-reentrant model


 *************** function _printf *****************
 Defined at:
		line 465 in file "/Applications/microchip/xc8/v1.12/sources/doprnt.c"
 Parameters:    Size  Location     Type
  f               2   33[BANK0 ] PTR const unsigned char 
		 -> STR_12(5), STR_11(12), Receive_Packet@rx_buf(32), STR_10(5), 
		 -> STR_9(24), STR_8(17), STR_7(3), STR_6(3), 
		 -> STR_5(10), STR_4(3), STR_3(21), STR_2(23), 
		 -> STR_1(19), 
 Auto vars:     Size  Location     Type
  idx             1   42[BANK0 ] unsigned char 
  _val            4   46[BANK0 ] struct .
  c               1   50[BANK0 ] char 
  flag            1   45[BANK0 ] unsigned char 
  prec            1   44[BANK0 ] char 
  ap              1   43[BANK0 ] PTR void [1]
		 -> ?_printf(2), 
 Return value:  Size  Location     Type
                  2   33[BANK0 ] int 
 Registers used:
		wreg, fsr0l, fsr0h, status,2, status,0, btemp+1, pclath, cstack
 Tracked objects:
		On entry : 
		On exit  : 
		Unchanged: 
 Data sizes:     COMMON   BANK0   BANK1   BANK3   BANK2
      Params:         0       6       0       0       0
      Locals:         0       9       0       0       0
      Temps:          0       3       0       0       0
      Totals:         0      18       0       0       0
Total ram usage:       18 bytes
 Hardware stack levels used:    1
 Hardware stack levels required when called:    4
 This function calls:
		_putch
		___lwdiv
		___lwmod
 This function is called by:
		_main
		_Send_Packet
		_Receive_Packet
 This function uses a non-reentrant model


 *************** function _putch *****************
 Defined at:
		line 369 in file "main.c"
 Parameters:    Size  Location     Type
  c               1    wreg     unsigned char 
 Auto vars:     Size  Location     Type
  c               1   19[BANK0 ] unsigned char 
 Return value:  Size  Location     Type
		None               void
 Registers used:
		wreg
 Tracked objects:
		On entry : 
		On exit  : 
		Unchanged: 
 Data sizes:     COMMON   BANK0   BANK1   BANK3   BANK2
      Params:         0       0       0       0       0
      Locals:         0       1       0       0       0
      Temps:          0       0       0       0       0
      Totals:         0       1       0       0       0
Total ram usage:        1 bytes
 Hardware stack levels used:    1
 Hardware stack levels required when called:    3
 This function calls:
		Nothing
 This function is called by:
		_printf
		_getche
 This function uses a non-reentrant model


 *************** function _SwitchToTxMode *****************
 Defined at:
		line 191 in file "rfm70.c"
 Parameters:    Size  Location     Type
		None
 Auto vars:     Size  Location     Type
  value           1   26[BANK0 ] unsigned char 
 Return value:  Size  Location     Type
		None               void
 Registers used:
		wreg, status,2, status,0, pclath, cstack
 Tracked objects:
		On entry : 
		On exit  : 
		Unchanged: 
 Data sizes:     COMMON   BANK0   BANK1   BANK3   BANK2
      Params:         0       0       0       0       0
      Locals:         0       1       0       0       0
      Temps:          0       1       0       0       0
      Totals:         0       2       0       0       0
Total ram usage:        2 bytes
 Hardware stack levels used:    1
 Hardware stack levels required when called:    5
 This function calls:
		_SPI_Write_Reg
		_SPI_Read_Reg
 This function is called by:
		_Send_Packet
 This function uses a non-reentrant model


 *************** function _SPI_Write_Buf *****************
 Defined at:
		line 147 in file "rfm70.c"
 Parameters:    Size  Location     Type
  reg             1    wreg     unsigned char 
  pBuf            1   22[BANK0 ] PTR unsigned char 
		 -> RFM70_Initialize@WriteArr(12), tx_buf(1), 
  length          1   23[BANK0 ] unsigned char 
 Auto vars:     Size  Location     Type
  reg             1   25[BANK0 ] unsigned char 
  byte_ctr        1   26[BANK0 ] unsigned char 
 Return value:  Size  Location     Type
		None               void
 Registers used:
		wreg, fsr0l, fsr0h, status,2, status,0, pclath, cstack
 Tracked objects:
		On entry : 
		On exit  : 
		Unchanged: 
 Data sizes:     COMMON   BANK0   BANK1   BANK3   BANK2
      Params:         0       2       0       0       0
      Locals:         0       2       0       0       0
      Temps:          0       1       0       0       0
      Totals:         0       5       0       0       0
Total ram usage:        5 bytes
 Hardware stack levels used:    1
 Hardware stack levels required when called:    4
 This function calls:
		_SPI_RW
 This function is called by:
		_Send_Packet
		_RFM70_Initialize
 This function uses a non-reentrant model


 *************** function _rfm70TxDataSentInterrupt *****************
 Defined at:
		line 371 in file "rfm70.c"
 Parameters:    Size  Location     Type
		None
 Auto vars:     Size  Location     Type
		None
 Return value:  Size  Location     Type
                  1    wreg      unsigned char 
 Registers used:
		wreg, status,2, status,0, pclath, cstack
 Tracked objects:
		On entry : 
		On exit  : 
		Unchanged: 
 Data sizes:     COMMON   BANK0   BANK1   BANK3   BANK2
      Params:         0       0       0       0       0
      Locals:         0       0       0       0       0
      Temps:          0       1       0       0       0
      Totals:         0       1       0       0       0
Total ram usage:        1 bytes
 Hardware stack levels used:    1
 Hardware stack levels required when called:    5
 This function calls:
		_SPI_Read_Reg
		_SPI_Write_Reg
 This function is called by:
		_Send_Packet
 This function uses a non-reentrant model


 *************** function _SwitchToRxMode *****************
 Defined at:
		line 165 in file "rfm70.c"
 Parameters:    Size  Location     Type
		None
 Auto vars:     Size  Location     Type
  value           1   26[BANK0 ] unsigned char 
 Return value:  Size  Location     Type
		None               void
 Registers used:
		wreg, status,2, status,0, pclath, cstack
 Tracked objects:
		On entry : 
		On exit  : 
		Unchanged: 
 Data sizes:     COMMON   BANK0   BANK1   BANK3   BANK2
      Params:         0       0       0       0       0
      Locals:         0       1       0       0       0
      Temps:          0       1       0       0       0
      Totals:         0       2       0       0       0
Total ram usage:        2 bytes
 Hardware stack levels used:    1
 Hardware stack levels required when called:    5
 This function calls:
		_SPI_Write_Reg
		_SPI_Read_Reg
 This function is called by:
		_Send_Packet
		_Receive_Packet
 This function uses a non-reentrant model


 *************** function _rfm70TxDataSentErrorInterrupt *****************
 Defined at:
		line 380 in file "rfm70.c"
 Parameters:    Size  Location     Type
		None
 Auto vars:     Size  Location     Type
		None
 Return value:  Size  Location     Type
                  1    wreg      unsigned char 
 Registers used:
		wreg, status,2, status,0, pclath, cstack
 Tracked objects:
		On entry : 
		On exit  : 
		Unchanged: 
 Data sizes:     COMMON   BANK0   BANK1   BANK3   BANK2
      Params:         0       0       0       0       0
      Locals:         0       0       0       0       0
      Temps:          0       1       0       0       0
      Totals:         0       1       0       0       0
Total ram usage:        1 bytes
 Hardware stack levels used:    1
 Hardware stack levels required when called:    5
 This function calls:
		_SPI_Read_Reg
		_SPI_Write_Reg
 This function is called by:
		_Send_Packet
 This function uses a non-reentrant model


 *************** function _SwitchCFG *****************
 Defined at:
		line 218 in file "rfm70.c"
 Parameters:    Size  Location     Type
  _cfg            1    wreg     unsigned char 
 Auto vars:     Size  Location     Type
  _cfg            1   26[BANK0 ] unsigned char 
  Tmp             1   27[BANK0 ] unsigned char 
 Return value:  Size  Location     Type
		None               void
 Registers used:
		wreg, status,2, status,0, pclath, cstack
 Tracked objects:
		On entry : 
		On exit  : 
		Unchanged: 
 Data sizes:     COMMON   BANK0   BANK1   BANK3   BANK2
      Params:         0       0       0       0       0
      Locals:         0       2       0       0       0
      Temps:          0       1       0       0       0
      Totals:         0       3       0       0       0
Total ram usage:        3 bytes
 Hardware stack levels used:    1
 Hardware stack levels required when called:    5
 This function calls:
		_SPI_Read_Reg
		_SPI_Write_Reg
 This function is called by:
		_RFM70_Initialize
 This function uses a non-reentrant model


 *************** function _SPI_Read_Reg *****************
 Defined at:
		line 109 in file "rfm70.c"
 Parameters:    Size  Location     Type
  reg             1    wreg     unsigned char 
 Auto vars:     Size  Location     Type
  reg             1   23[BANK0 ] unsigned char 
  value           1   24[BANK0 ] unsigned char 
 Return value:  Size  Location     Type
                  1    wreg      unsigned char 
 Registers used:
		wreg, status,2, status,0, pclath, cstack
 Tracked objects:
		On entry : 
		On exit  : 
		Unchanged: 
 Data sizes:     COMMON   BANK0   BANK1   BANK3   BANK2
      Params:         0       0       0       0       0
      Locals:         0       2       0       0       0
      Temps:          0       1       0       0       0
      Totals:         0       3       0       0       0
Total ram usage:        3 bytes
 Hardware stack levels used:    1
 Hardware stack levels required when called:    4
 This function calls:
		_SPI_RW
 This function is called by:
		_Send_Packet
		_SwitchToRxMode
		_SwitchToTxMode
		_SwitchCFG
		_RFM70_Initialize
		_rfm70TxDataSentInterrupt
		_rfm70TxDataSentErrorInterrupt
		_rfm70setPowerdownMode
		_Receive_Packet
		_rfm70_data_sent
 This function uses a non-reentrant model


 *************** function _SPI_Write_Reg *****************
 Defined at:
		line 94 in file "rfm70.c"
 Parameters:    Size  Location     Type
  reg             1    wreg     unsigned char 
  value           1   22[BANK0 ] unsigned char 
 Auto vars:     Size  Location     Type
  reg             1   23[BANK0 ] unsigned char 
 Return value:  Size  Location     Type
		None               void
 Registers used:
		wreg, status,2, status,0, pclath, cstack
 Tracked objects:
		On entry : 
		On exit  : 
		Unchanged: 
 Data sizes:     COMMON   BANK0   BANK1   BANK3   BANK2
      Params:         0       1       0       0       0
      Locals:         0       1       0       0       0
      Temps:          0       0       0       0       0
      Totals:         0       2       0       0       0
Total ram usage:        2 bytes
 Hardware stack levels used:    1
 Hardware stack levels required when called:    4
 This function calls:
		_SPI_RW
 This function is called by:
		_SwitchToRxMode
		_SwitchToTxMode
		_SwitchCFG
		_RFM70_Initialize
		_rfm70TxDataSentInterrupt
		_rfm70TxDataSentErrorInterrupt
		_rfm70setPowerdownMode
		_Receive_Packet
		_SetChannelNum
		_rfm70_data_sent
 This function uses a non-reentrant model


 *************** function _SPI_RW *****************
 Defined at:
		line 78 in file "rfm70.c"
 Parameters:    Size  Location     Type
  value           1    wreg     unsigned char 
 Auto vars:     Size  Location     Type
  value           1   21[BANK0 ] unsigned char 
 Return value:  Size  Location     Type
                  1    wreg      unsigned char 
 Registers used:
		wreg
 Tracked objects:
		On entry : 
		On exit  : 
		Unchanged: 
 Data sizes:     COMMON   BANK0   BANK1   BANK3   BANK2
      Params:         0       0       0       0       0
      Locals:         0       1       0       0       0
      Temps:          0       2       0       0       0
      Totals:         0       3       0       0       0
Total ram usage:        3 bytes
 Hardware stack levels used:    1
 Hardware stack levels required when called:    3
 This function calls:
		Nothing
 This function is called by:
		_SPI_Write_Reg
		_SPI_Read_Reg
		_SPI_Write_Buf
		_SPI_Read_Buf
 This function uses a non-reentrant model


 *************** function ___lwdiv *****************
 Defined at:
		line 5 in file "/Applications/microchip/xc8/v1.12/sources/lwdiv.c"
 Parameters:    Size  Location     Type
  divisor         2   19[BANK0 ] unsigned int 
  dividend        2   21[BANK0 ] unsigned int 
 Auto vars:     Size  Location     Type
  quotient        2   25[BANK0 ] unsigned int 
  counter         1   24[BANK0 ] unsigned char 
 Return value:  Size  Location     Type
                  2   19[BANK0 ] unsigned int 
 Registers used:
		wreg, status,2, status,0
 Tracked objects:
		On entry : 
		On exit  : 
		Unchanged: 
 Data sizes:     COMMON   BANK0   BANK1   BANK3   BANK2
      Params:         0       4       0       0       0
      Locals:         0       3       0       0       0
      Temps:          0       1       0       0       0
      Totals:         0       8       0       0       0
Total ram usage:        8 bytes
 Hardware stack levels used:    1
 Hardware stack levels required when called:    3
 This function calls:
		Nothing
 This function is called by:
		_printf
 This function uses a non-reentrant model


 *************** function ___lwmod *****************
 Defined at:
		line 5 in file "/Applications/microchip/xc8/v1.12/sources/lwmod.c"
 Parameters:    Size  Location     Type
  divisor         2   27[BANK0 ] unsigned int 
  dividend        2   29[BANK0 ] unsigned int 
 Auto vars:     Size  Location     Type
  counter         1   32[BANK0 ] unsigned char 
 Return value:  Size  Location     Type
                  2   27[BANK0 ] unsigned int 
 Registers used:
		wreg, status,2, status,0
 Tracked objects:
		On entry : 
		On exit  : 
		Unchanged: 
 Data sizes:     COMMON   BANK0   BANK1   BANK3   BANK2
      Params:         0       4       0       0       0
      Locals:         0       1       0       0       0
      Temps:          0       1       0       0       0
      Totals:         0       6       0       0       0
Total ram usage:        6 bytes
 Hardware stack levels used:    1
 Hardware stack levels required when called:    3
 This function calls:
		Nothing
 This function is called by:
		_printf
 This function uses a non-reentrant model


 *************** function _ISR *****************
 Defined at:
		line 72 in file "main.c"
 Parameters:    Size  Location     Type
		None
 Auto vars:     Size  Location     Type
		None
 Return value:  Size  Location     Type
		None               void
 Registers used:
		wreg, fsr0l, fsr0h, status,2, status,0, btemp+1, pclath, cstack
 Tracked objects:
		On entry : 
		On exit  : 
		Unchanged: 
 Data sizes:     COMMON   BANK0   BANK1   BANK3   BANK2
      Params:         0       0       0       0       0
      Locals:         0       0       0       0       0
      Temps:          0       5       0       0       0
      Totals:         0       5       0       0       0
Total ram usage:        5 bytes
 Hardware stack levels used:    1
 Hardware stack levels required when called:    2
 This function calls:
		i1_printf
 This function is called by:
		Interrupt level 1
 This function uses a non-reentrant model


 *************** function i1_printf *****************
 Defined at:
		line 465 in file "/Applications/microchip/xc8/v1.12/sources/doprnt.c"
 Parameters:    Size  Location     Type
  printf          2    0[BANK0 ] PTR const unsigned char 
		 -> STR_12(5), STR_11(12), Receive_Packet@rx_buf(32), STR_10(5), 
		 -> STR_9(24), STR_8(17), STR_7(3), STR_6(3), 
		 -> STR_5(10), STR_4(3), STR_3(21), STR_2(23), 
		 -> STR_1(19), 
 Auto vars:     Size  Location     Type
  printf          4    9[BANK0 ] struct .
  printf          1   13[BANK0 ] char 
  printf          1    8[BANK0 ] unsigned char 
  printf          1    7[BANK0 ] char 
  printf          1    6[BANK0 ] PTR void [1]
		 -> ?_printf(2), 
  printf          1    5[BANK0 ] unsigned char 
 Return value:  Size  Location     Type
                  2    0[BANK0 ] int 
 Registers used:
		wreg, fsr0l, fsr0h, status,2, status,0, btemp+1, pclath, cstack
 Tracked objects:
		On entry : 
		On exit  : 
		Unchanged: 
 Data sizes:     COMMON   BANK0   BANK1   BANK3   BANK2
      Params:         0       2       0       0       0
      Locals:         0       9       0       0       0
      Temps:          0       3       0       0       0
      Totals:         0      14       0       0       0
Total ram usage:       14 bytes
 Hardware stack levels used:    1
 Hardware stack levels required when called:    1
 This function calls:
		i1_putch
		i1___lwdiv
		i1___lwmod
 This function is called by:
		_ISR
 This function uses a non-reentrant model


 *************** function i1___lwmod *****************
 Defined at:
		line 5 in file "/Applications/microchip/xc8/v1.12/sources/lwmod.c"
 Parameters:    Size  Location     Type
  __lwmod         2    8[COMMON] unsigned int 
  __lwmod         2   10[COMMON] unsigned int 
 Auto vars:     Size  Location     Type
  __lwmod         1   13[COMMON] unsigned char 
 Return value:  Size  Location     Type
                  2    8[COMMON] unsigned int 
 Registers used:
		wreg, status,2, status,0
 Tracked objects:
		On entry : 
		On exit  : 
		Unchanged: 
 Data sizes:     COMMON   BANK0   BANK1   BANK3   BANK2
      Params:         4       0       0       0       0
      Locals:         1       0       0       0       0
      Temps:          1       0       0       0       0
      Totals:         6       0       0       0       0
Total ram usage:        6 bytes
 Hardware stack levels used:    1
 This function calls:
		Nothing
 This function is called by:
		i1_printf
 This function uses a non-reentrant model


 *************** function i1_putch *****************
 Defined at:
		line 369 in file "main.c"
 Parameters:    Size  Location     Type
  putch           1    wreg     unsigned char 
 Auto vars:     Size  Location     Type
  putch           1    0[COMMON] unsigned char 
 Return value:  Size  Location     Type
		None               void
 Registers used:
		wreg
 Tracked objects:
		On entry : 
		On exit  : 
		Unchanged: 
 Data sizes:     COMMON   BANK0   BANK1   BANK3   BANK2
      Params:         0       0       0       0       0
      Locals:         1       0       0       0       0
      Temps:          0       0       0       0       0
      Totals:         1       0       0       0       0
Total ram usage:        1 bytes
 Hardware stack levels used:    1
 This function calls:
		Nothing
 This function is called by:
		i1_printf
 This function uses a non-reentrant model


 *************** function i1___lwdiv *****************
 Defined at:
		line 5 in file "/Applications/microchip/xc8/v1.12/sources/lwdiv.c"
 Parameters:    Size  Location     Type
  __lwdiv         2    0[COMMON] unsigned int 
  __lwdiv         2    2[COMMON] unsigned int 
 Auto vars:     Size  Location     Type
  __lwdiv         2    6[COMMON] unsigned int 
  __lwdiv         1    5[COMMON] unsigned char 
 Return value:  Size  Location     Type
                  2    0[COMMON] unsigned int 
 Registers used:
		wreg, status,2, status,0
 Tracked objects:
		On entry : 
		On exit  : 
		Unchanged: 
 Data sizes:     COMMON   BANK0   BANK1   BANK3   BANK2
      Params:         4       0       0       0       0
      Locals:         3       0       0       0       0
      Temps:          1       0       0       0       0
      Totals:         8       0       0       0       0
Total ram usage:        8 bytes
 Hardware stack levels used:    1
 This function calls:
		Nothing
 This function is called by:
		i1_printf
 This function uses a non-reentrant model



MODULE INFORMATION

Module		Function		Class		Link	Load	Size
shared
		i1_printf      		CODE           	0E52	0000	430
		i1_putch       		CODE           	0B81	0000	12
		__stringtab    		STRCODE        	1000	0000	18
		__stringdata   		STRCODE        	10A3	0000	151
		_Bank0_Reg     		STRCODE        	104A	0000	46
		_Bank0_RegAct  		STRCODE        	0000	0000	4259
		i1___lwdiv     		CODE           	0E05	0000	77
		_dpowers       		STRCODE        	1083	0000	10
		_Bank1_Reg14   		STRCODE        	1078	0000	11
		_Bank1_Reg0_13 		STRCODE        	1012	0000	56
		i1___lwmod     		CODE           	0D3A	0000	67
		_RX0_Address   		STRCODE        	1095	0000	5
		__initializatio		CODE           	0B99	0000	17
		_RX1_Address   		STRCODE        	109A	0000	5
		_hexpowers     		STRCODE        	108D	0000	8
		__fptable      		CODE           	0100	0000	9

shared estimated size: 5181

main.c
		_Send_Packet   		CODE           	0015	0000	212
		_adcRead       		CODE           	0D7D	0000	67
		_ISR           		CODE           	0CD0	0000	43
		_putch         		CODE           	0B8D	0000	12
		_main          		CODE           	0419	0000	435
		_spiInit       		CODE           	0BC4	0000	24
		_adcInit       		CODE           	0B71	0000	8
		_uartInit      		CODE           	00E9	0000	22

main.c estimated size: 823

/Applications/microchip/xc8/v1.12/sources/lwmod.c
		___lwmod       		CODE           	0DC0	0000	69

/Applications/microchip/xc8/v1.12/sources/lwmod.c estimated size: 69

rfm70.c
		_rfm70setPowerd		CODE           	0C57	0000	37
		_SPI_RW        		CODE           	0C33	0000	36
		_rfm70TxDataSen		CODE           	0BF5	0000	31
		_rfm70TxDataSen		CODE           	0C14	0000	31
		_SPI_Write_Reg 		CODE           	0BAE	0000	22
		_SPI_Write_Buf 		CODE           	0C7C	0000	42
		_SPI_Read_Reg  		CODE           	0BDC	0000	25
		_RFM70_Initiali		CODE           	0109	0000	784
		_SwitchToRxMode		CODE           	0CFB	0000	63
		_SwitchToTxMode		CODE           	0CA6	0000	42
		_SwitchCFG     		CODE           	07CB	0000	50

rfm70.c estimated size: 1163

/Applications/microchip/xc8/v1.12/sources/lwdiv.c
		___lwdiv       		CODE           	077C	0000	79

/Applications/microchip/xc8/v1.12/sources/lwdiv.c estimated size: 79

/Applications/microchip/xc8/v1.12/sources/doprnt.c
		_printf        		CODE           	05CC	0000	432

/Applications/microchip/xc8/v1.12/sources/doprnt.c estimated size: 432

