Microchip MPLAB XC8 Compiler V1.12 ()

Linker command line:

--edf=/Applications/microchip/xc8/v1.12/dat/en_msgs.txt -cs \
  -h+dist/default/production/energy-harvesting-demoboard.production.sym -z \
  -Q16LF707 -ol.obj \
  -Mdist/default/production/energy-harvesting-demoboard.production.map -E1 \
  -ver=XC8 -ACONST=00h-0FFhx32 -ACODE=00h-07FFhx4 -ASTRCODE=00h-01FFFh \
  -AENTRY=00h-0FFhx32 -ASTRING=00h-0FFhx32 -ACOMMON=070h-07Fh \
  -ABANK0=020h-06Fh -ABANK1=0A0h-0EFh -ABANK2=0115h-016Fh \
  -ABANK3=0190h-01EFh -ARAM=020h-06Fh,0A0h-0EFh,0115h-016Fh,0190h-01EFh \
  -AABS1=020h-07Fh,0A0h-0EFh,0115h-016Fh,0190h-01EFh -ASFR0=00h-01Fh \
  -ASFR1=080h-09Fh -ASFR2=0100h-0114h -ASFR3=0180h-018Fh \
  -preset_vec=00h,intentry=04h,init,end_init -ppowerup=CODE -pfunctab=CODE \
  -ACONFIG=02007h-02008h -pconfig=CONFIG -DCONFIG=2 -AIDLOC=02000h-02003h \
  -pidloc=IDLOC -DIDLOC=2 -DCODE=2 -DSTRCODE=2 -DSTRING=2 -DCONST=2 \
  -DENTRY=2 -k /tmp/cgtuRmNZy.obj \
  dist/default/production/energy-harvesting-demoboard.production.obj 

Object code version is 3.10

Machine type is 16LF707



                Name                               Link     Load   Length Selector   Space Scale
/tmp/cgtuRmNZy.obj
                end_init                             12       12        3        8       0
                reset_vec                             0        0        3        0       0
                config                             2007     2007        1     400E       0
dist/default/production/energy-harvesting-demoboard.production.obj
                intentry                              4        4        E        8       0
                text1316                           1499     1499       43     2932       0
                text1315                           1521     1521       4D     2A42       0
                text1314                           11FA     11FA        C     23F4       0
                text1313                            C52      C52      1AE     18A4       0
                text1312                           163A     163A       82     2C74       0
                text1311                           16BC     16BC       9E     2D78       0
                text1310                            788      788       74        8       0
                text1309                           15BD     15BD       7D     2B7A       0
                text1308                           12DA     12DA       21     25B4       0
                text1307                           175A     175A       A6     2EB4       0
                text1306                           14DC     14DC       45     29B8       0
                text1305                           156E     156E       4F     2ADC       0
                text1304                           139F     139F       2C     273E       0
                text1303                            83E      83E       C8     107C       0
                text1302                            9EA      9EA       EE     13D4       0
                text1301                           126A     126A       19     24D4       0
                text1300                           1226     1226       16     244C       0
                text1299                           1283     1283       19     2506       0
                text1298                           129C     129C       1F     2538       0
                text1297                           145A     145A       3F     28B4       0
                text1296                           12BB     12BB       1F     2576       0
                text1295                           1320     1320       2A     2640       0
                text1294                            80C      80C       32     1018       0
                text1293                           1374     1374       2B     26E8       0
                text1292                            AD8      AD8      17A     15B0       0
                text1291                            800      800        C     1000       0
                text1290                           134A     134A       2A     2694       0
                text1289                            E00      E00      200     1C00       0
                text1288                            906      906       E4     120C       0
                text1287                           13FA     13FA       30     27F4       0
                text1286                            3FC      3FC      38C        8       0
                text1285                           142A     142A       30     2854       0
                text1284                           12FB     12FB       25     25F6       0
                text1283                           11F0     11F0        A     23E0       0
                text1282                           123C     123C       16     2478       0
                text1281                           1252     1252       18     24A4       0
                maintext                             15       15      3E7        8       0
                cstackBANK0                          20       20       2F       20       1
                cstackCOMMON                         70       70        E       70       1
                cstackBANK1                          C8       C8       17       A0       1
                cstackBANK3                         190      190        5      190       1
                inittext                           1213     1213       13     2426       0
                clrtext                            11E8     11E8        8     23D0       0
                dataBANK1                            DF       DF        D       A0       1
                bssBANK1                             A0       A0       28       A0       1
                dataBANK0                            56       56        3       20       1
                bssBANK0                             4F       4F        7       20       1
                bitbssBANK0                         2C8       59        2       20       1     8
                cinit                              13CB     13CB       2F     2796       0
                stringtext                         1000     1000      19F       20       0
                idataBANK1                         1206     1206        D     240C       0
                idataBANK0                          7FC      7FC        3        8       0

TOTAL           Name                               Link     Load   Length     Space
        CLASS   CONST          

        CLASS   CODE           
                end_init                             12       12        3         0
                intentry                              4        4        E         0
                reset_vec                             0        0        3         0
                text1316                           1499     1499       43         0
                text1315                           1521     1521       4D         0
                text1314                           11FA     11FA        C         0
                text1313                            C52      C52      1AE         0
                text1312                           163A     163A       82         0
                text1311                           16BC     16BC       9E         0
                text1310                            788      788       74         0
                text1309                           15BD     15BD       7D         0
                text1308                           12DA     12DA       21         0
                text1307                           175A     175A       A6         0
                text1306                           14DC     14DC       45         0
                text1305                           156E     156E       4F         0
                text1304                           139F     139F       2C         0
                text1303                            83E      83E       C8         0
                text1302                            9EA      9EA       EE         0
                text1301                           126A     126A       19         0
                text1300                           1226     1226       16         0
                text1299                           1283     1283       19         0
                text1298                           129C     129C       1F         0
                text1297                           145A     145A       3F         0
                text1296                           12BB     12BB       1F         0
                text1295                           1320     1320       2A         0
                text1294                            80C      80C       32         0
                text1293                           1374     1374       2B         0
                text1292                            AD8      AD8      17A         0
                text1291                            800      800        C         0
                text1290                           134A     134A       2A         0
                text1289                            E00      E00      200         0
                text1288                            906      906       E4         0
                text1287                           13FA     13FA       30         0
                text1286                            3FC      3FC      38C         0
                text1285                           142A     142A       30         0
                text1284                           12FB     12FB       25         0
                text1283                           11F0     11F0        A         0
                text1282                           123C     123C       16         0
                text1281                           1252     1252       18         0
                maintext                             15       15      3E7         0
                inittext                           1213     1213       13         0
                clrtext                            11E8     11E8        8         0
                cinit                              13CB     13CB       2F         0
                idataBANK1                         1206     1206        D         0
                idataBANK0                          7FC      7FC        3         0

        CLASS   STRCODE        
                stringtext                         1000     1000      19F         0

        CLASS   ENTRY          

        CLASS   STRING         

        CLASS   COMMON         
                cstackCOMMON                         70       70        E         1

        CLASS   BANK0          
                cstackBANK0                          20       20       2F         1
                dataBANK0                            56       56        3         1
                bssBANK0                             4F       4F        7         1
                bitbssBANK0                         2C8       59        2         1

        CLASS   BANK1          
                cstackBANK1                          C8       C8       17         1
                dataBANK1                            DF       DF        D         1
                bssBANK1                             A0       A0       28         1

        CLASS   BANK2          

        CLASS   BANK3          
                cstackBANK3                         190      190        5         1

        CLASS   RAM            

        CLASS   ABS1           
                abs_s1                               7E       7E        2         1

        CLASS   SFR0           

        CLASS   SFR1           

        CLASS   SFR2           

        CLASS   SFR3           

        CLASS   CONFIG         
                config                             2007     2007        1         0

        CLASS   IDLOC          

        CLASS   EEDATA         



SEGMENTS        Name                           Load    Length   Top    Selector   Space  Class     Delta

                reset_vec                      000000  000003  000003         0       0  CODE        2
                intentry                       000004  0007FB  0007FF         8       0  CODE        2
                cstackBANK0                    000020  00003A  00005A        20       1  BANK0       1
                cstackCOMMON                   000070  00000E  00007E        70       1  COMMON      1
                bssBANK1                       0000A0  00004C  0000EC        A0       1  BANK1       1
                cstackBANK3                    000190  000005  000195       190       1  BANK3       1
                text1291                       000800  00000C  00080C      1000       0  CODE        2
                text1294                       00080C  000032  00083E      1018       0  CODE        2
                text1303                       00083E  0000C8  000906      107C       0  CODE        2
                text1288                       000906  0000E4  0009EA      120C       0  CODE        2
                text1302                       0009EA  0000EE  000AD8      13D4       0  CODE        2
                text1292                       000AD8  00017A  000C52      15B0       0  CODE        2
                text1313                       000C52  0001AE  000E00      18A4       0  CODE        2
                text1289                       000E00  000200  001000      1C00       0  CODE        2
                stringtext                     001000  00019F  00119F        20       0  STRCODE     2
                clrtext                        0011E8  000008  0011F0      23D0       0  CODE        2
                text1283                       0011F0  00000A  0011FA      23E0       0  CODE        2
                text1314                       0011FA  00000C  001206      23F4       0  CODE        2
                idataBANK1                     001206  00000D  001213      240C       0  CODE        2
                inittext                       001213  000013  001226      2426       0  CODE        2
                text1300                       001226  000016  00123C      244C       0  CODE        2
                text1282                       00123C  000016  001252      2478       0  CODE        2
                text1281                       001252  000018  00126A      24A4       0  CODE        2
                text1301                       00126A  000019  001283      24D4       0  CODE        2
                text1299                       001283  000019  00129C      2506       0  CODE        2
                text1298                       00129C  00001F  0012BB      2538       0  CODE        2
                text1296                       0012BB  00001F  0012DA      2576       0  CODE        2
                text1308                       0012DA  000021  0012FB      25B4       0  CODE        2
                text1284                       0012FB  000025  001320      25F6       0  CODE        2
                text1295                       001320  00002A  00134A      2640       0  CODE        2
                text1290                       00134A  00002A  001374      2694       0  CODE        2
                text1293                       001374  00002B  00139F      26E8       0  CODE        2
                text1304                       00139F  00002C  0013CB      273E       0  CODE        2
                cinit                          0013CB  00002F  0013FA      2796       0  CODE        2
                text1287                       0013FA  000030  00142A      27F4       0  CODE        2
                text1285                       00142A  000030  00145A      2854       0  CODE        2
                text1297                       00145A  00003F  001499      28B4       0  CODE        2
                text1316                       001499  000043  0014DC      2932       0  CODE        2
                text1306                       0014DC  000045  001521      29B8       0  CODE        2
                text1315                       001521  00004D  00156E      2A42       0  CODE        2
                text1305                       00156E  00004F  0015BD      2ADC       0  CODE        2
                text1309                       0015BD  00007D  00163A      2B7A       0  CODE        2
                text1312                       00163A  000082  0016BC      2C74       0  CODE        2
                text1311                       0016BC  00009E  00175A      2D78       0  CODE        2
                text1307                       00175A  0000A6  001800      2EB4       0  CODE        2
                config                         002007  000001  002008      400E       0  CONFIG      2


UNUSED ADDRESS RANGES

        Name                Unused          Largest block    Delta
        BANK0            005A-006F             16           1
        BANK1            00EC-00EF              4           1
        BANK2            0115-016F             5B           1
        BANK3            0195-01EF             5B           1
        CODE             0003-0003              1           2
                         07FF-07FF              1
                         119F-11E7             49
                         1800-1FFF            800
        CONFIG           2008-2008              1           2
        CONST            0003-0003              1           2
                         07FF-07FF              1
                         119F-11E7             49
                         1800-1FFF            100
        ENTRY            0003-0003              1           2
                         07FF-07FF              1
                         119F-11E7             49
                         1800-1FFF            100
        IDLOC            2000-2003              4           2
        RAM              005A-006F             16           1
                         00EC-00EF              4
                         0115-016F             5B
                         0195-01EF             5B
        SFR0             0000-001F             20           1
        SFR1             0080-009F             20           1
        SFR2             0100-0114             15           1
        SFR3             0180-018F             10           1
        STRCODE          0003-0003              1           2
                         07FF-07FF              1
                         119F-11E7             49
                         1800-1FFF            800
        STRING           0003-0003              1           2
                         07FF-07FF              1
                         119F-11E7             49
                         1800-1FFF            100

                                  Symbol Table

?_SPI_Write_Buf                         cstackBANK0  0039
?_SPI_Write_Reg                         cstackBANK0  0039
?_Send_Packet                           cstackBANK0  004D
?___awdiv                               cstackBANK0  003C
?___ftdiv                               cstackBANK0  003E
?___ftge                                cstackBANK0  0046
?___ftmul                               cstackBANK0  003E
?___ftpack                              cstackBANK0  0036
?___fttol                               cstackBANK0  0036
?___lbtoft                              cstackBANK0  003E
?___lwdiv                               cstackBANK0  0036
?___lwmod                               cstackBANK0  003E
?___wmul                                cstackBANK0  0036
?_printf                                cstackBANK0  0044
?i1___lwdiv                             cstackCOMMON 0070
?i1___lwmod                             cstackCOMMON 0078
?i1_printf                              cstackBANK0  0020
RFM70_Initialize@WriteArr               cstackBANK1  00C8
RFM70_Initialize@i                      cstackBANK1  00D4
RFM70_Initialize@j                      cstackBANK1  00D5
SPI_RW@value                            cstackBANK0  0038
SPI_Read_Reg@reg                        cstackBANK0  003A
SPI_Read_Reg@value                      cstackBANK0  003B
SPI_Write_Buf@byte_ctr                  cstackBANK0  003D
SPI_Write_Buf@length                    cstackBANK0  003A
SPI_Write_Buf@pBuf                      cstackBANK0  0039
SPI_Write_Buf@reg                       cstackBANK0  003C
SPI_Write_Reg@reg                       cstackBANK0  003A
SPI_Write_Reg@value                     cstackBANK0  0039
Send_Packet@fifo_sta                    cstackBANK1  00D5
Send_Packet@i                           cstackBANK1  00D6
Send_Packet@len                         cstackBANK0  004E
Send_Packet@pbuf                        cstackBANK0  004D
Send_Packet@type                        cstackBANK1  00D4
SwitchCFG@Tmp                           cstackBANK0  003E
SwitchCFG@_cfg                          cstackBANK0  003D
SwitchToRxMode@value                    cstackBANK0  003D
SwitchToTxMode@value                    cstackBANK0  003D
_ADCON0bits                             (abs)        001F
_ADCON1bits                             (abs)        009F
_ADRES                                  (abs)        001E
_ANSELAbits                             (abs)        0185
_ANSELBbits                             (abs)        0186
_ANSELCbits                             (abs)        0187
_ANSELDbits                             (abs)        0188
_ANSELEbits                             (abs)        0189
_Bank0_Reg                              stringtext   104A
_Bank1_Reg0_13                          stringtext   1012
_Bank1_Reg14                            stringtext   1078
_DACCON0                                (abs)        0113
_DACCON1                                (abs)        0114
_FVRCONbits                             (abs)        009D
_GIE                                    (abs)        005F
_ISR                                    text1312     163A
_OSCCONbits                             (abs)        0090
_PEIE                                   (abs)        005E
_PIR1bits                               (abs)        000C
_PORTAbits                              (abs)        0005
_PORTBbits                              (abs)        0006
_PORTCbits                              (abs)        0007
_PORTD                                  (abs)        0008
_PORTDbits                              (abs)        0008
_PORTEbits                              (abs)        0009
_RCIF                                   (abs)        0065
_RCREG                                  (abs)        001A
_RCSTA                                  (abs)        0018
_RCSTAbits                              (abs)        0018
_RFM70_Initialize                       text1286     03FC
_RX0_Address                            stringtext   1095
_RX1_Address                            stringtext   109A
_SPBRG                                  (abs)        0099
_SPI_RW                                 text1301     126A
_SPI_Read_Reg                           text1299     1283
_SPI_Write_Buf                          text1295     1320
_SPI_Write_Reg                          text1300     1226
_SSPBUF                                 (abs)        0013
_SSPCONbits                             (abs)        0014
_SSPSTATbits                            (abs)        0094
_Send_Packet                            text1288     0906
_SwitchCFG                              text1294     080C
_SwitchToRxMode                         text1297     145A
_SwitchToTxMode                         text1290     134A
_T1CONbits                              (abs)        0010
_T1GCONbits                             (abs)        008F
_TMR1H                                  (abs)        000F
_TMR1IE                                 (abs)        0460
_TMR1IF                                 (abs)        0060
_TMR1L                                  (abs)        000E
_TRISAbits                              (abs)        0085
_TRISBbits                              (abs)        0086
_TRISCbits                              (abs)        0087
_TRISDbits                              (abs)        0088
_TRISEbits                              (abs)        0089
_TXIF                                   (abs)        0064
_TXREG                                  (abs)        0019
_TXSTA                                  (abs)        0098
_TXSTAbits                              (abs)        0098
__CFG_BOREN$OFF                         (abs)        0000
__CFG_CP$OFF                            (abs)        0000
__CFG_FOSC$INTOSC                       (abs)        0000
__CFG_MCLRE$ON                          (abs)        0000
__CFG_PLLEN$ON                          (abs)        0000
__CFG_PWRTE$OFF                         (abs)        0000
__CFG_WDTE$OFF                          (abs)        0000
__Habs1                                 abs1         0000
__Hbank0                                bank0        0000
__Hbank1                                bank1        0000
__Hbank2                                bank2        0000
__Hbank3                                bank3        0000
__HbitbssBANK0                          bitbssBANK0  0000
__HbssBANK0                             bssBANK0     0000
__HbssBANK1                             bssBANK1     0000
__Hcinit                                cinit        0000
__Hclrtext                              clrtext      0000
__Hcode                                 code         0000
__Hcommon                               common       0000
__Hconfig                               config       2008
__HcstackBANK0                          cstackBANK0  0000
__HcstackBANK1                          cstackBANK1  0000
__HcstackBANK3                          cstackBANK3  0000
__HcstackCOMMON                         cstackCOMMON 0000
__HdataBANK0                            dataBANK0    0000
__HdataBANK1                            dataBANK1    0000
__Heeprom_data                          eeprom_data  0000
__Hend_init                             end_init     0015
__Hfunctab                              functab      0000
__HidataBANK0                           idataBANK0   0000
__HidataBANK1                           idataBANK1   0000
__Hidloc                                idloc        0000
__Hinit                                 init         0012
__Hinittext                             inittext     0000
__Hintentry                             intentry     0012
__Hmaintext                             maintext     0000
__Hpowerup                              powerup      0000
__Hram                                  ram          0000
__Hreset_vec                            reset_vec    0003
__Hsfr0                                 sfr0         0000
__Hsfr1                                 sfr1         0000
__Hsfr2                                 sfr2         0000
__Hsfr3                                 sfr3         0000
__Hstrings                              strings      0000
__Hstringtext                           stringtext   0000
__Htext                                 text         0000
__Labs1                                 abs1         0000
__Lbank0                                bank0        0000
__Lbank1                                bank1        0000
__Lbank2                                bank2        0000
__Lbank3                                bank3        0000
__LbitbssBANK0                          bitbssBANK0  0000
__LbssBANK0                             bssBANK0     0000
__LbssBANK1                             bssBANK1     0000
__Lcinit                                cinit        0000
__Lclrtext                              clrtext      0000
__Lcode                                 code         0000
__Lcommon                               common       0000
__Lconfig                               config       2007
__LcstackBANK0                          cstackBANK0  0000
__LcstackBANK1                          cstackBANK1  0000
__LcstackBANK3                          cstackBANK3  0000
__LcstackCOMMON                         cstackCOMMON 0000
__LdataBANK0                            dataBANK0    0000
__LdataBANK1                            dataBANK1    0000
__Leeprom_data                          eeprom_data  0000
__Lend_init                             end_init     0012
__Lfunctab                              functab      0000
__LidataBANK0                           idataBANK0   0000
__LidataBANK1                           idataBANK1   0000
__Lidloc                                idloc        0000
__Linit                                 init         0012
__Linittext                             inittext     0000
__Lintentry                             intentry     0004
__Lmaintext                             maintext     0000
__Lpowerup                              powerup      0000
__Lram                                  ram          0000
__Lreset_vec                            reset_vec    0000
__Lsfr0                                 sfr0         0000
__Lsfr1                                 sfr1         0000
__Lsfr2                                 sfr2         0000
__Lsfr3                                 sfr3         0000
__Lstrings                              strings      0000
__Lstringtext                           stringtext   0000
__Ltext                                 text         0000
__S0                                    (abs)        2008
__S1                                    (abs)        0195
___awdiv                                text1310     0788
___awdiv@counter                        cstackBANK0  0041
___awdiv@dividend                       cstackBANK0  003E
___awdiv@divisor                        cstackBANK0  003C
___awdiv@quotient                       cstackBANK0  0043
___awdiv@sign                           cstackBANK0  0042
___ftdiv                                text1303     083E
___ftdiv@cntr                           cstackBANK0  0048
___ftdiv@exp                            cstackBANK0  004C
___ftdiv@f1                             cstackBANK0  0041
___ftdiv@f2                             cstackBANK0  003E
___ftdiv@f3                             cstackBANK0  0049
___ftdiv@sign                           cstackBANK0  004D
___ftge                                 text1311     16BC
___ftge@ff1                             cstackBANK0  0046
___ftge@ff2                             cstackBANK0  0049
___ftmul                                text1302     09EA
___ftmul@cntr                           cstackBANK0  004C
___ftmul@exp                            cstackBANK0  0048
___ftmul@f1                             cstackBANK0  003E
___ftmul@f2                             cstackBANK0  0041
___ftmul@f3_as_product                  cstackBANK0  0049
___ftmul@sign                           cstackBANK0  004D
___ftpack                               text1309     15BD
___ftpack@arg                           cstackBANK0  0036
___ftpack@exp                           cstackBANK0  0039
___ftpack@sign                          cstackBANK0  003A
___fttol                                text1307     175A
___fttol@exp1                           cstackBANK0  0043
___fttol@f1                             cstackBANK0  0036
___fttol@lval                           cstackBANK0  003F
___fttol@sign1                          cstackBANK0  003E
___lbtoft                               text1308     12DA
___lbtoft@c                             cstackBANK0  0045
___lwdiv                                text1305     156E
___lwdiv@counter                        cstackBANK0  003B
___lwdiv@dividend                       cstackBANK0  0038
___lwdiv@divisor                        cstackBANK0  0036
___lwdiv@quotient                       cstackBANK0  003C
___lwmod                                text1306     14DC
___lwmod@counter                        cstackBANK0  0043
___lwmod@dividend                       cstackBANK0  0040
___lwmod@divisor                        cstackBANK0  003E
___wmul                                 text1304     139F
___wmul@multiplicand                    cstackBANK0  0038
___wmul@multiplier                      cstackBANK0  0036
___wmul@product                         cstackBANK0  003A
__end_of_Bank0_Reg                      stringtext   1078
__end_of_Bank0_RegAct                   stringtext   10A3
__end_of_Bank1_Reg0_13                  stringtext   104A
__end_of_Bank1_Reg14                    stringtext   1083
__end_of_ISR                            text1312     16BC
__end_of_RFM70_Initialize               text1286     0788
__end_of_RX0_Address                    stringtext   109A
__end_of_RX1_Address                    stringtext   109F
__end_of_SPI_RW                         text1301     1283
__end_of_SPI_Read_Reg                   text1299     129C
__end_of_SPI_Write_Buf                  text1295     134A
__end_of_SPI_Write_Reg                  text1300     123C
__end_of_Send_Packet                    text1288     09EA
__end_of_SwitchCFG                      text1294     083E
__end_of_SwitchToRxMode                 text1297     1499
__end_of_SwitchToTxMode                 text1290     1374
__end_of___awdiv                        text1310     07FC
__end_of___ftdiv                        text1303     0906
__end_of___ftge                         text1311     175A
__end_of___ftmul                        text1302     0AD8
__end_of___ftpack                       text1309     163A
__end_of___fttol                        text1307     1800
__end_of___lbtoft                       text1308     12FB
__end_of___lwdiv                        text1305     15BD
__end_of___lwmod                        text1306     1521
__end_of___wmul                         text1304     13CB
__end_of__initialization                cinit        13F6
__end_of__stringdata                    stringtext   119F
__end_of__stringtab                     stringtext   1012
__end_of_adcInit                        text1283     11FA
__end_of_adcReadTemp                    text1287     142A
__end_of_adcReadVcap                    text1293     139F
__end_of_adcReadVsupercap               text1285     145A
__end_of_dpowers                        stringtext   108D
__end_of_hexpowers                      stringtext   1095
__end_of_main                           maintext     03FC
__end_of_printf                         text1289     1000
__end_of_putch                          text1291     080C
__end_of_rfm70TxDataSentErrorInterrupt  text1298     12BB
__end_of_rfm70TxDataSentInterrupt       text1296     12DA
__end_of_rfm70setPowerdownMode          text1284     1320
__end_of_sleep                          text1292     0C52
__end_of_spiInit                        text1281     126A
__end_of_uartInit                       text1282     1252
__end_ofi1___lwdiv                      text1315     156E
__end_ofi1___lwmod                      text1316     14DC
__end_ofi1_printf                       text1313     0E00
__end_ofi1_putch                        text1314     1206
__initialization                        cinit        13CB
__pbitbssBANK0                          bitbssBANK0  02C8
__pbssBANK0                             bssBANK0     004F
__pbssBANK1                             bssBANK1     00A0
__pcstackBANK0                          cstackBANK0  0020
__pcstackBANK1                          cstackBANK1  00C8
__pcstackBANK3                          cstackBANK3  0190
__pcstackCOMMON                         cstackCOMMON 0070
__pdataBANK0                            dataBANK0    0056
__pdataBANK1                            dataBANK1    00DF
__pidataBANK0                           idataBANK0   07FC
__pidataBANK1                           idataBANK1   1206
__pintentry                             intentry     0004
__pmaintext                             maintext     0015
__pstringtext                           stringtext   1000
__ptext1281                             text1281     1252
__ptext1282                             text1282     123C
__ptext1283                             text1283     11F0
__ptext1284                             text1284     12FB
__ptext1285                             text1285     142A
__ptext1286                             text1286     03FC
__ptext1287                             text1287     13FA
__ptext1288                             text1288     0906
__ptext1289                             text1289     0E00
__ptext1290                             text1290     134A
__ptext1291                             text1291     0800
__ptext1292                             text1292     0AD8
__ptext1293                             text1293     1374
__ptext1294                             text1294     080C
__ptext1295                             text1295     1320
__ptext1296                             text1296     12BB
__ptext1297                             text1297     145A
__ptext1298                             text1298     129C
__ptext1299                             text1299     1283
__ptext1300                             text1300     1226
__ptext1301                             text1301     126A
__ptext1302                             text1302     09EA
__ptext1303                             text1303     083E
__ptext1304                             text1304     139F
__ptext1305                             text1305     156E
__ptext1306                             text1306     14DC
__ptext1307                             text1307     175A
__ptext1308                             text1308     12DA
__ptext1309                             text1309     15BD
__ptext1310                             text1310     0788
__ptext1311                             text1311     16BC
__ptext1312                             text1312     163A
__ptext1313                             text1313     0C52
__ptext1314                             text1314     11FA
__ptext1315                             text1315     1521
__ptext1316                             text1316     1499
__ptext1317                             text1317     0000
__size_of_ISR                           (abs)        0000
__size_of_RFM70_Initialize              (abs)        0000
__size_of_SPI_RW                        (abs)        0000
__size_of_SPI_Read_Reg                  (abs)        0000
__size_of_SPI_Write_Buf                 (abs)        0000
__size_of_SPI_Write_Reg                 (abs)        0000
__size_of_Send_Packet                   (abs)        0000
__size_of_SwitchCFG                     (abs)        0000
__size_of_SwitchToRxMode                (abs)        0000
__size_of_SwitchToTxMode                (abs)        0000
__size_of___awdiv                       (abs)        0000
__size_of___ftdiv                       (abs)        0000
__size_of___ftge                        (abs)        0000
__size_of___ftmul                       (abs)        0000
__size_of___ftpack                      (abs)        0000
__size_of___fttol                       (abs)        0000
__size_of___lbtoft                      (abs)        0000
__size_of___lwdiv                       (abs)        0000
__size_of___lwmod                       (abs)        0000
__size_of___wmul                        (abs)        0000
__size_of_adcInit                       (abs)        0000
__size_of_adcReadTemp                   (abs)        0000
__size_of_adcReadVcap                   (abs)        0000
__size_of_adcReadVsupercap              (abs)        0000
__size_of_main                          (abs)        0000
__size_of_printf                        (abs)        0000
__size_of_putch                         (abs)        0000
__size_of_rfm70TxDataSentErrorInterrupt (abs)        0000
__size_of_rfm70TxDataSentInterrupt      (abs)        0000
__size_of_rfm70setPowerdownMode         (abs)        0000
__size_of_sleep                         (abs)        0000
__size_of_spiInit                       (abs)        0000
__size_of_uartInit                      (abs)        0000
__size_ofi1___lwdiv                     (abs)        0000
__size_ofi1___lwmod                     (abs)        0000
__size_ofi1_printf                      (abs)        0000
__size_ofi1_putch                       (abs)        0000
__stringdata                            stringtext   10A3
__stringtab                             stringtext   1000
_adcInit                                text1283     11F0
_adcReadTemp                            text1287     13FA
_adcReadVcap                            text1293     1374
_adcReadVsupercap                       text1285     142A
_charge_pulse                           bssBANK0     004F
_charge_pulse_float                     dataBANK1    00DF
_charge_time                            bssBANK0     0051
_dpowers                                stringtext   1083
_energy                                 bssBANK1     00C0
_flag                                   bitbssBANK0  02C8
_hexpowers                              stringtext   108D
_jumper_stat                            bssBANK0     0053
_main                                   maintext     0015
_printf                                 text1289     0E00
_putch                                  text1291     0800
_rfm70TxDataSentErrorInterrupt          text1298     129C
_rfm70TxDataSentInterrupt               text1296     12BB
_rfm70setPowerdownMode                  text1284     12FB
_sleep                                  text1292     0AD8
_sleep_count                            bssBANK1     00C6
_sleep_counter                          bssBANK0     0054
_spiInit                                text1281     1252
_timelapse_count                        bssBANK1     00C2
_tmr1Counter                            bssBANK0     0055
_tmr1Target                             dataBANK0    0058
_tx_buf                                 dataBANK1    00E2
_uartInit                               text1282     123C
_value                                  bssBANK1     00C7
_values                                 bssBANK1     00C4
adcReadTemp@value                       cstackBANK0  0038
adcReadVcap@value                       cstackBANK0  0038
adcReadVsupercap@value                  cstackBANK0  0038
btemp                                   (abs)        007E
clear_ram                               clrtext      11E8
end_of_initialization                   cinit        13F6
i1___lwdiv                              text1315     1521
i1___lwdiv@counter                      cstackCOMMON 0075
i1___lwdiv@dividend                     cstackCOMMON 0072
i1___lwdiv@divisor                      cstackCOMMON 0070
i1___lwdiv@quotient                     cstackCOMMON 0076
i1___lwmod                              text1316     1499
i1___lwmod@counter                      cstackCOMMON 007D
i1___lwmod@dividend                     cstackCOMMON 007A
i1___lwmod@divisor                      cstackCOMMON 0078
i1_printf                               text1313     0C52
i1_putch                                text1314     11FA
i1printf@_val                           cstackBANK0  0029
i1printf@ap                             cstackBANK0  0026
i1printf@c                              cstackBANK0  002D
i1printf@f                              cstackBANK0  0020
i1printf@flag                           cstackBANK0  0028
i1printf@idx                            cstackBANK0  0025
i1printf@prec                           cstackBANK0  0027
i1putch@c                               cstackCOMMON 0070
init_fetch                              inittext     1213
init_ram                                inittext     1217
interrupt_function                      intentry     0004
intlevel0                               functab      0000
intlevel1                               functab      0000
intlevel2                               functab      0000
intlevel3                               functab      0000
intlevel4                               functab      0000
intlevel5                               functab      0000
main@i                                  cstackBANK3  0190
main@num_sleep                          cstackBANK3  0194
printf@_val                             cstackBANK1  00CC
printf@ap                               cstackBANK1  00C9
printf@c                                cstackBANK1  00D0
printf@f                                cstackBANK0  0044
printf@flag                             cstackBANK1  00CB
printf@idx                              cstackBANK1  00C8
printf@prec                             cstackBANK1  00CA
putch@c                                 cstackBANK0  0036
reset_vec                               reset_vec    0000
rfm70setPowerdownMode@reg               cstackBANK0  003E
rfm70setPowerdownMode@value             cstackBANK0  003D
saved_w                                 (abs)        007E
sleep@new_value                         cstackBANK0  004E
start                                   init         0012
start_initialization                    cinit        13CB
wtemp0                                  (abs)        007E


FUNCTION INFORMATION:

 *************** function _main *****************
 Defined at:
		line 158 in file "main.c"
 Parameters:    Size  Location     Type
  argc            2   15[BANK1 ] int 
  argv            2   17[BANK1 ] PTR PTR unsigned char 
 Auto vars:     Size  Location     Type
  i               4    0[BANK3 ] long 
  num_sleep       1    4[BANK3 ] unsigned char 
 Return value:  Size  Location     Type
                  2   15[BANK1 ] int 
 Registers used:
		wreg, fsr0l, fsr0h, fsr1l, fsr1h, status,2, status,0, btemp+1, pclath, cstack
 Tracked objects:
		On entry : 
		On exit  : 
		Unchanged: 
 Data sizes:     COMMON   BANK0   BANK1   BANK3   BANK2
      Params:         0       0       4       0       0
      Locals:         0       0       0       5       0
      Temps:          0       0       4       0       0
      Totals:         0       0       8       5       0
Total ram usage:       13 bytes
 Hardware stack levels required when called:    7
 This function calls:
		_spiInit
		_uartInit
		_adcInit
		_rfm70setPowerdownMode
		_printf
		_adcReadVcap
		_adcReadVsupercap
		___lbtoft
		___ftge
		_RFM70_Initialize
		___fttol
		_adcReadTemp
		_Send_Packet
		_sleep
		___wmul
		___awdiv
 This function is called by:
		Startup code after reset
 This function uses a non-reentrant model


 *************** function _spiInit *****************
 Defined at:
		line 764 in file "main.c"
 Parameters:    Size  Location     Type
		None
 Auto vars:     Size  Location     Type
		None
 Return value:  Size  Location     Type
		None               void
 Registers used:
		wreg, status,2, status,0
 Tracked objects:
		On entry : 
		On exit  : 
		Unchanged: 
 Data sizes:     COMMON   BANK0   BANK1   BANK3   BANK2
      Params:         0       0       0       0       0
      Locals:         0       0       0       0       0
      Temps:          0       2       0       0       0
      Totals:         0       2       0       0       0
Total ram usage:        2 bytes
 Hardware stack levels used:    1
 Hardware stack levels required when called:    3
 This function calls:
		Nothing
 This function is called by:
		_main
 This function uses a non-reentrant model


 *************** function _uartInit *****************
 Defined at:
		line 742 in file "main.c"
 Parameters:    Size  Location     Type
		None
 Auto vars:     Size  Location     Type
		None
 Return value:  Size  Location     Type
		None               void
 Registers used:
		wreg, status,2
 Tracked objects:
		On entry : 
		On exit  : 
		Unchanged: 
 Data sizes:     COMMON   BANK0   BANK1   BANK3   BANK2
      Params:         0       0       0       0       0
      Locals:         0       0       0       0       0
      Temps:          0       0       0       0       0
      Totals:         0       0       0       0       0
Total ram usage:        0 bytes
 Hardware stack levels used:    1
 Hardware stack levels required when called:    3
 This function calls:
		Nothing
 This function is called by:
		_main
 This function uses a non-reentrant model


 *************** function _adcInit *****************
 Defined at:
		line 776 in file "main.c"
 Parameters:    Size  Location     Type
		None
 Auto vars:     Size  Location     Type
		None
 Return value:  Size  Location     Type
		None               void
 Registers used:
		wreg, status,2, status,0
 Tracked objects:
		On entry : 
		On exit  : 
		Unchanged: 
 Data sizes:     COMMON   BANK0   BANK1   BANK3   BANK2
      Params:         0       0       0       0       0
      Locals:         0       0       0       0       0
      Temps:          0       0       0       0       0
      Totals:         0       0       0       0       0
Total ram usage:        0 bytes
 Hardware stack levels used:    1
 Hardware stack levels required when called:    3
 This function calls:
		Nothing
 This function is called by:
		_main
 This function uses a non-reentrant model


 *************** function _rfm70setPowerdownMode *****************
 Defined at:
		line 400 in file "rfm70.c"
 Parameters:    Size  Location     Type
  value           1    wreg     unsigned char 
 Auto vars:     Size  Location     Type
  value           1   29[BANK0 ] unsigned char 
  reg             1   30[BANK0 ] unsigned char 
 Return value:  Size  Location     Type
		None               void
 Registers used:
		wreg, status,2, status,0, pclath, cstack
 Tracked objects:
		On entry : 
		On exit  : 
		Unchanged: 
 Data sizes:     COMMON   BANK0   BANK1   BANK3   BANK2
      Params:         0       0       0       0       0
      Locals:         0       2       0       0       0
      Temps:          0       1       0       0       0
      Totals:         0       3       0       0       0
Total ram usage:        3 bytes
 Hardware stack levels used:    1
 Hardware stack levels required when called:    5
 This function calls:
		_SPI_Read_Reg
		_SPI_Write_Reg
 This function is called by:
		_main
 This function uses a non-reentrant model


 *************** function _adcReadVsupercap *****************
 Defined at:
		line 688 in file "main.c"
 Parameters:    Size  Location     Type
		None
 Auto vars:     Size  Location     Type
  value           1   24[BANK0 ] unsigned char 
 Return value:  Size  Location     Type
                  1    wreg      unsigned char 
 Registers used:
		wreg, status,2, status,0
 Tracked objects:
		On entry : 
		On exit  : 
		Unchanged: 
 Data sizes:     COMMON   BANK0   BANK1   BANK3   BANK2
      Params:         0       0       0       0       0
      Locals:         0       1       0       0       0
      Temps:          0       2       0       0       0
      Totals:         0       3       0       0       0
Total ram usage:        3 bytes
 Hardware stack levels used:    1
 Hardware stack levels required when called:    3
 This function calls:
		Nothing
 This function is called by:
		_main
 This function uses a non-reentrant model


 *************** function _RFM70_Initialize *****************
 Defined at:
		line 252 in file "rfm70.c"
 Parameters:    Size  Location     Type
		None
 Auto vars:     Size  Location     Type
  WriteArr       12    0[BANK1 ] unsigned char [12]
  j               1   13[BANK1 ] unsigned char 
  i               1   12[BANK1 ] unsigned char 
 Return value:  Size  Location     Type
		None               void
 Registers used:
		wreg, fsr0l, fsr0h, status,2, status,0, btemp+1, pclath, cstack
 Tracked objects:
		On entry : 
		On exit  : 
		Unchanged: 
 Data sizes:     COMMON   BANK0   BANK1   BANK3   BANK2
      Params:         0       0       0       0       0
      Locals:         0       0      14       0       0
      Temps:          0       7       0       0       0
      Totals:         0       7      14       0       0
Total ram usage:       21 bytes
 Hardware stack levels used:    1
 Hardware stack levels required when called:    6
 This function calls:
		_SwitchCFG
		_SPI_Write_Reg
		_SPI_Write_Buf
		_SPI_Read_Reg
 This function is called by:
		_main
 This function uses a non-reentrant model


 *************** function _adcReadTemp *****************
 Defined at:
		line 657 in file "main.c"
 Parameters:    Size  Location     Type
		None
 Auto vars:     Size  Location     Type
  value           1   24[BANK0 ] unsigned char 
 Return value:  Size  Location     Type
                  1    wreg      unsigned char 
 Registers used:
		wreg, status,2, status,0
 Tracked objects:
		On entry : 
		On exit  : 
		Unchanged: 
 Data sizes:     COMMON   BANK0   BANK1   BANK3   BANK2
      Params:         0       0       0       0       0
      Locals:         0       1       0       0       0
      Temps:          0       2       0       0       0
      Totals:         0       3       0       0       0
Total ram usage:        3 bytes
 Hardware stack levels used:    1
 Hardware stack levels required when called:    3
 This function calls:
		Nothing
 This function is called by:
		_main
 This function uses a non-reentrant model


 *************** function _Send_Packet *****************
 Defined at:
		line 830 in file "main.c"
 Parameters:    Size  Location     Type
  type            1    wreg     unsigned char 
  pbuf            1   45[BANK0 ] PTR unsigned char 
		 -> tx_buf(10), 
  len             1   46[BANK0 ] unsigned char 
 Auto vars:     Size  Location     Type
  type            1   12[BANK1 ] unsigned char 
  i               1   14[BANK1 ] unsigned char 
  fifo_sta        1   13[BANK1 ] unsigned char 
 Return value:  Size  Location     Type
		None               void
 Registers used:
		wreg, fsr0l, fsr0h, fsr1l, fsr1h, status,2, status,0, btemp+1, pclath, cstack
 Tracked objects:
		On entry : 
		On exit  : 
		Unchanged: 
 Data sizes:     COMMON   BANK0   BANK1   BANK3   BANK2
      Params:         0       2       0       0       0
      Locals:         0       0       3       0       0
      Temps:          0       0       3       0       0
      Totals:         0       2       6       0       0
Total ram usage:        8 bytes
 Hardware stack levels used:    1
 Hardware stack levels required when called:    6
 This function calls:
		_SwitchToTxMode
		_SPI_Read_Reg
		_printf
		_SPI_Write_Buf
		_rfm70TxDataSentInterrupt
		_SwitchToRxMode
		_rfm70TxDataSentErrorInterrupt
 This function is called by:
		_main
 This function uses a non-reentrant model


 *************** function _printf *****************
 Defined at:
		line 465 in file "/Applications/microchip/xc8/v1.12/sources/doprnt.c"
 Parameters:    Size  Location     Type
  f               2   36[BANK0 ] PTR const unsigned char 
		 -> STR_15(5), STR_14(12), Receive_Packet@rx_buf(32), STR_13(5), 
		 -> STR_12(24), STR_11(17), STR_10(3), STR_9(3), 
		 -> STR_8(10), STR_7(18), STR_6(21), STR_5(26), 
		 -> STR_4(37), STR_3(23), STR_2(20), STR_1(19), 
 Auto vars:     Size  Location     Type
  idx             1    0[BANK1 ] unsigned char 
  _val            4    4[BANK1 ] struct .
  c               1    8[BANK1 ] char 
  flag            1    3[BANK1 ] unsigned char 
  prec            1    2[BANK1 ] char 
  ap              1    1[BANK1 ] PTR void [1]
		 -> ?_printf(2), 
 Return value:  Size  Location     Type
                  2   36[BANK0 ] int 
 Registers used:
		wreg, fsr0l, fsr0h, status,2, status,0, btemp+1, pclath, cstack
 Tracked objects:
		On entry : 
		On exit  : 
		Unchanged: 
 Data sizes:     COMMON   BANK0   BANK1   BANK3   BANK2
      Params:         0       6       0       0       0
      Locals:         0       0       9       0       0
      Temps:          0       3       0       0       0
      Totals:         0       9       9       0       0
Total ram usage:       18 bytes
 Hardware stack levels used:    1
 Hardware stack levels required when called:    4
 This function calls:
		_putch
		___lwdiv
		___lwmod
 This function is called by:
		_main
		_Send_Packet
		_Receive_Packet
 This function uses a non-reentrant model


 *************** function _SwitchToTxMode *****************
 Defined at:
		line 191 in file "rfm70.c"
 Parameters:    Size  Location     Type
		None
 Auto vars:     Size  Location     Type
  value           1   29[BANK0 ] unsigned char 
 Return value:  Size  Location     Type
		None               void
 Registers used:
		wreg, status,2, status,0, pclath, cstack
 Tracked objects:
		On entry : 
		On exit  : 
		Unchanged: 
 Data sizes:     COMMON   BANK0   BANK1   BANK3   BANK2
      Params:         0       0       0       0       0
      Locals:         0       1       0       0       0
      Temps:          0       1       0       0       0
      Totals:         0       2       0       0       0
Total ram usage:        2 bytes
 Hardware stack levels used:    1
 Hardware stack levels required when called:    5
 This function calls:
		_SPI_Write_Reg
		_SPI_Read_Reg
 This function is called by:
		_Send_Packet
 This function uses a non-reentrant model


 *************** function _putch *****************
 Defined at:
		line 787 in file "main.c"
 Parameters:    Size  Location     Type
  c               1    wreg     unsigned char 
 Auto vars:     Size  Location     Type
  c               1   22[BANK0 ] unsigned char 
 Return value:  Size  Location     Type
		None               void
 Registers used:
		wreg
 Tracked objects:
		On entry : 
		On exit  : 
		Unchanged: 
 Data sizes:     COMMON   BANK0   BANK1   BANK3   BANK2
      Params:         0       0       0       0       0
      Locals:         0       1       0       0       0
      Temps:          0       0       0       0       0
      Totals:         0       1       0       0       0
Total ram usage:        1 bytes
 Hardware stack levels used:    1
 Hardware stack levels required when called:    3
 This function calls:
		Nothing
 This function is called by:
		_printf
		_getche
 This function uses a non-reentrant model


 *************** function _sleep *****************
 Defined at:
		line 562 in file "main.c"
 Parameters:    Size  Location     Type
		None
 Auto vars:     Size  Location     Type
  new_value       1   46[BANK0 ] unsigned char 
 Return value:  Size  Location     Type
		None               void
 Registers used:
		wreg, status,2, status,0, btemp+1, pclath, cstack
 Tracked objects:
		On entry : 
		On exit  : 
		Unchanged: 
 Data sizes:     COMMON   BANK0   BANK1   BANK3   BANK2
      Params:         0       0       0       0       0
      Locals:         0       1       0       0       0
      Temps:          0       0       2       0       0
      Totals:         0       1       2       0       0
Total ram usage:        3 bytes
 Hardware stack levels used:    1
 Hardware stack levels required when called:    5
 This function calls:
		_adcReadVcap
		___fttol
		___ftge
		___ftmul
		___ftdiv
 This function is called by:
		_main
 This function uses a non-reentrant model


 *************** function _adcReadVcap *****************
 Defined at:
		line 673 in file "main.c"
 Parameters:    Size  Location     Type
		None
 Auto vars:     Size  Location     Type
  value           1   24[BANK0 ] unsigned char 
 Return value:  Size  Location     Type
                  1    wreg      unsigned char 
 Registers used:
		wreg, status,2, status,0
 Tracked objects:
		On entry : 
		On exit  : 
		Unchanged: 
 Data sizes:     COMMON   BANK0   BANK1   BANK3   BANK2
      Params:         0       0       0       0       0
      Locals:         0       1       0       0       0
      Temps:          0       2       0       0       0
      Totals:         0       3       0       0       0
Total ram usage:        3 bytes
 Hardware stack levels used:    1
 Hardware stack levels required when called:    3
 This function calls:
		Nothing
 This function is called by:
		_main
		_sleep
 This function uses a non-reentrant model


 *************** function _SwitchCFG *****************
 Defined at:
		line 218 in file "rfm70.c"
 Parameters:    Size  Location     Type
  _cfg            1    wreg     unsigned char 
 Auto vars:     Size  Location     Type
  _cfg            1   29[BANK0 ] unsigned char 
  Tmp             1   30[BANK0 ] unsigned char 
 Return value:  Size  Location     Type
		None               void
 Registers used:
		wreg, status,2, status,0, pclath, cstack
 Tracked objects:
		On entry : 
		On exit  : 
		Unchanged: 
 Data sizes:     COMMON   BANK0   BANK1   BANK3   BANK2
      Params:         0       0       0       0       0
      Locals:         0       2       0       0       0
      Temps:          0       1       0       0       0
      Totals:         0       3       0       0       0
Total ram usage:        3 bytes
 Hardware stack levels used:    1
 Hardware stack levels required when called:    5
 This function calls:
		_SPI_Read_Reg
		_SPI_Write_Reg
 This function is called by:
		_RFM70_Initialize
 This function uses a non-reentrant model


 *************** function _SPI_Write_Buf *****************
 Defined at:
		line 147 in file "rfm70.c"
 Parameters:    Size  Location     Type
  reg             1    wreg     unsigned char 
  pBuf            1   25[BANK0 ] PTR unsigned char 
		 -> RFM70_Initialize@WriteArr(12), tx_buf(10), 
  length          1   26[BANK0 ] unsigned char 
 Auto vars:     Size  Location     Type
  reg             1   28[BANK0 ] unsigned char 
  byte_ctr        1   29[BANK0 ] unsigned char 
 Return value:  Size  Location     Type
		None               void
 Registers used:
		wreg, fsr0l, fsr0h, status,2, status,0, pclath, cstack
 Tracked objects:
		On entry : 
		On exit  : 
		Unchanged: 
 Data sizes:     COMMON   BANK0   BANK1   BANK3   BANK2
      Params:         0       2       0       0       0
      Locals:         0       2       0       0       0
      Temps:          0       1       0       0       0
      Totals:         0       5       0       0       0
Total ram usage:        5 bytes
 Hardware stack levels used:    1
 Hardware stack levels required when called:    4
 This function calls:
		_SPI_RW
 This function is called by:
		_Send_Packet
		_RFM70_Initialize
 This function uses a non-reentrant model


 *************** function _rfm70TxDataSentInterrupt *****************
 Defined at:
		line 371 in file "rfm70.c"
 Parameters:    Size  Location     Type
		None
 Auto vars:     Size  Location     Type
		None
 Return value:  Size  Location     Type
                  1    wreg      unsigned char 
 Registers used:
		wreg, status,2, status,0, pclath, cstack
 Tracked objects:
		On entry : 
		On exit  : 
		Unchanged: 
 Data sizes:     COMMON   BANK0   BANK1   BANK3   BANK2
      Params:         0       0       0       0       0
      Locals:         0       0       0       0       0
      Temps:          0       1       0       0       0
      Totals:         0       1       0       0       0
Total ram usage:        1 bytes
 Hardware stack levels used:    1
 Hardware stack levels required when called:    5
 This function calls:
		_SPI_Read_Reg
		_SPI_Write_Reg
 This function is called by:
		_Send_Packet
 This function uses a non-reentrant model


 *************** function _SwitchToRxMode *****************
 Defined at:
		line 165 in file "rfm70.c"
 Parameters:    Size  Location     Type
		None
 Auto vars:     Size  Location     Type
  value           1   29[BANK0 ] unsigned char 
 Return value:  Size  Location     Type
		None               void
 Registers used:
		wreg, status,2, status,0, pclath, cstack
 Tracked objects:
		On entry : 
		On exit  : 
		Unchanged: 
 Data sizes:     COMMON   BANK0   BANK1   BANK3   BANK2
      Params:         0       0       0       0       0
      Locals:         0       1       0       0       0
      Temps:          0       1       0       0       0
      Totals:         0       2       0       0       0
Total ram usage:        2 bytes
 Hardware stack levels used:    1
 Hardware stack levels required when called:    5
 This function calls:
		_SPI_Write_Reg
		_SPI_Read_Reg
 This function is called by:
		_Send_Packet
		_Receive_Packet
 This function uses a non-reentrant model


 *************** function _rfm70TxDataSentErrorInterrupt *****************
 Defined at:
		line 380 in file "rfm70.c"
 Parameters:    Size  Location     Type
		None
 Auto vars:     Size  Location     Type
		None
 Return value:  Size  Location     Type
                  1    wreg      unsigned char 
 Registers used:
		wreg, status,2, status,0, pclath, cstack
 Tracked objects:
		On entry : 
		On exit  : 
		Unchanged: 
 Data sizes:     COMMON   BANK0   BANK1   BANK3   BANK2
      Params:         0       0       0       0       0
      Locals:         0       0       0       0       0
      Temps:          0       1       0       0       0
      Totals:         0       1       0       0       0
Total ram usage:        1 bytes
 Hardware stack levels used:    1
 Hardware stack levels required when called:    5
 This function calls:
		_SPI_Read_Reg
		_SPI_Write_Reg
 This function is called by:
		_Send_Packet
 This function uses a non-reentrant model


 *************** function _SPI_Read_Reg *****************
 Defined at:
		line 109 in file "rfm70.c"
 Parameters:    Size  Location     Type
  reg             1    wreg     unsigned char 
 Auto vars:     Size  Location     Type
  reg             1   26[BANK0 ] unsigned char 
  value           1   27[BANK0 ] unsigned char 
 Return value:  Size  Location     Type
                  1    wreg      unsigned char 
 Registers used:
		wreg, status,2, status,0, pclath, cstack
 Tracked objects:
		On entry : 
		On exit  : 
		Unchanged: 
 Data sizes:     COMMON   BANK0   BANK1   BANK3   BANK2
      Params:         0       0       0       0       0
      Locals:         0       2       0       0       0
      Temps:          0       1       0       0       0
      Totals:         0       3       0       0       0
Total ram usage:        3 bytes
 Hardware stack levels used:    1
 Hardware stack levels required when called:    4
 This function calls:
		_SPI_RW
 This function is called by:
		_Send_Packet
		_SwitchToRxMode
		_SwitchToTxMode
		_SwitchCFG
		_RFM70_Initialize
		_rfm70TxDataSentInterrupt
		_rfm70TxDataSentErrorInterrupt
		_rfm70setPowerdownMode
		_Receive_Packet
		_rfm70_data_sent
 This function uses a non-reentrant model


 *************** function _SPI_Write_Reg *****************
 Defined at:
		line 94 in file "rfm70.c"
 Parameters:    Size  Location     Type
  reg             1    wreg     unsigned char 
  value           1   25[BANK0 ] unsigned char 
 Auto vars:     Size  Location     Type
  reg             1   26[BANK0 ] unsigned char 
 Return value:  Size  Location     Type
		None               void
 Registers used:
		wreg, status,2, status,0, pclath, cstack
 Tracked objects:
		On entry : 
		On exit  : 
		Unchanged: 
 Data sizes:     COMMON   BANK0   BANK1   BANK3   BANK2
      Params:         0       1       0       0       0
      Locals:         0       1       0       0       0
      Temps:          0       0       0       0       0
      Totals:         0       2       0       0       0
Total ram usage:        2 bytes
 Hardware stack levels used:    1
 Hardware stack levels required when called:    4
 This function calls:
		_SPI_RW
 This function is called by:
		_SwitchToRxMode
		_SwitchToTxMode
		_SwitchCFG
		_RFM70_Initialize
		_rfm70TxDataSentInterrupt
		_rfm70TxDataSentErrorInterrupt
		_rfm70setPowerdownMode
		_Receive_Packet
		_SetChannelNum
		_rfm70_data_sent
 This function uses a non-reentrant model


 *************** function _SPI_RW *****************
 Defined at:
		line 78 in file "rfm70.c"
 Parameters:    Size  Location     Type
  value           1    wreg     unsigned char 
 Auto vars:     Size  Location     Type
  value           1   24[BANK0 ] unsigned char 
 Return value:  Size  Location     Type
                  1    wreg      unsigned char 
 Registers used:
		wreg
 Tracked objects:
		On entry : 
		On exit  : 
		Unchanged: 
 Data sizes:     COMMON   BANK0   BANK1   BANK3   BANK2
      Params:         0       0       0       0       0
      Locals:         0       1       0       0       0
      Temps:          0       2       0       0       0
      Totals:         0       3       0       0       0
Total ram usage:        3 bytes
 Hardware stack levels used:    1
 Hardware stack levels required when called:    3
 This function calls:
		Nothing
 This function is called by:
		_SPI_Write_Reg
		_SPI_Read_Reg
		_SPI_Write_Buf
		_SPI_Read_Buf
 This function uses a non-reentrant model


 *************** function ___ftmul *****************
 Defined at:
		line 52 in file "/Applications/microchip/xc8/v1.12/sources/ftmul.c"
 Parameters:    Size  Location     Type
  f1              3   30[BANK0 ] float 
  f2              3   33[BANK0 ] float 
 Auto vars:     Size  Location     Type
  f3_as_produc    3   41[BANK0 ] unsigned um
  sign            1   45[BANK0 ] unsigned char 
  cntr            1   44[BANK0 ] unsigned char 
  exp             1   40[BANK0 ] unsigned char 
 Return value:  Size  Location     Type
                  3   30[BANK0 ] float 
 Registers used:
		wreg, status,2, status,0, pclath, cstack
 Tracked objects:
		On entry : 
		On exit  : 
		Unchanged: 
 Data sizes:     COMMON   BANK0   BANK1   BANK3   BANK2
      Params:         0       6       0       0       0
      Locals:         0       6       0       0       0
      Temps:          0       4       0       0       0
      Totals:         0      16       0       0       0
Total ram usage:       16 bytes
 Hardware stack levels used:    1
 Hardware stack levels required when called:    4
 This function calls:
		___ftpack
 This function is called by:
		_sleep
 This function uses a non-reentrant model


 *************** function ___ftdiv *****************
 Defined at:
		line 50 in file "/Applications/microchip/xc8/v1.12/sources/ftdiv.c"
 Parameters:    Size  Location     Type
  f2              3   30[BANK0 ] float 
  f1              3   33[BANK0 ] float 
 Auto vars:     Size  Location     Type
  f3              3   41[BANK0 ] float 
  sign            1   45[BANK0 ] unsigned char 
  exp             1   44[BANK0 ] unsigned char 
  cntr            1   40[BANK0 ] unsigned char 
 Return value:  Size  Location     Type
                  3   30[BANK0 ] float 
 Registers used:
		wreg, status,2, status,0, pclath, cstack
 Tracked objects:
		On entry : 
		On exit  : 
		Unchanged: 
 Data sizes:     COMMON   BANK0   BANK1   BANK3   BANK2
      Params:         0       6       0       0       0
      Locals:         0       6       0       0       0
      Temps:          0       4       0       0       0
      Totals:         0      16       0       0       0
Total ram usage:       16 bytes
 Hardware stack levels used:    1
 Hardware stack levels required when called:    4
 This function calls:
		___ftpack
 This function is called by:
		_sleep
 This function uses a non-reentrant model


 *************** function ___wmul *****************
 Defined at:
		line 3 in file "/Applications/microchip/xc8/v1.12/sources/wmul.c"
 Parameters:    Size  Location     Type
  multiplier      2   22[BANK0 ] unsigned int 
  multiplicand    2   24[BANK0 ] unsigned int 
 Auto vars:     Size  Location     Type
  product         2   26[BANK0 ] unsigned int 
 Return value:  Size  Location     Type
                  2   22[BANK0 ] unsigned int 
 Registers used:
		wreg, status,2, status,0
 Tracked objects:
		On entry : 
		On exit  : 
		Unchanged: 
 Data sizes:     COMMON   BANK0   BANK1   BANK3   BANK2
      Params:         0       4       0       0       0
      Locals:         0       2       0       0       0
      Temps:          0       0       0       0       0
      Totals:         0       6       0       0       0
Total ram usage:        6 bytes
 Hardware stack levels used:    1
 Hardware stack levels required when called:    3
 This function calls:
		Nothing
 This function is called by:
		_main
 This function uses a non-reentrant model


 *************** function ___lwdiv *****************
 Defined at:
		line 5 in file "/Applications/microchip/xc8/v1.12/sources/lwdiv.c"
 Parameters:    Size  Location     Type
  divisor         2   22[BANK0 ] unsigned int 
  dividend        2   24[BANK0 ] unsigned int 
 Auto vars:     Size  Location     Type
  quotient        2   28[BANK0 ] unsigned int 
  counter         1   27[BANK0 ] unsigned char 
 Return value:  Size  Location     Type
                  2   22[BANK0 ] unsigned int 
 Registers used:
		wreg, status,2, status,0
 Tracked objects:
		On entry : 
		On exit  : 
		Unchanged: 
 Data sizes:     COMMON   BANK0   BANK1   BANK3   BANK2
      Params:         0       4       0       0       0
      Locals:         0       3       0       0       0
      Temps:          0       1       0       0       0
      Totals:         0       8       0       0       0
Total ram usage:        8 bytes
 Hardware stack levels used:    1
 Hardware stack levels required when called:    3
 This function calls:
		Nothing
 This function is called by:
		_printf
 This function uses a non-reentrant model


 *************** function ___lwmod *****************
 Defined at:
		line 5 in file "/Applications/microchip/xc8/v1.12/sources/lwmod.c"
 Parameters:    Size  Location     Type
  divisor         2   30[BANK0 ] unsigned int 
  dividend        2   32[BANK0 ] unsigned int 
 Auto vars:     Size  Location     Type
  counter         1   35[BANK0 ] unsigned char 
 Return value:  Size  Location     Type
                  2   30[BANK0 ] unsigned int 
 Registers used:
		wreg, status,2, status,0
 Tracked objects:
		On entry : 
		On exit  : 
		Unchanged: 
 Data sizes:     COMMON   BANK0   BANK1   BANK3   BANK2
      Params:         0       4       0       0       0
      Locals:         0       1       0       0       0
      Temps:          0       1       0       0       0
      Totals:         0       6       0       0       0
Total ram usage:        6 bytes
 Hardware stack levels used:    1
 Hardware stack levels required when called:    3
 This function calls:
		Nothing
 This function is called by:
		_printf
 This function uses a non-reentrant model


 *************** function ___fttol *****************
 Defined at:
		line 45 in file "/Applications/microchip/xc8/v1.12/sources/fttol.c"
 Parameters:    Size  Location     Type
  f1              3   22[BANK0 ] float 
 Auto vars:     Size  Location     Type
  lval            4   31[BANK0 ] unsigned long 
  exp1            1   35[BANK0 ] unsigned char 
  sign1           1   30[BANK0 ] unsigned char 
 Return value:  Size  Location     Type
                  4   22[BANK0 ] long 
 Registers used:
		wreg, status,2, status,0
 Tracked objects:
		On entry : 
		On exit  : 
		Unchanged: 
 Data sizes:     COMMON   BANK0   BANK1   BANK3   BANK2
      Params:         0       4       0       0       0
      Locals:         0       6       0       0       0
      Temps:          0       4       0       0       0
      Totals:         0      14       0       0       0
Total ram usage:       14 bytes
 Hardware stack levels used:    1
 Hardware stack levels required when called:    3
 This function calls:
		Nothing
 This function is called by:
		_main
		_sleep
 This function uses a non-reentrant model


 *************** function ___lbtoft *****************
 Defined at:
		line 28 in file "/Applications/microchip/xc8/v1.12/sources/lbtoft.c"
 Parameters:    Size  Location     Type
  c               1    wreg     unsigned char 
 Auto vars:     Size  Location     Type
  c               1   37[BANK0 ] unsigned char 
 Return value:  Size  Location     Type
                  3   30[BANK0 ] float 
 Registers used:
		wreg, status,2, status,0, pclath, cstack
 Tracked objects:
		On entry : 
		On exit  : 
		Unchanged: 
 Data sizes:     COMMON   BANK0   BANK1   BANK3   BANK2
      Params:         0       3       0       0       0
      Locals:         0       1       0       0       0
      Temps:          0       4       0       0       0
      Totals:         0       8       0       0       0
Total ram usage:        8 bytes
 Hardware stack levels used:    1
 Hardware stack levels required when called:    4
 This function calls:
		___ftpack
 This function is called by:
		_main
 This function uses a non-reentrant model


 *************** function ___ftpack *****************
 Defined at:
		line 63 in file "/Applications/microchip/xc8/v1.12/sources/float.c"
 Parameters:    Size  Location     Type
  arg             3   22[BANK0 ] unsigned um
  exp             1   25[BANK0 ] unsigned char 
  sign            1   26[BANK0 ] unsigned char 
 Auto vars:     Size  Location     Type
		None
 Return value:  Size  Location     Type
                  3   22[BANK0 ] float 
 Registers used:
		wreg, status,2, status,0
 Tracked objects:
		On entry : 
		On exit  : 
		Unchanged: 
 Data sizes:     COMMON   BANK0   BANK1   BANK3   BANK2
      Params:         0       5       0       0       0
      Locals:         0       0       0       0       0
      Temps:          0       3       0       0       0
      Totals:         0       8       0       0       0
Total ram usage:        8 bytes
 Hardware stack levels used:    1
 Hardware stack levels required when called:    3
 This function calls:
		Nothing
 This function is called by:
		___ftdiv
		___ftmul
		___lbtoft
 This function uses a non-reentrant model


 *************** function ___awdiv *****************
 Defined at:
		line 5 in file "/Applications/microchip/xc8/v1.12/sources/awdiv.c"
 Parameters:    Size  Location     Type
  divisor         2   28[BANK0 ] int 
  dividend        2   30[BANK0 ] int 
 Auto vars:     Size  Location     Type
  quotient        2   35[BANK0 ] int 
  sign            1   34[BANK0 ] unsigned char 
  counter         1   33[BANK0 ] unsigned char 
 Return value:  Size  Location     Type
                  2   28[BANK0 ] int 
 Registers used:
		wreg, status,2, status,0
 Tracked objects:
		On entry : 
		On exit  : 
		Unchanged: 
 Data sizes:     COMMON   BANK0   BANK1   BANK3   BANK2
      Params:         0       4       0       0       0
      Locals:         0       4       0       0       0
      Temps:          0       1       0       0       0
      Totals:         0       9       0       0       0
Total ram usage:        9 bytes
 Hardware stack levels used:    1
 Hardware stack levels required when called:    3
 This function calls:
		Nothing
 This function is called by:
		_main
 This function uses a non-reentrant model


 *************** function ___ftge *****************
 Defined at:
		line 5 in file "/Applications/microchip/xc8/v1.12/sources/ftge.c"
 Parameters:    Size  Location     Type
  ff1             3   38[BANK0 ] float 
  ff2             3   41[BANK0 ] float 
 Auto vars:     Size  Location     Type
		None
 Return value:  Size  Location     Type
		None               void
 Registers used:
		wreg, status,2, status,0
 Tracked objects:
		On entry : 
		On exit  : 
		Unchanged: 
 Data sizes:     COMMON   BANK0   BANK1   BANK3   BANK2
      Params:         0       6       0       0       0
      Locals:         0       0       0       0       0
      Temps:          0       0       6       0       0
      Totals:         0       6       6       0       0
Total ram usage:       12 bytes
 Hardware stack levels used:    1
 Hardware stack levels required when called:    3
 This function calls:
		Nothing
 This function is called by:
		_main
		_sleep
 This function uses a non-reentrant model


 *************** function _ISR *****************
 Defined at:
		line 106 in file "main.c"
 Parameters:    Size  Location     Type
		None
 Auto vars:     Size  Location     Type
		None
 Return value:  Size  Location     Type
		None               void
 Registers used:
		wreg, fsr0l, fsr0h, status,2, status,0, btemp+1, pclath, cstack
 Tracked objects:
		On entry : 
		On exit  : 
		Unchanged: 
 Data sizes:     COMMON   BANK0   BANK1   BANK3   BANK2
      Params:         0       0       0       0       0
      Locals:         0       0       0       0       0
      Temps:          0       8       0       0       0
      Totals:         0       8       0       0       0
Total ram usage:        8 bytes
 Hardware stack levels used:    1
 Hardware stack levels required when called:    2
 This function calls:
		i1_printf
 This function is called by:
		Interrupt level 1
 This function uses a non-reentrant model


 *************** function i1_printf *****************
 Defined at:
		line 465 in file "/Applications/microchip/xc8/v1.12/sources/doprnt.c"
 Parameters:    Size  Location     Type
  printf          2    0[BANK0 ] PTR const unsigned char 
		 -> STR_15(5), STR_14(12), Receive_Packet@rx_buf(32), STR_13(5), 
		 -> STR_12(24), STR_11(17), STR_10(3), STR_9(3), 
		 -> STR_8(10), STR_7(18), STR_6(21), STR_5(26), 
		 -> STR_4(37), STR_3(23), STR_2(20), STR_1(19), 
 Auto vars:     Size  Location     Type
  printf          4    9[BANK0 ] struct .
  printf          1   13[BANK0 ] char 
  printf          1    8[BANK0 ] unsigned char 
  printf          1    7[BANK0 ] char 
  printf          1    6[BANK0 ] PTR void [1]
		 -> ?_printf(2), 
  printf          1    5[BANK0 ] unsigned char 
 Return value:  Size  Location     Type
                  2    0[BANK0 ] int 
 Registers used:
		wreg, fsr0l, fsr0h, status,2, status,0, btemp+1, pclath, cstack
 Tracked objects:
		On entry : 
		On exit  : 
		Unchanged: 
 Data sizes:     COMMON   BANK0   BANK1   BANK3   BANK2
      Params:         0       2       0       0       0
      Locals:         0       9       0       0       0
      Temps:          0       3       0       0       0
      Totals:         0      14       0       0       0
Total ram usage:       14 bytes
 Hardware stack levels used:    1
 Hardware stack levels required when called:    1
 This function calls:
		i1_putch
		i1___lwdiv
		i1___lwmod
 This function is called by:
		_ISR
 This function uses a non-reentrant model


 *************** function i1_putch *****************
 Defined at:
		line 787 in file "main.c"
 Parameters:    Size  Location     Type
  putch           1    wreg     unsigned char 
 Auto vars:     Size  Location     Type
  putch           1    0[COMMON] unsigned char 
 Return value:  Size  Location     Type
		None               void
 Registers used:
		wreg
 Tracked objects:
		On entry : 
		On exit  : 
		Unchanged: 
 Data sizes:     COMMON   BANK0   BANK1   BANK3   BANK2
      Params:         0       0       0       0       0
      Locals:         1       0       0       0       0
      Temps:          0       0       0       0       0
      Totals:         1       0       0       0       0
Total ram usage:        1 bytes
 Hardware stack levels used:    1
 This function calls:
		Nothing
 This function is called by:
		i1_printf
 This function uses a non-reentrant model


 *************** function i1___lwdiv *****************
 Defined at:
		line 5 in file "/Applications/microchip/xc8/v1.12/sources/lwdiv.c"
 Parameters:    Size  Location     Type
  __lwdiv         2    0[COMMON] unsigned int 
  __lwdiv         2    2[COMMON] unsigned int 
 Auto vars:     Size  Location     Type
  __lwdiv         2    6[COMMON] unsigned int 
  __lwdiv         1    5[COMMON] unsigned char 
 Return value:  Size  Location     Type
                  2    0[COMMON] unsigned int 
 Registers used:
		wreg, status,2, status,0
 Tracked objects:
		On entry : 
		On exit  : 
		Unchanged: 
 Data sizes:     COMMON   BANK0   BANK1   BANK3   BANK2
      Params:         4       0       0       0       0
      Locals:         3       0       0       0       0
      Temps:          1       0       0       0       0
      Totals:         8       0       0       0       0
Total ram usage:        8 bytes
 Hardware stack levels used:    1
 This function calls:
		Nothing
 This function is called by:
		i1_printf
 This function uses a non-reentrant model


 *************** function i1___lwmod *****************
 Defined at:
		line 5 in file "/Applications/microchip/xc8/v1.12/sources/lwmod.c"
 Parameters:    Size  Location     Type
  __lwmod         2    8[COMMON] unsigned int 
  __lwmod         2   10[COMMON] unsigned int 
 Auto vars:     Size  Location     Type
  __lwmod         1   13[COMMON] unsigned char 
 Return value:  Size  Location     Type
                  2    8[COMMON] unsigned int 
 Registers used:
		wreg, status,2, status,0
 Tracked objects:
		On entry : 
		On exit  : 
		Unchanged: 
 Data sizes:     COMMON   BANK0   BANK1   BANK3   BANK2
      Params:         4       0       0       0       0
      Locals:         1       0       0       0       0
      Temps:          1       0       0       0       0
      Totals:         6       0       0       0       0
Total ram usage:        6 bytes
 Hardware stack levels used:    1
 This function calls:
		Nothing
 This function is called by:
		i1_printf
 This function uses a non-reentrant model



MODULE INFORMATION

Module		Function		Class		Link	Load	Size
/Applications/microchip/xc8/v1.12/sources/lbtoft.c
		___lbtoft      		CODE           	12DA	0000	33

/Applications/microchip/xc8/v1.12/sources/lbtoft.c estimated size: 33

/Applications/microchip/xc8/v1.12/sources/ftdiv.c
		___ftdiv       		CODE           	083E	0000	200

/Applications/microchip/xc8/v1.12/sources/ftdiv.c estimated size: 200

shared
		i1_printf      		CODE           	0C52	0000	430
		i1_putch       		CODE           	11FA	0000	12
		__stringtab    		STRCODE        	1000	0000	18
		__stringdata   		STRCODE        	10A3	0000	252
		_Bank0_Reg     		STRCODE        	104A	0000	46
		_Bank0_RegAct  		STRCODE        	0000	0000	4259
		i1___lwdiv     		CODE           	1521	0000	77
		_dpowers       		STRCODE        	1083	0000	10
		_Bank1_Reg14   		STRCODE        	1078	0000	11
		_Bank1_Reg0_13 		STRCODE        	1012	0000	56
		i1___lwmod     		CODE           	1499	0000	67
		_RX0_Address   		STRCODE        	1095	0000	5
		__initializatio		CODE           	13CB	0000	43
		_RX1_Address   		STRCODE        	109A	0000	5
		_hexpowers     		STRCODE        	108D	0000	8

shared estimated size: 5299

/Applications/microchip/xc8/v1.12/sources/ftmul.c
		___ftmul       		CODE           	09EA	0000	238

/Applications/microchip/xc8/v1.12/sources/ftmul.c estimated size: 238

/Applications/microchip/xc8/v1.12/sources/fttol.c
		___fttol       		CODE           	175A	0000	166

/Applications/microchip/xc8/v1.12/sources/fttol.c estimated size: 166

main.c
		_Send_Packet   		CODE           	0906	0000	228
		_adcReadVcap   		CODE           	1374	0000	43
		_adcReadTemp   		CODE           	13FA	0000	48
		_ISR           		CODE           	163A	0000	130
		_putch         		CODE           	0800	0000	12
		_adcReadVsuperc		CODE           	142A	0000	48
		_main          		CODE           	0015	0000	999
		_spiInit       		CODE           	1252	0000	24
		_adcInit       		CODE           	11F0	0000	10
		_sleep         		CODE           	0AD8	0000	378
		_uartInit      		CODE           	123C	0000	22

main.c estimated size: 1942

/Applications/microchip/xc8/v1.12/sources/ftge.c
		___ftge        		CODE           	16BC	0000	158

/Applications/microchip/xc8/v1.12/sources/ftge.c estimated size: 158

/Applications/microchip/xc8/v1.12/sources/wmul.c
		___wmul        		CODE           	139F	0000	44

/Applications/microchip/xc8/v1.12/sources/wmul.c estimated size: 44

/Applications/microchip/xc8/v1.12/sources/lwmod.c
		___lwmod       		CODE           	14DC	0000	69

/Applications/microchip/xc8/v1.12/sources/lwmod.c estimated size: 69

/Applications/microchip/xc8/v1.12/sources/awdiv.c
		___awdiv       		CODE           	0788	0000	116

/Applications/microchip/xc8/v1.12/sources/awdiv.c estimated size: 116

rfm70.c
		_rfm70setPowerd		CODE           	12FB	0000	37
		_SPI_RW        		CODE           	126A	0000	25
		_rfm70TxDataSen		CODE           	129C	0000	31
		_rfm70TxDataSen		CODE           	12BB	0000	31
		_SPI_Write_Reg 		CODE           	1226	0000	22
		_SPI_Write_Buf 		CODE           	1320	0000	42
		_SPI_Read_Reg  		CODE           	1283	0000	25
		_RFM70_Initiali		CODE           	03FC	0000	908
		_SwitchToRxMode		CODE           	145A	0000	63
		_SwitchToTxMode		CODE           	134A	0000	42
		_SwitchCFG     		CODE           	080C	0000	50

rfm70.c estimated size: 1276

/Applications/microchip/xc8/v1.12/sources/lwdiv.c
		___lwdiv       		CODE           	156E	0000	79

/Applications/microchip/xc8/v1.12/sources/lwdiv.c estimated size: 79

/Applications/microchip/xc8/v1.12/sources/doprnt.c
		_printf        		CODE           	0E00	0000	512

/Applications/microchip/xc8/v1.12/sources/doprnt.c estimated size: 512

/Applications/microchip/xc8/v1.12/sources/float.c
		___ftpack      		CODE           	15BD	0000	125

/Applications/microchip/xc8/v1.12/sources/float.c estimated size: 125

