Microchip MPLAB XC8 Compiler V1.12 ()

Linker command line:

--edf=/Applications/microchip/xc8/v1.12/dat/en_msgs.txt -cs \
  -h+dist/default/production/energy-harvesting-demoboard.production.sym -z \
  -Q16F707 -ol.obj \
  -Mdist/default/production/energy-harvesting-demoboard.production.map -E1 \
  -ver=XC8 -ACONST=00h-0FFhx32 -ACODE=00h-07FFhx4 -ASTRCODE=00h-01FFFh \
  -AENTRY=00h-0FFhx32 -ASTRING=00h-0FFhx32 -ACOMMON=070h-07Fh \
  -ABANK0=020h-06Fh -ABANK1=0A0h-0EFh -ABANK2=0115h-016Fh \
  -ABANK3=0190h-01EFh -ARAM=020h-06Fh,0A0h-0EFh,0115h-016Fh,0190h-01EFh \
  -AABS1=020h-07Fh,0A0h-0EFh,0115h-016Fh,0190h-01EFh -ASFR0=00h-01Fh \
  -ASFR1=080h-09Fh -ASFR2=0100h-0114h -ASFR3=0180h-018Fh \
  -preset_vec=00h,intentry=04h,init,end_init -ppowerup=CODE -pfunctab=CODE \
  -ACONFIG=02007h-02008h -pconfig=CONFIG -DCONFIG=2 -AIDLOC=02000h-02003h \
  -pidloc=IDLOC -DIDLOC=2 -DCODE=2 -DSTRCODE=2 -DSTRING=2 -DCONST=2 \
  -DENTRY=2 -k /tmp/cgt81EXuY.obj \
  dist/default/production/energy-harvesting-demoboard.production.obj 

Object code version is 3.10

Machine type is 16F707



                Name                               Link     Load   Length Selector   Space Scale
/tmp/cgt81EXuY.obj
                end_init                             12       12        3        8       0
                reset_vec                             0        0        3        0       0
                config                             2007     2007        2     400E       0
dist/default/production/energy-harvesting-demoboard.production.obj
                intentry                              4        4        E        8       0
                text982                             B02      B02        C     1604       0
                text981                             D2E      D2E       43     1A5C       0
                text980                             DB6      DB6       4D     1B6C       0
                text979                             E52      E52      1AE     1CA4       0
                text978                             CC3      CC3       2C     1986       0
                text977                             D71      D71       45     1AE2       0
                text976                             E03      E03       4F     1C06       0
                text975                             BD0      BD0       24     17A0       0
                text974                             B1A      B1A       16     1634       0
                text973                             B5E      B5E       19     16BC       0
                text972                             7C9      7C9       32        8       0
                text971                             B92      B92       1F     1724       0
                text970                             CEF      CEF       3F     19DE       0
                text969                             BB1      BB1       1F     1762       0
                text968                             C19      C19       2A     1832       0
                text967                             C43      C43       2A     1886       0
                text966                             B0E      B0E        C     161C       0
                text965                             C6D      C6D       2B     18DA       0
                text964                              15       15      310        8       0
                text963                             C98      C98       2B     1930       0
                text962                             BF4      BF4       25     17E8       0
                text961                             AF8      AF8        A     15F0       0
                text960                             B30      B30       16     1660       0
                text959                             B46      B46       18     168C       0
                text958                             535      535      1B0        8       0
                text957                             6E5      6E5       E4        8       0
                maintext                            325      325      210        8       0
                cstackBANK0                          20       20       33       20       1
                cstackCOMMON                         70       70        E       70       1
                cstackBANK1                          C0       C0        C       A0       1
                cstackBANK3                         190      190       27      190       1
                clrtext                             AF0      AF0        8     15E0       0
                bssBANK1                             A0       A0       20       A0       1
                dataBANK0                            5B       5B        1       20       1
                bssBANK0                             53       53        7       20       1
                bitbssBANK0                         2D0       5A        1       20       1     8
                cinit                               B77      B77       1B     16EE       0
                stringtext                         1000     1000      15D       20       0
                idataBANK0                          7FB      7FB        1        8       0

TOTAL           Name                               Link     Load   Length     Space
        CLASS   CONST          

        CLASS   CODE           
                end_init                             12       12        3         0
                intentry                              4        4        E         0
                reset_vec                             0        0        3         0
                text982                             B02      B02        C         0
                text981                             D2E      D2E       43         0
                text980                             DB6      DB6       4D         0
                text979                             E52      E52      1AE         0
                text978                             CC3      CC3       2C         0
                text977                             D71      D71       45         0
                text976                             E03      E03       4F         0
                text975                             BD0      BD0       24         0
                text974                             B1A      B1A       16         0
                text973                             B5E      B5E       19         0
                text972                             7C9      7C9       32         0
                text971                             B92      B92       1F         0
                text970                             CEF      CEF       3F         0
                text969                             BB1      BB1       1F         0
                text968                             C19      C19       2A         0
                text967                             C43      C43       2A         0
                text966                             B0E      B0E        C         0
                text965                             C6D      C6D       2B         0
                text964                              15       15      310         0
                text963                             C98      C98       2B         0
                text962                             BF4      BF4       25         0
                text961                             AF8      AF8        A         0
                text960                             B30      B30       16         0
                text959                             B46      B46       18         0
                text958                             535      535      1B0         0
                text957                             6E5      6E5       E4         0
                maintext                            325      325      210         0
                clrtext                             AF0      AF0        8         0
                cinit                               B77      B77       1B         0
                idataBANK0                          7FB      7FB        1         0

        CLASS   STRCODE        
                stringtext                         1000     1000      15D         0

        CLASS   ENTRY          

        CLASS   STRING         

        CLASS   COMMON         
                cstackCOMMON                         70       70        E         1

        CLASS   BANK0          
                cstackBANK0                          20       20       33         1
                dataBANK0                            5B       5B        1         1
                bssBANK0                             53       53        7         1
                bitbssBANK0                         2D0       5A        1         1

        CLASS   BANK1          
                cstackBANK1                          C0       C0        C         1
                bssBANK1                             A0       A0       20         1

        CLASS   BANK2          

        CLASS   BANK3          
                cstackBANK3                         190      190       27         1

        CLASS   RAM            

        CLASS   ABS1           
                abs_s1                               7E       7E        2         1

        CLASS   SFR0           

        CLASS   SFR1           

        CLASS   SFR2           

        CLASS   SFR3           

        CLASS   CONFIG         
                config                             2007     2007        2         0

        CLASS   IDLOC          

        CLASS   EEDATA         



SEGMENTS        Name                           Load    Length   Top    Selector   Space  Class     Delta

                reset_vec                      000000  000003  000003         0       0  CODE        2
                intentry                       000004  0007F8  0007FC         8       0  CODE        2
                cstackBANK0                    000020  00003C  00005C        20       1  BANK0       1
                cstackCOMMON                   000070  00000E  00007E        70       1  COMMON      1
                bssBANK1                       0000A0  00002C  0000CC        A0       1  BANK1       1
                cstackBANK3                    000190  000027  0001B7       190       1  BANK3       1
                clrtext                        000AF0  000008  000AF8      15E0       0  CODE        2
                text961                        000AF8  00000A  000B02      15F0       0  CODE        2
                text982                        000B02  00000C  000B0E      1604       0  CODE        2
                text966                        000B0E  00000C  000B1A      161C       0  CODE        2
                text974                        000B1A  000016  000B30      1634       0  CODE        2
                text960                        000B30  000016  000B46      1660       0  CODE        2
                text959                        000B46  000018  000B5E      168C       0  CODE        2
                text973                        000B5E  000019  000B77      16BC       0  CODE        2
                cinit                          000B77  00001B  000B92      16EE       0  CODE        2
                text971                        000B92  00001F  000BB1      1724       0  CODE        2
                text969                        000BB1  00001F  000BD0      1762       0  CODE        2
                text975                        000BD0  000024  000BF4      17A0       0  CODE        2
                text962                        000BF4  000025  000C19      17E8       0  CODE        2
                text968                        000C19  00002A  000C43      1832       0  CODE        2
                text967                        000C43  00002A  000C6D      1886       0  CODE        2
                text965                        000C6D  00002B  000C98      18DA       0  CODE        2
                text963                        000C98  00002B  000CC3      1930       0  CODE        2
                text978                        000CC3  00002C  000CEF      1986       0  CODE        2
                text970                        000CEF  00003F  000D2E      19DE       0  CODE        2
                text981                        000D2E  000043  000D71      1A5C       0  CODE        2
                text977                        000D71  000045  000DB6      1AE2       0  CODE        2
                text980                        000DB6  00004D  000E03      1B6C       0  CODE        2
                text976                        000E03  00004F  000E52      1C06       0  CODE        2
                text979                        000E52  0001AE  001000      1CA4       0  CODE        2
                stringtext                     001000  00015D  00115D        20       0  STRCODE     2
                config                         002007  000002  002009      400E       0  CONFIG      2


UNUSED ADDRESS RANGES

        Name                Unused          Largest block    Delta
        BANK0            005C-006F             14           1
        BANK1            00CC-00EF             24           1
        BANK2            0115-016F             5B           1
        BANK3            01B7-01EF             39           1
        CODE             0003-0003              1           2
                         07FC-0AEF              4
                         115D-1FFF            6A3
        CONST            0003-0003              1           2
                         07FC-0AEF            100
                         115D-1FFF            100
        ENTRY            0003-0003              1           2
                         07FC-0AEF            100
                         115D-1FFF            100
        IDLOC            2000-2003              4           2
        RAM              005C-006F             14           1
                         00CC-00EF             24
                         0115-016F             5B
                         01B7-01EF             39
        SFR0             0000-001F             20           1
        SFR1             0080-009F             20           1
        SFR2             0100-0114             15           1
        SFR3             0180-018F             10           1
        STRCODE          0003-0003              1           2
                         07FC-0AEF            2F4
                         115D-1FFF            EA3
        STRING           0003-0003              1           2
                         07FC-0AEF            100
                         115D-1FFF            100

                                  Symbol Table

?_SPI_Write_Buf                         cstackBANK0  0036
?_SPI_Write_Reg                         cstackBANK0  0036
?_Send_Packet                           cstackBANK0  0051
?___lwdiv                               cstackBANK0  0033
?___lwmod                               cstackBANK0  003B
?_printf                                cstackBANK0  0041
?i1___lwdiv                             cstackCOMMON 0070
?i1___lwmod                             cstackCOMMON 0078
?i1_printf                              cstackBANK0  0020
RFM70_Initialize@WriteArr               cstackBANK0  0043
RFM70_Initialize@i                      cstackBANK0  004F
RFM70_Initialize@j                      cstackBANK0  0050
SPI_RW@value                            cstackBANK0  0035
SPI_Read_Reg@reg                        cstackBANK0  0037
SPI_Read_Reg@value                      cstackBANK0  0038
SPI_Write_Buf@byte_ctr                  cstackBANK0  003A
SPI_Write_Buf@length                    cstackBANK0  0037
SPI_Write_Buf@pBuf                      cstackBANK0  0036
SPI_Write_Buf@reg                       cstackBANK0  0039
SPI_Write_Reg@reg                       cstackBANK0  0037
SPI_Write_Reg@value                     cstackBANK0  0036
Send_Packet@fifo_sta                    cstackBANK1  00C4
Send_Packet@i                           cstackBANK1  00C5
Send_Packet@len                         cstackBANK0  0052
Send_Packet@pbuf                        cstackBANK0  0051
Send_Packet@type                        cstackBANK1  00C3
SwitchCFG@Tmp                           cstackBANK0  003B
SwitchCFG@_cfg                          cstackBANK0  003A
SwitchToRxMode@value                    cstackBANK0  003A
SwitchToTxMode@value                    cstackBANK0  003A
_ADCON0bits                             (abs)        001F
_ADCON1bits                             (abs)        009F
_ADRES                                  (abs)        001E
_ANSELCbits                             (abs)        0187
_ANSELDbits                             (abs)        0188
_ANSELEbits                             (abs)        0189
_Bank0_Reg                              stringtext   104A
_Bank1_Reg0_13                          stringtext   1012
_Bank1_Reg14                            stringtext   1078
_FVRCONbits                             (abs)        009D
_GIE                                    (abs)        005F
_ISR                                    text978      0CC3
_OSCCONbits                             (abs)        0090
_PEIE                                   (abs)        005E
_PIR1bits                               (abs)        000C
_PORTCbits                              (abs)        0007
_PORTDbits                              (abs)        0008
_PORTEbits                              (abs)        0009
_RCIF                                   (abs)        0065
_RCREG                                  (abs)        001A
_RCSTA                                  (abs)        0018
_RCSTAbits                              (abs)        0018
_RFM70_Initialize                       text964      0015
_RX0_Address                            stringtext   1095
_RX1_Address                            stringtext   109A
_SPBRG                                  (abs)        0099
_SPI_RW                                 text975      0BD0
_SPI_Read_Reg                           text973      0B5E
_SPI_Write_Buf                          text968      0C19
_SPI_Write_Reg                          text974      0B1A
_SSPBUF                                 (abs)        0013
_SSPCONbits                             (abs)        0014
_SSPSTATbits                            (abs)        0094
_Send_Packet                            text957      06E5
_SwitchCFG                              text972      07C9
_SwitchToRxMode                         text970      0CEF
_SwitchToTxMode                         text967      0C43
_T1CONbits                              (abs)        0010
_T1GCONbits                             (abs)        008F
_TMR1H                                  (abs)        000F
_TMR1IE                                 (abs)        0460
_TMR1IF                                 (abs)        0060
_TMR1L                                  (abs)        000E
_TRISCbits                              (abs)        0087
_TRISDbits                              (abs)        0088
_TRISEbits                              (abs)        0089
_TXIF                                   (abs)        0064
_TXREG                                  (abs)        0019
_TXSTA                                  (abs)        0098
_TXSTAbits                              (abs)        0098
__CFG_CP$OFF                            (abs)        0000
__CFG_FOSC$INTOSC                       (abs)        0000
__CFG_MCLRE$ON                          (abs)        0000
__CFG_PLLEN$ON                          (abs)        0000
__CFG_PWRTE$OFF                         (abs)        0000
__CFG_VCAPEN$RA0                        (abs)        0000
__CFG_WDTE$OFF                          (abs)        0000
__Habs1                                 abs1         0000
__Hbank0                                bank0        0000
__Hbank1                                bank1        0000
__Hbank2                                bank2        0000
__Hbank3                                bank3        0000
__HbitbssBANK0                          bitbssBANK0  0000
__HbssBANK0                             bssBANK0     0000
__HbssBANK1                             bssBANK1     0000
__Hcinit                                cinit        0000
__Hclrtext                              clrtext      0000
__Hcode                                 code         0000
__Hcommon                               common       0000
__Hconfig                               config       2009
__HcstackBANK0                          cstackBANK0  0000
__HcstackBANK1                          cstackBANK1  0000
__HcstackBANK3                          cstackBANK3  0000
__HcstackCOMMON                         cstackCOMMON 0000
__HdataBANK0                            dataBANK0    0000
__Heeprom_data                          eeprom_data  0000
__Hend_init                             end_init     0015
__Hfunctab                              functab      0000
__HidataBANK0                           idataBANK0   0000
__Hidloc                                idloc        0000
__Hinit                                 init         0012
__Hintentry                             intentry     0012
__Hmaintext                             maintext     0000
__Hpowerup                              powerup      0000
__Hram                                  ram          0000
__Hreset_vec                            reset_vec    0003
__Hsfr0                                 sfr0         0000
__Hsfr1                                 sfr1         0000
__Hsfr2                                 sfr2         0000
__Hsfr3                                 sfr3         0000
__Hstrings                              strings      0000
__Hstringtext                           stringtext   0000
__Htext                                 text         0000
__Labs1                                 abs1         0000
__Lbank0                                bank0        0000
__Lbank1                                bank1        0000
__Lbank2                                bank2        0000
__Lbank3                                bank3        0000
__LbitbssBANK0                          bitbssBANK0  0000
__LbssBANK0                             bssBANK0     0000
__LbssBANK1                             bssBANK1     0000
__Lcinit                                cinit        0000
__Lclrtext                              clrtext      0000
__Lcode                                 code         0000
__Lcommon                               common       0000
__Lconfig                               config       2007
__LcstackBANK0                          cstackBANK0  0000
__LcstackBANK1                          cstackBANK1  0000
__LcstackBANK3                          cstackBANK3  0000
__LcstackCOMMON                         cstackCOMMON 0000
__LdataBANK0                            dataBANK0    0000
__Leeprom_data                          eeprom_data  0000
__Lend_init                             end_init     0012
__Lfunctab                              functab      0000
__LidataBANK0                           idataBANK0   0000
__Lidloc                                idloc        0000
__Linit                                 init         0012
__Lintentry                             intentry     0004
__Lmaintext                             maintext     0000
__Lpowerup                              powerup      0000
__Lram                                  ram          0000
__Lreset_vec                            reset_vec    0000
__Lsfr0                                 sfr0         0000
__Lsfr1                                 sfr1         0000
__Lsfr2                                 sfr2         0000
__Lsfr3                                 sfr3         0000
__Lstrings                              strings      0000
__Lstringtext                           stringtext   0000
__Ltext                                 text         0000
__S0                                    (abs)        2009
__S1                                    (abs)        01B7
___lwdiv                                text976      0E03
___lwdiv@counter                        cstackBANK0  0038
___lwdiv@dividend                       cstackBANK0  0035
___lwdiv@divisor                        cstackBANK0  0033
___lwdiv@quotient                       cstackBANK0  0039
___lwmod                                text977      0D71
___lwmod@counter                        cstackBANK0  0040
___lwmod@dividend                       cstackBANK0  003D
___lwmod@divisor                        cstackBANK0  003B
__end_of_Bank0_Reg                      stringtext   1078
__end_of_Bank0_RegAct                   stringtext   10A3
__end_of_Bank1_Reg0_13                  stringtext   104A
__end_of_Bank1_Reg14                    stringtext   1083
__end_of_ISR                            text978      0CEF
__end_of_RFM70_Initialize               text964      0325
__end_of_RX0_Address                    stringtext   109A
__end_of_RX1_Address                    stringtext   109F
__end_of_SPI_RW                         text975      0BF4
__end_of_SPI_Read_Reg                   text973      0B77
__end_of_SPI_Write_Buf                  text968      0C43
__end_of_SPI_Write_Reg                  text974      0B30
__end_of_Send_Packet                    text957      07C9
__end_of_SwitchCFG                      text972      07FB
__end_of_SwitchToRxMode                 text970      0D2E
__end_of_SwitchToTxMode                 text967      0C6D
__end_of___lwdiv                        text976      0E52
__end_of___lwmod                        text977      0DB6
__end_of__initialization                cinit        0B8E
__end_of__stringdata                    stringtext   115D
__end_of__stringtab                     stringtext   1012
__end_of_adcInit                        text961      0B02
__end_of_adcReadTemp                    text965      0C98
__end_of_adcReadVcap                    text963      0CC3
__end_of_dpowers                        stringtext   108D
__end_of_hexpowers                      stringtext   1095
__end_of_main                           maintext     0535
__end_of_printf                         text958      06E5
__end_of_putch                          text966      0B1A
__end_of_rfm70TxDataSentErrorInterrupt  text971      0BB1
__end_of_rfm70TxDataSentInterrupt       text969      0BD0
__end_of_rfm70setPowerdownMode          text962      0C19
__end_of_spiInit                        text959      0B5E
__end_of_uartInit                       text960      0B46
__end_ofi1___lwdiv                      text980      0E03
__end_ofi1___lwmod                      text981      0D71
__end_ofi1_printf                       text979      1000
__end_ofi1_putch                        text982      0B0E
__initialization                        cinit        0B77
__pbitbssBANK0                          bitbssBANK0  02D0
__pbssBANK0                             bssBANK0     0053
__pbssBANK1                             bssBANK1     00A0
__pcstackBANK0                          cstackBANK0  0020
__pcstackBANK1                          cstackBANK1  00C0
__pcstackBANK3                          cstackBANK3  0190
__pcstackCOMMON                         cstackCOMMON 0070
__pdataBANK0                            dataBANK0    005B
__pidataBANK0                           idataBANK0   07FB
__pintentry                             intentry     0004
__pmaintext                             maintext     0325
__pstringtext                           stringtext   1000
__ptext957                              text957      06E5
__ptext958                              text958      0535
__ptext959                              text959      0B46
__ptext960                              text960      0B30
__ptext961                              text961      0AF8
__ptext962                              text962      0BF4
__ptext963                              text963      0C98
__ptext964                              text964      0015
__ptext965                              text965      0C6D
__ptext966                              text966      0B0E
__ptext967                              text967      0C43
__ptext968                              text968      0C19
__ptext969                              text969      0BB1
__ptext970                              text970      0CEF
__ptext971                              text971      0B92
__ptext972                              text972      07C9
__ptext973                              text973      0B5E
__ptext974                              text974      0B1A
__ptext975                              text975      0BD0
__ptext976                              text976      0E03
__ptext977                              text977      0D71
__ptext978                              text978      0CC3
__ptext979                              text979      0E52
__ptext980                              text980      0DB6
__ptext981                              text981      0D2E
__ptext982                              text982      0B02
__ptext983                              text983      0000
__size_of_ISR                           (abs)        0000
__size_of_RFM70_Initialize              (abs)        0000
__size_of_SPI_RW                        (abs)        0000
__size_of_SPI_Read_Reg                  (abs)        0000
__size_of_SPI_Write_Buf                 (abs)        0000
__size_of_SPI_Write_Reg                 (abs)        0000
__size_of_Send_Packet                   (abs)        0000
__size_of_SwitchCFG                     (abs)        0000
__size_of_SwitchToRxMode                (abs)        0000
__size_of_SwitchToTxMode                (abs)        0000
__size_of___lwdiv                       (abs)        0000
__size_of___lwmod                       (abs)        0000
__size_of_adcInit                       (abs)        0000
__size_of_adcReadTemp                   (abs)        0000
__size_of_adcReadVcap                   (abs)        0000
__size_of_main                          (abs)        0000
__size_of_printf                        (abs)        0000
__size_of_putch                         (abs)        0000
__size_of_rfm70TxDataSentErrorInterrupt (abs)        0000
__size_of_rfm70TxDataSentInterrupt      (abs)        0000
__size_of_rfm70setPowerdownMode         (abs)        0000
__size_of_spiInit                       (abs)        0000
__size_of_uartInit                      (abs)        0000
__size_ofi1___lwdiv                     (abs)        0000
__size_ofi1___lwmod                     (abs)        0000
__size_ofi1_printf                      (abs)        0000
__size_ofi1_putch                       (abs)        0000
__stringdata                            stringtext   10A3
__stringtab                             stringtext   1000
_adcInit                                text961      0AF8
_adcReadTemp                            text965      0C6D
_adcReadVcap                            text963      0C98
_dpowers                                stringtext   1083
_flag                                   bitbssBANK0  02D0
_hexpowers                              stringtext   108D
_main                                   maintext     0325
_printf                                 text958      0535
_putch                                  text966      0B0E
_rfm70TxDataSentErrorInterrupt          text971      0B92
_rfm70TxDataSentInterrupt               text969      0BB1
_rfm70setPowerdownMode                  text962      0BF4
_spiInit                                text959      0B46
_timelapse_count                        bssBANK0     0053
_tmr1Counter                            bssBANK0     0055
_tmr1Target                             dataBANK0    005B
_tx_buf                                 bssBANK0     0056
_uartInit                               text960      0B30
adcReadTemp@value                       cstackBANK0  0035
adcReadVcap@value                       cstackBANK0  0035
btemp                                   (abs)        007E
clear_ram                               clrtext      0AF0
end_of_initialization                   cinit        0B8E
i1___lwdiv                              text980      0DB6
i1___lwdiv@counter                      cstackCOMMON 0075
i1___lwdiv@dividend                     cstackCOMMON 0072
i1___lwdiv@divisor                      cstackCOMMON 0070
i1___lwdiv@quotient                     cstackCOMMON 0076
i1___lwmod                              text981      0D2E
i1___lwmod@counter                      cstackCOMMON 007D
i1___lwmod@dividend                     cstackCOMMON 007A
i1___lwmod@divisor                      cstackCOMMON 0078
i1_printf                               text979      0E52
i1_putch                                text982      0B02
i1printf@_val                           cstackBANK0  0029
i1printf@ap                             cstackBANK0  0026
i1printf@c                              cstackBANK0  002D
i1printf@f                              cstackBANK0  0020
i1printf@flag                           cstackBANK0  0028
i1printf@idx                            cstackBANK0  0025
i1printf@prec                           cstackBANK0  0027
i1putch@c                               cstackCOMMON 0070
interrupt_function                      intentry     0004
intlevel0                               functab      0000
intlevel1                               functab      0000
intlevel2                               functab      0000
intlevel3                               functab      0000
intlevel4                               functab      0000
intlevel5                               functab      0000
main@i                                  cstackBANK3  01B3
main@num_sleep                          cstackBANK3  01B0
main@temp_tx_buf                        cstackBANK3  0190
main@value                              cstackBANK3  01B1
printf@_val                             cstackBANK0  004C
printf@ap                               cstackBANK0  0049
printf@c                                cstackBANK0  0050
printf@f                                cstackBANK0  0041
printf@flag                             cstackBANK0  004B
printf@idx                              cstackBANK0  0048
printf@prec                             cstackBANK0  004A
putch@c                                 cstackBANK0  0033
reset_vec                               reset_vec    0000
rfm70setPowerdownMode@reg               cstackBANK0  003B
rfm70setPowerdownMode@value             cstackBANK0  003A
saved_w                                 (abs)        007E
start                                   init         0012
start_initialization                    cinit        0B77
wtemp0                                  (abs)        007E


FUNCTION INFORMATION:

 *************** function _main *****************
 Defined at:
		line 109 in file "main.c"
 Parameters:    Size  Location     Type
  argc            2    6[BANK1 ] int 
  argv            2    8[BANK1 ] PTR PTR unsigned char 
 Auto vars:     Size  Location     Type
  temp_tx_buf    32    0[BANK3 ] unsigned char [32]
  buffer          5    0        unsigned char [5]
  i               4   35[BANK3 ] long 
  value           2   33[BANK3 ] int 
  num_sleep       1   32[BANK3 ] unsigned char 
 Return value:  Size  Location     Type
                  2    6[BANK1 ] int 
 Registers used:
		wreg, fsr0l, fsr0h, fsr1l, fsr1h, status,2, status,0, btemp+1, pclath, cstack
 Tracked objects:
		On entry : 
		On exit  : 
		Unchanged: 
 Data sizes:     COMMON   BANK0   BANK1   BANK3   BANK2
      Params:         0       0       4       0       0
      Locals:         0       0       0      39       0
      Temps:          0       0       2       0       0
      Totals:         0       0       6      39       0
Total ram usage:       45 bytes
 Hardware stack levels required when called:    7
 This function calls:
		_spiInit
		_uartInit
		_adcInit
		_rfm70setPowerdownMode
		_adcReadVcap
		_printf
		_RFM70_Initialize
		_adcReadTemp
		_Send_Packet
 This function is called by:
		Startup code after reset
 This function uses a non-reentrant model


 *************** function _Send_Packet *****************
 Defined at:
		line 507 in file "main.c"
 Parameters:    Size  Location     Type
  type            1    wreg     unsigned char 
  pbuf            1   49[BANK0 ] PTR unsigned char 
		 -> tx_buf(4), 
  len             1   50[BANK0 ] unsigned char 
 Auto vars:     Size  Location     Type
  type            1    3[BANK1 ] unsigned char 
  i               1    5[BANK1 ] unsigned char 
  fifo_sta        1    4[BANK1 ] unsigned char 
 Return value:  Size  Location     Type
		None               void
 Registers used:
		wreg, fsr0l, fsr0h, fsr1l, fsr1h, status,2, status,0, btemp+1, pclath, cstack
 Tracked objects:
		On entry : 
		On exit  : 
		Unchanged: 
 Data sizes:     COMMON   BANK0   BANK1   BANK3   BANK2
      Params:         0       2       0       0       0
      Locals:         0       0       3       0       0
      Temps:          0       0       3       0       0
      Totals:         0       2       6       0       0
Total ram usage:        8 bytes
 Hardware stack levels used:    1
 Hardware stack levels required when called:    6
 This function calls:
		_SwitchToTxMode
		_SPI_Read_Reg
		_printf
		_SPI_Write_Buf
		_rfm70TxDataSentInterrupt
		_SwitchToRxMode
		_rfm70TxDataSentErrorInterrupt
 This function is called by:
		_main
 This function uses a non-reentrant model


 *************** function _printf *****************
 Defined at:
		line 465 in file "/Applications/microchip/xc8/v1.12/sources/doprnt.c"
 Parameters:    Size  Location     Type
  f               2   33[BANK0 ] PTR const unsigned char 
		 -> STR_13(5), STR_12(12), Receive_Packet@rx_buf(32), STR_11(5), 
		 -> STR_10(24), STR_9(17), STR_8(3), STR_7(3), 
		 -> STR_6(10), STR_5(12), STR_4(26), STR_3(18), 
		 -> STR_2(23), STR_1(19), 
 Auto vars:     Size  Location     Type
  idx             1   40[BANK0 ] unsigned char 
  _val            4   44[BANK0 ] struct .
  c               1   48[BANK0 ] char 
  flag            1   43[BANK0 ] unsigned char 
  prec            1   42[BANK0 ] char 
  ap              1   41[BANK0 ] PTR void [1]
		 -> ?_printf(2), 
 Return value:  Size  Location     Type
                  2   33[BANK0 ] int 
 Registers used:
		wreg, fsr0l, fsr0h, status,2, status,0, btemp+1, pclath, cstack
 Tracked objects:
		On entry : 
		On exit  : 
		Unchanged: 
 Data sizes:     COMMON   BANK0   BANK1   BANK3   BANK2
      Params:         0       4       0       0       0
      Locals:         0       9       0       0       0
      Temps:          0       3       0       0       0
      Totals:         0      16       0       0       0
Total ram usage:       16 bytes
 Hardware stack levels used:    1
 Hardware stack levels required when called:    4
 This function calls:
		_putch
		___lwdiv
		___lwmod
 This function is called by:
		_main
		_Send_Packet
		_Receive_Packet
 This function uses a non-reentrant model


 *************** function _spiInit *****************
 Defined at:
		line 443 in file "main.c"
 Parameters:    Size  Location     Type
		None
 Auto vars:     Size  Location     Type
		None
 Return value:  Size  Location     Type
		None               void
 Registers used:
		wreg, status,2, status,0
 Tracked objects:
		On entry : 
		On exit  : 
		Unchanged: 
 Data sizes:     COMMON   BANK0   BANK1   BANK3   BANK2
      Params:         0       0       0       0       0
      Locals:         0       0       0       0       0
      Temps:          0       2       0       0       0
      Totals:         0       2       0       0       0
Total ram usage:        2 bytes
 Hardware stack levels used:    1
 Hardware stack levels required when called:    3
 This function calls:
		Nothing
 This function is called by:
		_main
 This function uses a non-reentrant model


 *************** function _uartInit *****************
 Defined at:
		line 421 in file "main.c"
 Parameters:    Size  Location     Type
		None
 Auto vars:     Size  Location     Type
		None
 Return value:  Size  Location     Type
		None               void
 Registers used:
		wreg, status,2
 Tracked objects:
		On entry : 
		On exit  : 
		Unchanged: 
 Data sizes:     COMMON   BANK0   BANK1   BANK3   BANK2
      Params:         0       0       0       0       0
      Locals:         0       0       0       0       0
      Temps:          0       0       0       0       0
      Totals:         0       0       0       0       0
Total ram usage:        0 bytes
 Hardware stack levels used:    1
 Hardware stack levels required when called:    3
 This function calls:
		Nothing
 This function is called by:
		_main
 This function uses a non-reentrant model


 *************** function _adcInit *****************
 Defined at:
		line 455 in file "main.c"
 Parameters:    Size  Location     Type
		None
 Auto vars:     Size  Location     Type
		None
 Return value:  Size  Location     Type
		None               void
 Registers used:
		wreg, status,2, status,0
 Tracked objects:
		On entry : 
		On exit  : 
		Unchanged: 
 Data sizes:     COMMON   BANK0   BANK1   BANK3   BANK2
      Params:         0       0       0       0       0
      Locals:         0       0       0       0       0
      Temps:          0       0       0       0       0
      Totals:         0       0       0       0       0
Total ram usage:        0 bytes
 Hardware stack levels used:    1
 Hardware stack levels required when called:    3
 This function calls:
		Nothing
 This function is called by:
		_main
 This function uses a non-reentrant model


 *************** function _rfm70setPowerdownMode *****************
 Defined at:
		line 400 in file "rfm70.c"
 Parameters:    Size  Location     Type
  value           1    wreg     unsigned char 
 Auto vars:     Size  Location     Type
  value           1   26[BANK0 ] unsigned char 
  reg             1   27[BANK0 ] unsigned char 
 Return value:  Size  Location     Type
		None               void
 Registers used:
		wreg, status,2, status,0, pclath, cstack
 Tracked objects:
		On entry : 
		On exit  : 
		Unchanged: 
 Data sizes:     COMMON   BANK0   BANK1   BANK3   BANK2
      Params:         0       0       0       0       0
      Locals:         0       2       0       0       0
      Temps:          0       1       0       0       0
      Totals:         0       3       0       0       0
Total ram usage:        3 bytes
 Hardware stack levels used:    1
 Hardware stack levels required when called:    5
 This function calls:
		_SPI_Read_Reg
		_SPI_Write_Reg
 This function is called by:
		_main
 This function uses a non-reentrant model


 *************** function _adcReadVcap *****************
 Defined at:
		line 368 in file "main.c"
 Parameters:    Size  Location     Type
		None
 Auto vars:     Size  Location     Type
  value           1   21[BANK0 ] unsigned char 
 Return value:  Size  Location     Type
                  1    wreg      unsigned char 
 Registers used:
		wreg, status,2, status,0
 Tracked objects:
		On entry : 
		On exit  : 
		Unchanged: 
 Data sizes:     COMMON   BANK0   BANK1   BANK3   BANK2
      Params:         0       0       0       0       0
      Locals:         0       1       0       0       0
      Temps:          0       2       0       0       0
      Totals:         0       3       0       0       0
Total ram usage:        3 bytes
 Hardware stack levels used:    1
 Hardware stack levels required when called:    3
 This function calls:
		Nothing
 This function is called by:
		_main
 This function uses a non-reentrant model


 *************** function _RFM70_Initialize *****************
 Defined at:
		line 252 in file "rfm70.c"
 Parameters:    Size  Location     Type
		None
 Auto vars:     Size  Location     Type
  WriteArr       12   35[BANK0 ] unsigned char [12]
  j               1   48[BANK0 ] unsigned char 
  i               1   47[BANK0 ] unsigned char 
 Return value:  Size  Location     Type
		None               void
 Registers used:
		wreg, fsr0l, fsr0h, status,2, status,0, btemp+1, pclath, cstack
 Tracked objects:
		On entry : 
		On exit  : 
		Unchanged: 
 Data sizes:     COMMON   BANK0   BANK1   BANK3   BANK2
      Params:         0       0       0       0       0
      Locals:         0      14       0       0       0
      Temps:          0       7       0       0       0
      Totals:         0      21       0       0       0
Total ram usage:       21 bytes
 Hardware stack levels used:    1
 Hardware stack levels required when called:    6
 This function calls:
		_SwitchCFG
		_SPI_Write_Reg
		_SPI_Write_Buf
		_SPI_Read_Reg
 This function is called by:
		_main
 This function uses a non-reentrant model


 *************** function _adcReadTemp *****************
 Defined at:
		line 353 in file "main.c"
 Parameters:    Size  Location     Type
		None
 Auto vars:     Size  Location     Type
  value           1   21[BANK0 ] unsigned char 
 Return value:  Size  Location     Type
                  1    wreg      unsigned char 
 Registers used:
		wreg, status,2, status,0
 Tracked objects:
		On entry : 
		On exit  : 
		Unchanged: 
 Data sizes:     COMMON   BANK0   BANK1   BANK3   BANK2
      Params:         0       0       0       0       0
      Locals:         0       1       0       0       0
      Temps:          0       2       0       0       0
      Totals:         0       3       0       0       0
Total ram usage:        3 bytes
 Hardware stack levels used:    1
 Hardware stack levels required when called:    3
 This function calls:
		Nothing
 This function is called by:
		_main
 This function uses a non-reentrant model


 *************** function _putch *****************
 Defined at:
		line 466 in file "main.c"
 Parameters:    Size  Location     Type
  c               1    wreg     unsigned char 
 Auto vars:     Size  Location     Type
  c               1   19[BANK0 ] unsigned char 
 Return value:  Size  Location     Type
		None               void
 Registers used:
		wreg
 Tracked objects:
		On entry : 
		On exit  : 
		Unchanged: 
 Data sizes:     COMMON   BANK0   BANK1   BANK3   BANK2
      Params:         0       0       0       0       0
      Locals:         0       1       0       0       0
      Temps:          0       0       0       0       0
      Totals:         0       1       0       0       0
Total ram usage:        1 bytes
 Hardware stack levels used:    1
 Hardware stack levels required when called:    3
 This function calls:
		Nothing
 This function is called by:
		_printf
		_getche
 This function uses a non-reentrant model


 *************** function _SwitchToTxMode *****************
 Defined at:
		line 191 in file "rfm70.c"
 Parameters:    Size  Location     Type
		None
 Auto vars:     Size  Location     Type
  value           1   26[BANK0 ] unsigned char 
 Return value:  Size  Location     Type
		None               void
 Registers used:
		wreg, status,2, status,0, pclath, cstack
 Tracked objects:
		On entry : 
		On exit  : 
		Unchanged: 
 Data sizes:     COMMON   BANK0   BANK1   BANK3   BANK2
      Params:         0       0       0       0       0
      Locals:         0       1       0       0       0
      Temps:          0       1       0       0       0
      Totals:         0       2       0       0       0
Total ram usage:        2 bytes
 Hardware stack levels used:    1
 Hardware stack levels required when called:    5
 This function calls:
		_SPI_Write_Reg
		_SPI_Read_Reg
 This function is called by:
		_Send_Packet
 This function uses a non-reentrant model


 *************** function _SPI_Write_Buf *****************
 Defined at:
		line 147 in file "rfm70.c"
 Parameters:    Size  Location     Type
  reg             1    wreg     unsigned char 
  pBuf            1   22[BANK0 ] PTR unsigned char 
		 -> RFM70_Initialize@WriteArr(12), tx_buf(4), 
  length          1   23[BANK0 ] unsigned char 
 Auto vars:     Size  Location     Type
  reg             1   25[BANK0 ] unsigned char 
  byte_ctr        1   26[BANK0 ] unsigned char 
 Return value:  Size  Location     Type
		None               void
 Registers used:
		wreg, fsr0l, fsr0h, status,2, status,0, pclath, cstack
 Tracked objects:
		On entry : 
		On exit  : 
		Unchanged: 
 Data sizes:     COMMON   BANK0   BANK1   BANK3   BANK2
      Params:         0       2       0       0       0
      Locals:         0       2       0       0       0
      Temps:          0       1       0       0       0
      Totals:         0       5       0       0       0
Total ram usage:        5 bytes
 Hardware stack levels used:    1
 Hardware stack levels required when called:    4
 This function calls:
		_SPI_RW
 This function is called by:
		_Send_Packet
		_RFM70_Initialize
 This function uses a non-reentrant model


 *************** function _rfm70TxDataSentInterrupt *****************
 Defined at:
		line 371 in file "rfm70.c"
 Parameters:    Size  Location     Type
		None
 Auto vars:     Size  Location     Type
		None
 Return value:  Size  Location     Type
                  1    wreg      unsigned char 
 Registers used:
		wreg, status,2, status,0, pclath, cstack
 Tracked objects:
		On entry : 
		On exit  : 
		Unchanged: 
 Data sizes:     COMMON   BANK0   BANK1   BANK3   BANK2
      Params:         0       0       0       0       0
      Locals:         0       0       0       0       0
      Temps:          0       1       0       0       0
      Totals:         0       1       0       0       0
Total ram usage:        1 bytes
 Hardware stack levels used:    1
 Hardware stack levels required when called:    5
 This function calls:
		_SPI_Read_Reg
		_SPI_Write_Reg
 This function is called by:
		_Send_Packet
 This function uses a non-reentrant model


 *************** function _SwitchToRxMode *****************
 Defined at:
		line 165 in file "rfm70.c"
 Parameters:    Size  Location     Type
		None
 Auto vars:     Size  Location     Type
  value           1   26[BANK0 ] unsigned char 
 Return value:  Size  Location     Type
		None               void
 Registers used:
		wreg, status,2, status,0, pclath, cstack
 Tracked objects:
		On entry : 
		On exit  : 
		Unchanged: 
 Data sizes:     COMMON   BANK0   BANK1   BANK3   BANK2
      Params:         0       0       0       0       0
      Locals:         0       1       0       0       0
      Temps:          0       1       0       0       0
      Totals:         0       2       0       0       0
Total ram usage:        2 bytes
 Hardware stack levels used:    1
 Hardware stack levels required when called:    5
 This function calls:
		_SPI_Write_Reg
		_SPI_Read_Reg
 This function is called by:
		_Send_Packet
		_Receive_Packet
 This function uses a non-reentrant model


 *************** function _rfm70TxDataSentErrorInterrupt *****************
 Defined at:
		line 380 in file "rfm70.c"
 Parameters:    Size  Location     Type
		None
 Auto vars:     Size  Location     Type
		None
 Return value:  Size  Location     Type
                  1    wreg      unsigned char 
 Registers used:
		wreg, status,2, status,0, pclath, cstack
 Tracked objects:
		On entry : 
		On exit  : 
		Unchanged: 
 Data sizes:     COMMON   BANK0   BANK1   BANK3   BANK2
      Params:         0       0       0       0       0
      Locals:         0       0       0       0       0
      Temps:          0       1       0       0       0
      Totals:         0       1       0       0       0
Total ram usage:        1 bytes
 Hardware stack levels used:    1
 Hardware stack levels required when called:    5
 This function calls:
		_SPI_Read_Reg
		_SPI_Write_Reg
 This function is called by:
		_Send_Packet
 This function uses a non-reentrant model


 *************** function _SwitchCFG *****************
 Defined at:
		line 218 in file "rfm70.c"
 Parameters:    Size  Location     Type
  _cfg            1    wreg     unsigned char 
 Auto vars:     Size  Location     Type
  _cfg            1   26[BANK0 ] unsigned char 
  Tmp             1   27[BANK0 ] unsigned char 
 Return value:  Size  Location     Type
		None               void
 Registers used:
		wreg, status,2, status,0, pclath, cstack
 Tracked objects:
		On entry : 
		On exit  : 
		Unchanged: 
 Data sizes:     COMMON   BANK0   BANK1   BANK3   BANK2
      Params:         0       0       0       0       0
      Locals:         0       2       0       0       0
      Temps:          0       1       0       0       0
      Totals:         0       3       0       0       0
Total ram usage:        3 bytes
 Hardware stack levels used:    1
 Hardware stack levels required when called:    5
 This function calls:
		_SPI_Read_Reg
		_SPI_Write_Reg
 This function is called by:
		_RFM70_Initialize
 This function uses a non-reentrant model


 *************** function _SPI_Read_Reg *****************
 Defined at:
		line 109 in file "rfm70.c"
 Parameters:    Size  Location     Type
  reg             1    wreg     unsigned char 
 Auto vars:     Size  Location     Type
  reg             1   23[BANK0 ] unsigned char 
  value           1   24[BANK0 ] unsigned char 
 Return value:  Size  Location     Type
                  1    wreg      unsigned char 
 Registers used:
		wreg, status,2, status,0, pclath, cstack
 Tracked objects:
		On entry : 
		On exit  : 
		Unchanged: 
 Data sizes:     COMMON   BANK0   BANK1   BANK3   BANK2
      Params:         0       0       0       0       0
      Locals:         0       2       0       0       0
      Temps:          0       1       0       0       0
      Totals:         0       3       0       0       0
Total ram usage:        3 bytes
 Hardware stack levels used:    1
 Hardware stack levels required when called:    4
 This function calls:
		_SPI_RW
 This function is called by:
		_Send_Packet
		_SwitchToRxMode
		_SwitchToTxMode
		_SwitchCFG
		_RFM70_Initialize
		_rfm70TxDataSentInterrupt
		_rfm70TxDataSentErrorInterrupt
		_rfm70setPowerdownMode
		_Receive_Packet
		_rfm70_data_sent
 This function uses a non-reentrant model


 *************** function _SPI_Write_Reg *****************
 Defined at:
		line 94 in file "rfm70.c"
 Parameters:    Size  Location     Type
  reg             1    wreg     unsigned char 
  value           1   22[BANK0 ] unsigned char 
 Auto vars:     Size  Location     Type
  reg             1   23[BANK0 ] unsigned char 
 Return value:  Size  Location     Type
		None               void
 Registers used:
		wreg, status,2, status,0, pclath, cstack
 Tracked objects:
		On entry : 
		On exit  : 
		Unchanged: 
 Data sizes:     COMMON   BANK0   BANK1   BANK3   BANK2
      Params:         0       1       0       0       0
      Locals:         0       1       0       0       0
      Temps:          0       0       0       0       0
      Totals:         0       2       0       0       0
Total ram usage:        2 bytes
 Hardware stack levels used:    1
 Hardware stack levels required when called:    4
 This function calls:
		_SPI_RW
 This function is called by:
		_SwitchToRxMode
		_SwitchToTxMode
		_SwitchCFG
		_RFM70_Initialize
		_rfm70TxDataSentInterrupt
		_rfm70TxDataSentErrorInterrupt
		_rfm70setPowerdownMode
		_Receive_Packet
		_SetChannelNum
		_rfm70_data_sent
 This function uses a non-reentrant model


 *************** function _SPI_RW *****************
 Defined at:
		line 78 in file "rfm70.c"
 Parameters:    Size  Location     Type
  value           1    wreg     unsigned char 
 Auto vars:     Size  Location     Type
  value           1   21[BANK0 ] unsigned char 
 Return value:  Size  Location     Type
                  1    wreg      unsigned char 
 Registers used:
		wreg
 Tracked objects:
		On entry : 
		On exit  : 
		Unchanged: 
 Data sizes:     COMMON   BANK0   BANK1   BANK3   BANK2
      Params:         0       0       0       0       0
      Locals:         0       1       0       0       0
      Temps:          0       2       0       0       0
      Totals:         0       3       0       0       0
Total ram usage:        3 bytes
 Hardware stack levels used:    1
 Hardware stack levels required when called:    3
 This function calls:
		Nothing
 This function is called by:
		_SPI_Write_Reg
		_SPI_Read_Reg
		_SPI_Write_Buf
		_SPI_Read_Buf
 This function uses a non-reentrant model


 *************** function ___lwdiv *****************
 Defined at:
		line 5 in file "/Applications/microchip/xc8/v1.12/sources/lwdiv.c"
 Parameters:    Size  Location     Type
  divisor         2   19[BANK0 ] unsigned int 
  dividend        2   21[BANK0 ] unsigned int 
 Auto vars:     Size  Location     Type
  quotient        2   25[BANK0 ] unsigned int 
  counter         1   24[BANK0 ] unsigned char 
 Return value:  Size  Location     Type
                  2   19[BANK0 ] unsigned int 
 Registers used:
		wreg, status,2, status,0
 Tracked objects:
		On entry : 
		On exit  : 
		Unchanged: 
 Data sizes:     COMMON   BANK0   BANK1   BANK3   BANK2
      Params:         0       4       0       0       0
      Locals:         0       3       0       0       0
      Temps:          0       1       0       0       0
      Totals:         0       8       0       0       0
Total ram usage:        8 bytes
 Hardware stack levels used:    1
 Hardware stack levels required when called:    3
 This function calls:
		Nothing
 This function is called by:
		_printf
 This function uses a non-reentrant model


 *************** function ___lwmod *****************
 Defined at:
		line 5 in file "/Applications/microchip/xc8/v1.12/sources/lwmod.c"
 Parameters:    Size  Location     Type
  divisor         2   27[BANK0 ] unsigned int 
  dividend        2   29[BANK0 ] unsigned int 
 Auto vars:     Size  Location     Type
  counter         1   32[BANK0 ] unsigned char 
 Return value:  Size  Location     Type
                  2   27[BANK0 ] unsigned int 
 Registers used:
		wreg, status,2, status,0
 Tracked objects:
		On entry : 
		On exit  : 
		Unchanged: 
 Data sizes:     COMMON   BANK0   BANK1   BANK3   BANK2
      Params:         0       4       0       0       0
      Locals:         0       1       0       0       0
      Temps:          0       1       0       0       0
      Totals:         0       6       0       0       0
Total ram usage:        6 bytes
 Hardware stack levels used:    1
 Hardware stack levels required when called:    3
 This function calls:
		Nothing
 This function is called by:
		_printf
 This function uses a non-reentrant model


 *************** function _ISR *****************
 Defined at:
		line 85 in file "main.c"
 Parameters:    Size  Location     Type
		None
 Auto vars:     Size  Location     Type
		None
 Return value:  Size  Location     Type
		None               void
 Registers used:
		wreg, fsr0l, fsr0h, status,2, status,0, btemp+1, pclath, cstack
 Tracked objects:
		On entry : 
		On exit  : 
		Unchanged: 
 Data sizes:     COMMON   BANK0   BANK1   BANK3   BANK2
      Params:         0       0       0       0       0
      Locals:         0       0       0       0       0
      Temps:          0       5       0       0       0
      Totals:         0       5       0       0       0
Total ram usage:        5 bytes
 Hardware stack levels used:    1
 Hardware stack levels required when called:    2
 This function calls:
		i1_printf
 This function is called by:
		Interrupt level 1
 This function uses a non-reentrant model


 *************** function i1_printf *****************
 Defined at:
		line 465 in file "/Applications/microchip/xc8/v1.12/sources/doprnt.c"
 Parameters:    Size  Location     Type
  printf          2    0[BANK0 ] PTR const unsigned char 
		 -> STR_13(5), STR_12(12), Receive_Packet@rx_buf(32), STR_11(5), 
		 -> STR_10(24), STR_9(17), STR_8(3), STR_7(3), 
		 -> STR_6(10), STR_5(12), STR_4(26), STR_3(18), 
		 -> STR_2(23), STR_1(19), 
 Auto vars:     Size  Location     Type
  printf          4    9[BANK0 ] struct .
  printf          1   13[BANK0 ] char 
  printf          1    8[BANK0 ] unsigned char 
  printf          1    7[BANK0 ] char 
  printf          1    6[BANK0 ] PTR void [1]
		 -> ?_printf(2), 
  printf          1    5[BANK0 ] unsigned char 
 Return value:  Size  Location     Type
                  2    0[BANK0 ] int 
 Registers used:
		wreg, fsr0l, fsr0h, status,2, status,0, btemp+1, pclath, cstack
 Tracked objects:
		On entry : 
		On exit  : 
		Unchanged: 
 Data sizes:     COMMON   BANK0   BANK1   BANK3   BANK2
      Params:         0       2       0       0       0
      Locals:         0       9       0       0       0
      Temps:          0       3       0       0       0
      Totals:         0      14       0       0       0
Total ram usage:       14 bytes
 Hardware stack levels used:    1
 Hardware stack levels required when called:    1
 This function calls:
		i1_putch
		i1___lwdiv
		i1___lwmod
 This function is called by:
		_ISR
 This function uses a non-reentrant model


 *************** function i1___lwdiv *****************
 Defined at:
		line 5 in file "/Applications/microchip/xc8/v1.12/sources/lwdiv.c"
 Parameters:    Size  Location     Type
  __lwdiv         2    0[COMMON] unsigned int 
  __lwdiv         2    2[COMMON] unsigned int 
 Auto vars:     Size  Location     Type
  __lwdiv         2    6[COMMON] unsigned int 
  __lwdiv         1    5[COMMON] unsigned char 
 Return value:  Size  Location     Type
                  2    0[COMMON] unsigned int 
 Registers used:
		wreg, status,2, status,0
 Tracked objects:
		On entry : 
		On exit  : 
		Unchanged: 
 Data sizes:     COMMON   BANK0   BANK1   BANK3   BANK2
      Params:         4       0       0       0       0
      Locals:         3       0       0       0       0
      Temps:          1       0       0       0       0
      Totals:         8       0       0       0       0
Total ram usage:        8 bytes
 Hardware stack levels used:    1
 This function calls:
		Nothing
 This function is called by:
		i1_printf
 This function uses a non-reentrant model


 *************** function i1___lwmod *****************
 Defined at:
		line 5 in file "/Applications/microchip/xc8/v1.12/sources/lwmod.c"
 Parameters:    Size  Location     Type
  __lwmod         2    8[COMMON] unsigned int 
  __lwmod         2   10[COMMON] unsigned int 
 Auto vars:     Size  Location     Type
  __lwmod         1   13[COMMON] unsigned char 
 Return value:  Size  Location     Type
                  2    8[COMMON] unsigned int 
 Registers used:
		wreg, status,2, status,0
 Tracked objects:
		On entry : 
		On exit  : 
		Unchanged: 
 Data sizes:     COMMON   BANK0   BANK1   BANK3   BANK2
      Params:         4       0       0       0       0
      Locals:         1       0       0       0       0
      Temps:          1       0       0       0       0
      Totals:         6       0       0       0       0
Total ram usage:        6 bytes
 Hardware stack levels used:    1
 This function calls:
		Nothing
 This function is called by:
		i1_printf
 This function uses a non-reentrant model


 *************** function i1_putch *****************
 Defined at:
		line 466 in file "main.c"
 Parameters:    Size  Location     Type
  putch           1    wreg     unsigned char 
 Auto vars:     Size  Location     Type
  putch           1    0[COMMON] unsigned char 
 Return value:  Size  Location     Type
		None               void
 Registers used:
		wreg
 Tracked objects:
		On entry : 
		On exit  : 
		Unchanged: 
 Data sizes:     COMMON   BANK0   BANK1   BANK3   BANK2
      Params:         0       0       0       0       0
      Locals:         1       0       0       0       0
      Temps:          0       0       0       0       0
      Totals:         1       0       0       0       0
Total ram usage:        1 bytes
 Hardware stack levels used:    1
 This function calls:
		Nothing
 This function is called by:
		i1_printf
 This function uses a non-reentrant model



MODULE INFORMATION

Module		Function		Class		Link	Load	Size
shared
		i1_printf      		CODE           	0E52	0000	430
		i1_putch       		CODE           	0B02	0000	12
		__stringtab    		STRCODE        	1000	0000	18
		__stringdata   		STRCODE        	10A3	0000	186
		_Bank0_Reg     		STRCODE        	104A	0000	46
		_Bank0_RegAct  		STRCODE        	0000	0000	4259
		i1___lwdiv     		CODE           	0DB6	0000	77
		_dpowers       		STRCODE        	1083	0000	10
		_Bank1_Reg14   		STRCODE        	1078	0000	11
		_Bank1_Reg0_13 		STRCODE        	1012	0000	56
		i1___lwmod     		CODE           	0D2E	0000	67
		_RX0_Address   		STRCODE        	1095	0000	5
		__initializatio		CODE           	0B77	0000	23
		_RX1_Address   		STRCODE        	109A	0000	5
		_hexpowers     		STRCODE        	108D	0000	8

shared estimated size: 5213

main.c
		_Send_Packet   		CODE           	06E5	0000	228
		_adcReadVcap   		CODE           	0C98	0000	43
		_adcReadTemp   		CODE           	0C6D	0000	43
		_ISR           		CODE           	0CC3	0000	44
		_putch         		CODE           	0B0E	0000	12
		_main          		CODE           	0325	0000	528
		_spiInit       		CODE           	0B46	0000	24
		_adcInit       		CODE           	0AF8	0000	10
		_uartInit      		CODE           	0B30	0000	22

main.c estimated size: 954

/Applications/microchip/xc8/v1.12/sources/lwmod.c
		___lwmod       		CODE           	0D71	0000	69

/Applications/microchip/xc8/v1.12/sources/lwmod.c estimated size: 69

rfm70.c
		_rfm70setPowerd		CODE           	0BF4	0000	37
		_SPI_RW        		CODE           	0BD0	0000	36
		_rfm70TxDataSen		CODE           	0B92	0000	31
		_rfm70TxDataSen		CODE           	0BB1	0000	31
		_SPI_Write_Reg 		CODE           	0B1A	0000	22
		_SPI_Write_Buf 		CODE           	0C19	0000	42
		_SPI_Read_Reg  		CODE           	0B5E	0000	25
		_RFM70_Initiali		CODE           	0015	0000	784
		_SwitchToRxMode		CODE           	0CEF	0000	63
		_SwitchToTxMode		CODE           	0C43	0000	42
		_SwitchCFG     		CODE           	07C9	0000	50

rfm70.c estimated size: 1163

/Applications/microchip/xc8/v1.12/sources/lwdiv.c
		___lwdiv       		CODE           	0E03	0000	79

/Applications/microchip/xc8/v1.12/sources/lwdiv.c estimated size: 79

/Applications/microchip/xc8/v1.12/sources/doprnt.c
		_printf        		CODE           	0535	0000	432

/Applications/microchip/xc8/v1.12/sources/doprnt.c estimated size: 432

