Microchip MPLAB XC8 Compiler V1.12 ()

Linker command line:

--edf=/Applications/microchip/xc8/v1.12/dat/en_msgs.txt -cs \
  -h+dist/default/production/energy-harvesting-demoboard.production.sym -z \
  -Q16LF707 -ol.obj \
  -Mdist/default/production/energy-harvesting-demoboard.production.map -E1 \
  -ver=XC8 -ACONST=00h-0FFhx32 -ACODE=00h-07FFhx4 -ASTRCODE=00h-01FFFh \
  -AENTRY=00h-0FFhx32 -ASTRING=00h-0FFhx32 -ACOMMON=070h-07Fh \
  -ABANK0=020h-06Fh -ABANK1=0A0h-0EFh -ABANK2=0115h-016Fh \
  -ABANK3=0190h-01EFh -ARAM=020h-06Fh,0A0h-0EFh,0115h-016Fh,0190h-01EFh \
  -AABS1=020h-07Fh,0A0h-0EFh,0115h-016Fh,0190h-01EFh -ASFR0=00h-01Fh \
  -ASFR1=080h-09Fh -ASFR2=0100h-0114h -ASFR3=0180h-018Fh \
  -preset_vec=00h,intentry=04h,init,end_init -ppowerup=CODE -pfunctab=CODE \
  -ACONFIG=02007h-02008h -pconfig=CONFIG -DCONFIG=2 -AIDLOC=02000h-02003h \
  -pidloc=IDLOC -DIDLOC=2 -DCODE=2 -DSTRCODE=2 -DSTRING=2 -DCONST=2 \
  -DENTRY=2 -k /tmp/cgtaj4vxy.obj \
  dist/default/production/energy-harvesting-demoboard.production.obj 

Object code version is 3.10

Machine type is 16LF707



                Name                               Link     Load   Length Selector   Space Scale
/tmp/cgtaj4vxy.obj
                end_init                             12       12        3        8       0
                reset_vec                             0        0        3        0       0
                config                             2007     2007        1     400E       0
dist/default/production/energy-harvesting-demoboard.production.obj
                intentry                              4        4        E        8       0
                text703                             CD3      CD3       6A     19A6       0
                text702                             E1F      E1F       7D     1C3E       0
                text701                             701      701       C8        8       0
                text700                             B2F      B2F       2C     165E       0
                text699                             613      613       EE        8       0
                text698                             E9C      E9C       A6     1D38       0
                text697                             A95      A95       21     152A       0
                text696                             DAB      DAB       74     1B56       0
                text695                             D3D      D3D       6E     1A7A       0
                text694                             A25      A25       19     144A       0
                text693                             A3E      A3E       19     147C       0
                text692                             9E1      9E1       16     13C2       0
                text691                             B5B      B5B       32     16B6       0
                text690                             B8D      B8D       33     171A       0
                text689                             513      513      100        8       0
                text688                             ADB      ADB       2A     15B6       0
                text687                             B05      B05       2A     160A       0
                text686                             A57      A57       1F     14AE       0
                text685                             C30      C30       3F     1860       0
                text684                             A76      A76       1F     14EC       0
                text683                             C6F      C6F       64     18DE       0
                text682                             BC0      BC0       38     1780       0
                text681                             F42      F42       BE     1E84       0
                text680                             A0D      A0D       18     141A       0
                text679                             9F7      9F7       16     13EE       0
                text678                             9B8      9B8        9     1370       0
                text677                             AB6      AB6       25     156C       0
                text676                             BF8      BF8       38     17F0       0
                text675                              15       15      2E6        8       0
                maintext                            2FB      2FB      218        8       0
                cstackBANK0                          20       20       2C       20       1
                cstackCOMMON                         70       70        8       70       1
                inittext                            9CE      9CE       13     139C       0
                clrtext                             9B0      9B0        8     1360       0
                bssBANK1                             A0       A0       20       A0       1
                dataBANK0                            5A       5A        D       20       1
                bssBANK0                             4C       4C        E       20       1
                dataCOMMON                           78       78        3       70       1
                bssCOMMON                            7C       7C        1       70       1
                bitbssCOMMON                        3D8       7B        2       70       1     8
                cinit                               7C9      7C9       36        8       0
                strings                             800      800       85     1000       0
                idataBANK0                          9C1      9C1        D     1382       0
                idataCOMMON                         9AD      9AD        3     135A       0

TOTAL           Name                               Link     Load   Length     Space
        CLASS   CONST          

        CLASS   CODE           
                end_init                             12       12        3         0
                intentry                              4        4        E         0
                reset_vec                             0        0        3         0
                text703                             CD3      CD3       6A         0
                text702                             E1F      E1F       7D         0
                text701                             701      701       C8         0
                text700                             B2F      B2F       2C         0
                text699                             613      613       EE         0
                text698                             E9C      E9C       A6         0
                text697                             A95      A95       21         0
                text696                             DAB      DAB       74         0
                text695                             D3D      D3D       6E         0
                text694                             A25      A25       19         0
                text693                             A3E      A3E       19         0
                text692                             9E1      9E1       16         0
                text691                             B5B      B5B       32         0
                text690                             B8D      B8D       33         0
                text689                             513      513      100         0
                text688                             ADB      ADB       2A         0
                text687                             B05      B05       2A         0
                text686                             A57      A57       1F         0
                text685                             C30      C30       3F         0
                text684                             A76      A76       1F         0
                text683                             C6F      C6F       64         0
                text682                             BC0      BC0       38         0
                text681                             F42      F42       BE         0
                text680                             A0D      A0D       18         0
                text679                             9F7      9F7       16         0
                text678                             9B8      9B8        9         0
                text677                             AB6      AB6       25         0
                text676                             BF8      BF8       38         0
                text675                              15       15      2E6         0
                maintext                            2FB      2FB      218         0
                inittext                            9CE      9CE       13         0
                clrtext                             9B0      9B0        8         0
                cinit                               7C9      7C9       36         0
                idataBANK0                          9C1      9C1        D         0
                idataCOMMON                         9AD      9AD        3         0

        CLASS   STRCODE        

        CLASS   ENTRY          

        CLASS   STRING         
                strings                             800      800       85         0

        CLASS   COMMON         
                cstackCOMMON                         70       70        8         1
                dataCOMMON                           78       78        3         1
                bssCOMMON                            7C       7C        1         1
                bitbssCOMMON                        3D8       7B        2         1

        CLASS   BANK0          
                cstackBANK0                          20       20       2C         1
                dataBANK0                            5A       5A        D         1
                bssBANK0                             4C       4C        E         1

        CLASS   BANK1          
                bssBANK1                             A0       A0       20         1

        CLASS   BANK2          

        CLASS   BANK3          

        CLASS   RAM            

        CLASS   ABS1           
                abs_s1                               7E       7E        2         1

        CLASS   SFR0           

        CLASS   SFR1           

        CLASS   SFR2           

        CLASS   SFR3           

        CLASS   CONFIG         
                config                             2007     2007        1         0

        CLASS   IDLOC          

        CLASS   EEDATA         



SEGMENTS        Name                           Load    Length   Top    Selector   Space  Class     Delta

                reset_vec                      000000  000003  000003         0       0  CODE        2
                intentry                       000004  0007FB  0007FF         8       0  CODE        2
                cstackBANK0                    000020  000047  000067        20       1  BANK0       1
                cstackCOMMON                   000070  00000D  00007D        70       1  COMMON      1
                bssBANK1                       0000A0  000020  0000C0        A0       1  BANK1       1
                strings                        000800  000085  000885      1000       0  STRING      2
                idataCOMMON                    0009AD  000003  0009B0      135A       0  CODE        2
                clrtext                        0009B0  000008  0009B8      1360       0  CODE        2
                text678                        0009B8  000009  0009C1      1370       0  CODE        2
                idataBANK0                     0009C1  00000D  0009CE      1382       0  CODE        2
                inittext                       0009CE  000013  0009E1      139C       0  CODE        2
                text692                        0009E1  000016  0009F7      13C2       0  CODE        2
                text679                        0009F7  000016  000A0D      13EE       0  CODE        2
                text680                        000A0D  000018  000A25      141A       0  CODE        2
                text694                        000A25  000019  000A3E      144A       0  CODE        2
                text693                        000A3E  000019  000A57      147C       0  CODE        2
                text686                        000A57  00001F  000A76      14AE       0  CODE        2
                text684                        000A76  00001F  000A95      14EC       0  CODE        2
                text697                        000A95  000021  000AB6      152A       0  CODE        2
                text677                        000AB6  000025  000ADB      156C       0  CODE        2
                text688                        000ADB  00002A  000B05      15B6       0  CODE        2
                text687                        000B05  00002A  000B2F      160A       0  CODE        2
                text700                        000B2F  00002C  000B5B      165E       0  CODE        2
                text691                        000B5B  000032  000B8D      16B6       0  CODE        2
                text690                        000B8D  000033  000BC0      171A       0  CODE        2
                text682                        000BC0  000038  000BF8      1780       0  CODE        2
                text676                        000BF8  000038  000C30      17F0       0  CODE        2
                text685                        000C30  00003F  000C6F      1860       0  CODE        2
                text683                        000C6F  000064  000CD3      18DE       0  CODE        2
                text703                        000CD3  00006A  000D3D      19A6       0  CODE        2
                text695                        000D3D  00006E  000DAB      1A7A       0  CODE        2
                text696                        000DAB  000074  000E1F      1B56       0  CODE        2
                text702                        000E1F  00007D  000E9C      1C3E       0  CODE        2
                text698                        000E9C  0000A6  000F42      1D38       0  CODE        2
                text681                        000F42  0000BE  001000      1E84       0  CODE        2
                config                         002007  000001  002008      400E       0  CONFIG      2


UNUSED ADDRESS RANGES

        Name                Unused          Largest block    Delta
        BANK0            0067-006F              9           1
        BANK1            00C0-00EF             30           1
        BANK2            0115-016F             5B           1
        BANK3            0190-01EF             60           1
        CODE             0003-0003              1           2
                         07FF-07FF              1
                         0885-09AC            128
                         1000-1FFF            800
        COMMON           007D-007D              1           1
        CONFIG           2008-2008              1           2
        CONST            0003-0003              1           2
                         07FF-07FF              1
                         0885-09AC             7B
                         1000-1FFF            100
        ENTRY            0003-0003              1           2
                         07FF-07FF              1
                         0885-09AC             7B
                         1000-1FFF            100
        IDLOC            2000-2003              4           2
        RAM              0067-006F              9           1
                         00C0-00EF             30
                         0115-016F             5B
                         0190-01EF             60
        SFR0             0000-001F             20           1
        SFR1             0080-009F             20           1
        SFR2             0100-0114             15           1
        SFR3             0180-018F             10           1
        STRCODE          0003-0003              1           2
                         07FF-07FF              1
                         0885-09AC            128
                         1000-1FFF           1000
        STRING           0003-0003              1           2
                         07FF-07FF              1
                         0885-09AC             7B
                         1000-1FFF            100

                                  Symbol Table

?_SPI_Write_Buf                         cstackBANK0  0023
?_SPI_Write_Reg                         cstackBANK0  0023
?_Send_Packet                           cstackBANK0  0028
?___awdiv                               cstackBANK0  0026
?___ftdiv                               cstackBANK0  0028
?___ftge                                cstackBANK0  0030
?___ftmul                               cstackBANK0  0028
?___ftpack                              cstackBANK0  0020
?___fttol                               cstackBANK0  0020
?___lbtoft                              cstackBANK0  0028
?___wmul                                cstackBANK0  0020
RFM70_Initialize@WriteArr               cstackBANK0  0030
RFM70_Initialize@i                      cstackBANK0  003C
RFM70_Initialize@j                      cstackBANK0  003D
SPI_RW@value                            cstackBANK0  0022
SPI_Read_Reg@reg                        cstackBANK0  0024
SPI_Read_Reg@value                      cstackBANK0  0025
SPI_Write_Buf@byte_ctr                  cstackBANK0  0027
SPI_Write_Buf@length                    cstackBANK0  0024
SPI_Write_Buf@pBuf                      cstackBANK0  0023
SPI_Write_Buf@reg                       cstackBANK0  0026
SPI_Write_Reg@reg                       cstackBANK0  0024
SPI_Write_Reg@value                     cstackBANK0  0023
Send_Packet@fifo_sta                    cstackBANK0  002D
Send_Packet@len                         cstackBANK0  0029
Send_Packet@pbuf                        cstackBANK0  0028
Send_Packet@type                        cstackBANK0  002C
SwitchCFG@Tmp                           cstackBANK0  0028
SwitchCFG@_cfg                          cstackBANK0  0027
SwitchToRxMode@value                    cstackBANK0  0027
SwitchToTxMode@value                    cstackBANK0  0027
_ADCON0bits                             (abs)        001F
_ADCON1bits                             (abs)        009F
_ADRES                                  (abs)        001E
_ANSELAbits                             (abs)        0185
_ANSELBbits                             (abs)        0186
_ANSELCbits                             (abs)        0187
_ANSELDbits                             (abs)        0188
_ANSELEbits                             (abs)        0189
_Bank0_Reg                              strings      083E
_Bank1_Reg0_13                          strings      0806
_Bank1_Reg14                            strings      086C
_DACCON0                                (abs)        0113
_DACCON1                                (abs)        0114
_FVRCONbits                             (abs)        009D
_GIE                                    (abs)        005F
_ISR                                    text703      0CD3
_OSCCONbits                             (abs)        0090
_PEIE                                   (abs)        005E
_PIR1bits                               (abs)        000C
_PORTAbits                              (abs)        0005
_PORTBbits                              (abs)        0006
_PORTCbits                              (abs)        0007
_PORTD                                  (abs)        0008
_PORTDbits                              (abs)        0008
_PORTEbits                              (abs)        0009
_RCIF                                   (abs)        0065
_RCREG                                  (abs)        001A
_RCSTA                                  (abs)        0018
_RCSTAbits                              (abs)        0018
_RFM70_Initialize                       text675      0015
_RX0_Address                            strings      0877
_RX1_Address                            strings      087C
_SPBRG                                  (abs)        0099
_SPI_RW                                 text694      0A25
_SPI_Read_Reg                           text693      0A3E
_SPI_Write_Buf                          text687      0B05
_SPI_Write_Reg                          text692      09E1
_SSPBUF                                 (abs)        0013
_SSPCONbits                             (abs)        0014
_SSPSTATbits                            (abs)        0094
_Send_Packet                            text683      0C6F
_SwitchCFG                              text691      0B5B
_SwitchToRxMode                         text685      0C30
_SwitchToTxMode                         text688      0ADB
_T1CONbits                              (abs)        0010
_T1GCONbits                             (abs)        008F
_TMR1H                                  (abs)        000F
_TMR1IE                                 (abs)        0460
_TMR1IF                                 (abs)        0060
_TMR1L                                  (abs)        000E
_TRISAbits                              (abs)        0085
_TRISBbits                              (abs)        0086
_TRISCbits                              (abs)        0087
_TRISDbits                              (abs)        0088
_TRISEbits                              (abs)        0089
_TXIF                                   (abs)        0064
_TXREG                                  (abs)        0019
_TXSTA                                  (abs)        0098
_TXSTAbits                              (abs)        0098
__CFG_BOREN$OFF                         (abs)        0000
__CFG_CP$OFF                            (abs)        0000
__CFG_FOSC$INTOSC                       (abs)        0000
__CFG_MCLRE$ON                          (abs)        0000
__CFG_PLLEN$ON                          (abs)        0000
__CFG_PWRTE$OFF                         (abs)        0000
__CFG_WDTE$OFF                          (abs)        0000
__Habs1                                 abs1         0000
__Hbank0                                bank0        0000
__Hbank1                                bank1        0000
__Hbank2                                bank2        0000
__Hbank3                                bank3        0000
__HbitbssCOMMON                         bitbssCOMMON 0000
__HbssBANK0                             bssBANK0     0000
__HbssBANK1                             bssBANK1     0000
__HbssCOMMON                            bssCOMMON    0000
__Hcinit                                cinit        0000
__Hclrtext                              clrtext      0000
__Hcode                                 code         0000
__Hcommon                               common       0000
__Hconfig                               config       2008
__HcstackBANK0                          cstackBANK0  0000
__HcstackCOMMON                         cstackCOMMON 0000
__HdataBANK0                            dataBANK0    0000
__HdataCOMMON                           dataCOMMON   0000
__Heeprom_data                          eeprom_data  0000
__Hend_init                             end_init     0015
__Hfunctab                              functab      0000
__HidataBANK0                           idataBANK0   0000
__HidataCOMMON                          idataCOMMON  0000
__Hidloc                                idloc        0000
__Hinit                                 init         0012
__Hinittext                             inittext     0000
__Hintentry                             intentry     0012
__Hmaintext                             maintext     0000
__Hpowerup                              powerup      0000
__Hram                                  ram          0000
__Hreset_vec                            reset_vec    0003
__Hsfr0                                 sfr0         0000
__Hsfr1                                 sfr1         0000
__Hsfr2                                 sfr2         0000
__Hsfr3                                 sfr3         0000
__Hstrings                              strings      0000
__Htext                                 text         0000
__Labs1                                 abs1         0000
__Lbank0                                bank0        0000
__Lbank1                                bank1        0000
__Lbank2                                bank2        0000
__Lbank3                                bank3        0000
__LbitbssCOMMON                         bitbssCOMMON 0000
__LbssBANK0                             bssBANK0     0000
__LbssBANK1                             bssBANK1     0000
__LbssCOMMON                            bssCOMMON    0000
__Lcinit                                cinit        0000
__Lclrtext                              clrtext      0000
__Lcode                                 code         0000
__Lcommon                               common       0000
__Lconfig                               config       2007
__LcstackBANK0                          cstackBANK0  0000
__LcstackCOMMON                         cstackCOMMON 0000
__LdataBANK0                            dataBANK0    0000
__LdataCOMMON                           dataCOMMON   0000
__Leeprom_data                          eeprom_data  0000
__Lend_init                             end_init     0012
__Lfunctab                              functab      0000
__LidataBANK0                           idataBANK0   0000
__LidataCOMMON                          idataCOMMON  0000
__Lidloc                                idloc        0000
__Linit                                 init         0012
__Linittext                             inittext     0000
__Lintentry                             intentry     0004
__Lmaintext                             maintext     0000
__Lpowerup                              powerup      0000
__Lram                                  ram          0000
__Lreset_vec                            reset_vec    0000
__Lsfr0                                 sfr0         0000
__Lsfr1                                 sfr1         0000
__Lsfr2                                 sfr2         0000
__Lsfr3                                 sfr3         0000
__Lstrings                              strings      0000
__Ltext                                 text         0000
__S0                                    (abs)        2008
__S1                                    (abs)        00C0
___awdiv                                text696      0DAB
___awdiv@counter                        cstackBANK0  002B
___awdiv@dividend                       cstackBANK0  0028
___awdiv@divisor                        cstackBANK0  0026
___awdiv@quotient                       cstackBANK0  002D
___awdiv@sign                           cstackBANK0  002C
___ftdiv                                text701      0701
___ftdiv@cntr                           cstackBANK0  0032
___ftdiv@exp                            cstackBANK0  0036
___ftdiv@f1                             cstackBANK0  002B
___ftdiv@f2                             cstackBANK0  0028
___ftdiv@f3                             cstackBANK0  0033
___ftdiv@sign                           cstackBANK0  0037
___ftge                                 text695      0D3D
___ftge@ff1                             cstackBANK0  0030
___ftge@ff2                             cstackBANK0  0033
___ftmul                                text699      0613
___ftmul@cntr                           cstackBANK0  0036
___ftmul@exp                            cstackBANK0  0032
___ftmul@f1                             cstackBANK0  0028
___ftmul@f2                             cstackBANK0  002B
___ftmul@f3_as_product                  cstackBANK0  0033
___ftmul@sign                           cstackBANK0  0037
___ftpack                               text702      0E1F
___ftpack@arg                           cstackBANK0  0020
___ftpack@exp                           cstackBANK0  0023
___ftpack@sign                          cstackBANK0  0024
___fttol                                text698      0E9C
___fttol@exp1                           cstackBANK0  002D
___fttol@f1                             cstackBANK0  0020
___fttol@lval                           cstackBANK0  0029
___fttol@sign1                          cstackBANK0  0028
___lbtoft                               text697      0A95
___lbtoft@c                             cstackBANK0  002F
___wmul                                 text700      0B2F
___wmul@multiplicand                    cstackBANK0  0022
___wmul@multiplier                      cstackBANK0  0020
___wmul@product                         cstackBANK0  0024
__end_of_Bank0_Reg                      strings      086C
__end_of_Bank0_RegAct                   strings      0885
__end_of_Bank1_Reg0_13                  strings      083E
__end_of_Bank1_Reg14                    strings      0877
__end_of_ISR                            text703      0D3D
__end_of_RFM70_Initialize               text675      02FB
__end_of_RX0_Address                    strings      087C
__end_of_RX1_Address                    strings      0881
__end_of_SPI_RW                         text694      0A3E
__end_of_SPI_Read_Reg                   text693      0A57
__end_of_SPI_Write_Buf                  text687      0B2F
__end_of_SPI_Write_Reg                  text692      09F7
__end_of_Send_Packet                    text683      0CD3
__end_of_SwitchCFG                      text691      0B8D
__end_of_SwitchToRxMode                 text685      0C6F
__end_of_SwitchToTxMode                 text688      0B05
__end_of___awdiv                        text696      0E1F
__end_of___ftdiv                        text701      07C9
__end_of___ftge                         text695      0DAB
__end_of___ftmul                        text699      0701
__end_of___ftpack                       text702      0E9C
__end_of___fttol                        text698      0F42
__end_of___lbtoft                       text697      0AB6
__end_of___wmul                         text700      0B5B
__end_of__initialization                cinit        07FB
__end_of__stringtab                     strings      0806
__end_of_adcInit                        text678      09C1
__end_of_adcReadTemp                    text682      0BF8
__end_of_adcReadVcap                    text690      0BC0
__end_of_adcReadVsupercap               text676      0C30
__end_of_boardInit                      text681      1000
__end_of_main                           maintext     0513
__end_of_rfm70TxDataSentErrorInterrupt  text684      0A95
__end_of_rfm70TxDataSentInterrupt       text686      0A76
__end_of_rfm70setPowerdownMode          text677      0ADB
__end_of_sleep                          text689      0613
__end_of_spiInit                        text680      0A25
__end_of_uartInit                       text679      0A0D
__initialization                        cinit        07C9
__pbitbssCOMMON                         bitbssCOMMON 03D8
__pbssBANK0                             bssBANK0     004C
__pbssBANK1                             bssBANK1     00A0
__pbssCOMMON                            bssCOMMON    007C
__pcstackBANK0                          cstackBANK0  0020
__pcstackCOMMON                         cstackCOMMON 0070
__pdataBANK0                            dataBANK0    005A
__pdataCOMMON                           dataCOMMON   0078
__pidataBANK0                           idataBANK0   09C1
__pidataCOMMON                          idataCOMMON  09AD
__pintentry                             intentry     0004
__pmaintext                             maintext     02FB
__pstrings                              strings      0800
__ptext675                              text675      0015
__ptext676                              text676      0BF8
__ptext677                              text677      0AB6
__ptext678                              text678      09B8
__ptext679                              text679      09F7
__ptext680                              text680      0A0D
__ptext681                              text681      0F42
__ptext682                              text682      0BC0
__ptext683                              text683      0C6F
__ptext684                              text684      0A76
__ptext685                              text685      0C30
__ptext686                              text686      0A57
__ptext687                              text687      0B05
__ptext688                              text688      0ADB
__ptext689                              text689      0513
__ptext690                              text690      0B8D
__ptext691                              text691      0B5B
__ptext692                              text692      09E1
__ptext693                              text693      0A3E
__ptext694                              text694      0A25
__ptext695                              text695      0D3D
__ptext696                              text696      0DAB
__ptext697                              text697      0A95
__ptext698                              text698      0E9C
__ptext699                              text699      0613
__ptext700                              text700      0B2F
__ptext701                              text701      0701
__ptext702                              text702      0E1F
__ptext703                              text703      0CD3
__ptext704                              text704      0000
__size_of_ISR                           (abs)        0000
__size_of_RFM70_Initialize              (abs)        0000
__size_of_SPI_RW                        (abs)        0000
__size_of_SPI_Read_Reg                  (abs)        0000
__size_of_SPI_Write_Buf                 (abs)        0000
__size_of_SPI_Write_Reg                 (abs)        0000
__size_of_Send_Packet                   (abs)        0000
__size_of_SwitchCFG                     (abs)        0000
__size_of_SwitchToRxMode                (abs)        0000
__size_of_SwitchToTxMode                (abs)        0000
__size_of___awdiv                       (abs)        0000
__size_of___ftdiv                       (abs)        0000
__size_of___ftge                        (abs)        0000
__size_of___ftmul                       (abs)        0000
__size_of___ftpack                      (abs)        0000
__size_of___fttol                       (abs)        0000
__size_of___lbtoft                      (abs)        0000
__size_of___wmul                        (abs)        0000
__size_of_adcInit                       (abs)        0000
__size_of_adcReadTemp                   (abs)        0000
__size_of_adcReadVcap                   (abs)        0000
__size_of_adcReadVsupercap              (abs)        0000
__size_of_boardInit                     (abs)        0000
__size_of_main                          (abs)        0000
__size_of_rfm70TxDataSentErrorInterrupt (abs)        0000
__size_of_rfm70TxDataSentInterrupt      (abs)        0000
__size_of_rfm70setPowerdownMode         (abs)        0000
__size_of_sleep                         (abs)        0000
__size_of_spiInit                       (abs)        0000
__size_of_uartInit                      (abs)        0000
__stringtab                             strings      0800
_adcInit                                text678      09B8
_adcReadTemp                            text682      0BC0
_adcReadVcap                            text690      0B8D
_adcReadVsupercap                       text676      0BF8
_boardInit                              text681      0F42
_charge_pulse                           bssBANK0     004C
_charge_pulse_float                     dataBANK0    005A
_charge_time                            bssBANK0     004E
_energy                                 bssBANK0     0050
_flag                                   bitbssCOMMON 03D8
_jumper_stat                            bssBANK0     0056
_main                                   maintext     02FB
_rfm70TxDataSentErrorInterrupt          text684      0A76
_rfm70TxDataSentInterrupt               text686      0A57
_rfm70setPowerdownMode                  text677      0AB6
_sleep                                  text689      0513
_sleep_count                            bssBANK0     0057
_sleep_counter                          bssBANK0     0058
_spiInit                                text680      0A0D
_timelapse_count                        bssBANK0     0052
_tmr1Counter                            bssCOMMON    007C
_tmr1Target                             dataCOMMON   007A
_tx_buf                                 dataBANK0    005D
_uartInit                               text679      09F7
_value                                  bssBANK0     0059
_values                                 bssBANK0     0054
adcReadTemp@value                       cstackBANK0  0022
adcReadVcap@value                       cstackBANK0  0022
adcReadVsupercap@value                  cstackBANK0  0022
btemp                                   (abs)        007E
clear_ram                               clrtext      09B0
end_of_initialization                   cinit        07FB
init_fetch                              inittext     09CE
init_ram                                inittext     09D2
interrupt_function                      intentry     0004
intlevel0                               functab      0000
intlevel1                               functab      0000
intlevel2                               functab      0000
intlevel3                               functab      0000
intlevel4                               functab      0000
intlevel5                               functab      0000
main@i                                  cstackBANK0  0047
main@num_sleep                          cstackBANK0  004B
reset_vec                               reset_vec    0000
rfm70setPowerdownMode@reg               cstackBANK0  0028
rfm70setPowerdownMode@value             cstackBANK0  0027
saved_w                                 (abs)        007E
sleep@new_value                         cstackBANK0  003E
start                                   init         0012
start_initialization                    cinit        07C9
wtemp0                                  (abs)        007E


FUNCTION INFORMATION:

 *************** function _main *****************
 Defined at:
		line 170 in file "main.c"
 Parameters:    Size  Location     Type
  argc            2   31[BANK0 ] int 
  argv            2   33[BANK0 ] PTR PTR unsigned char 
 Auto vars:     Size  Location     Type
  i               4   39[BANK0 ] long 
  num_sleep       1   43[BANK0 ] unsigned char 
 Return value:  Size  Location     Type
                  2   31[BANK0 ] int 
 Registers used:
		wreg, fsr0l, fsr0h, fsr1l, fsr1h, status,2, status,0, btemp+1, pclath, cstack
 Tracked objects:
		On entry : 
		On exit  : 
		Unchanged: 
 Data sizes:     COMMON   BANK0   BANK1   BANK3   BANK2
      Params:         0       4       0       0       0
      Locals:         0       5       0       0       0
      Temps:          0       4       0       0       0
      Totals:         0      13       0       0       0
Total ram usage:       13 bytes
 Hardware stack levels required when called:    5
 This function calls:
		_boardInit
		_spiInit
		_uartInit
		_adcInit
		_rfm70setPowerdownMode
		_adcReadVcap
		_adcReadVsupercap
		___lbtoft
		___ftge
		_RFM70_Initialize
		___fttol
		_adcReadTemp
		_Send_Packet
		_sleep
		___wmul
		___awdiv
 This function is called by:
		Startup code after reset
 This function uses a non-reentrant model


 *************** function _RFM70_Initialize *****************
 Defined at:
		line 300 in file "rfm70.c"
 Parameters:    Size  Location     Type
		None
 Auto vars:     Size  Location     Type
  WriteArr       12   16[BANK0 ] unsigned char [12]
  j               1   29[BANK0 ] unsigned char 
  i               1   28[BANK0 ] unsigned char 
 Return value:  Size  Location     Type
		None               void
 Registers used:
		wreg, fsr0l, fsr0h, fsr1l, fsr1h, status,2, status,0, btemp+1, pclath, cstack
 Tracked objects:
		On entry : 
		On exit  : 
		Unchanged: 
 Data sizes:     COMMON   BANK0   BANK1   BANK3   BANK2
      Params:         0       0       0       0       0
      Locals:         0      14       0       0       0
      Temps:          0       7       0       0       0
      Totals:         0      21       0       0       0
Total ram usage:       21 bytes
 Hardware stack levels used:    1
 Hardware stack levels required when called:    4
 This function calls:
		_SwitchCFG
		_SPI_Write_Reg
		_SPI_Write_Buf
		_SPI_Read_Reg
 This function is called by:
		_main
 This function uses a non-reentrant model


 *************** function _adcReadVsupercap *****************
 Defined at:
		line 425 in file "main.c"
 Parameters:    Size  Location     Type
		None
 Auto vars:     Size  Location     Type
  value           1    2[BANK0 ] unsigned char 
 Return value:  Size  Location     Type
                  1    wreg      unsigned char 
 Registers used:
		wreg, status,2, status,0
 Tracked objects:
		On entry : 
		On exit  : 
		Unchanged: 
 Data sizes:     COMMON   BANK0   BANK1   BANK3   BANK2
      Params:         0       0       0       0       0
      Locals:         0       1       0       0       0
      Temps:          0       2       0       0       0
      Totals:         0       3       0       0       0
Total ram usage:        3 bytes
 Hardware stack levels used:    1
 Hardware stack levels required when called:    1
 This function calls:
		Nothing
 This function is called by:
		_main
 This function uses a non-reentrant model


 *************** function _rfm70setPowerdownMode *****************
 Defined at:
		line 454 in file "rfm70.c"
 Parameters:    Size  Location     Type
  value           1    wreg     unsigned char 
 Auto vars:     Size  Location     Type
  value           1    7[BANK0 ] unsigned char 
  reg             1    8[BANK0 ] unsigned char 
 Return value:  Size  Location     Type
		None               void
 Registers used:
		wreg, fsr0l, fsr0h, fsr1l, fsr1h, status,2, status,0, btemp+1, pclath, cstack
 Tracked objects:
		On entry : 
		On exit  : 
		Unchanged: 
 Data sizes:     COMMON   BANK0   BANK1   BANK3   BANK2
      Params:         0       0       0       0       0
      Locals:         0       2       0       0       0
      Temps:          0       1       0       0       0
      Totals:         0       3       0       0       0
Total ram usage:        3 bytes
 Hardware stack levels used:    1
 Hardware stack levels required when called:    3
 This function calls:
		_SPI_Read_Reg
		_SPI_Write_Reg
 This function is called by:
		_main
 This function uses a non-reentrant model


 *************** function _adcInit *****************
 Defined at:
		line 495 in file "main.c"
 Parameters:    Size  Location     Type
		None
 Auto vars:     Size  Location     Type
		None
 Return value:  Size  Location     Type
		None               void
 Registers used:
		wreg, status,2, status,0
 Tracked objects:
		On entry : 
		On exit  : 
		Unchanged: 
 Data sizes:     COMMON   BANK0   BANK1   BANK3   BANK2
      Params:         0       0       0       0       0
      Locals:         0       0       0       0       0
      Temps:          0       0       0       0       0
      Totals:         0       0       0       0       0
Total ram usage:        0 bytes
 Hardware stack levels used:    1
 Hardware stack levels required when called:    1
 This function calls:
		Nothing
 This function is called by:
		_main
 This function uses a non-reentrant model


 *************** function _uartInit *****************
 Defined at:
		line 451 in file "main.c"
 Parameters:    Size  Location     Type
		None
 Auto vars:     Size  Location     Type
		None
 Return value:  Size  Location     Type
		None               void
 Registers used:
		wreg, status,2
 Tracked objects:
		On entry : 
		On exit  : 
		Unchanged: 
 Data sizes:     COMMON   BANK0   BANK1   BANK3   BANK2
      Params:         0       0       0       0       0
      Locals:         0       0       0       0       0
      Temps:          0       0       0       0       0
      Totals:         0       0       0       0       0
Total ram usage:        0 bytes
 Hardware stack levels used:    1
 Hardware stack levels required when called:    1
 This function calls:
		Nothing
 This function is called by:
		_main
 This function uses a non-reentrant model


 *************** function _spiInit *****************
 Defined at:
		line 477 in file "main.c"
 Parameters:    Size  Location     Type
		None
 Auto vars:     Size  Location     Type
		None
 Return value:  Size  Location     Type
		None               void
 Registers used:
		wreg, status,2, status,0
 Tracked objects:
		On entry : 
		On exit  : 
		Unchanged: 
 Data sizes:     COMMON   BANK0   BANK1   BANK3   BANK2
      Params:         0       0       0       0       0
      Locals:         0       0       0       0       0
      Temps:          0       2       0       0       0
      Totals:         0       2       0       0       0
Total ram usage:        2 bytes
 Hardware stack levels used:    1
 Hardware stack levels required when called:    1
 This function calls:
		Nothing
 This function is called by:
		_main
 This function uses a non-reentrant model


 *************** function _boardInit *****************
 Defined at:
		line 648 in file "main.c"
 Parameters:    Size  Location     Type
		None
 Auto vars:     Size  Location     Type
		None
 Return value:  Size  Location     Type
		None               void
 Registers used:
		wreg, status,2, status,0
 Tracked objects:
		On entry : 
		On exit  : 
		Unchanged: 
 Data sizes:     COMMON   BANK0   BANK1   BANK3   BANK2
      Params:         0       0       0       0       0
      Locals:         0       0       0       0       0
      Temps:          0       0       0       0       0
      Totals:         0       0       0       0       0
Total ram usage:        0 bytes
 Hardware stack levels used:    1
 Hardware stack levels required when called:    1
 This function calls:
		Nothing
 This function is called by:
		_main
 This function uses a non-reentrant model


 *************** function _adcReadTemp *****************
 Defined at:
		line 372 in file "main.c"
 Parameters:    Size  Location     Type
		None
 Auto vars:     Size  Location     Type
  value           1    2[BANK0 ] unsigned char 
 Return value:  Size  Location     Type
                  1    wreg      unsigned char 
 Registers used:
		wreg, status,2, status,0
 Tracked objects:
		On entry : 
		On exit  : 
		Unchanged: 
 Data sizes:     COMMON   BANK0   BANK1   BANK3   BANK2
      Params:         0       0       0       0       0
      Locals:         0       1       0       0       0
      Temps:          0       2       0       0       0
      Totals:         0       3       0       0       0
Total ram usage:        3 bytes
 Hardware stack levels used:    1
 Hardware stack levels required when called:    1
 This function calls:
		Nothing
 This function is called by:
		_main
 This function uses a non-reentrant model


 *************** function _Send_Packet *****************
 Defined at:
		line 544 in file "main.c"
 Parameters:    Size  Location     Type
  type            1    wreg     unsigned char 
  pbuf            1    8[BANK0 ] PTR unsigned char 
		 -> tx_buf(10), 
  len             1    9[BANK0 ] unsigned char 
 Auto vars:     Size  Location     Type
  type            1   12[BANK0 ] unsigned char 
  fifo_sta        1   13[BANK0 ] unsigned char 
  i               1    0        unsigned char 
 Return value:  Size  Location     Type
		None               void
 Registers used:
		wreg, fsr0l, fsr0h, fsr1l, fsr1h, status,2, status,0, btemp+1, pclath, cstack
 Tracked objects:
		On entry : 
		On exit  : 
		Unchanged: 
 Data sizes:     COMMON   BANK0   BANK1   BANK3   BANK2
      Params:         0       2       0       0       0
      Locals:         0       2       0       0       0
      Temps:          0       2       0       0       0
      Totals:         0       6       0       0       0
Total ram usage:        6 bytes
 Hardware stack levels used:    1
 Hardware stack levels required when called:    4
 This function calls:
		_SwitchToTxMode
		_SPI_Read_Reg
		_SPI_Write_Buf
		_rfm70TxDataSentInterrupt
		_SwitchToRxMode
		_rfm70TxDataSentErrorInterrupt
 This function is called by:
		_main
 This function uses a non-reentrant model


 *************** function _rfm70TxDataSentErrorInterrupt *****************
 Defined at:
		line 427 in file "rfm70.c"
 Parameters:    Size  Location     Type
		None
 Auto vars:     Size  Location     Type
		None
 Return value:  Size  Location     Type
                  1    wreg      unsigned char 
 Registers used:
		wreg, fsr0l, fsr0h, fsr1l, fsr1h, status,2, status,0, btemp+1, pclath, cstack
 Tracked objects:
		On entry : 
		On exit  : 
		Unchanged: 
 Data sizes:     COMMON   BANK0   BANK1   BANK3   BANK2
      Params:         0       0       0       0       0
      Locals:         0       0       0       0       0
      Temps:          0       1       0       0       0
      Totals:         0       1       0       0       0
Total ram usage:        1 bytes
 Hardware stack levels used:    1
 Hardware stack levels required when called:    3
 This function calls:
		_SPI_Read_Reg
		_SPI_Write_Reg
 This function is called by:
		_Send_Packet
 This function uses a non-reentrant model


 *************** function _SwitchToRxMode *****************
 Defined at:
		line 205 in file "rfm70.c"
 Parameters:    Size  Location     Type
		None
 Auto vars:     Size  Location     Type
  value           1    7[BANK0 ] unsigned char 
 Return value:  Size  Location     Type
		None               void
 Registers used:
		wreg, fsr0l, fsr0h, fsr1l, fsr1h, status,2, status,0, btemp+1, pclath, cstack
 Tracked objects:
		On entry : 
		On exit  : 
		Unchanged: 
 Data sizes:     COMMON   BANK0   BANK1   BANK3   BANK2
      Params:         0       0       0       0       0
      Locals:         0       1       0       0       0
      Temps:          0       1       0       0       0
      Totals:         0       2       0       0       0
Total ram usage:        2 bytes
 Hardware stack levels used:    1
 Hardware stack levels required when called:    3
 This function calls:
		_SPI_Write_Reg
		_SPI_Read_Reg
 This function is called by:
		_Send_Packet
		_Receive_Packet
 This function uses a non-reentrant model


 *************** function _rfm70TxDataSentInterrupt *****************
 Defined at:
		line 418 in file "rfm70.c"
 Parameters:    Size  Location     Type
		None
 Auto vars:     Size  Location     Type
		None
 Return value:  Size  Location     Type
                  1    wreg      unsigned char 
 Registers used:
		wreg, fsr0l, fsr0h, fsr1l, fsr1h, status,2, status,0, btemp+1, pclath, cstack
 Tracked objects:
		On entry : 
		On exit  : 
		Unchanged: 
 Data sizes:     COMMON   BANK0   BANK1   BANK3   BANK2
      Params:         0       0       0       0       0
      Locals:         0       0       0       0       0
      Temps:          0       1       0       0       0
      Totals:         0       1       0       0       0
Total ram usage:        1 bytes
 Hardware stack levels used:    1
 Hardware stack levels required when called:    3
 This function calls:
		_SPI_Read_Reg
		_SPI_Write_Reg
 This function is called by:
		_Send_Packet
 This function uses a non-reentrant model


 *************** function _SPI_Write_Buf *****************
 Defined at:
		line 183 in file "rfm70.c"
 Parameters:    Size  Location     Type
  reg             1    wreg     unsigned char 
  pBuf            1    3[BANK0 ] PTR unsigned char 
		 -> RFM70_Initialize@WriteArr(12), tx_buf(10), 
  length          1    4[BANK0 ] unsigned char 
 Auto vars:     Size  Location     Type
  reg             1    6[BANK0 ] unsigned char 
  byte_ctr        1    7[BANK0 ] unsigned char 
 Return value:  Size  Location     Type
		None               void
 Registers used:
		wreg, fsr0l, fsr0h, status,2, status,0, pclath, cstack
 Tracked objects:
		On entry : 
		On exit  : 
		Unchanged: 
 Data sizes:     COMMON   BANK0   BANK1   BANK3   BANK2
      Params:         0       2       0       0       0
      Locals:         0       2       0       0       0
      Temps:          0       1       0       0       0
      Totals:         0       5       0       0       0
Total ram usage:        5 bytes
 Hardware stack levels used:    1
 Hardware stack levels required when called:    2
 This function calls:
		_SPI_RW
 This function is called by:
		_Send_Packet
		_RFM70_Initialize
 This function uses a non-reentrant model


 *************** function _SwitchToTxMode *****************
 Defined at:
		line 236 in file "rfm70.c"
 Parameters:    Size  Location     Type
		None
 Auto vars:     Size  Location     Type
  value           1    7[BANK0 ] unsigned char 
 Return value:  Size  Location     Type
		None               void
 Registers used:
		wreg, fsr0l, fsr0h, fsr1l, fsr1h, status,2, status,0, btemp+1, pclath, cstack
 Tracked objects:
		On entry : 
		On exit  : 
		Unchanged: 
 Data sizes:     COMMON   BANK0   BANK1   BANK3   BANK2
      Params:         0       0       0       0       0
      Locals:         0       1       0       0       0
      Temps:          0       1       0       0       0
      Totals:         0       2       0       0       0
Total ram usage:        2 bytes
 Hardware stack levels used:    1
 Hardware stack levels required when called:    3
 This function calls:
		_SPI_Write_Reg
		_SPI_Read_Reg
 This function is called by:
		_Send_Packet
 This function uses a non-reentrant model


 *************** function _sleep *****************
 Defined at:
		line 305 in file "main.c"
 Parameters:    Size  Location     Type
		None
 Auto vars:     Size  Location     Type
  new_value       1   30[BANK0 ] unsigned char 
 Return value:  Size  Location     Type
		None               void
 Registers used:
		wreg, status,2, status,0, btemp+1, pclath, cstack
 Tracked objects:
		On entry : 
		On exit  : 
		Unchanged: 
 Data sizes:     COMMON   BANK0   BANK1   BANK3   BANK2
      Params:         0       0       0       0       0
      Locals:         0       1       0       0       0
      Temps:          0       2       0       0       0
      Totals:         0       3       0       0       0
Total ram usage:        3 bytes
 Hardware stack levels used:    1
 Hardware stack levels required when called:    3
 This function calls:
		_adcReadVcap
		___fttol
		___ftge
		___ftmul
		___ftdiv
 This function is called by:
		_main
 This function uses a non-reentrant model


 *************** function _adcReadVcap *****************
 Defined at:
		line 399 in file "main.c"
 Parameters:    Size  Location     Type
		None
 Auto vars:     Size  Location     Type
  value           1    2[BANK0 ] unsigned char 
 Return value:  Size  Location     Type
                  1    wreg      unsigned char 
 Registers used:
		wreg, status,2, status,0
 Tracked objects:
		On entry : 
		On exit  : 
		Unchanged: 
 Data sizes:     COMMON   BANK0   BANK1   BANK3   BANK2
      Params:         0       0       0       0       0
      Locals:         0       1       0       0       0
      Temps:          0       2       0       0       0
      Totals:         0       3       0       0       0
Total ram usage:        3 bytes
 Hardware stack levels used:    1
 Hardware stack levels required when called:    1
 This function calls:
		Nothing
 This function is called by:
		_main
		_sleep
 This function uses a non-reentrant model


 *************** function _SwitchCFG *****************
 Defined at:
		line 261 in file "rfm70.c"
 Parameters:    Size  Location     Type
  _cfg            1    wreg     unsigned char 
 Auto vars:     Size  Location     Type
  _cfg            1    7[BANK0 ] unsigned char 
  Tmp             1    8[BANK0 ] unsigned char 
 Return value:  Size  Location     Type
		None               void
 Registers used:
		wreg, status,2, status,0, pclath, cstack
 Tracked objects:
		On entry : 
		On exit  : 
		Unchanged: 
 Data sizes:     COMMON   BANK0   BANK1   BANK3   BANK2
      Params:         0       0       0       0       0
      Locals:         0       2       0       0       0
      Temps:          0       1       0       0       0
      Totals:         0       3       0       0       0
Total ram usage:        3 bytes
 Hardware stack levels used:    1
 Hardware stack levels required when called:    3
 This function calls:
		_SPI_Read_Reg
		_SPI_Write_Reg
 This function is called by:
		_RFM70_Initialize
 This function uses a non-reentrant model


 *************** function _SPI_Write_Reg *****************
 Defined at:
		line 122 in file "rfm70.c"
 Parameters:    Size  Location     Type
  reg             1    wreg     unsigned char 
  value           1    3[BANK0 ] unsigned char 
 Auto vars:     Size  Location     Type
  reg             1    4[BANK0 ] unsigned char 
 Return value:  Size  Location     Type
		None               void
 Registers used:
		wreg, status,2, status,0, pclath, cstack
 Tracked objects:
		On entry : 
		On exit  : 
		Unchanged: 
 Data sizes:     COMMON   BANK0   BANK1   BANK3   BANK2
      Params:         0       1       0       0       0
      Locals:         0       1       0       0       0
      Temps:          0       0       0       0       0
      Totals:         0       2       0       0       0
Total ram usage:        2 bytes
 Hardware stack levels used:    1
 Hardware stack levels required when called:    2
 This function calls:
		_SPI_RW
 This function is called by:
		_SwitchToRxMode
		_SwitchToTxMode
		_SwitchCFG
		_RFM70_Initialize
		_rfm70TxDataSentInterrupt
		_rfm70TxDataSentErrorInterrupt
		_rfm70setPowerdownMode
		_Receive_Packet
		_SetChannelNum
		_rfm70_data_sent
 This function uses a non-reentrant model


 *************** function _SPI_Read_Reg *****************
 Defined at:
		line 139 in file "rfm70.c"
 Parameters:    Size  Location     Type
  reg             1    wreg     unsigned char 
 Auto vars:     Size  Location     Type
  reg             1    4[BANK0 ] unsigned char 
  value           1    5[BANK0 ] unsigned char 
 Return value:  Size  Location     Type
                  1    wreg      unsigned char 
 Registers used:
		wreg, status,2, status,0, pclath, cstack
 Tracked objects:
		On entry : 
		On exit  : 
		Unchanged: 
 Data sizes:     COMMON   BANK0   BANK1   BANK3   BANK2
      Params:         0       0       0       0       0
      Locals:         0       2       0       0       0
      Temps:          0       1       0       0       0
      Totals:         0       3       0       0       0
Total ram usage:        3 bytes
 Hardware stack levels used:    1
 Hardware stack levels required when called:    2
 This function calls:
		_SPI_RW
 This function is called by:
		_Send_Packet
		_SwitchToRxMode
		_SwitchToTxMode
		_SwitchCFG
		_RFM70_Initialize
		_rfm70TxDataSentInterrupt
		_rfm70TxDataSentErrorInterrupt
		_rfm70setPowerdownMode
		_Receive_Packet
		_rfm70_data_sent
 This function uses a non-reentrant model


 *************** function _SPI_RW *****************
 Defined at:
		line 103 in file "rfm70.c"
 Parameters:    Size  Location     Type
  value           1    wreg     unsigned char 
 Auto vars:     Size  Location     Type
  value           1    2[BANK0 ] unsigned char 
 Return value:  Size  Location     Type
                  1    wreg      unsigned char 
 Registers used:
		wreg
 Tracked objects:
		On entry : 
		On exit  : 
		Unchanged: 
 Data sizes:     COMMON   BANK0   BANK1   BANK3   BANK2
      Params:         0       0       0       0       0
      Locals:         0       1       0       0       0
      Temps:          0       2       0       0       0
      Totals:         0       3       0       0       0
Total ram usage:        3 bytes
 Hardware stack levels used:    1
 Hardware stack levels required when called:    1
 This function calls:
		Nothing
 This function is called by:
		_SPI_Write_Reg
		_SPI_Read_Reg
		_SPI_Write_Buf
		_SPI_Read_Buf
 This function uses a non-reentrant model


 *************** function ___ftge *****************
 Defined at:
		line 5 in file "/Applications/microchip/xc8/v1.12/sources/ftge.c"
 Parameters:    Size  Location     Type
  ff1             3   16[BANK0 ] float 
  ff2             3   19[BANK0 ] float 
 Auto vars:     Size  Location     Type
		None
 Return value:  Size  Location     Type
		None               void
 Registers used:
		wreg, status,2, status,0
 Tracked objects:
		On entry : 
		On exit  : 
		Unchanged: 
 Data sizes:     COMMON   BANK0   BANK1   BANK3   BANK2
      Params:         0       6       0       0       0
      Locals:         0       0       0       0       0
      Temps:          0       6       0       0       0
      Totals:         0      12       0       0       0
Total ram usage:       12 bytes
 Hardware stack levels used:    1
 Hardware stack levels required when called:    1
 This function calls:
		Nothing
 This function is called by:
		_main
		_sleep
 This function uses a non-reentrant model


 *************** function ___awdiv *****************
 Defined at:
		line 5 in file "/Applications/microchip/xc8/v1.12/sources/awdiv.c"
 Parameters:    Size  Location     Type
  divisor         2    6[BANK0 ] int 
  dividend        2    8[BANK0 ] int 
 Auto vars:     Size  Location     Type
  quotient        2   13[BANK0 ] int 
  sign            1   12[BANK0 ] unsigned char 
  counter         1   11[BANK0 ] unsigned char 
 Return value:  Size  Location     Type
                  2    6[BANK0 ] int 
 Registers used:
		wreg, status,2, status,0
 Tracked objects:
		On entry : 
		On exit  : 
		Unchanged: 
 Data sizes:     COMMON   BANK0   BANK1   BANK3   BANK2
      Params:         0       4       0       0       0
      Locals:         0       4       0       0       0
      Temps:          0       1       0       0       0
      Totals:         0       9       0       0       0
Total ram usage:        9 bytes
 Hardware stack levels used:    1
 Hardware stack levels required when called:    1
 This function calls:
		Nothing
 This function is called by:
		_main
 This function uses a non-reentrant model


 *************** function ___lbtoft *****************
 Defined at:
		line 28 in file "/Applications/microchip/xc8/v1.12/sources/lbtoft.c"
 Parameters:    Size  Location     Type
  c               1    wreg     unsigned char 
 Auto vars:     Size  Location     Type
  c               1   15[BANK0 ] unsigned char 
 Return value:  Size  Location     Type
                  3    8[BANK0 ] float 
 Registers used:
		wreg, status,2, status,0, pclath, cstack
 Tracked objects:
		On entry : 
		On exit  : 
		Unchanged: 
 Data sizes:     COMMON   BANK0   BANK1   BANK3   BANK2
      Params:         0       3       0       0       0
      Locals:         0       1       0       0       0
      Temps:          0       4       0       0       0
      Totals:         0       8       0       0       0
Total ram usage:        8 bytes
 Hardware stack levels used:    1
 Hardware stack levels required when called:    2
 This function calls:
		___ftpack
 This function is called by:
		_main
 This function uses a non-reentrant model


 *************** function ___fttol *****************
 Defined at:
		line 45 in file "/Applications/microchip/xc8/v1.12/sources/fttol.c"
 Parameters:    Size  Location     Type
  f1              3    0[BANK0 ] float 
 Auto vars:     Size  Location     Type
  lval            4    9[BANK0 ] unsigned long 
  exp1            1   13[BANK0 ] unsigned char 
  sign1           1    8[BANK0 ] unsigned char 
 Return value:  Size  Location     Type
                  4    0[BANK0 ] long 
 Registers used:
		wreg, status,2, status,0
 Tracked objects:
		On entry : 
		On exit  : 
		Unchanged: 
 Data sizes:     COMMON   BANK0   BANK1   BANK3   BANK2
      Params:         0       4       0       0       0
      Locals:         0       6       0       0       0
      Temps:          0       4       0       0       0
      Totals:         0      14       0       0       0
Total ram usage:       14 bytes
 Hardware stack levels used:    1
 Hardware stack levels required when called:    1
 This function calls:
		Nothing
 This function is called by:
		_main
		_sleep
 This function uses a non-reentrant model


 *************** function ___ftmul *****************
 Defined at:
		line 52 in file "/Applications/microchip/xc8/v1.12/sources/ftmul.c"
 Parameters:    Size  Location     Type
  f1              3    8[BANK0 ] float 
  f2              3   11[BANK0 ] float 
 Auto vars:     Size  Location     Type
  f3_as_produc    3   19[BANK0 ] unsigned um
  sign            1   23[BANK0 ] unsigned char 
  cntr            1   22[BANK0 ] unsigned char 
  exp             1   18[BANK0 ] unsigned char 
 Return value:  Size  Location     Type
                  3    8[BANK0 ] float 
 Registers used:
		wreg, status,2, status,0, pclath, cstack
 Tracked objects:
		On entry : 
		On exit  : 
		Unchanged: 
 Data sizes:     COMMON   BANK0   BANK1   BANK3   BANK2
      Params:         0       6       0       0       0
      Locals:         0       6       0       0       0
      Temps:          0       4       0       0       0
      Totals:         0      16       0       0       0
Total ram usage:       16 bytes
 Hardware stack levels used:    1
 Hardware stack levels required when called:    2
 This function calls:
		___ftpack
 This function is called by:
		_sleep
 This function uses a non-reentrant model


 *************** function ___wmul *****************
 Defined at:
		line 3 in file "/Applications/microchip/xc8/v1.12/sources/wmul.c"
 Parameters:    Size  Location     Type
  multiplier      2    0[BANK0 ] unsigned int 
  multiplicand    2    2[BANK0 ] unsigned int 
 Auto vars:     Size  Location     Type
  product         2    4[BANK0 ] unsigned int 
 Return value:  Size  Location     Type
                  2    0[BANK0 ] unsigned int 
 Registers used:
		wreg, status,2, status,0
 Tracked objects:
		On entry : 
		On exit  : 
		Unchanged: 
 Data sizes:     COMMON   BANK0   BANK1   BANK3   BANK2
      Params:         0       4       0       0       0
      Locals:         0       2       0       0       0
      Temps:          0       0       0       0       0
      Totals:         0       6       0       0       0
Total ram usage:        6 bytes
 Hardware stack levels used:    1
 Hardware stack levels required when called:    1
 This function calls:
		Nothing
 This function is called by:
		_main
 This function uses a non-reentrant model


 *************** function ___ftdiv *****************
 Defined at:
		line 50 in file "/Applications/microchip/xc8/v1.12/sources/ftdiv.c"
 Parameters:    Size  Location     Type
  f2              3    8[BANK0 ] float 
  f1              3   11[BANK0 ] float 
 Auto vars:     Size  Location     Type
  f3              3   19[BANK0 ] float 
  sign            1   23[BANK0 ] unsigned char 
  exp             1   22[BANK0 ] unsigned char 
  cntr            1   18[BANK0 ] unsigned char 
 Return value:  Size  Location     Type
                  3    8[BANK0 ] float 
 Registers used:
		wreg, status,2, status,0, pclath, cstack
 Tracked objects:
		On entry : 
		On exit  : 
		Unchanged: 
 Data sizes:     COMMON   BANK0   BANK1   BANK3   BANK2
      Params:         0       6       0       0       0
      Locals:         0       6       0       0       0
      Temps:          0       4       0       0       0
      Totals:         0      16       0       0       0
Total ram usage:       16 bytes
 Hardware stack levels used:    1
 Hardware stack levels required when called:    2
 This function calls:
		___ftpack
 This function is called by:
		_sleep
 This function uses a non-reentrant model


 *************** function ___ftpack *****************
 Defined at:
		line 63 in file "/Applications/microchip/xc8/v1.12/sources/float.c"
 Parameters:    Size  Location     Type
  arg             3    0[BANK0 ] unsigned um
  exp             1    3[BANK0 ] unsigned char 
  sign            1    4[BANK0 ] unsigned char 
 Auto vars:     Size  Location     Type
		None
 Return value:  Size  Location     Type
                  3    0[BANK0 ] float 
 Registers used:
		wreg, status,2, status,0
 Tracked objects:
		On entry : 
		On exit  : 
		Unchanged: 
 Data sizes:     COMMON   BANK0   BANK1   BANK3   BANK2
      Params:         0       5       0       0       0
      Locals:         0       0       0       0       0
      Temps:          0       3       0       0       0
      Totals:         0       8       0       0       0
Total ram usage:        8 bytes
 Hardware stack levels used:    1
 Hardware stack levels required when called:    1
 This function calls:
		Nothing
 This function is called by:
		___ftdiv
		___ftmul
		___lbtoft
 This function uses a non-reentrant model


 *************** function _ISR *****************
 Defined at:
		line 108 in file "main.c"
 Parameters:    Size  Location     Type
		None
 Auto vars:     Size  Location     Type
		None
 Return value:  Size  Location     Type
		None               void
 Registers used:
		wreg, fsr0l, fsr0h, status,2, status,0
 Tracked objects:
		On entry : 
		On exit  : 
		Unchanged: 
 Data sizes:     COMMON   BANK0   BANK1   BANK3   BANK2
      Params:         0       0       0       0       0
      Locals:         0       0       0       0       0
      Temps:          8       0       0       0       0
      Totals:         8       0       0       0       0
Total ram usage:        8 bytes
 Hardware stack levels used:    1
 This function calls:
		Nothing
 This function is called by:
		Interrupt level 1
 This function uses a non-reentrant model



MODULE INFORMATION

Module		Function		Class		Link	Load	Size
/Applications/microchip/xc8/v1.12/sources/lbtoft.c
		___lbtoft      		CODE           	0A95	0000	33

/Applications/microchip/xc8/v1.12/sources/lbtoft.c estimated size: 33

/Applications/microchip/xc8/v1.12/sources/ftdiv.c
		___ftdiv       		CODE           	0701	0000	200

/Applications/microchip/xc8/v1.12/sources/ftdiv.c estimated size: 200

shared
		__stringtab    		STRING         	0800	0000	6
		_Bank0_Reg     		STRING         	083E	0000	46
		_Bank0_RegAct  		STRING         	0000	0000	2181
		_Bank1_Reg14   		STRING         	086C	0000	11
		_Bank1_Reg0_13 		STRING         	0806	0000	56
		_RX0_Address   		STRING         	0877	0000	5
		__initializatio		CODE           	07C9	0000	50
		_RX1_Address   		STRING         	087C	0000	5

shared estimated size: 2360

/Applications/microchip/xc8/v1.12/sources/ftmul.c
		___ftmul       		CODE           	0613	0000	238

/Applications/microchip/xc8/v1.12/sources/ftmul.c estimated size: 238

/Applications/microchip/xc8/v1.12/sources/fttol.c
		___fttol       		CODE           	0E9C	0000	166

/Applications/microchip/xc8/v1.12/sources/fttol.c estimated size: 166

main.c
		_Send_Packet   		CODE           	0C6F	0000	100
		_adcReadVcap   		CODE           	0B8D	0000	51
		_adcReadTemp   		CODE           	0BC0	0000	56
		_ISR           		CODE           	0CD3	0000	106
		_adcReadVsuperc		CODE           	0BF8	0000	56
		_main          		CODE           	02FB	0000	536
		_spiInit       		CODE           	0A0D	0000	24
		_boardInit     		CODE           	0F42	0000	190
		_adcInit       		CODE           	09B8	0000	9
		_sleep         		CODE           	0513	0000	256
		_uartInit      		CODE           	09F7	0000	22

main.c estimated size: 1406

/Applications/microchip/xc8/v1.12/sources/ftge.c
		___ftge        		CODE           	0D3D	0000	110

/Applications/microchip/xc8/v1.12/sources/ftge.c estimated size: 110

/Applications/microchip/xc8/v1.12/sources/wmul.c
		___wmul        		CODE           	0B2F	0000	44

/Applications/microchip/xc8/v1.12/sources/wmul.c estimated size: 44

/Applications/microchip/xc8/v1.12/sources/awdiv.c
		___awdiv       		CODE           	0DAB	0000	116

/Applications/microchip/xc8/v1.12/sources/awdiv.c estimated size: 116

rfm70.c
		_rfm70setPowerd		CODE           	0AB6	0000	37
		_SPI_RW        		CODE           	0A25	0000	25
		_rfm70TxDataSen		CODE           	0A76	0000	31
		_rfm70TxDataSen		CODE           	0A57	0000	31
		_SPI_Write_Reg 		CODE           	09E1	0000	22
		_SPI_Write_Buf 		CODE           	0B05	0000	42
		_SPI_Read_Reg  		CODE           	0A3E	0000	25
		_RFM70_Initiali		CODE           	0015	0000	742
		_SwitchToRxMode		CODE           	0C30	0000	63
		_SwitchToTxMode		CODE           	0ADB	0000	42
		_SwitchCFG     		CODE           	0B5B	0000	50

rfm70.c estimated size: 1110

/Applications/microchip/xc8/v1.12/sources/float.c
		___ftpack      		CODE           	0E1F	0000	125

/Applications/microchip/xc8/v1.12/sources/float.c estimated size: 125

